DEBUG - 2025-12-24 06:01:48 --> Session: Class initialized using 'CodeIgniter\Session\Handlers\FileHandler' driver.
DEBUG - 2025-12-24 06:01:48 --> Session: Class initialized using 'CodeIgniter\Session\Handlers\FileHandler' driver.
DEBUG - 2025-12-24 06:01:55 --> Session: Class initialized using 'CodeIgniter\Session\Handlers\FileHandler' driver.
DEBUG - 2025-12-24 06:01:59 --> Session: Class initialized using 'CodeIgniter\Session\Handlers\FileHandler' driver.
DEBUG - 2025-12-24 06:41:31 --> Session: Class initialized using 'CodeIgniter\Session\Handlers\FileHandler' driver.
DEBUG - 2025-12-24 06:41:33 --> Session: Class initialized using 'CodeIgniter\Session\Handlers\FileHandler' driver.
WARNING - 2025-12-24 06:41:33 --> [DEPRECATED] round(): Passing null to parameter #1 ($num) of type int|float is deprecated in APPPATH\Controllers\Dashboard.php on line 247.
 1 APPPATH\Controllers\Dashboard.php(247): round(null, 2)
 2 SYSTEMPATH\CodeIgniter.php(933): App\Controllers\Dashboard->index()
 3 SYSTEMPATH\CodeIgniter.php(509): CodeIgniter\CodeIgniter->runController(Object(App\Controllers\Dashboard))
 4 SYSTEMPATH\CodeIgniter.php(355): CodeIgniter\CodeIgniter->handleRequest(null, Object(Config\Cache), false)
 5 SYSTEMPATH\Boot.php(334): CodeIgniter\CodeIgniter->run()
 6 SYSTEMPATH\Boot.php(67): CodeIgniter\Boot::runCodeIgniter(Object(CodeIgniter\CodeIgniter))
 7 FCPATH\index.php(56): CodeIgniter\Boot::bootWeb(Object(Config\Paths))
DEBUG - 2025-12-24 06:41:37 --> Session: Class initialized using 'CodeIgniter\Session\Handlers\FileHandler' driver.
DEBUG - 2025-12-24 06:41:38 --> Session: Class initialized using 'CodeIgniter\Session\Handlers\FileHandler' driver.
DEBUG - 2025-12-24 06:41:40 --> Session: Class initialized using 'CodeIgniter\Session\Handlers\FileHandler' driver.
DEBUG - 2025-12-24 06:41:42 --> Session: Class initialized using 'CodeIgniter\Session\Handlers\FileHandler' driver.
DEBUG - 2025-12-24 06:45:24 --> Session: Class initialized using 'CodeIgniter\Session\Handlers\FileHandler' driver.
DEBUG - 2025-12-24 06:45:25 --> Session: Class initialized using 'CodeIgniter\Session\Handlers\FileHandler' driver.
DEBUG - 2025-12-24 06:45:26 --> Session: Class initialized using 'CodeIgniter\Session\Handlers\FileHandler' driver.
DEBUG - 2025-12-24 06:45:27 --> Session: Class initialized using 'CodeIgniter\Session\Handlers\FileHandler' driver.
DEBUG - 2025-12-24 06:45:28 --> Session: Class initialized using 'CodeIgniter\Session\Handlers\FileHandler' driver.
DEBUG - 2025-12-24 06:46:15 --> Session: Class initialized using 'CodeIgniter\Session\Handlers\FileHandler' driver.
DEBUG - 2025-12-24 06:46:17 --> Session: Class initialized using 'CodeIgniter\Session\Handlers\FileHandler' driver.
DEBUG - 2025-12-24 06:46:18 --> Session: Class initialized using 'CodeIgniter\Session\Handlers\FileHandler' driver.
DEBUG - 2025-12-24 06:46:21 --> Session: Class initialized using 'CodeIgniter\Session\Handlers\FileHandler' driver.
DEBUG - 2025-12-24 06:46:21 --> Session: Class initialized using 'CodeIgniter\Session\Handlers\FileHandler' driver.
DEBUG - 2025-12-24 06:46:21 --> Session: Class initialized using 'CodeIgniter\Session\Handlers\FileHandler' driver.
DEBUG - 2025-12-24 06:46:27 --> Session: Class initialized using 'CodeIgniter\Session\Handlers\FileHandler' driver.
DEBUG - 2025-12-24 06:46:45 --> Session: Class initialized using 'CodeIgniter\Session\Handlers\FileHandler' driver.
DEBUG - 2025-12-24 06:46:57 --> Session: Class initialized using 'CodeIgniter\Session\Handlers\FileHandler' driver.
DEBUG - 2025-12-24 06:46:57 --> Session: Class initialized using 'CodeIgniter\Session\Handlers\FileHandler' driver.
DEBUG - 2025-12-24 06:46:59 --> Session: Class initialized using 'CodeIgniter\Session\Handlers\FileHandler' driver.
DEBUG - 2025-12-24 06:47:04 --> Session: Class initialized using 'CodeIgniter\Session\Handlers\FileHandler' driver.
DEBUG - 2025-12-24 06:47:04 --> Session: Class initialized using 'CodeIgniter\Session\Handlers\FileHandler' driver.
DEBUG - 2025-12-24 06:47:04 --> Session: Class initialized using 'CodeIgniter\Session\Handlers\FileHandler' driver.
DEBUG - 2025-12-24 06:47:04 --> Session: Class initialized using 'CodeIgniter\Session\Handlers\FileHandler' driver.
DEBUG - 2025-12-24 06:47:04 --> Session: Class initialized using 'CodeIgniter\Session\Handlers\FileHandler' driver.
DEBUG - 2025-12-24 06:47:04 --> Session: Class initialized using 'CodeIgniter\Session\Handlers\FileHandler' driver.
DEBUG - 2025-12-24 06:47:04 --> Session: Class initialized using 'CodeIgniter\Session\Handlers\FileHandler' driver.
DEBUG - 2025-12-24 06:47:04 --> Session: Class initialized using 'CodeIgniter\Session\Handlers\FileHandler' driver.
DEBUG - 2025-12-24 06:47:04 --> Session: Class initialized using 'CodeIgniter\Session\Handlers\FileHandler' driver.
DEBUG - 2025-12-24 06:47:04 --> Session: Class initialized using 'CodeIgniter\Session\Handlers\FileHandler' driver.
DEBUG - 2025-12-24 06:47:04 --> Session: Class initialized using 'CodeIgniter\Session\Handlers\FileHandler' driver.
DEBUG - 2025-12-24 06:47:04 --> Session: Class initialized using 'CodeIgniter\Session\Handlers\FileHandler' driver.
DEBUG - 2025-12-24 06:47:07 --> Session: Class initialized using 'CodeIgniter\Session\Handlers\FileHandler' driver.
DEBUG - 2025-12-24 06:47:07 --> Session: Class initialized using 'CodeIgniter\Session\Handlers\FileHandler' driver.
DEBUG - 2025-12-24 06:47:07 --> Session: Class initialized using 'CodeIgniter\Session\Handlers\FileHandler' driver.
DEBUG - 2025-12-24 06:47:07 --> Session: Class initialized using 'CodeIgniter\Session\Handlers\FileHandler' driver.
DEBUG - 2025-12-24 06:47:07 --> Session: Class initialized using 'CodeIgniter\Session\Handlers\FileHandler' driver.
DEBUG - 2025-12-24 06:47:08 --> Session: Class initialized using 'CodeIgniter\Session\Handlers\FileHandler' driver.
DEBUG - 2025-12-24 06:47:13 --> Session: Class initialized using 'CodeIgniter\Session\Handlers\FileHandler' driver.
DEBUG - 2025-12-24 06:47:13 --> Session: Class initialized using 'CodeIgniter\Session\Handlers\FileHandler' driver.
DEBUG - 2025-12-24 06:47:15 --> Session: Class initialized using 'CodeIgniter\Session\Handlers\FileHandler' driver.
INFO - 2025-12-24 06:47:15 --> Day 1 (date 2026-01-02): No defaults loaded
INFO - 2025-12-24 06:47:15 --> Loaded default SS for Day 2 (date 2026-01-03): 1 items
INFO - 2025-12-24 06:47:15 --> Hardcoded Leisure SS auto-selected for Day 3 (date 2026-01-04, location 9)
INFO - 2025-12-24 06:47:15 --> Expansion date 2026-01-02: DB Total=36km, Saved SS=0km, Derived Base=36km (display base; JS adds current SS)
INFO - 2025-12-24 06:47:15 --> Expansion date 2026-01-02: DB Total=36km, Saved SS=0km, Derived Base=36km (display base; JS adds current SS)
INFO - 2025-12-24 06:47:15 --> Expansion date 2026-01-02: DB Total=36km, Saved SS=0km, Derived Base=36km (display base; JS adds current SS)
INFO - 2025-12-24 06:47:15 --> Expansion date 2026-01-02: DB Total=36km, Saved SS=0km, Derived Base=36km (display base; JS adds current SS)
INFO - 2025-12-24 06:47:15 --> Expansion date 2026-01-03: DB Total=0km, Saved SS=0km, Derived Base=0km (display base; JS adds current SS)
INFO - 2025-12-24 06:47:15 --> Expansion date 2026-01-03: DB Total=0km, Saved SS=0km, Derived Base=0km (display base; JS adds current SS)
INFO - 2025-12-24 06:47:15 --> Expansion date 2026-01-03: DB Total=0km, Saved SS=0km, Derived Base=0km (display base; JS adds current SS)
INFO - 2025-12-24 06:47:15 --> Expansion date 2026-01-03: DB Total=0km, Saved SS=0km, Derived Base=0km (display base; JS adds current SS)
INFO - 2025-12-24 06:47:15 --> Expansion date 2026-01-04: DB Total=36km, Saved SS=0km, Derived Base=36km (display base; JS adds current SS)
INFO - 2025-12-24 06:47:15 --> Expansion date 2026-01-04: DB Total=36km, Saved SS=0km, Derived Base=36km (display base; JS adds current SS)
INFO - 2025-12-24 06:47:15 --> Expansion date 2026-01-04: DB Total=36km, Saved SS=0km, Derived Base=36km (display base; JS adds current SS)
INFO - 2025-12-24 06:47:15 --> Expansion date 2026-01-04: DB Total=36km, Saved SS=0km, Derived Base=36km (display base; JS adds current SS)
DEBUG - 2025-12-24 06:47:17 --> Session: Class initialized using 'CodeIgniter\Session\Handlers\FileHandler' driver.
DEBUG - 2025-12-24 06:47:18 --> Session: Class initialized using 'CodeIgniter\Session\Handlers\FileHandler' driver.
INFO - 2025-12-24 06:47:18 --> Expansion date 2026-01-02: DB Total=36km, Saved SS=0km, Derived Base=36km (display base; JS adds current SS)
INFO - 2025-12-24 06:47:18 --> Expansion date 2026-01-02: DB Total=36km, Saved SS=0km, Derived Base=36km (display base; JS adds current SS)
INFO - 2025-12-24 06:47:18 --> Expansion date 2026-01-02: DB Total=36km, Saved SS=0km, Derived Base=36km (display base; JS adds current SS)
INFO - 2025-12-24 06:47:18 --> Expansion date 2026-01-02: DB Total=36km, Saved SS=0km, Derived Base=36km (display base; JS adds current SS)
INFO - 2025-12-24 06:47:18 --> Expansion date 2026-01-03: DB Total=0km, Saved SS=200km, Derived Base=0km (display base; JS adds current SS)
INFO - 2025-12-24 06:47:18 --> Expansion date 2026-01-03: DB Total=0km, Saved SS=200km, Derived Base=0km (display base; JS adds current SS)
INFO - 2025-12-24 06:47:18 --> Expansion date 2026-01-03: DB Total=0km, Saved SS=200km, Derived Base=0km (display base; JS adds current SS)
INFO - 2025-12-24 06:47:18 --> Expansion date 2026-01-03: DB Total=0km, Saved SS=200km, Derived Base=0km (display base; JS adds current SS)
INFO - 2025-12-24 06:47:18 --> Expansion date 2026-01-04: DB Total=36km, Saved SS=0km, Derived Base=36km (display base; JS adds current SS)
INFO - 2025-12-24 06:47:18 --> Expansion date 2026-01-04: DB Total=36km, Saved SS=0km, Derived Base=36km (display base; JS adds current SS)
INFO - 2025-12-24 06:47:18 --> Expansion date 2026-01-04: DB Total=36km, Saved SS=0km, Derived Base=36km (display base; JS adds current SS)
INFO - 2025-12-24 06:47:18 --> Expansion date 2026-01-04: DB Total=36km, Saved SS=0km, Derived Base=36km (display base; JS adds current SS)
INFO - 2025-12-24 06:47:18 --> Itinerary expansion date 2026-01-02: Derived Base=36km (no SS added)
INFO - 2025-12-24 06:47:18 --> Itinerary expansion date 2026-01-02: Derived Base=36km (no SS added)
INFO - 2025-12-24 06:47:18 --> Itinerary expansion date 2026-01-02: Derived Base=36km (no SS added)
INFO - 2025-12-24 06:47:18 --> Itinerary expansion date 2026-01-02: Derived Base=36km (no SS added)
INFO - 2025-12-24 06:47:18 --> Itinerary expansion date 2026-01-03: Derived Base=0km (no SS added)
INFO - 2025-12-24 06:47:18 --> Itinerary expansion date 2026-01-03: Derived Base=0km (no SS added)
INFO - 2025-12-24 06:47:18 --> Itinerary expansion date 2026-01-03: Derived Base=0km (no SS added)
INFO - 2025-12-24 06:47:18 --> Itinerary expansion date 2026-01-03: Derived Base=0km (no SS added)
INFO - 2025-12-24 06:47:18 --> Itinerary expansion date 2026-01-04: Derived Base=0km (no SS added)
INFO - 2025-12-24 06:47:18 --> Itinerary expansion date 2026-01-04: Derived Base=0km (no SS added)
INFO - 2025-12-24 06:47:18 --> Itinerary expansion date 2026-01-04: Derived Base=0km (no SS added)
INFO - 2025-12-24 06:47:18 --> Itinerary expansion date 2026-01-04: Derived Base=0km (no SS added)
DEBUG - 2025-12-24 10:08:32 --> Session: Class initialized using 'CodeIgniter\Session\Handlers\FileHandler' driver.
DEBUG - 2025-12-24 10:08:32 --> Session: Class initialized using 'CodeIgniter\Session\Handlers\FileHandler' driver.
DEBUG - 2025-12-24 10:08:39 --> Session: Class initialized using 'CodeIgniter\Session\Handlers\FileHandler' driver.
DEBUG - 2025-12-24 10:08:39 --> Session: Class initialized using 'CodeIgniter\Session\Handlers\FileHandler' driver.
WARNING - 2025-12-24 10:08:39 --> [DEPRECATED] round(): Passing null to parameter #1 ($num) of type int|float is deprecated in APPPATH\Controllers\Dashboard.php on line 247.
 1 APPPATH\Controllers\Dashboard.php(247): round(null, 2)
 2 SYSTEMPATH\CodeIgniter.php(933): App\Controllers\Dashboard->index()
 3 SYSTEMPATH\CodeIgniter.php(509): CodeIgniter\CodeIgniter->runController(Object(App\Controllers\Dashboard))
 4 SYSTEMPATH\CodeIgniter.php(355): CodeIgniter\CodeIgniter->handleRequest(null, Object(Config\Cache), false)
 5 SYSTEMPATH\Boot.php(334): CodeIgniter\CodeIgniter->run()
 6 SYSTEMPATH\Boot.php(67): CodeIgniter\Boot::runCodeIgniter(Object(CodeIgniter\CodeIgniter))
 7 FCPATH\index.php(56): CodeIgniter\Boot::bootWeb(Object(Config\Paths))
DEBUG - 2025-12-24 10:08:40 --> Session: Class initialized using 'CodeIgniter\Session\Handlers\FileHandler' driver.
DEBUG - 2025-12-24 10:08:44 --> Session: Class initialized using 'CodeIgniter\Session\Handlers\FileHandler' driver.
DEBUG - 2025-12-24 10:08:44 --> Session: Class initialized using 'CodeIgniter\Session\Handlers\FileHandler' driver.
WARNING - 2025-12-24 10:08:44 --> [DEPRECATED] round(): Passing null to parameter #1 ($num) of type int|float is deprecated in APPPATH\Controllers\Dashboard.php on line 247.
 1 APPPATH\Controllers\Dashboard.php(247): round(null, 2)
 2 SYSTEMPATH\CodeIgniter.php(933): App\Controllers\Dashboard->index()
 3 SYSTEMPATH\CodeIgniter.php(509): CodeIgniter\CodeIgniter->runController(Object(App\Controllers\Dashboard))
 4 SYSTEMPATH\CodeIgniter.php(355): CodeIgniter\CodeIgniter->handleRequest(null, Object(Config\Cache), false)
 5 SYSTEMPATH\Boot.php(334): CodeIgniter\CodeIgniter->run()
 6 SYSTEMPATH\Boot.php(67): CodeIgniter\Boot::runCodeIgniter(Object(CodeIgniter\CodeIgniter))
 7 FCPATH\index.php(56): CodeIgniter\Boot::bootWeb(Object(Config\Paths))
DEBUG - 2025-12-24 10:08:48 --> Session: Class initialized using 'CodeIgniter\Session\Handlers\FileHandler' driver.
DEBUG - 2025-12-24 10:08:49 --> Session: Class initialized using 'CodeIgniter\Session\Handlers\FileHandler' driver.
DEBUG - 2025-12-24 10:08:55 --> Session: Class initialized using 'CodeIgniter\Session\Handlers\FileHandler' driver.
DEBUG - 2025-12-24 10:08:55 --> Session: Class initialized using 'CodeIgniter\Session\Handlers\FileHandler' driver.
DEBUG - 2025-12-24 10:08:57 --> Session: Class initialized using 'CodeIgniter\Session\Handlers\FileHandler' driver.
DEBUG - 2025-12-24 10:08:57 --> Session: Class initialized using 'CodeIgniter\Session\Handlers\FileHandler' driver.
DEBUG - 2025-12-24 10:09:00 --> Session: Class initialized using 'CodeIgniter\Session\Handlers\FileHandler' driver.
DEBUG - 2025-12-24 10:09:03 --> Session: Class initialized using 'CodeIgniter\Session\Handlers\FileHandler' driver.
INFO - 2025-12-24 10:09:03 --> Day 1 (date 2026-01-02): No defaults loaded
INFO - 2025-12-24 10:09:03 --> Loaded default SS for Day 2 (date 2026-01-03): 1 items
INFO - 2025-12-24 10:09:03 --> Hardcoded Leisure SS auto-selected for Day 3 (date 2026-01-04, location 9)
INFO - 2025-12-24 10:09:03 --> Expansion date 2026-01-02: DB Total=36km, Saved SS=0km, Derived Base=36km (display base; JS adds current SS)
INFO - 2025-12-24 10:09:03 --> Expansion date 2026-01-02: DB Total=36km, Saved SS=0km, Derived Base=36km (display base; JS adds current SS)
INFO - 2025-12-24 10:09:03 --> Expansion date 2026-01-02: DB Total=36km, Saved SS=0km, Derived Base=36km (display base; JS adds current SS)
INFO - 2025-12-24 10:09:03 --> Expansion date 2026-01-02: DB Total=36km, Saved SS=0km, Derived Base=36km (display base; JS adds current SS)
INFO - 2025-12-24 10:09:03 --> Expansion date 2026-01-03: DB Total=0km, Saved SS=0km, Derived Base=0km (display base; JS adds current SS)
INFO - 2025-12-24 10:09:03 --> Expansion date 2026-01-03: DB Total=0km, Saved SS=0km, Derived Base=0km (display base; JS adds current SS)
INFO - 2025-12-24 10:09:03 --> Expansion date 2026-01-03: DB Total=0km, Saved SS=0km, Derived Base=0km (display base; JS adds current SS)
INFO - 2025-12-24 10:09:03 --> Expansion date 2026-01-03: DB Total=0km, Saved SS=0km, Derived Base=0km (display base; JS adds current SS)
INFO - 2025-12-24 10:09:03 --> Expansion date 2026-01-04: DB Total=36km, Saved SS=0km, Derived Base=36km (display base; JS adds current SS)
INFO - 2025-12-24 10:09:03 --> Expansion date 2026-01-04: DB Total=36km, Saved SS=0km, Derived Base=36km (display base; JS adds current SS)
INFO - 2025-12-24 10:09:03 --> Expansion date 2026-01-04: DB Total=36km, Saved SS=0km, Derived Base=36km (display base; JS adds current SS)
INFO - 2025-12-24 10:09:03 --> Expansion date 2026-01-04: DB Total=36km, Saved SS=0km, Derived Base=36km (display base; JS adds current SS)
INFO - 2025-12-24 10:09:03 --> Itinerary expansion date 2026-01-02: Derived Base=36km (no SS added)
INFO - 2025-12-24 10:09:03 --> Itinerary expansion date 2026-01-02: Derived Base=36km (no SS added)
INFO - 2025-12-24 10:09:03 --> Itinerary expansion date 2026-01-02: Derived Base=36km (no SS added)
INFO - 2025-12-24 10:09:03 --> Itinerary expansion date 2026-01-02: Derived Base=36km (no SS added)
INFO - 2025-12-24 10:09:03 --> Itinerary expansion date 2026-01-03: Derived Base=200km (no SS added)
INFO - 2025-12-24 10:09:03 --> Itinerary expansion date 2026-01-03: Derived Base=200km (no SS added)
INFO - 2025-12-24 10:09:03 --> Itinerary expansion date 2026-01-03: Derived Base=200km (no SS added)
INFO - 2025-12-24 10:09:03 --> Itinerary expansion date 2026-01-03: Derived Base=200km (no SS added)
INFO - 2025-12-24 10:09:03 --> Itinerary expansion date 2026-01-04: Derived Base=0km (no SS added)
INFO - 2025-12-24 10:09:03 --> Itinerary expansion date 2026-01-04: Derived Base=0km (no SS added)
INFO - 2025-12-24 10:09:03 --> Itinerary expansion date 2026-01-04: Derived Base=0km (no SS added)
INFO - 2025-12-24 10:09:03 --> Itinerary expansion date 2026-01-04: Derived Base=0km (no SS added)
DEBUG - 2025-12-24 10:09:09 --> Session: Class initialized using 'CodeIgniter\Session\Handlers\FileHandler' driver.
DEBUG - 2025-12-24 10:09:11 --> Session: Class initialized using 'CodeIgniter\Session\Handlers\FileHandler' driver.
INFO - 2025-12-24 10:09:11 --> Expansion date 2026-01-02: DB Total=36km, Saved SS=0km, Derived Base=36km (display base; JS adds current SS)
INFO - 2025-12-24 10:09:11 --> Expansion date 2026-01-02: DB Total=36km, Saved SS=0km, Derived Base=36km (display base; JS adds current SS)
INFO - 2025-12-24 10:09:11 --> Expansion date 2026-01-02: DB Total=36km, Saved SS=0km, Derived Base=36km (display base; JS adds current SS)
INFO - 2025-12-24 10:09:11 --> Expansion date 2026-01-02: DB Total=36km, Saved SS=0km, Derived Base=36km (display base; JS adds current SS)
INFO - 2025-12-24 10:09:11 --> Expansion date 2026-01-03: DB Total=0km, Saved SS=200km, Derived Base=0km (display base; JS adds current SS)
INFO - 2025-12-24 10:09:11 --> Expansion date 2026-01-03: DB Total=0km, Saved SS=200km, Derived Base=0km (display base; JS adds current SS)
INFO - 2025-12-24 10:09:11 --> Expansion date 2026-01-03: DB Total=0km, Saved SS=200km, Derived Base=0km (display base; JS adds current SS)
INFO - 2025-12-24 10:09:11 --> Expansion date 2026-01-03: DB Total=0km, Saved SS=200km, Derived Base=0km (display base; JS adds current SS)
INFO - 2025-12-24 10:09:11 --> Expansion date 2026-01-04: DB Total=36km, Saved SS=0km, Derived Base=36km (display base; JS adds current SS)
INFO - 2025-12-24 10:09:11 --> Expansion date 2026-01-04: DB Total=36km, Saved SS=0km, Derived Base=36km (display base; JS adds current SS)
INFO - 2025-12-24 10:09:11 --> Expansion date 2026-01-04: DB Total=36km, Saved SS=0km, Derived Base=36km (display base; JS adds current SS)
INFO - 2025-12-24 10:09:11 --> Expansion date 2026-01-04: DB Total=36km, Saved SS=0km, Derived Base=36km (display base; JS adds current SS)
INFO - 2025-12-24 10:09:11 --> Itinerary expansion date 2026-01-02: Derived Base=36km (no SS added)
INFO - 2025-12-24 10:09:11 --> Itinerary expansion date 2026-01-02: Derived Base=36km (no SS added)
INFO - 2025-12-24 10:09:11 --> Itinerary expansion date 2026-01-02: Derived Base=36km (no SS added)
INFO - 2025-12-24 10:09:11 --> Itinerary expansion date 2026-01-02: Derived Base=36km (no SS added)
INFO - 2025-12-24 10:09:11 --> Itinerary expansion date 2026-01-03: Derived Base=0km (no SS added)
INFO - 2025-12-24 10:09:11 --> Itinerary expansion date 2026-01-03: Derived Base=0km (no SS added)
INFO - 2025-12-24 10:09:11 --> Itinerary expansion date 2026-01-03: Derived Base=0km (no SS added)
INFO - 2025-12-24 10:09:11 --> Itinerary expansion date 2026-01-03: Derived Base=0km (no SS added)
INFO - 2025-12-24 10:09:11 --> Itinerary expansion date 2026-01-04: Derived Base=0km (no SS added)
INFO - 2025-12-24 10:09:11 --> Itinerary expansion date 2026-01-04: Derived Base=0km (no SS added)
INFO - 2025-12-24 10:09:11 --> Itinerary expansion date 2026-01-04: Derived Base=0km (no SS added)
INFO - 2025-12-24 10:09:11 --> Itinerary expansion date 2026-01-04: Derived Base=0km (no SS added)
DEBUG - 2025-12-24 10:09:33 --> Session: Class initialized using 'CodeIgniter\Session\Handlers\FileHandler' driver.
DEBUG - 2025-12-24 10:09:35 --> Session: Class initialized using 'CodeIgniter\Session\Handlers\FileHandler' driver.
INFO - 2025-12-24 10:09:35 --> Expansion date 2026-01-02: DB Total=36km, Saved SS=0km, Derived Base=36km (display base; JS adds current SS)
INFO - 2025-12-24 10:09:35 --> Expansion date 2026-01-02: DB Total=36km, Saved SS=0km, Derived Base=36km (display base; JS adds current SS)
INFO - 2025-12-24 10:09:35 --> Expansion date 2026-01-02: DB Total=36km, Saved SS=0km, Derived Base=36km (display base; JS adds current SS)
INFO - 2025-12-24 10:09:35 --> Expansion date 2026-01-02: DB Total=36km, Saved SS=0km, Derived Base=36km (display base; JS adds current SS)
INFO - 2025-12-24 10:09:35 --> Expansion date 2026-01-03: DB Total=0km, Saved SS=200km, Derived Base=0km (display base; JS adds current SS)
INFO - 2025-12-24 10:09:35 --> Expansion date 2026-01-03: DB Total=0km, Saved SS=200km, Derived Base=0km (display base; JS adds current SS)
INFO - 2025-12-24 10:09:35 --> Expansion date 2026-01-03: DB Total=0km, Saved SS=200km, Derived Base=0km (display base; JS adds current SS)
INFO - 2025-12-24 10:09:35 --> Expansion date 2026-01-03: DB Total=0km, Saved SS=200km, Derived Base=0km (display base; JS adds current SS)
INFO - 2025-12-24 10:09:35 --> Expansion date 2026-01-04: DB Total=36km, Saved SS=0km, Derived Base=36km (display base; JS adds current SS)
INFO - 2025-12-24 10:09:35 --> Expansion date 2026-01-04: DB Total=36km, Saved SS=0km, Derived Base=36km (display base; JS adds current SS)
INFO - 2025-12-24 10:09:35 --> Expansion date 2026-01-04: DB Total=36km, Saved SS=0km, Derived Base=36km (display base; JS adds current SS)
INFO - 2025-12-24 10:09:35 --> Expansion date 2026-01-04: DB Total=36km, Saved SS=0km, Derived Base=36km (display base; JS adds current SS)
INFO - 2025-12-24 10:09:35 --> Itinerary expansion date 2026-01-02: Derived Base=36km (no SS added)
INFO - 2025-12-24 10:09:35 --> Itinerary expansion date 2026-01-02: Derived Base=36km (no SS added)
INFO - 2025-12-24 10:09:35 --> Itinerary expansion date 2026-01-02: Derived Base=36km (no SS added)
INFO - 2025-12-24 10:09:35 --> Itinerary expansion date 2026-01-02: Derived Base=36km (no SS added)
INFO - 2025-12-24 10:09:35 --> Itinerary expansion date 2026-01-03: Derived Base=0km (no SS added)
INFO - 2025-12-24 10:09:35 --> Itinerary expansion date 2026-01-03: Derived Base=0km (no SS added)
INFO - 2025-12-24 10:09:35 --> Itinerary expansion date 2026-01-03: Derived Base=0km (no SS added)
INFO - 2025-12-24 10:09:35 --> Itinerary expansion date 2026-01-03: Derived Base=0km (no SS added)
INFO - 2025-12-24 10:09:35 --> Itinerary expansion date 2026-01-04: Derived Base=0km (no SS added)
INFO - 2025-12-24 10:09:35 --> Itinerary expansion date 2026-01-04: Derived Base=0km (no SS added)
INFO - 2025-12-24 10:09:35 --> Itinerary expansion date 2026-01-04: Derived Base=0km (no SS added)
INFO - 2025-12-24 10:09:35 --> Itinerary expansion date 2026-01-04: Derived Base=0km (no SS added)
DEBUG - 2025-12-24 10:09:45 --> Session: Class initialized using 'CodeIgniter\Session\Handlers\FileHandler' driver.
DEBUG - 2025-12-24 10:31:36 --> Session: Class initialized using 'CodeIgniter\Session\Handlers\FileHandler' driver.
DEBUG - 2025-12-24 10:31:36 --> Session: Class initialized using 'CodeIgniter\Session\Handlers\FileHandler' driver.
DEBUG - 2025-12-24 10:31:37 --> Session: Class initialized using 'CodeIgniter\Session\Handlers\FileHandler' driver.
DEBUG - 2025-12-24 10:31:43 --> Session: Class initialized using 'CodeIgniter\Session\Handlers\FileHandler' driver.
DEBUG - 2025-12-24 10:31:43 --> Session: Class initialized using 'CodeIgniter\Session\Handlers\FileHandler' driver.
WARNING - 2025-12-24 10:31:43 --> [DEPRECATED] round(): Passing null to parameter #1 ($num) of type int|float is deprecated in APPPATH\Controllers\Dashboard.php on line 247.
 1 APPPATH\Controllers\Dashboard.php(247): round(null, 2)
 2 SYSTEMPATH\CodeIgniter.php(933): App\Controllers\Dashboard->index()
 3 SYSTEMPATH\CodeIgniter.php(509): CodeIgniter\CodeIgniter->runController(Object(App\Controllers\Dashboard))
 4 SYSTEMPATH\CodeIgniter.php(355): CodeIgniter\CodeIgniter->handleRequest(null, Object(Config\Cache), false)
 5 SYSTEMPATH\Boot.php(334): CodeIgniter\CodeIgniter->run()
 6 SYSTEMPATH\Boot.php(67): CodeIgniter\Boot::runCodeIgniter(Object(CodeIgniter\CodeIgniter))
 7 FCPATH\index.php(56): CodeIgniter\Boot::bootWeb(Object(Config\Paths))
DEBUG - 2025-12-24 10:31:46 --> Session: Class initialized using 'CodeIgniter\Session\Handlers\FileHandler' driver.
DEBUG - 2025-12-24 10:31:46 --> Session: Class initialized using 'CodeIgniter\Session\Handlers\FileHandler' driver.
DEBUG - 2025-12-24 10:31:49 --> Session: Class initialized using 'CodeIgniter\Session\Handlers\FileHandler' driver.
DEBUG - 2025-12-24 10:31:49 --> Session: Class initialized using 'CodeIgniter\Session\Handlers\FileHandler' driver.
DEBUG - 2025-12-24 10:41:01 --> Session: Class initialized using 'CodeIgniter\Session\Handlers\FileHandler' driver.
INFO - 2025-12-24 10:41:01 --> Expansion date 2026-01-02: DB Total=36km, Saved SS=0km, Derived Base=36km (display base; JS adds current SS)
INFO - 2025-12-24 10:41:01 --> Expansion date 2026-01-02: DB Total=36km, Saved SS=0km, Derived Base=36km (display base; JS adds current SS)
INFO - 2025-12-24 10:41:01 --> Expansion date 2026-01-02: DB Total=36km, Saved SS=0km, Derived Base=36km (display base; JS adds current SS)
INFO - 2025-12-24 10:41:01 --> Expansion date 2026-01-02: DB Total=36km, Saved SS=0km, Derived Base=36km (display base; JS adds current SS)
INFO - 2025-12-24 10:41:01 --> Expansion date 2026-01-03: DB Total=0km, Saved SS=200km, Derived Base=0km (display base; JS adds current SS)
INFO - 2025-12-24 10:41:01 --> Expansion date 2026-01-03: DB Total=0km, Saved SS=200km, Derived Base=0km (display base; JS adds current SS)
INFO - 2025-12-24 10:41:01 --> Expansion date 2026-01-03: DB Total=0km, Saved SS=200km, Derived Base=0km (display base; JS adds current SS)
INFO - 2025-12-24 10:41:01 --> Expansion date 2026-01-03: DB Total=0km, Saved SS=200km, Derived Base=0km (display base; JS adds current SS)
INFO - 2025-12-24 10:41:01 --> Expansion date 2026-01-04: DB Total=36km, Saved SS=0km, Derived Base=36km (display base; JS adds current SS)
INFO - 2025-12-24 10:41:01 --> Expansion date 2026-01-04: DB Total=36km, Saved SS=0km, Derived Base=36km (display base; JS adds current SS)
INFO - 2025-12-24 10:41:01 --> Expansion date 2026-01-04: DB Total=36km, Saved SS=0km, Derived Base=36km (display base; JS adds current SS)
INFO - 2025-12-24 10:41:01 --> Expansion date 2026-01-04: DB Total=36km, Saved SS=0km, Derived Base=36km (display base; JS adds current SS)
INFO - 2025-12-24 10:41:01 --> Itinerary expansion date 2026-01-02: Derived Base=36km (no SS added)
INFO - 2025-12-24 10:41:01 --> Itinerary expansion date 2026-01-02: Derived Base=36km (no SS added)
INFO - 2025-12-24 10:41:01 --> Itinerary expansion date 2026-01-02: Derived Base=36km (no SS added)
INFO - 2025-12-24 10:41:01 --> Itinerary expansion date 2026-01-02: Derived Base=36km (no SS added)
INFO - 2025-12-24 10:41:01 --> Itinerary expansion date 2026-01-03: Derived Base=0km (no SS added)
INFO - 2025-12-24 10:41:01 --> Itinerary expansion date 2026-01-03: Derived Base=0km (no SS added)
INFO - 2025-12-24 10:41:01 --> Itinerary expansion date 2026-01-03: Derived Base=0km (no SS added)
INFO - 2025-12-24 10:41:01 --> Itinerary expansion date 2026-01-03: Derived Base=0km (no SS added)
INFO - 2025-12-24 10:41:01 --> Itinerary expansion date 2026-01-04: Derived Base=0km (no SS added)
INFO - 2025-12-24 10:41:01 --> Itinerary expansion date 2026-01-04: Derived Base=0km (no SS added)
INFO - 2025-12-24 10:41:01 --> Itinerary expansion date 2026-01-04: Derived Base=0km (no SS added)
INFO - 2025-12-24 10:41:01 --> Itinerary expansion date 2026-01-04: Derived Base=0km (no SS added)
DEBUG - 2025-12-24 10:41:08 --> Session: Class initialized using 'CodeIgniter\Session\Handlers\FileHandler' driver.
DEBUG - 2025-12-24 10:41:08 --> Session: Class initialized using 'CodeIgniter\Session\Handlers\FileHandler' driver.
INFO - 2025-12-24 10:41:08 --> Expansion date 2026-01-02: DB Total=36km, Saved SS=0km, Derived Base=36km (display base; JS adds current SS)
INFO - 2025-12-24 10:41:08 --> Expansion date 2026-01-02: DB Total=36km, Saved SS=0km, Derived Base=36km (display base; JS adds current SS)
INFO - 2025-12-24 10:41:08 --> Expansion date 2026-01-02: DB Total=36km, Saved SS=0km, Derived Base=36km (display base; JS adds current SS)
INFO - 2025-12-24 10:41:08 --> Expansion date 2026-01-02: DB Total=36km, Saved SS=0km, Derived Base=36km (display base; JS adds current SS)
INFO - 2025-12-24 10:41:08 --> Expansion date 2026-01-03: DB Total=0km, Saved SS=200km, Derived Base=0km (display base; JS adds current SS)
INFO - 2025-12-24 10:41:08 --> Expansion date 2026-01-03: DB Total=0km, Saved SS=200km, Derived Base=0km (display base; JS adds current SS)
INFO - 2025-12-24 10:41:08 --> Expansion date 2026-01-03: DB Total=0km, Saved SS=200km, Derived Base=0km (display base; JS adds current SS)
INFO - 2025-12-24 10:41:08 --> Expansion date 2026-01-03: DB Total=0km, Saved SS=200km, Derived Base=0km (display base; JS adds current SS)
INFO - 2025-12-24 10:41:08 --> Expansion date 2026-01-04: DB Total=36km, Saved SS=0km, Derived Base=36km (display base; JS adds current SS)
INFO - 2025-12-24 10:41:08 --> Expansion date 2026-01-04: DB Total=36km, Saved SS=0km, Derived Base=36km (display base; JS adds current SS)
INFO - 2025-12-24 10:41:08 --> Expansion date 2026-01-04: DB Total=36km, Saved SS=0km, Derived Base=36km (display base; JS adds current SS)
INFO - 2025-12-24 10:41:08 --> Expansion date 2026-01-04: DB Total=36km, Saved SS=0km, Derived Base=36km (display base; JS adds current SS)
INFO - 2025-12-24 10:41:08 --> Itinerary expansion date 2026-01-02: Derived Base=36km (no SS added)
INFO - 2025-12-24 10:41:08 --> Itinerary expansion date 2026-01-02: Derived Base=36km (no SS added)
INFO - 2025-12-24 10:41:08 --> Itinerary expansion date 2026-01-02: Derived Base=36km (no SS added)
INFO - 2025-12-24 10:41:08 --> Itinerary expansion date 2026-01-02: Derived Base=36km (no SS added)
INFO - 2025-12-24 10:41:08 --> Itinerary expansion date 2026-01-03: Derived Base=0km (no SS added)
INFO - 2025-12-24 10:41:08 --> Itinerary expansion date 2026-01-03: Derived Base=0km (no SS added)
INFO - 2025-12-24 10:41:08 --> Itinerary expansion date 2026-01-03: Derived Base=0km (no SS added)
INFO - 2025-12-24 10:41:08 --> Itinerary expansion date 2026-01-03: Derived Base=0km (no SS added)
INFO - 2025-12-24 10:41:08 --> Itinerary expansion date 2026-01-04: Derived Base=0km (no SS added)
INFO - 2025-12-24 10:41:08 --> Itinerary expansion date 2026-01-04: Derived Base=0km (no SS added)
INFO - 2025-12-24 10:41:08 --> Itinerary expansion date 2026-01-04: Derived Base=0km (no SS added)
INFO - 2025-12-24 10:41:08 --> Itinerary expansion date 2026-01-04: Derived Base=0km (no SS added)
DEBUG - 2025-12-24 10:41:14 --> Session: Class initialized using 'CodeIgniter\Session\Handlers\FileHandler' driver.
DEBUG - 2025-12-24 10:41:14 --> Session: Class initialized using 'CodeIgniter\Session\Handlers\FileHandler' driver.
DEBUG - 2025-12-24 10:41:15 --> Session: Class initialized using 'CodeIgniter\Session\Handlers\FileHandler' driver.
DEBUG - 2025-12-24 10:41:17 --> Session: Class initialized using 'CodeIgniter\Session\Handlers\FileHandler' driver.
DEBUG - 2025-12-24 10:41:17 --> Session: Class initialized using 'CodeIgniter\Session\Handlers\FileHandler' driver.
DEBUG - 2025-12-24 10:50:23 --> Session: Class initialized using 'CodeIgniter\Session\Handlers\FileHandler' driver.
DEBUG - 2025-12-24 10:50:24 --> Session: Class initialized using 'CodeIgniter\Session\Handlers\FileHandler' driver.
DEBUG - 2025-12-24 10:50:24 --> Session: Class initialized using 'CodeIgniter\Session\Handlers\FileHandler' driver.
DEBUG - 2025-12-24 10:50:24 --> Session: Class initialized using 'CodeIgniter\Session\Handlers\FileHandler' driver.
DEBUG - 2025-12-24 11:31:36 --> Session: Class initialized using 'CodeIgniter\Session\Handlers\FileHandler' driver.
DEBUG - 2025-12-24 11:31:38 --> Session: Class initialized using 'CodeIgniter\Session\Handlers\FileHandler' driver.
DEBUG - 2025-12-24 11:31:38 --> Session: Class initialized using 'CodeIgniter\Session\Handlers\FileHandler' driver.
DEBUG - 2025-12-24 11:31:38 --> Session: Class initialized using 'CodeIgniter\Session\Handlers\FileHandler' driver.
DEBUG - 2025-12-24 11:31:48 --> Session: Class initialized using 'CodeIgniter\Session\Handlers\FileHandler' driver.
DEBUG - 2025-12-24 11:31:50 --> Session: Class initialized using 'CodeIgniter\Session\Handlers\FileHandler' driver.
DEBUG - 2025-12-24 11:31:50 --> Session: Class initialized using 'CodeIgniter\Session\Handlers\FileHandler' driver.
DEBUG - 2025-12-24 11:31:51 --> Session: Class initialized using 'CodeIgniter\Session\Handlers\FileHandler' driver.
INFO - 2025-12-24 11:31:51 --> Day 1 (date 2026-01-02): No defaults loaded
INFO - 2025-12-24 11:31:51 --> Loaded default SS for Day 2 (date 2026-01-03): 1 items
INFO - 2025-12-24 11:31:51 --> Hardcoded Leisure SS auto-selected for Day 3 (date 2026-01-04, location 9)
INFO - 2025-12-24 11:31:51 --> Expansion date 2026-01-02: DB Total=36km, Saved SS=0km, Derived Base=36km (display base; JS adds current SS)
INFO - 2025-12-24 11:31:51 --> Expansion date 2026-01-02: DB Total=36km, Saved SS=0km, Derived Base=36km (display base; JS adds current SS)
INFO - 2025-12-24 11:31:51 --> Expansion date 2026-01-02: DB Total=36km, Saved SS=0km, Derived Base=36km (display base; JS adds current SS)
INFO - 2025-12-24 11:31:51 --> Expansion date 2026-01-02: DB Total=36km, Saved SS=0km, Derived Base=36km (display base; JS adds current SS)
INFO - 2025-12-24 11:31:51 --> Expansion date 2026-01-03: DB Total=0km, Saved SS=0km, Derived Base=0km (display base; JS adds current SS)
INFO - 2025-12-24 11:31:51 --> Expansion date 2026-01-03: DB Total=0km, Saved SS=0km, Derived Base=0km (display base; JS adds current SS)
INFO - 2025-12-24 11:31:51 --> Expansion date 2026-01-03: DB Total=0km, Saved SS=0km, Derived Base=0km (display base; JS adds current SS)
INFO - 2025-12-24 11:31:51 --> Expansion date 2026-01-03: DB Total=0km, Saved SS=0km, Derived Base=0km (display base; JS adds current SS)
INFO - 2025-12-24 11:31:51 --> Expansion date 2026-01-04: DB Total=36km, Saved SS=0km, Derived Base=36km (display base; JS adds current SS)
INFO - 2025-12-24 11:31:51 --> Expansion date 2026-01-04: DB Total=36km, Saved SS=0km, Derived Base=36km (display base; JS adds current SS)
INFO - 2025-12-24 11:31:51 --> Expansion date 2026-01-04: DB Total=36km, Saved SS=0km, Derived Base=36km (display base; JS adds current SS)
INFO - 2025-12-24 11:31:51 --> Expansion date 2026-01-04: DB Total=36km, Saved SS=0km, Derived Base=36km (display base; JS adds current SS)
DEBUG - 2025-12-24 11:31:56 --> Session: Class initialized using 'CodeIgniter\Session\Handlers\FileHandler' driver.
DEBUG - 2025-12-24 11:31:56 --> Session: Class initialized using 'CodeIgniter\Session\Handlers\FileHandler' driver.
INFO - 2025-12-24 11:31:57 --> Expansion date 2026-01-02: DB Total=36km, Saved SS=0km, Derived Base=36km (display base; JS adds current SS)
INFO - 2025-12-24 11:31:57 --> Expansion date 2026-01-02: DB Total=36km, Saved SS=0km, Derived Base=36km (display base; JS adds current SS)
INFO - 2025-12-24 11:31:57 --> Expansion date 2026-01-02: DB Total=36km, Saved SS=0km, Derived Base=36km (display base; JS adds current SS)
INFO - 2025-12-24 11:31:57 --> Expansion date 2026-01-02: DB Total=36km, Saved SS=0km, Derived Base=36km (display base; JS adds current SS)
INFO - 2025-12-24 11:31:57 --> Expansion date 2026-01-03: DB Total=0km, Saved SS=200km, Derived Base=0km (display base; JS adds current SS)
INFO - 2025-12-24 11:31:57 --> Expansion date 2026-01-03: DB Total=0km, Saved SS=200km, Derived Base=0km (display base; JS adds current SS)
INFO - 2025-12-24 11:31:57 --> Expansion date 2026-01-03: DB Total=0km, Saved SS=200km, Derived Base=0km (display base; JS adds current SS)
INFO - 2025-12-24 11:31:57 --> Expansion date 2026-01-03: DB Total=0km, Saved SS=200km, Derived Base=0km (display base; JS adds current SS)
INFO - 2025-12-24 11:31:57 --> Expansion date 2026-01-04: DB Total=36km, Saved SS=0km, Derived Base=36km (display base; JS adds current SS)
INFO - 2025-12-24 11:31:57 --> Expansion date 2026-01-04: DB Total=36km, Saved SS=0km, Derived Base=36km (display base; JS adds current SS)
INFO - 2025-12-24 11:31:57 --> Expansion date 2026-01-04: DB Total=36km, Saved SS=0km, Derived Base=36km (display base; JS adds current SS)
INFO - 2025-12-24 11:31:57 --> Expansion date 2026-01-04: DB Total=36km, Saved SS=0km, Derived Base=36km (display base; JS adds current SS)
INFO - 2025-12-24 11:31:57 --> Itinerary expansion date 2026-01-02: Derived Base=36km (no SS added)
INFO - 2025-12-24 11:31:57 --> Itinerary expansion date 2026-01-02: Derived Base=36km (no SS added)
INFO - 2025-12-24 11:31:57 --> Itinerary expansion date 2026-01-02: Derived Base=36km (no SS added)
INFO - 2025-12-24 11:31:57 --> Itinerary expansion date 2026-01-02: Derived Base=36km (no SS added)
INFO - 2025-12-24 11:31:57 --> Itinerary expansion date 2026-01-03: Derived Base=0km (no SS added)
INFO - 2025-12-24 11:31:57 --> Itinerary expansion date 2026-01-03: Derived Base=0km (no SS added)
INFO - 2025-12-24 11:31:57 --> Itinerary expansion date 2026-01-03: Derived Base=0km (no SS added)
INFO - 2025-12-24 11:31:57 --> Itinerary expansion date 2026-01-03: Derived Base=0km (no SS added)
INFO - 2025-12-24 11:31:57 --> Itinerary expansion date 2026-01-04: Derived Base=0km (no SS added)
INFO - 2025-12-24 11:31:57 --> Itinerary expansion date 2026-01-04: Derived Base=0km (no SS added)
INFO - 2025-12-24 11:31:57 --> Itinerary expansion date 2026-01-04: Derived Base=0km (no SS added)
INFO - 2025-12-24 11:31:57 --> Itinerary expansion date 2026-01-04: Derived Base=0km (no SS added)
DEBUG - 2025-12-24 11:51:40 --> Session: Class initialized using 'CodeIgniter\Session\Handlers\FileHandler' driver.
INFO - 2025-12-24 11:51:40 --> Day 1 (date 2026-01-02): No defaults loaded
INFO - 2025-12-24 11:51:40 --> Loaded default SS for Day 2 (date 2026-01-03): 1 items
INFO - 2025-12-24 11:51:40 --> Hardcoded Leisure SS auto-selected for Day 3 (date 2026-01-04, location 9)
INFO - 2025-12-24 11:51:40 --> Expansion date 2026-01-02: DB Total=36km, Saved SS=0km, Derived Base=36km (display base; JS adds current SS)
INFO - 2025-12-24 11:51:40 --> Expansion date 2026-01-02: DB Total=36km, Saved SS=0km, Derived Base=36km (display base; JS adds current SS)
INFO - 2025-12-24 11:51:40 --> Expansion date 2026-01-02: DB Total=36km, Saved SS=0km, Derived Base=36km (display base; JS adds current SS)
INFO - 2025-12-24 11:51:40 --> Expansion date 2026-01-02: DB Total=36km, Saved SS=0km, Derived Base=36km (display base; JS adds current SS)
INFO - 2025-12-24 11:51:40 --> Expansion date 2026-01-03: DB Total=0km, Saved SS=0km, Derived Base=0km (display base; JS adds current SS)
INFO - 2025-12-24 11:51:40 --> Expansion date 2026-01-03: DB Total=0km, Saved SS=0km, Derived Base=0km (display base; JS adds current SS)
INFO - 2025-12-24 11:51:40 --> Expansion date 2026-01-03: DB Total=0km, Saved SS=0km, Derived Base=0km (display base; JS adds current SS)
INFO - 2025-12-24 11:51:40 --> Expansion date 2026-01-03: DB Total=0km, Saved SS=0km, Derived Base=0km (display base; JS adds current SS)
INFO - 2025-12-24 11:51:40 --> Expansion date 2026-01-04: DB Total=36km, Saved SS=0km, Derived Base=36km (display base; JS adds current SS)
INFO - 2025-12-24 11:51:40 --> Expansion date 2026-01-04: DB Total=36km, Saved SS=0km, Derived Base=36km (display base; JS adds current SS)
INFO - 2025-12-24 11:51:40 --> Expansion date 2026-01-04: DB Total=36km, Saved SS=0km, Derived Base=36km (display base; JS adds current SS)
INFO - 2025-12-24 11:51:40 --> Expansion date 2026-01-04: DB Total=36km, Saved SS=0km, Derived Base=36km (display base; JS adds current SS)
INFO - 2025-12-24 11:51:40 --> Itinerary expansion date 2026-01-02: Derived Base=36km (no SS added)
INFO - 2025-12-24 11:51:40 --> Itinerary expansion date 2026-01-02: Derived Base=36km (no SS added)
INFO - 2025-12-24 11:51:40 --> Itinerary expansion date 2026-01-02: Derived Base=36km (no SS added)
INFO - 2025-12-24 11:51:40 --> Itinerary expansion date 2026-01-02: Derived Base=36km (no SS added)
INFO - 2025-12-24 11:51:40 --> Itinerary expansion date 2026-01-03: Derived Base=200km (no SS added)
INFO - 2025-12-24 11:51:40 --> Itinerary expansion date 2026-01-03: Derived Base=200km (no SS added)
INFO - 2025-12-24 11:51:40 --> Itinerary expansion date 2026-01-03: Derived Base=200km (no SS added)
INFO - 2025-12-24 11:51:40 --> Itinerary expansion date 2026-01-03: Derived Base=200km (no SS added)
INFO - 2025-12-24 11:51:40 --> Itinerary expansion date 2026-01-04: Derived Base=0km (no SS added)
INFO - 2025-12-24 11:51:40 --> Itinerary expansion date 2026-01-04: Derived Base=0km (no SS added)
INFO - 2025-12-24 11:51:40 --> Itinerary expansion date 2026-01-04: Derived Base=0km (no SS added)
INFO - 2025-12-24 11:51:40 --> Itinerary expansion date 2026-01-04: Derived Base=0km (no SS added)
DEBUG - 2025-12-24 11:51:44 --> Session: Class initialized using 'CodeIgniter\Session\Handlers\FileHandler' driver.
DEBUG - 2025-12-24 11:51:44 --> Session: Class initialized using 'CodeIgniter\Session\Handlers\FileHandler' driver.
DEBUG - 2025-12-24 11:51:46 --> Session: Class initialized using 'CodeIgniter\Session\Handlers\FileHandler' driver.
DEBUG - 2025-12-24 11:51:46 --> Session: Class initialized using 'CodeIgniter\Session\Handlers\FileHandler' driver.
DEBUG - 2025-12-24 12:11:12 --> Session: Class initialized using 'CodeIgniter\Session\Handlers\FileHandler' driver.
DEBUG - 2025-12-24 12:11:14 --> Session: Class initialized using 'CodeIgniter\Session\Handlers\FileHandler' driver.
DEBUG - 2025-12-24 12:11:14 --> Session: Class initialized using 'CodeIgniter\Session\Handlers\FileHandler' driver.
DEBUG - 2025-12-24 12:11:14 --> Session: Class initialized using 'CodeIgniter\Session\Handlers\FileHandler' driver.
DEBUG - 2025-12-24 12:11:26 --> Session: Class initialized using 'CodeIgniter\Session\Handlers\FileHandler' driver.
DEBUG - 2025-12-24 12:11:28 --> Session: Class initialized using 'CodeIgniter\Session\Handlers\FileHandler' driver.
DEBUG - 2025-12-24 12:11:28 --> Session: Class initialized using 'CodeIgniter\Session\Handlers\FileHandler' driver.
DEBUG - 2025-12-24 12:11:29 --> Session: Class initialized using 'CodeIgniter\Session\Handlers\FileHandler' driver.
INFO - 2025-12-24 12:11:29 --> Day 1 (date 2026-01-02): No defaults loaded
INFO - 2025-12-24 12:11:29 --> Loaded default SS for Day 2 (date 2026-01-03): 1 items
INFO - 2025-12-24 12:11:29 --> Hardcoded Leisure SS auto-selected for Day 3 (date 2026-01-04, location 9)
INFO - 2025-12-24 12:11:29 --> Expansion date 2026-01-02: DB Total=36km, Saved SS=0km, Derived Base=36km (display base; JS adds current SS)
INFO - 2025-12-24 12:11:29 --> Expansion date 2026-01-02: DB Total=36km, Saved SS=0km, Derived Base=36km (display base; JS adds current SS)
INFO - 2025-12-24 12:11:29 --> Expansion date 2026-01-02: DB Total=36km, Saved SS=0km, Derived Base=36km (display base; JS adds current SS)
INFO - 2025-12-24 12:11:29 --> Expansion date 2026-01-02: DB Total=36km, Saved SS=0km, Derived Base=36km (display base; JS adds current SS)
INFO - 2025-12-24 12:11:29 --> Expansion date 2026-01-03: DB Total=0km, Saved SS=0km, Derived Base=0km (display base; JS adds current SS)
INFO - 2025-12-24 12:11:29 --> Expansion date 2026-01-03: DB Total=0km, Saved SS=0km, Derived Base=0km (display base; JS adds current SS)
INFO - 2025-12-24 12:11:29 --> Expansion date 2026-01-03: DB Total=0km, Saved SS=0km, Derived Base=0km (display base; JS adds current SS)
INFO - 2025-12-24 12:11:29 --> Expansion date 2026-01-03: DB Total=0km, Saved SS=0km, Derived Base=0km (display base; JS adds current SS)
INFO - 2025-12-24 12:11:29 --> Expansion date 2026-01-04: DB Total=36km, Saved SS=0km, Derived Base=36km (display base; JS adds current SS)
INFO - 2025-12-24 12:11:29 --> Expansion date 2026-01-04: DB Total=36km, Saved SS=0km, Derived Base=36km (display base; JS adds current SS)
INFO - 2025-12-24 12:11:29 --> Expansion date 2026-01-04: DB Total=36km, Saved SS=0km, Derived Base=36km (display base; JS adds current SS)
INFO - 2025-12-24 12:11:29 --> Expansion date 2026-01-04: DB Total=36km, Saved SS=0km, Derived Base=36km (display base; JS adds current SS)
DEBUG - 2025-12-24 12:11:33 --> Session: Class initialized using 'CodeIgniter\Session\Handlers\FileHandler' driver.
DEBUG - 2025-12-24 12:11:34 --> Session: Class initialized using 'CodeIgniter\Session\Handlers\FileHandler' driver.
INFO - 2025-12-24 12:11:34 --> Expansion date 2026-01-02: DB Total=36km, Saved SS=0km, Derived Base=36km (display base; JS adds current SS)
INFO - 2025-12-24 12:11:34 --> Expansion date 2026-01-02: DB Total=36km, Saved SS=0km, Derived Base=36km (display base; JS adds current SS)
INFO - 2025-12-24 12:11:34 --> Expansion date 2026-01-02: DB Total=36km, Saved SS=0km, Derived Base=36km (display base; JS adds current SS)
INFO - 2025-12-24 12:11:34 --> Expansion date 2026-01-02: DB Total=36km, Saved SS=0km, Derived Base=36km (display base; JS adds current SS)
INFO - 2025-12-24 12:11:34 --> Expansion date 2026-01-03: DB Total=0km, Saved SS=200km, Derived Base=0km (display base; JS adds current SS)
INFO - 2025-12-24 12:11:34 --> Expansion date 2026-01-03: DB Total=0km, Saved SS=200km, Derived Base=0km (display base; JS adds current SS)
INFO - 2025-12-24 12:11:34 --> Expansion date 2026-01-03: DB Total=0km, Saved SS=200km, Derived Base=0km (display base; JS adds current SS)
INFO - 2025-12-24 12:11:34 --> Expansion date 2026-01-03: DB Total=0km, Saved SS=200km, Derived Base=0km (display base; JS adds current SS)
INFO - 2025-12-24 12:11:34 --> Expansion date 2026-01-04: DB Total=36km, Saved SS=0km, Derived Base=36km (display base; JS adds current SS)
INFO - 2025-12-24 12:11:34 --> Expansion date 2026-01-04: DB Total=36km, Saved SS=0km, Derived Base=36km (display base; JS adds current SS)
INFO - 2025-12-24 12:11:34 --> Expansion date 2026-01-04: DB Total=36km, Saved SS=0km, Derived Base=36km (display base; JS adds current SS)
INFO - 2025-12-24 12:11:34 --> Expansion date 2026-01-04: DB Total=36km, Saved SS=0km, Derived Base=36km (display base; JS adds current SS)
INFO - 2025-12-24 12:11:34 --> Itinerary expansion date 2026-01-02: Derived Base=36km (no SS added)
INFO - 2025-12-24 12:11:34 --> Itinerary expansion date 2026-01-02: Derived Base=36km (no SS added)
INFO - 2025-12-24 12:11:34 --> Itinerary expansion date 2026-01-02: Derived Base=36km (no SS added)
INFO - 2025-12-24 12:11:34 --> Itinerary expansion date 2026-01-02: Derived Base=36km (no SS added)
INFO - 2025-12-24 12:11:34 --> Itinerary expansion date 2026-01-03: Derived Base=0km (no SS added)
INFO - 2025-12-24 12:11:34 --> Itinerary expansion date 2026-01-03: Derived Base=0km (no SS added)
INFO - 2025-12-24 12:11:34 --> Itinerary expansion date 2026-01-03: Derived Base=0km (no SS added)
INFO - 2025-12-24 12:11:34 --> Itinerary expansion date 2026-01-03: Derived Base=0km (no SS added)
INFO - 2025-12-24 12:11:34 --> Itinerary expansion date 2026-01-04: Derived Base=0km (no SS added)
INFO - 2025-12-24 12:11:34 --> Itinerary expansion date 2026-01-04: Derived Base=0km (no SS added)
INFO - 2025-12-24 12:11:34 --> Itinerary expansion date 2026-01-04: Derived Base=0km (no SS added)
INFO - 2025-12-24 12:11:34 --> Itinerary expansion date 2026-01-04: Derived Base=0km (no SS added)
DEBUG - 2025-12-24 12:11:40 --> Session: Class initialized using 'CodeIgniter\Session\Handlers\FileHandler' driver.
DEBUG - 2025-12-24 12:11:40 --> Session: Class initialized using 'CodeIgniter\Session\Handlers\FileHandler' driver.
DEBUG - 2025-12-24 12:11:40 --> Session: Class initialized using 'CodeIgniter\Session\Handlers\FileHandler' driver.
DEBUG - 2025-12-24 12:11:59 --> Session: Class initialized using 'CodeIgniter\Session\Handlers\FileHandler' driver.
DEBUG - 2025-12-24 12:11:59 --> Session: Class initialized using 'CodeIgniter\Session\Handlers\FileHandler' driver.
