ERROR - 2025-11-13 01:34:09 --> Email: Unable to send email using SMTP. Your server might not be configured to send mail using this method.
ERROR - 2025-11-13 01:34:09 --> 220 smtp.gmail.com ESMTP 98e67ed59e1d1-343e073be9asm3536245a91.12 - gsmtp

hello: 250-smtp.gmail.com at your service, [2409:40f3:9:8823:30be:c482:f28a:e91c]
250-SIZE 35882577
250-8BITMIME
250-AUTH LOGIN PLAIN XOAUTH2 PLAIN-CLIENTTOKEN OAUTHBEARER XOAUTH
250-ENHANCEDSTATUSCODES
250-PIPELINING
250-CHUNKING
250 SMTPUTF8

Failed to authenticate password. Error: 535-5.7.8 Username and Password not accepted. For more information, go to
535 5.7.8  https://support.google.com/mail/?p=BadCredentials 98e67ed59e1d1-343e073be9asm3536245a91.12 - gsmtp

ERROR - 2025-11-13 02:34:57 --> Error connecting to the database: mysqli_sql_exception: Access denied for user 'root'@'localhost' (using password: NO) in C:\wamp64\www\khm\system\Database\MySQLi\Connection.php:187
Stack trace:
#0 C:\wamp64\www\khm\system\Database\MySQLi\Connection.php(187): mysqli->real_connect('localhost', 'root', '', 'khm_touracle_db', 3306, '', 0)
#1 C:\wamp64\www\khm\system\Database\BaseConnection.php(421): CodeIgniter\Database\MySQLi\Connection->connect(false)
#2 C:\wamp64\www\khm\system\Database\BaseConnection.php(616): CodeIgniter\Database\BaseConnection->initialize()
#3 C:\wamp64\www\khm\system\Database\BaseBuilder.php(1644): CodeIgniter\Database\BaseConnection->query('SELECT `u`.*, `...', Array, false)
#4 C:\wamp64\www\khm\app\Models\Login_m.php(15): CodeIgniter\Database\BaseBuilder->get()
#5 C:\wamp64\www\khm\app\Controllers\Login.php(25): App\Models\Login_m->check_valid_login('maintenance', 'Asdf@123')
#6 C:\wamp64\www\khm\system\CodeIgniter.php(933): App\Controllers\Login->login()
#7 C:\wamp64\www\khm\system\CodeIgniter.php(509): CodeIgniter\CodeIgniter->runController(Object(App\Controllers\Login))
#8 C:\wamp64\www\khm\system\CodeIgniter.php(355): CodeIgniter\CodeIgniter->handleRequest(NULL, Object(Config\Cache), false)
#9 C:\wamp64\www\khm\system\Boot.php(334): CodeIgniter\CodeIgniter->run()
#10 C:\wamp64\www\khm\system\Boot.php(67): CodeIgniter\Boot::runCodeIgniter(Object(CodeIgniter\CodeIgniter))
#11 C:\wamp64\www\khm\public\index.php(56): CodeIgniter\Boot::bootWeb(Object(Config\Paths))
#12 {main}

Next CodeIgniter\Database\Exceptions\DatabaseException: Access denied for user '****'@'localhost' (using password: NO) in C:\wamp64\www\khm\system\Database\MySQLi\Connection.php:231
Stack trace:
#0 C:\wamp64\www\khm\system\Database\BaseConnection.php(421): CodeIgniter\Database\MySQLi\Connection->connect(false)
#1 C:\wamp64\www\khm\system\Database\BaseConnection.php(616): CodeIgniter\Database\BaseConnection->initialize()
#2 C:\wamp64\www\khm\system\Database\BaseBuilder.php(1644): CodeIgniter\Database\BaseConnection->query('SELECT `u`.*, `...', Array, false)
#3 C:\wamp64\www\khm\app\Models\Login_m.php(15): CodeIgniter\Database\BaseBuilder->get()
#4 C:\wamp64\www\khm\app\Controllers\Login.php(25): App\Models\Login_m->check_valid_login('maintenance', 'Asdf@123')
#5 C:\wamp64\www\khm\system\CodeIgniter.php(933): App\Controllers\Login->login()
#6 C:\wamp64\www\khm\system\CodeIgniter.php(509): CodeIgniter\CodeIgniter->runController(Object(App\Controllers\Login))
#7 C:\wamp64\www\khm\system\CodeIgniter.php(355): CodeIgniter\CodeIgniter->handleRequest(NULL, Object(Config\Cache), false)
#8 C:\wamp64\www\khm\system\Boot.php(334): CodeIgniter\CodeIgniter->run()
#9 C:\wamp64\www\khm\system\Boot.php(67): CodeIgniter\Boot::runCodeIgniter(Object(CodeIgniter\CodeIgniter))
#10 C:\wamp64\www\khm\public\index.php(56): CodeIgniter\Boot::bootWeb(Object(Config\Paths))
#11 {main}
CRITICAL - 2025-11-13 02:34:57 --> CodeIgniter\Database\Exceptions\DatabaseException: Unable to connect to the database.
Main connection [MySQLi]: Access denied for user '****'@'localhost' (using password: NO)
[Method: POST, Route: Login/login]
in SYSTEMPATH\Database\BaseConnection.php on line 467.
 1 SYSTEMPATH\Database\BaseConnection.php(616): CodeIgniter\Database\BaseConnection->initialize()
 2 SYSTEMPATH\Database\BaseBuilder.php(1644): CodeIgniter\Database\BaseConnection->query('SELECT `u`.*, `m`.`entity_name`
FROM `khm_sys_usg_entity_users` `u`
LEFT JOIN `khm_entity_mst` `m` ON `m`.`entity_id` = `u`.`entity_id`
WHERE `u`.`user_id` = :u.user_id:
AND `u`.`password` = :u.password:', [...], false)
 3 APPPATH\Models\Login_m.php(15): CodeIgniter\Database\BaseBuilder->get()
 4 APPPATH\Controllers\Login.php(25): App\Models\Login_m->check_valid_login('maintenance', 'Asdf@123')
 5 SYSTEMPATH\CodeIgniter.php(933): App\Controllers\Login->login()
 6 SYSTEMPATH\CodeIgniter.php(509): CodeIgniter\CodeIgniter->runController(Object(App\Controllers\Login))
 7 SYSTEMPATH\CodeIgniter.php(355): CodeIgniter\CodeIgniter->handleRequest(null, Object(Config\Cache), false)
 8 SYSTEMPATH\Boot.php(334): CodeIgniter\CodeIgniter->run()
 9 SYSTEMPATH\Boot.php(67): CodeIgniter\Boot::runCodeIgniter(Object(CodeIgniter\CodeIgniter))
10 FCPATH\index.php(56): CodeIgniter\Boot::bootWeb(Object(Config\Paths))
ERROR - 2025-11-13 02:38:09 --> Error connecting to the database: mysqli_sql_exception: Access denied for user 'root'@'localhost' (using password: NO) in C:\wamp64\www\khm\system\Database\MySQLi\Connection.php:187
Stack trace:
#0 C:\wamp64\www\khm\system\Database\MySQLi\Connection.php(187): mysqli->real_connect('localhost', 'root', '', 'khm_touracle_db', 3306, '', 0)
#1 C:\wamp64\www\khm\system\Database\BaseConnection.php(421): CodeIgniter\Database\MySQLi\Connection->connect(false)
#2 C:\wamp64\www\khm\system\Database\BaseConnection.php(616): CodeIgniter\Database\BaseConnection->initialize()
#3 C:\wamp64\www\khm\system\Database\BaseBuilder.php(1644): CodeIgniter\Database\BaseConnection->query('SELECT `u`.*, `...', Array, false)
#4 C:\wamp64\www\khm\app\Models\Login_m.php(15): CodeIgniter\Database\BaseBuilder->get()
#5 C:\wamp64\www\khm\app\Controllers\Login.php(25): App\Models\Login_m->check_valid_login('maintenance', 'Asdf@123')
#6 C:\wamp64\www\khm\system\CodeIgniter.php(933): App\Controllers\Login->login()
#7 C:\wamp64\www\khm\system\CodeIgniter.php(509): CodeIgniter\CodeIgniter->runController(Object(App\Controllers\Login))
#8 C:\wamp64\www\khm\system\CodeIgniter.php(355): CodeIgniter\CodeIgniter->handleRequest(NULL, Object(Config\Cache), false)
#9 C:\wamp64\www\khm\system\Boot.php(334): CodeIgniter\CodeIgniter->run()
#10 C:\wamp64\www\khm\system\Boot.php(67): CodeIgniter\Boot::runCodeIgniter(Object(CodeIgniter\CodeIgniter))
#11 C:\wamp64\www\khm\public\index.php(56): CodeIgniter\Boot::bootWeb(Object(Config\Paths))
#12 {main}

Next CodeIgniter\Database\Exceptions\DatabaseException: Access denied for user '****'@'localhost' (using password: NO) in C:\wamp64\www\khm\system\Database\MySQLi\Connection.php:231
Stack trace:
#0 C:\wamp64\www\khm\system\Database\BaseConnection.php(421): CodeIgniter\Database\MySQLi\Connection->connect(false)
#1 C:\wamp64\www\khm\system\Database\BaseConnection.php(616): CodeIgniter\Database\BaseConnection->initialize()
#2 C:\wamp64\www\khm\system\Database\BaseBuilder.php(1644): CodeIgniter\Database\BaseConnection->query('SELECT `u`.*, `...', Array, false)
#3 C:\wamp64\www\khm\app\Models\Login_m.php(15): CodeIgniter\Database\BaseBuilder->get()
#4 C:\wamp64\www\khm\app\Controllers\Login.php(25): App\Models\Login_m->check_valid_login('maintenance', 'Asdf@123')
#5 C:\wamp64\www\khm\system\CodeIgniter.php(933): App\Controllers\Login->login()
#6 C:\wamp64\www\khm\system\CodeIgniter.php(509): CodeIgniter\CodeIgniter->runController(Object(App\Controllers\Login))
#7 C:\wamp64\www\khm\system\CodeIgniter.php(355): CodeIgniter\CodeIgniter->handleRequest(NULL, Object(Config\Cache), false)
#8 C:\wamp64\www\khm\system\Boot.php(334): CodeIgniter\CodeIgniter->run()
#9 C:\wamp64\www\khm\system\Boot.php(67): CodeIgniter\Boot::runCodeIgniter(Object(CodeIgniter\CodeIgniter))
#10 C:\wamp64\www\khm\public\index.php(56): CodeIgniter\Boot::bootWeb(Object(Config\Paths))
#11 {main}
CRITICAL - 2025-11-13 02:38:09 --> CodeIgniter\Database\Exceptions\DatabaseException: Unable to connect to the database.
Main connection [MySQLi]: Access denied for user '****'@'localhost' (using password: NO)
[Method: POST, Route: Login/login]
in SYSTEMPATH\Database\BaseConnection.php on line 467.
 1 SYSTEMPATH\Database\BaseConnection.php(616): CodeIgniter\Database\BaseConnection->initialize()
 2 SYSTEMPATH\Database\BaseBuilder.php(1644): CodeIgniter\Database\BaseConnection->query('SELECT `u`.*, `m`.`entity_name`
FROM `khm_sys_usg_entity_users` `u`
LEFT JOIN `khm_entity_mst` `m` ON `m`.`entity_id` = `u`.`entity_id`
WHERE `u`.`user_id` = :u.user_id:
AND `u`.`password` = :u.password:', [...], false)
 3 APPPATH\Models\Login_m.php(15): CodeIgniter\Database\BaseBuilder->get()
 4 APPPATH\Controllers\Login.php(25): App\Models\Login_m->check_valid_login('maintenance', 'Asdf@123')
 5 SYSTEMPATH\CodeIgniter.php(933): App\Controllers\Login->login()
 6 SYSTEMPATH\CodeIgniter.php(509): CodeIgniter\CodeIgniter->runController(Object(App\Controllers\Login))
 7 SYSTEMPATH\CodeIgniter.php(355): CodeIgniter\CodeIgniter->handleRequest(null, Object(Config\Cache), false)
 8 SYSTEMPATH\Boot.php(334): CodeIgniter\CodeIgniter->run()
 9 SYSTEMPATH\Boot.php(67): CodeIgniter\Boot::runCodeIgniter(Object(CodeIgniter\CodeIgniter))
10 FCPATH\index.php(56): CodeIgniter\Boot::bootWeb(Object(Config\Paths))
ERROR - 2025-11-13 02:39:01 --> Error connecting to the database: mysqli_sql_exception: Access denied for user 'root'@'localhost' (using password: NO) in C:\wamp64\www\khm\system\Database\MySQLi\Connection.php:187
Stack trace:
#0 C:\wamp64\www\khm\system\Database\MySQLi\Connection.php(187): mysqli->real_connect('localhost', 'root', '', 'khm_touracle_db', 3306, '', 0)
#1 C:\wamp64\www\khm\system\Database\BaseConnection.php(421): CodeIgniter\Database\MySQLi\Connection->connect(false)
#2 C:\wamp64\www\khm\system\Database\BaseConnection.php(616): CodeIgniter\Database\BaseConnection->initialize()
#3 C:\wamp64\www\khm\system\Database\BaseBuilder.php(1644): CodeIgniter\Database\BaseConnection->query('SELECT `u`.*, `...', Array, false)
#4 C:\wamp64\www\khm\app\Models\Login_m.php(15): CodeIgniter\Database\BaseBuilder->get()
#5 C:\wamp64\www\khm\app\Controllers\Login.php(25): App\Models\Login_m->check_valid_login('maintenance', 'Asdf@123')
#6 C:\wamp64\www\khm\system\CodeIgniter.php(933): App\Controllers\Login->login()
#7 C:\wamp64\www\khm\system\CodeIgniter.php(509): CodeIgniter\CodeIgniter->runController(Object(App\Controllers\Login))
#8 C:\wamp64\www\khm\system\CodeIgniter.php(355): CodeIgniter\CodeIgniter->handleRequest(NULL, Object(Config\Cache), false)
#9 C:\wamp64\www\khm\system\Boot.php(334): CodeIgniter\CodeIgniter->run()
#10 C:\wamp64\www\khm\system\Boot.php(67): CodeIgniter\Boot::runCodeIgniter(Object(CodeIgniter\CodeIgniter))
#11 C:\wamp64\www\khm\public\index.php(56): CodeIgniter\Boot::bootWeb(Object(Config\Paths))
#12 {main}

Next CodeIgniter\Database\Exceptions\DatabaseException: Access denied for user '****'@'localhost' (using password: NO) in C:\wamp64\www\khm\system\Database\MySQLi\Connection.php:231
Stack trace:
#0 C:\wamp64\www\khm\system\Database\BaseConnection.php(421): CodeIgniter\Database\MySQLi\Connection->connect(false)
#1 C:\wamp64\www\khm\system\Database\BaseConnection.php(616): CodeIgniter\Database\BaseConnection->initialize()
#2 C:\wamp64\www\khm\system\Database\BaseBuilder.php(1644): CodeIgniter\Database\BaseConnection->query('SELECT `u`.*, `...', Array, false)
#3 C:\wamp64\www\khm\app\Models\Login_m.php(15): CodeIgniter\Database\BaseBuilder->get()
#4 C:\wamp64\www\khm\app\Controllers\Login.php(25): App\Models\Login_m->check_valid_login('maintenance', 'Asdf@123')
#5 C:\wamp64\www\khm\system\CodeIgniter.php(933): App\Controllers\Login->login()
#6 C:\wamp64\www\khm\system\CodeIgniter.php(509): CodeIgniter\CodeIgniter->runController(Object(App\Controllers\Login))
#7 C:\wamp64\www\khm\system\CodeIgniter.php(355): CodeIgniter\CodeIgniter->handleRequest(NULL, Object(Config\Cache), false)
#8 C:\wamp64\www\khm\system\Boot.php(334): CodeIgniter\CodeIgniter->run()
#9 C:\wamp64\www\khm\system\Boot.php(67): CodeIgniter\Boot::runCodeIgniter(Object(CodeIgniter\CodeIgniter))
#10 C:\wamp64\www\khm\public\index.php(56): CodeIgniter\Boot::bootWeb(Object(Config\Paths))
#11 {main}
CRITICAL - 2025-11-13 02:39:01 --> CodeIgniter\Database\Exceptions\DatabaseException: Unable to connect to the database.
Main connection [MySQLi]: Access denied for user '****'@'localhost' (using password: NO)
[Method: POST, Route: Login/login]
in SYSTEMPATH\Database\BaseConnection.php on line 467.
 1 SYSTEMPATH\Database\BaseConnection.php(616): CodeIgniter\Database\BaseConnection->initialize()
 2 SYSTEMPATH\Database\BaseBuilder.php(1644): CodeIgniter\Database\BaseConnection->query('SELECT `u`.*, `m`.`entity_name`
FROM `khm_sys_usg_entity_users` `u`
LEFT JOIN `khm_entity_mst` `m` ON `m`.`entity_id` = `u`.`entity_id`
WHERE `u`.`user_id` = :u.user_id:
AND `u`.`password` = :u.password:', [...], false)
 3 APPPATH\Models\Login_m.php(15): CodeIgniter\Database\BaseBuilder->get()
 4 APPPATH\Controllers\Login.php(25): App\Models\Login_m->check_valid_login('maintenance', 'Asdf@123')
 5 SYSTEMPATH\CodeIgniter.php(933): App\Controllers\Login->login()
 6 SYSTEMPATH\CodeIgniter.php(509): CodeIgniter\CodeIgniter->runController(Object(App\Controllers\Login))
 7 SYSTEMPATH\CodeIgniter.php(355): CodeIgniter\CodeIgniter->handleRequest(null, Object(Config\Cache), false)
 8 SYSTEMPATH\Boot.php(334): CodeIgniter\CodeIgniter->run()
 9 SYSTEMPATH\Boot.php(67): CodeIgniter\Boot::runCodeIgniter(Object(CodeIgniter\CodeIgniter))
10 FCPATH\index.php(56): CodeIgniter\Boot::bootWeb(Object(Config\Paths))
ERROR - 2025-11-13 02:39:05 --> Error connecting to the database: mysqli_sql_exception: Access denied for user 'root'@'localhost' (using password: NO) in C:\wamp64\www\khm\system\Database\MySQLi\Connection.php:187
Stack trace:
#0 C:\wamp64\www\khm\system\Database\MySQLi\Connection.php(187): mysqli->real_connect('localhost', 'root', '', 'khm_touracle_db', 3306, '', 0)
#1 C:\wamp64\www\khm\system\Database\BaseConnection.php(421): CodeIgniter\Database\MySQLi\Connection->connect(false)
#2 C:\wamp64\www\khm\system\Database\BaseConnection.php(616): CodeIgniter\Database\BaseConnection->initialize()
#3 C:\wamp64\www\khm\system\Database\BaseBuilder.php(1644): CodeIgniter\Database\BaseConnection->query('SELECT `u`.*, `...', Array, false)
#4 C:\wamp64\www\khm\app\Models\Login_m.php(15): CodeIgniter\Database\BaseBuilder->get()
#5 C:\wamp64\www\khm\app\Controllers\Login.php(25): App\Models\Login_m->check_valid_login('maintenance', 'Asdf@123')
#6 C:\wamp64\www\khm\system\CodeIgniter.php(933): App\Controllers\Login->login()
#7 C:\wamp64\www\khm\system\CodeIgniter.php(509): CodeIgniter\CodeIgniter->runController(Object(App\Controllers\Login))
#8 C:\wamp64\www\khm\system\CodeIgniter.php(355): CodeIgniter\CodeIgniter->handleRequest(NULL, Object(Config\Cache), false)
#9 C:\wamp64\www\khm\system\Boot.php(334): CodeIgniter\CodeIgniter->run()
#10 C:\wamp64\www\khm\system\Boot.php(67): CodeIgniter\Boot::runCodeIgniter(Object(CodeIgniter\CodeIgniter))
#11 C:\wamp64\www\khm\public\index.php(56): CodeIgniter\Boot::bootWeb(Object(Config\Paths))
#12 {main}

Next CodeIgniter\Database\Exceptions\DatabaseException: Access denied for user '****'@'localhost' (using password: NO) in C:\wamp64\www\khm\system\Database\MySQLi\Connection.php:231
Stack trace:
#0 C:\wamp64\www\khm\system\Database\BaseConnection.php(421): CodeIgniter\Database\MySQLi\Connection->connect(false)
#1 C:\wamp64\www\khm\system\Database\BaseConnection.php(616): CodeIgniter\Database\BaseConnection->initialize()
#2 C:\wamp64\www\khm\system\Database\BaseBuilder.php(1644): CodeIgniter\Database\BaseConnection->query('SELECT `u`.*, `...', Array, false)
#3 C:\wamp64\www\khm\app\Models\Login_m.php(15): CodeIgniter\Database\BaseBuilder->get()
#4 C:\wamp64\www\khm\app\Controllers\Login.php(25): App\Models\Login_m->check_valid_login('maintenance', 'Asdf@123')
#5 C:\wamp64\www\khm\system\CodeIgniter.php(933): App\Controllers\Login->login()
#6 C:\wamp64\www\khm\system\CodeIgniter.php(509): CodeIgniter\CodeIgniter->runController(Object(App\Controllers\Login))
#7 C:\wamp64\www\khm\system\CodeIgniter.php(355): CodeIgniter\CodeIgniter->handleRequest(NULL, Object(Config\Cache), false)
#8 C:\wamp64\www\khm\system\Boot.php(334): CodeIgniter\CodeIgniter->run()
#9 C:\wamp64\www\khm\system\Boot.php(67): CodeIgniter\Boot::runCodeIgniter(Object(CodeIgniter\CodeIgniter))
#10 C:\wamp64\www\khm\public\index.php(56): CodeIgniter\Boot::bootWeb(Object(Config\Paths))
#11 {main}
CRITICAL - 2025-11-13 02:39:05 --> CodeIgniter\Database\Exceptions\DatabaseException: Unable to connect to the database.
Main connection [MySQLi]: Access denied for user '****'@'localhost' (using password: NO)
[Method: POST, Route: Login/login]
in SYSTEMPATH\Database\BaseConnection.php on line 467.
 1 SYSTEMPATH\Database\BaseConnection.php(616): CodeIgniter\Database\BaseConnection->initialize()
 2 SYSTEMPATH\Database\BaseBuilder.php(1644): CodeIgniter\Database\BaseConnection->query('SELECT `u`.*, `m`.`entity_name`
FROM `khm_sys_usg_entity_users` `u`
LEFT JOIN `khm_entity_mst` `m` ON `m`.`entity_id` = `u`.`entity_id`
WHERE `u`.`user_id` = :u.user_id:
AND `u`.`password` = :u.password:', [...], false)
 3 APPPATH\Models\Login_m.php(15): CodeIgniter\Database\BaseBuilder->get()
 4 APPPATH\Controllers\Login.php(25): App\Models\Login_m->check_valid_login('maintenance', 'Asdf@123')
 5 SYSTEMPATH\CodeIgniter.php(933): App\Controllers\Login->login()
 6 SYSTEMPATH\CodeIgniter.php(509): CodeIgniter\CodeIgniter->runController(Object(App\Controllers\Login))
 7 SYSTEMPATH\CodeIgniter.php(355): CodeIgniter\CodeIgniter->handleRequest(null, Object(Config\Cache), false)
 8 SYSTEMPATH\Boot.php(334): CodeIgniter\CodeIgniter->run()
 9 SYSTEMPATH\Boot.php(67): CodeIgniter\Boot::runCodeIgniter(Object(CodeIgniter\CodeIgniter))
10 FCPATH\index.php(56): CodeIgniter\Boot::bootWeb(Object(Config\Paths))
ERROR - 2025-11-13 02:41:39 --> Error connecting to the database: mysqli_sql_exception: Access denied for user 'root'@'localhost' (using password: NO) in C:\wamp64\www\khm\system\Database\MySQLi\Connection.php:187
Stack trace:
#0 C:\wamp64\www\khm\system\Database\MySQLi\Connection.php(187): mysqli->real_connect('localhost', 'root', '', 'khm_touracle_db', 3306, '', 0)
#1 C:\wamp64\www\khm\system\Database\BaseConnection.php(421): CodeIgniter\Database\MySQLi\Connection->connect(false)
#2 C:\wamp64\www\khm\system\Database\BaseConnection.php(616): CodeIgniter\Database\BaseConnection->initialize()
#3 C:\wamp64\www\khm\system\Database\BaseBuilder.php(1644): CodeIgniter\Database\BaseConnection->query('SELECT `u`.*, `...', Array, false)
#4 C:\wamp64\www\khm\app\Models\Login_m.php(15): CodeIgniter\Database\BaseBuilder->get()
#5 C:\wamp64\www\khm\app\Controllers\Login.php(25): App\Models\Login_m->check_valid_login('maintenance', 'Asdf@123')
#6 C:\wamp64\www\khm\system\CodeIgniter.php(933): App\Controllers\Login->login()
#7 C:\wamp64\www\khm\system\CodeIgniter.php(509): CodeIgniter\CodeIgniter->runController(Object(App\Controllers\Login))
#8 C:\wamp64\www\khm\system\CodeIgniter.php(355): CodeIgniter\CodeIgniter->handleRequest(NULL, Object(Config\Cache), false)
#9 C:\wamp64\www\khm\system\Boot.php(334): CodeIgniter\CodeIgniter->run()
#10 C:\wamp64\www\khm\system\Boot.php(67): CodeIgniter\Boot::runCodeIgniter(Object(CodeIgniter\CodeIgniter))
#11 C:\wamp64\www\khm\public\index.php(56): CodeIgniter\Boot::bootWeb(Object(Config\Paths))
#12 {main}

Next CodeIgniter\Database\Exceptions\DatabaseException: Access denied for user '****'@'localhost' (using password: NO) in C:\wamp64\www\khm\system\Database\MySQLi\Connection.php:231
Stack trace:
#0 C:\wamp64\www\khm\system\Database\BaseConnection.php(421): CodeIgniter\Database\MySQLi\Connection->connect(false)
#1 C:\wamp64\www\khm\system\Database\BaseConnection.php(616): CodeIgniter\Database\BaseConnection->initialize()
#2 C:\wamp64\www\khm\system\Database\BaseBuilder.php(1644): CodeIgniter\Database\BaseConnection->query('SELECT `u`.*, `...', Array, false)
#3 C:\wamp64\www\khm\app\Models\Login_m.php(15): CodeIgniter\Database\BaseBuilder->get()
#4 C:\wamp64\www\khm\app\Controllers\Login.php(25): App\Models\Login_m->check_valid_login('maintenance', 'Asdf@123')
#5 C:\wamp64\www\khm\system\CodeIgniter.php(933): App\Controllers\Login->login()
#6 C:\wamp64\www\khm\system\CodeIgniter.php(509): CodeIgniter\CodeIgniter->runController(Object(App\Controllers\Login))
#7 C:\wamp64\www\khm\system\CodeIgniter.php(355): CodeIgniter\CodeIgniter->handleRequest(NULL, Object(Config\Cache), false)
#8 C:\wamp64\www\khm\system\Boot.php(334): CodeIgniter\CodeIgniter->run()
#9 C:\wamp64\www\khm\system\Boot.php(67): CodeIgniter\Boot::runCodeIgniter(Object(CodeIgniter\CodeIgniter))
#10 C:\wamp64\www\khm\public\index.php(56): CodeIgniter\Boot::bootWeb(Object(Config\Paths))
#11 {main}
CRITICAL - 2025-11-13 02:41:39 --> CodeIgniter\Database\Exceptions\DatabaseException: Unable to connect to the database.
Main connection [MySQLi]: Access denied for user '****'@'localhost' (using password: NO)
[Method: POST, Route: Login/login]
in SYSTEMPATH\Database\BaseConnection.php on line 467.
 1 SYSTEMPATH\Database\BaseConnection.php(616): CodeIgniter\Database\BaseConnection->initialize()
 2 SYSTEMPATH\Database\BaseBuilder.php(1644): CodeIgniter\Database\BaseConnection->query('SELECT `u`.*, `m`.`entity_name`
FROM `khm_sys_usg_entity_users` `u`
LEFT JOIN `khm_entity_mst` `m` ON `m`.`entity_id` = `u`.`entity_id`
WHERE `u`.`user_id` = :u.user_id:
AND `u`.`password` = :u.password:', [...], false)
 3 APPPATH\Models\Login_m.php(15): CodeIgniter\Database\BaseBuilder->get()
 4 APPPATH\Controllers\Login.php(25): App\Models\Login_m->check_valid_login('maintenance', 'Asdf@123')
 5 SYSTEMPATH\CodeIgniter.php(933): App\Controllers\Login->login()
 6 SYSTEMPATH\CodeIgniter.php(509): CodeIgniter\CodeIgniter->runController(Object(App\Controllers\Login))
 7 SYSTEMPATH\CodeIgniter.php(355): CodeIgniter\CodeIgniter->handleRequest(null, Object(Config\Cache), false)
 8 SYSTEMPATH\Boot.php(334): CodeIgniter\CodeIgniter->run()
 9 SYSTEMPATH\Boot.php(67): CodeIgniter\Boot::runCodeIgniter(Object(CodeIgniter\CodeIgniter))
10 FCPATH\index.php(56): CodeIgniter\Boot::bootWeb(Object(Config\Paths))
ERROR - 2025-11-13 02:43:07 --> Error connecting to the database: mysqli_sql_exception: Access denied for user 'root'@'localhost' (using password: NO) in C:\wamp64\www\khm\system\Database\MySQLi\Connection.php:187
Stack trace:
#0 C:\wamp64\www\khm\system\Database\MySQLi\Connection.php(187): mysqli->real_connect('localhost', 'root', '', 'khm_touracle_db', 3306, '', 0)
#1 C:\wamp64\www\khm\system\Database\BaseConnection.php(421): CodeIgniter\Database\MySQLi\Connection->connect(false)
#2 C:\wamp64\www\khm\system\Database\BaseConnection.php(616): CodeIgniter\Database\BaseConnection->initialize()
#3 C:\wamp64\www\khm\system\Database\BaseBuilder.php(1644): CodeIgniter\Database\BaseConnection->query('SELECT `u`.*, `...', Array, false)
#4 C:\wamp64\www\khm\app\Models\Login_m.php(15): CodeIgniter\Database\BaseBuilder->get()
#5 C:\wamp64\www\khm\app\Controllers\Login.php(25): App\Models\Login_m->check_valid_login('maintenance', 'Asdf@123')
#6 C:\wamp64\www\khm\system\CodeIgniter.php(933): App\Controllers\Login->login()
#7 C:\wamp64\www\khm\system\CodeIgniter.php(509): CodeIgniter\CodeIgniter->runController(Object(App\Controllers\Login))
#8 C:\wamp64\www\khm\system\CodeIgniter.php(355): CodeIgniter\CodeIgniter->handleRequest(NULL, Object(Config\Cache), false)
#9 C:\wamp64\www\khm\system\Boot.php(334): CodeIgniter\CodeIgniter->run()
#10 C:\wamp64\www\khm\system\Boot.php(67): CodeIgniter\Boot::runCodeIgniter(Object(CodeIgniter\CodeIgniter))
#11 C:\wamp64\www\khm\public\index.php(56): CodeIgniter\Boot::bootWeb(Object(Config\Paths))
#12 {main}

Next CodeIgniter\Database\Exceptions\DatabaseException: Access denied for user '****'@'localhost' (using password: NO) in C:\wamp64\www\khm\system\Database\MySQLi\Connection.php:231
Stack trace:
#0 C:\wamp64\www\khm\system\Database\BaseConnection.php(421): CodeIgniter\Database\MySQLi\Connection->connect(false)
#1 C:\wamp64\www\khm\system\Database\BaseConnection.php(616): CodeIgniter\Database\BaseConnection->initialize()
#2 C:\wamp64\www\khm\system\Database\BaseBuilder.php(1644): CodeIgniter\Database\BaseConnection->query('SELECT `u`.*, `...', Array, false)
#3 C:\wamp64\www\khm\app\Models\Login_m.php(15): CodeIgniter\Database\BaseBuilder->get()
#4 C:\wamp64\www\khm\app\Controllers\Login.php(25): App\Models\Login_m->check_valid_login('maintenance', 'Asdf@123')
#5 C:\wamp64\www\khm\system\CodeIgniter.php(933): App\Controllers\Login->login()
#6 C:\wamp64\www\khm\system\CodeIgniter.php(509): CodeIgniter\CodeIgniter->runController(Object(App\Controllers\Login))
#7 C:\wamp64\www\khm\system\CodeIgniter.php(355): CodeIgniter\CodeIgniter->handleRequest(NULL, Object(Config\Cache), false)
#8 C:\wamp64\www\khm\system\Boot.php(334): CodeIgniter\CodeIgniter->run()
#9 C:\wamp64\www\khm\system\Boot.php(67): CodeIgniter\Boot::runCodeIgniter(Object(CodeIgniter\CodeIgniter))
#10 C:\wamp64\www\khm\public\index.php(56): CodeIgniter\Boot::bootWeb(Object(Config\Paths))
#11 {main}
CRITICAL - 2025-11-13 02:43:07 --> CodeIgniter\Database\Exceptions\DatabaseException: Unable to connect to the database.
Main connection [MySQLi]: Access denied for user '****'@'localhost' (using password: NO)
[Method: POST, Route: Login/login]
in SYSTEMPATH\Database\BaseConnection.php on line 467.
 1 SYSTEMPATH\Database\BaseConnection.php(616): CodeIgniter\Database\BaseConnection->initialize()
 2 SYSTEMPATH\Database\BaseBuilder.php(1644): CodeIgniter\Database\BaseConnection->query('SELECT `u`.*, `m`.`entity_name`
FROM `khm_sys_usg_entity_users` `u`
LEFT JOIN `khm_entity_mst` `m` ON `m`.`entity_id` = `u`.`entity_id`
WHERE `u`.`user_id` = :u.user_id:
AND `u`.`password` = :u.password:', [...], false)
 3 APPPATH\Models\Login_m.php(15): CodeIgniter\Database\BaseBuilder->get()
 4 APPPATH\Controllers\Login.php(25): App\Models\Login_m->check_valid_login('maintenance', 'Asdf@123')
 5 SYSTEMPATH\CodeIgniter.php(933): App\Controllers\Login->login()
 6 SYSTEMPATH\CodeIgniter.php(509): CodeIgniter\CodeIgniter->runController(Object(App\Controllers\Login))
 7 SYSTEMPATH\CodeIgniter.php(355): CodeIgniter\CodeIgniter->handleRequest(null, Object(Config\Cache), false)
 8 SYSTEMPATH\Boot.php(334): CodeIgniter\CodeIgniter->run()
 9 SYSTEMPATH\Boot.php(67): CodeIgniter\Boot::runCodeIgniter(Object(CodeIgniter\CodeIgniter))
10 FCPATH\index.php(56): CodeIgniter\Boot::bootWeb(Object(Config\Paths))
ERROR - 2025-11-13 02:43:12 --> Error connecting to the database: mysqli_sql_exception: Access denied for user 'root'@'localhost' (using password: NO) in C:\wamp64\www\khm\system\Database\MySQLi\Connection.php:187
Stack trace:
#0 C:\wamp64\www\khm\system\Database\MySQLi\Connection.php(187): mysqli->real_connect('localhost', 'root', '', 'khm_touracle_db', 3306, '', 0)
#1 C:\wamp64\www\khm\system\Database\BaseConnection.php(421): CodeIgniter\Database\MySQLi\Connection->connect(false)
#2 C:\wamp64\www\khm\system\Database\BaseConnection.php(616): CodeIgniter\Database\BaseConnection->initialize()
#3 C:\wamp64\www\khm\system\Database\BaseBuilder.php(1644): CodeIgniter\Database\BaseConnection->query('SELECT `u`.*, `...', Array, false)
#4 C:\wamp64\www\khm\app\Models\Login_m.php(15): CodeIgniter\Database\BaseBuilder->get()
#5 C:\wamp64\www\khm\app\Controllers\Login.php(25): App\Models\Login_m->check_valid_login('maintenance', 'Asdf@123')
#6 C:\wamp64\www\khm\system\CodeIgniter.php(933): App\Controllers\Login->login()
#7 C:\wamp64\www\khm\system\CodeIgniter.php(509): CodeIgniter\CodeIgniter->runController(Object(App\Controllers\Login))
#8 C:\wamp64\www\khm\system\CodeIgniter.php(355): CodeIgniter\CodeIgniter->handleRequest(NULL, Object(Config\Cache), false)
#9 C:\wamp64\www\khm\system\Boot.php(334): CodeIgniter\CodeIgniter->run()
#10 C:\wamp64\www\khm\system\Boot.php(67): CodeIgniter\Boot::runCodeIgniter(Object(CodeIgniter\CodeIgniter))
#11 C:\wamp64\www\khm\public\index.php(56): CodeIgniter\Boot::bootWeb(Object(Config\Paths))
#12 {main}

Next CodeIgniter\Database\Exceptions\DatabaseException: Access denied for user '****'@'localhost' (using password: NO) in C:\wamp64\www\khm\system\Database\MySQLi\Connection.php:231
Stack trace:
#0 C:\wamp64\www\khm\system\Database\BaseConnection.php(421): CodeIgniter\Database\MySQLi\Connection->connect(false)
#1 C:\wamp64\www\khm\system\Database\BaseConnection.php(616): CodeIgniter\Database\BaseConnection->initialize()
#2 C:\wamp64\www\khm\system\Database\BaseBuilder.php(1644): CodeIgniter\Database\BaseConnection->query('SELECT `u`.*, `...', Array, false)
#3 C:\wamp64\www\khm\app\Models\Login_m.php(15): CodeIgniter\Database\BaseBuilder->get()
#4 C:\wamp64\www\khm\app\Controllers\Login.php(25): App\Models\Login_m->check_valid_login('maintenance', 'Asdf@123')
#5 C:\wamp64\www\khm\system\CodeIgniter.php(933): App\Controllers\Login->login()
#6 C:\wamp64\www\khm\system\CodeIgniter.php(509): CodeIgniter\CodeIgniter->runController(Object(App\Controllers\Login))
#7 C:\wamp64\www\khm\system\CodeIgniter.php(355): CodeIgniter\CodeIgniter->handleRequest(NULL, Object(Config\Cache), false)
#8 C:\wamp64\www\khm\system\Boot.php(334): CodeIgniter\CodeIgniter->run()
#9 C:\wamp64\www\khm\system\Boot.php(67): CodeIgniter\Boot::runCodeIgniter(Object(CodeIgniter\CodeIgniter))
#10 C:\wamp64\www\khm\public\index.php(56): CodeIgniter\Boot::bootWeb(Object(Config\Paths))
#11 {main}
CRITICAL - 2025-11-13 02:43:12 --> CodeIgniter\Database\Exceptions\DatabaseException: Unable to connect to the database.
Main connection [MySQLi]: Access denied for user '****'@'localhost' (using password: NO)
[Method: POST, Route: Login/login]
in SYSTEMPATH\Database\BaseConnection.php on line 467.
 1 SYSTEMPATH\Database\BaseConnection.php(616): CodeIgniter\Database\BaseConnection->initialize()
 2 SYSTEMPATH\Database\BaseBuilder.php(1644): CodeIgniter\Database\BaseConnection->query('SELECT `u`.*, `m`.`entity_name`
FROM `khm_sys_usg_entity_users` `u`
LEFT JOIN `khm_entity_mst` `m` ON `m`.`entity_id` = `u`.`entity_id`
WHERE `u`.`user_id` = :u.user_id:
AND `u`.`password` = :u.password:', [...], false)
 3 APPPATH\Models\Login_m.php(15): CodeIgniter\Database\BaseBuilder->get()
 4 APPPATH\Controllers\Login.php(25): App\Models\Login_m->check_valid_login('maintenance', 'Asdf@123')
 5 SYSTEMPATH\CodeIgniter.php(933): App\Controllers\Login->login()
 6 SYSTEMPATH\CodeIgniter.php(509): CodeIgniter\CodeIgniter->runController(Object(App\Controllers\Login))
 7 SYSTEMPATH\CodeIgniter.php(355): CodeIgniter\CodeIgniter->handleRequest(null, Object(Config\Cache), false)
 8 SYSTEMPATH\Boot.php(334): CodeIgniter\CodeIgniter->run()
 9 SYSTEMPATH\Boot.php(67): CodeIgniter\Boot::runCodeIgniter(Object(CodeIgniter\CodeIgniter))
10 FCPATH\index.php(56): CodeIgniter\Boot::bootWeb(Object(Config\Paths))
ERROR - 2025-11-13 02:43:14 --> Error connecting to the database: mysqli_sql_exception: Access denied for user 'root'@'localhost' (using password: NO) in C:\wamp64\www\khm\system\Database\MySQLi\Connection.php:187
Stack trace:
#0 C:\wamp64\www\khm\system\Database\MySQLi\Connection.php(187): mysqli->real_connect('localhost', 'root', '', 'khm_touracle_db', 3306, '', 0)
#1 C:\wamp64\www\khm\system\Database\BaseConnection.php(421): CodeIgniter\Database\MySQLi\Connection->connect(false)
#2 C:\wamp64\www\khm\system\Database\BaseConnection.php(616): CodeIgniter\Database\BaseConnection->initialize()
#3 C:\wamp64\www\khm\system\Database\BaseBuilder.php(1644): CodeIgniter\Database\BaseConnection->query('SELECT `u`.*, `...', Array, false)
#4 C:\wamp64\www\khm\app\Models\Login_m.php(15): CodeIgniter\Database\BaseBuilder->get()
#5 C:\wamp64\www\khm\app\Controllers\Login.php(25): App\Models\Login_m->check_valid_login('maintenance', 'Asdf@123')
#6 C:\wamp64\www\khm\system\CodeIgniter.php(933): App\Controllers\Login->login()
#7 C:\wamp64\www\khm\system\CodeIgniter.php(509): CodeIgniter\CodeIgniter->runController(Object(App\Controllers\Login))
#8 C:\wamp64\www\khm\system\CodeIgniter.php(355): CodeIgniter\CodeIgniter->handleRequest(NULL, Object(Config\Cache), false)
#9 C:\wamp64\www\khm\system\Boot.php(334): CodeIgniter\CodeIgniter->run()
#10 C:\wamp64\www\khm\system\Boot.php(67): CodeIgniter\Boot::runCodeIgniter(Object(CodeIgniter\CodeIgniter))
#11 C:\wamp64\www\khm\public\index.php(56): CodeIgniter\Boot::bootWeb(Object(Config\Paths))
#12 {main}

Next CodeIgniter\Database\Exceptions\DatabaseException: Access denied for user '****'@'localhost' (using password: NO) in C:\wamp64\www\khm\system\Database\MySQLi\Connection.php:231
Stack trace:
#0 C:\wamp64\www\khm\system\Database\BaseConnection.php(421): CodeIgniter\Database\MySQLi\Connection->connect(false)
#1 C:\wamp64\www\khm\system\Database\BaseConnection.php(616): CodeIgniter\Database\BaseConnection->initialize()
#2 C:\wamp64\www\khm\system\Database\BaseBuilder.php(1644): CodeIgniter\Database\BaseConnection->query('SELECT `u`.*, `...', Array, false)
#3 C:\wamp64\www\khm\app\Models\Login_m.php(15): CodeIgniter\Database\BaseBuilder->get()
#4 C:\wamp64\www\khm\app\Controllers\Login.php(25): App\Models\Login_m->check_valid_login('maintenance', 'Asdf@123')
#5 C:\wamp64\www\khm\system\CodeIgniter.php(933): App\Controllers\Login->login()
#6 C:\wamp64\www\khm\system\CodeIgniter.php(509): CodeIgniter\CodeIgniter->runController(Object(App\Controllers\Login))
#7 C:\wamp64\www\khm\system\CodeIgniter.php(355): CodeIgniter\CodeIgniter->handleRequest(NULL, Object(Config\Cache), false)
#8 C:\wamp64\www\khm\system\Boot.php(334): CodeIgniter\CodeIgniter->run()
#9 C:\wamp64\www\khm\system\Boot.php(67): CodeIgniter\Boot::runCodeIgniter(Object(CodeIgniter\CodeIgniter))
#10 C:\wamp64\www\khm\public\index.php(56): CodeIgniter\Boot::bootWeb(Object(Config\Paths))
#11 {main}
CRITICAL - 2025-11-13 02:43:14 --> CodeIgniter\Database\Exceptions\DatabaseException: Unable to connect to the database.
Main connection [MySQLi]: Access denied for user '****'@'localhost' (using password: NO)
[Method: POST, Route: Login/login]
in SYSTEMPATH\Database\BaseConnection.php on line 467.
 1 SYSTEMPATH\Database\BaseConnection.php(616): CodeIgniter\Database\BaseConnection->initialize()
 2 SYSTEMPATH\Database\BaseBuilder.php(1644): CodeIgniter\Database\BaseConnection->query('SELECT `u`.*, `m`.`entity_name`
FROM `khm_sys_usg_entity_users` `u`
LEFT JOIN `khm_entity_mst` `m` ON `m`.`entity_id` = `u`.`entity_id`
WHERE `u`.`user_id` = :u.user_id:
AND `u`.`password` = :u.password:', [...], false)
 3 APPPATH\Models\Login_m.php(15): CodeIgniter\Database\BaseBuilder->get()
 4 APPPATH\Controllers\Login.php(25): App\Models\Login_m->check_valid_login('maintenance', 'Asdf@123')
 5 SYSTEMPATH\CodeIgniter.php(933): App\Controllers\Login->login()
 6 SYSTEMPATH\CodeIgniter.php(509): CodeIgniter\CodeIgniter->runController(Object(App\Controllers\Login))
 7 SYSTEMPATH\CodeIgniter.php(355): CodeIgniter\CodeIgniter->handleRequest(null, Object(Config\Cache), false)
 8 SYSTEMPATH\Boot.php(334): CodeIgniter\CodeIgniter->run()
 9 SYSTEMPATH\Boot.php(67): CodeIgniter\Boot::runCodeIgniter(Object(CodeIgniter\CodeIgniter))
10 FCPATH\index.php(56): CodeIgniter\Boot::bootWeb(Object(Config\Paths))
ERROR - 2025-11-13 02:43:25 --> Error connecting to the database: mysqli_sql_exception: Access denied for user 'root'@'localhost' (using password: NO) in C:\wamp64\www\khm\system\Database\MySQLi\Connection.php:187
Stack trace:
#0 C:\wamp64\www\khm\system\Database\MySQLi\Connection.php(187): mysqli->real_connect('localhost', 'root', '', 'khm_touracle_db', 3306, '', 0)
#1 C:\wamp64\www\khm\system\Database\BaseConnection.php(421): CodeIgniter\Database\MySQLi\Connection->connect(false)
#2 C:\wamp64\www\khm\system\Database\BaseConnection.php(616): CodeIgniter\Database\BaseConnection->initialize()
#3 C:\wamp64\www\khm\system\Database\BaseBuilder.php(1644): CodeIgniter\Database\BaseConnection->query('SELECT `u`.*, `...', Array, false)
#4 C:\wamp64\www\khm\app\Models\Login_m.php(15): CodeIgniter\Database\BaseBuilder->get()
#5 C:\wamp64\www\khm\app\Controllers\Login.php(25): App\Models\Login_m->check_valid_login('maintenance', 'Asdf@123')
#6 C:\wamp64\www\khm\system\CodeIgniter.php(933): App\Controllers\Login->login()
#7 C:\wamp64\www\khm\system\CodeIgniter.php(509): CodeIgniter\CodeIgniter->runController(Object(App\Controllers\Login))
#8 C:\wamp64\www\khm\system\CodeIgniter.php(355): CodeIgniter\CodeIgniter->handleRequest(NULL, Object(Config\Cache), false)
#9 C:\wamp64\www\khm\system\Boot.php(334): CodeIgniter\CodeIgniter->run()
#10 C:\wamp64\www\khm\system\Boot.php(67): CodeIgniter\Boot::runCodeIgniter(Object(CodeIgniter\CodeIgniter))
#11 C:\wamp64\www\khm\public\index.php(56): CodeIgniter\Boot::bootWeb(Object(Config\Paths))
#12 {main}

Next CodeIgniter\Database\Exceptions\DatabaseException: Access denied for user '****'@'localhost' (using password: NO) in C:\wamp64\www\khm\system\Database\MySQLi\Connection.php:231
Stack trace:
#0 C:\wamp64\www\khm\system\Database\BaseConnection.php(421): CodeIgniter\Database\MySQLi\Connection->connect(false)
#1 C:\wamp64\www\khm\system\Database\BaseConnection.php(616): CodeIgniter\Database\BaseConnection->initialize()
#2 C:\wamp64\www\khm\system\Database\BaseBuilder.php(1644): CodeIgniter\Database\BaseConnection->query('SELECT `u`.*, `...', Array, false)
#3 C:\wamp64\www\khm\app\Models\Login_m.php(15): CodeIgniter\Database\BaseBuilder->get()
#4 C:\wamp64\www\khm\app\Controllers\Login.php(25): App\Models\Login_m->check_valid_login('maintenance', 'Asdf@123')
#5 C:\wamp64\www\khm\system\CodeIgniter.php(933): App\Controllers\Login->login()
#6 C:\wamp64\www\khm\system\CodeIgniter.php(509): CodeIgniter\CodeIgniter->runController(Object(App\Controllers\Login))
#7 C:\wamp64\www\khm\system\CodeIgniter.php(355): CodeIgniter\CodeIgniter->handleRequest(NULL, Object(Config\Cache), false)
#8 C:\wamp64\www\khm\system\Boot.php(334): CodeIgniter\CodeIgniter->run()
#9 C:\wamp64\www\khm\system\Boot.php(67): CodeIgniter\Boot::runCodeIgniter(Object(CodeIgniter\CodeIgniter))
#10 C:\wamp64\www\khm\public\index.php(56): CodeIgniter\Boot::bootWeb(Object(Config\Paths))
#11 {main}
CRITICAL - 2025-11-13 02:43:25 --> CodeIgniter\Database\Exceptions\DatabaseException: Unable to connect to the database.
Main connection [MySQLi]: Access denied for user '****'@'localhost' (using password: NO)
[Method: POST, Route: Login/login]
in SYSTEMPATH\Database\BaseConnection.php on line 467.
 1 SYSTEMPATH\Database\BaseConnection.php(616): CodeIgniter\Database\BaseConnection->initialize()
 2 SYSTEMPATH\Database\BaseBuilder.php(1644): CodeIgniter\Database\BaseConnection->query('SELECT `u`.*, `m`.`entity_name`
FROM `khm_sys_usg_entity_users` `u`
LEFT JOIN `khm_entity_mst` `m` ON `m`.`entity_id` = `u`.`entity_id`
WHERE `u`.`user_id` = :u.user_id:
AND `u`.`password` = :u.password:', [...], false)
 3 APPPATH\Models\Login_m.php(15): CodeIgniter\Database\BaseBuilder->get()
 4 APPPATH\Controllers\Login.php(25): App\Models\Login_m->check_valid_login('maintenance', 'Asdf@123')
 5 SYSTEMPATH\CodeIgniter.php(933): App\Controllers\Login->login()
 6 SYSTEMPATH\CodeIgniter.php(509): CodeIgniter\CodeIgniter->runController(Object(App\Controllers\Login))
 7 SYSTEMPATH\CodeIgniter.php(355): CodeIgniter\CodeIgniter->handleRequest(null, Object(Config\Cache), false)
 8 SYSTEMPATH\Boot.php(334): CodeIgniter\CodeIgniter->run()
 9 SYSTEMPATH\Boot.php(67): CodeIgniter\Boot::runCodeIgniter(Object(CodeIgniter\CodeIgniter))
10 FCPATH\index.php(56): CodeIgniter\Boot::bootWeb(Object(Config\Paths))
ERROR - 2025-11-13 02:43:39 --> Error connecting to the database: mysqli_sql_exception: Access denied for user 'root'@'localhost' (using password: NO) in C:\wamp64\www\khm\system\Database\MySQLi\Connection.php:187
Stack trace:
#0 C:\wamp64\www\khm\system\Database\MySQLi\Connection.php(187): mysqli->real_connect('localhost', 'root', '', 'khm_touracle_db', 3306, '', 0)
#1 C:\wamp64\www\khm\system\Database\BaseConnection.php(421): CodeIgniter\Database\MySQLi\Connection->connect(false)
#2 C:\wamp64\www\khm\system\Database\BaseConnection.php(616): CodeIgniter\Database\BaseConnection->initialize()
#3 C:\wamp64\www\khm\system\Database\BaseBuilder.php(1644): CodeIgniter\Database\BaseConnection->query('SELECT `u`.*, `...', Array, false)
#4 C:\wamp64\www\khm\app\Models\Login_m.php(15): CodeIgniter\Database\BaseBuilder->get()
#5 C:\wamp64\www\khm\app\Controllers\Login.php(25): App\Models\Login_m->check_valid_login('maintenance', 'Asdf@123')
#6 C:\wamp64\www\khm\system\CodeIgniter.php(933): App\Controllers\Login->login()
#7 C:\wamp64\www\khm\system\CodeIgniter.php(509): CodeIgniter\CodeIgniter->runController(Object(App\Controllers\Login))
#8 C:\wamp64\www\khm\system\CodeIgniter.php(355): CodeIgniter\CodeIgniter->handleRequest(NULL, Object(Config\Cache), false)
#9 C:\wamp64\www\khm\system\Boot.php(334): CodeIgniter\CodeIgniter->run()
#10 C:\wamp64\www\khm\system\Boot.php(67): CodeIgniter\Boot::runCodeIgniter(Object(CodeIgniter\CodeIgniter))
#11 C:\wamp64\www\khm\public\index.php(56): CodeIgniter\Boot::bootWeb(Object(Config\Paths))
#12 {main}

Next CodeIgniter\Database\Exceptions\DatabaseException: Access denied for user '****'@'localhost' (using password: NO) in C:\wamp64\www\khm\system\Database\MySQLi\Connection.php:231
Stack trace:
#0 C:\wamp64\www\khm\system\Database\BaseConnection.php(421): CodeIgniter\Database\MySQLi\Connection->connect(false)
#1 C:\wamp64\www\khm\system\Database\BaseConnection.php(616): CodeIgniter\Database\BaseConnection->initialize()
#2 C:\wamp64\www\khm\system\Database\BaseBuilder.php(1644): CodeIgniter\Database\BaseConnection->query('SELECT `u`.*, `...', Array, false)
#3 C:\wamp64\www\khm\app\Models\Login_m.php(15): CodeIgniter\Database\BaseBuilder->get()
#4 C:\wamp64\www\khm\app\Controllers\Login.php(25): App\Models\Login_m->check_valid_login('maintenance', 'Asdf@123')
#5 C:\wamp64\www\khm\system\CodeIgniter.php(933): App\Controllers\Login->login()
#6 C:\wamp64\www\khm\system\CodeIgniter.php(509): CodeIgniter\CodeIgniter->runController(Object(App\Controllers\Login))
#7 C:\wamp64\www\khm\system\CodeIgniter.php(355): CodeIgniter\CodeIgniter->handleRequest(NULL, Object(Config\Cache), false)
#8 C:\wamp64\www\khm\system\Boot.php(334): CodeIgniter\CodeIgniter->run()
#9 C:\wamp64\www\khm\system\Boot.php(67): CodeIgniter\Boot::runCodeIgniter(Object(CodeIgniter\CodeIgniter))
#10 C:\wamp64\www\khm\public\index.php(56): CodeIgniter\Boot::bootWeb(Object(Config\Paths))
#11 {main}
CRITICAL - 2025-11-13 02:43:39 --> CodeIgniter\Database\Exceptions\DatabaseException: Unable to connect to the database.
Main connection [MySQLi]: Access denied for user '****'@'localhost' (using password: NO)
[Method: POST, Route: Login/login]
in SYSTEMPATH\Database\BaseConnection.php on line 467.
 1 SYSTEMPATH\Database\BaseConnection.php(616): CodeIgniter\Database\BaseConnection->initialize()
 2 SYSTEMPATH\Database\BaseBuilder.php(1644): CodeIgniter\Database\BaseConnection->query('SELECT `u`.*, `m`.`entity_name`
FROM `khm_sys_usg_entity_users` `u`
LEFT JOIN `khm_entity_mst` `m` ON `m`.`entity_id` = `u`.`entity_id`
WHERE `u`.`user_id` = :u.user_id:
AND `u`.`password` = :u.password:', [...], false)
 3 APPPATH\Models\Login_m.php(15): CodeIgniter\Database\BaseBuilder->get()
 4 APPPATH\Controllers\Login.php(25): App\Models\Login_m->check_valid_login('maintenance', 'Asdf@123')
 5 SYSTEMPATH\CodeIgniter.php(933): App\Controllers\Login->login()
 6 SYSTEMPATH\CodeIgniter.php(509): CodeIgniter\CodeIgniter->runController(Object(App\Controllers\Login))
 7 SYSTEMPATH\CodeIgniter.php(355): CodeIgniter\CodeIgniter->handleRequest(null, Object(Config\Cache), false)
 8 SYSTEMPATH\Boot.php(334): CodeIgniter\CodeIgniter->run()
 9 SYSTEMPATH\Boot.php(67): CodeIgniter\Boot::runCodeIgniter(Object(CodeIgniter\CodeIgniter))
10 FCPATH\index.php(56): CodeIgniter\Boot::bootWeb(Object(Config\Paths))
CRITICAL - 2025-11-13 02:51:13 --> ParseError: Unmatched '}'
[Method: GET, Route: Enquiry/itinerary/2792/0]
in APPPATH\Views\enquiry\itinerary_view.php on line 2707.
 1 SYSTEMPATH\View\View.php(237): CodeIgniter\View\View->CodeIgniter\View\{closure}()
 2 SYSTEMPATH\Common.php(1171): CodeIgniter\View\View->render('enquiry/itinerary_view', [], true)
 3 APPPATH\Controllers\Enquiry.php(5600): view('enquiry/itinerary_view', [...])
 4 SYSTEMPATH\CodeIgniter.php(933): App\Controllers\Enquiry->itinerary('2792', '0')
 5 SYSTEMPATH\CodeIgniter.php(509): CodeIgniter\CodeIgniter->runController(Object(App\Controllers\Enquiry))
 6 SYSTEMPATH\CodeIgniter.php(355): CodeIgniter\CodeIgniter->handleRequest(null, Object(Config\Cache), false)
 7 SYSTEMPATH\Boot.php(334): CodeIgniter\CodeIgniter->run()
 8 SYSTEMPATH\Boot.php(67): CodeIgniter\Boot::runCodeIgniter(Object(CodeIgniter\CodeIgniter))
 9 FCPATH\index.php(56): CodeIgniter\Boot::bootWeb(Object(Config\Paths))
CRITICAL - 2025-11-13 02:58:33 --> ErrorException: Undefined array key 0
[Method: POST, Route: Enquiry/ajax_get_itineraries]
in APPPATH\Controllers\Enquiry.php on line 7953.
 1 APPPATH\Controllers\Enquiry.php(7953): CodeIgniter\Debug\Exceptions->errorHandler(2, 'Undefined array key 0', 'C:\\wamp64\\www\\khm\\app\\Controllers\\Enquiry.php', 7953)
 2 SYSTEMPATH\CodeIgniter.php(933): App\Controllers\Enquiry->ajax_get_itineraries()
 3 SYSTEMPATH\CodeIgniter.php(509): CodeIgniter\CodeIgniter->runController(Object(App\Controllers\Enquiry))
 4 SYSTEMPATH\CodeIgniter.php(355): CodeIgniter\CodeIgniter->handleRequest(null, Object(Config\Cache), false)
 5 SYSTEMPATH\Boot.php(334): CodeIgniter\CodeIgniter->run()
 6 SYSTEMPATH\Boot.php(67): CodeIgniter\Boot::runCodeIgniter(Object(CodeIgniter\CodeIgniter))
 7 FCPATH\index.php(56): CodeIgniter\Boot::bootWeb(Object(Config\Paths))
CRITICAL - 2025-11-13 04:39:55 --> ErrorException: Undefined array key 0
[Method: POST, Route: Enquiry/ajax_get_itineraries]
in APPPATH\Controllers\Enquiry.php on line 7953.
 1 APPPATH\Controllers\Enquiry.php(7953): CodeIgniter\Debug\Exceptions->errorHandler(2, 'Undefined array key 0', 'C:\\wamp64\\www\\khm\\app\\Controllers\\Enquiry.php', 7953)
 2 SYSTEMPATH\CodeIgniter.php(933): App\Controllers\Enquiry->ajax_get_itineraries()
 3 SYSTEMPATH\CodeIgniter.php(509): CodeIgniter\CodeIgniter->runController(Object(App\Controllers\Enquiry))
 4 SYSTEMPATH\CodeIgniter.php(355): CodeIgniter\CodeIgniter->handleRequest(null, Object(Config\Cache), false)
 5 SYSTEMPATH\Boot.php(334): CodeIgniter\CodeIgniter->run()
 6 SYSTEMPATH\Boot.php(67): CodeIgniter\Boot::runCodeIgniter(Object(CodeIgniter\CodeIgniter))
 7 FCPATH\index.php(56): CodeIgniter\Boot::bootWeb(Object(Config\Paths))
ERROR - 2025-11-13 10:26:01 --> Email: Unable to send email using SMTP. Your server might not be configured to send mail using this method.
ERROR - 2025-11-13 10:26:01 --> 220 smtp.gmail.com ESMTP 98e67ed59e1d1-343ed5331c0sm827441a91.10 - gsmtp

hello: 250-smtp.gmail.com at your service, [103.38.15.23]
250-SIZE 35882577
250-8BITMIME
250-AUTH LOGIN PLAIN XOAUTH2 PLAIN-CLIENTTOKEN OAUTHBEARER XOAUTH
250-ENHANCEDSTATUSCODES
250-PIPELINING
250-CHUNKING
250 SMTPUTF8

Failed to authenticate password. Error: 535-5.7.8 Username and Password not accepted. For more information, go to
535 5.7.8  https://support.google.com/mail/?p=BadCredentials 98e67ed59e1d1-343ed5331c0sm827441a91.10 - gsmtp

CRITICAL - 2025-11-13 08:17:09 --> ErrorException: Undefined array key 0
[Method: POST, Route: Enquiry/getTourTariffDetails]
in APPPATH\Controllers\Enquiry.php on line 2995.
 1 APPPATH\Controllers\Enquiry.php(2995): CodeIgniter\Debug\Exceptions->errorHandler(2, 'Undefined array key 0', 'C:\\wamp64\\www\\khm\\app\\Controllers\\Enquiry.php', 2995)
 2 SYSTEMPATH\CodeIgniter.php(933): App\Controllers\Enquiry->getTourTariffDetails()
 3 SYSTEMPATH\CodeIgniter.php(509): CodeIgniter\CodeIgniter->runController(Object(App\Controllers\Enquiry))
 4 SYSTEMPATH\CodeIgniter.php(355): CodeIgniter\CodeIgniter->handleRequest(null, Object(Config\Cache), false)
 5 SYSTEMPATH\Boot.php(334): CodeIgniter\CodeIgniter->run()
 6 SYSTEMPATH\Boot.php(67): CodeIgniter\Boot::runCodeIgniter(Object(CodeIgniter\CodeIgniter))
 7 FCPATH\index.php(56): CodeIgniter\Boot::bootWeb(Object(Config\Paths))
CRITICAL - 2025-11-13 08:17:09 --> ErrorException: Undefined array key 0
[Method: POST, Route: Enquiry/getTourTariffDetails]
in APPPATH\Controllers\Enquiry.php on line 2995.
 1 APPPATH\Controllers\Enquiry.php(2995): CodeIgniter\Debug\Exceptions->errorHandler(2, 'Undefined array key 0', 'C:\\wamp64\\www\\khm\\app\\Controllers\\Enquiry.php', 2995)
 2 SYSTEMPATH\CodeIgniter.php(933): App\Controllers\Enquiry->getTourTariffDetails()
 3 SYSTEMPATH\CodeIgniter.php(509): CodeIgniter\CodeIgniter->runController(Object(App\Controllers\Enquiry))
 4 SYSTEMPATH\CodeIgniter.php(355): CodeIgniter\CodeIgniter->handleRequest(null, Object(Config\Cache), false)
 5 SYSTEMPATH\Boot.php(334): CodeIgniter\CodeIgniter->run()
 6 SYSTEMPATH\Boot.php(67): CodeIgniter\Boot::runCodeIgniter(Object(CodeIgniter\CodeIgniter))
 7 FCPATH\index.php(56): CodeIgniter\Boot::bootWeb(Object(Config\Paths))
ERROR - 2025-11-13 15:57:23 --> Email: Unable to send email using SMTP. Your server might not be configured to send mail using this method.
ERROR - 2025-11-13 15:57:23 --> 220 smtp.gmail.com ESMTP d2e1a72fcca58-7b927d1d128sm1846927b3a.73 - gsmtp

hello: 250-smtp.gmail.com at your service, [103.38.15.23]
250-SIZE 35882577
250-8BITMIME
250-AUTH LOGIN PLAIN XOAUTH2 PLAIN-CLIENTTOKEN OAUTHBEARER XOAUTH
250-ENHANCEDSTATUSCODES
250-PIPELINING
250-CHUNKING
250 SMTPUTF8

Failed to authenticate password. Error: 535-5.7.8 Username and Password not accepted. For more information, go to
535 5.7.8  https://support.google.com/mail/?p=BadCredentials d2e1a72fcca58-7b927d1d128sm1846927b3a.73 - gsmtp

ERROR - 2025-11-13 16:24:40 --> Email: Unable to send email using SMTP. Your server might not be configured to send mail using this method.
ERROR - 2025-11-13 16:24:40 --> 220 smtp.gmail.com ESMTP 98e67ed59e1d1-343e06fcefasm5701947a91.4 - gsmtp

hello: 250-smtp.gmail.com at your service, [103.38.15.23]
250-SIZE 35882577
250-8BITMIME
250-AUTH LOGIN PLAIN XOAUTH2 PLAIN-CLIENTTOKEN OAUTHBEARER XOAUTH
250-ENHANCEDSTATUSCODES
250-PIPELINING
250-CHUNKING
250 SMTPUTF8

Failed to authenticate password. Error: 535-5.7.8 Username and Password not accepted. For more information, go to
535 5.7.8  https://support.google.com/mail/?p=BadCredentials 98e67ed59e1d1-343e06fcefasm5701947a91.4 - gsmtp

