CRITICAL - 2025-11-30 06:12:51 --> ErrorException: Undefined array key 0
[Method: POST, Route: Enquiry/ajax_get_itineraries]
in APPPATH\Controllers\Enquiry.php on line 10424.
 1 APPPATH\Controllers\Enquiry.php(10424): CodeIgniter\Debug\Exceptions->errorHandler(2, 'Undefined array key 0', 'C:\\wamp64\\www\\khm\\app\\Controllers\\Enquiry.php', 10424)
 2 SYSTEMPATH\CodeIgniter.php(933): App\Controllers\Enquiry->ajax_get_itineraries()
 3 SYSTEMPATH\CodeIgniter.php(509): CodeIgniter\CodeIgniter->runController(Object(App\Controllers\Enquiry))
 4 SYSTEMPATH\CodeIgniter.php(355): CodeIgniter\CodeIgniter->handleRequest(null, Object(Config\Cache), false)
 5 SYSTEMPATH\Boot.php(334): CodeIgniter\CodeIgniter->run()
 6 SYSTEMPATH\Boot.php(67): CodeIgniter\Boot::runCodeIgniter(Object(CodeIgniter\CodeIgniter))
 7 FCPATH\index.php(56): CodeIgniter\Boot::bootWeb(Object(Config\Paths))
CRITICAL - 2025-11-30 06:15:56 --> ErrorException: Undefined array key 0
[Method: POST, Route: Enquiry/ajax_get_itineraries]
in APPPATH\Controllers\Enquiry.php on line 10424.
 1 APPPATH\Controllers\Enquiry.php(10424): CodeIgniter\Debug\Exceptions->errorHandler(2, 'Undefined array key 0', 'C:\\wamp64\\www\\khm\\app\\Controllers\\Enquiry.php', 10424)
 2 SYSTEMPATH\CodeIgniter.php(933): App\Controllers\Enquiry->ajax_get_itineraries()
 3 SYSTEMPATH\CodeIgniter.php(509): CodeIgniter\CodeIgniter->runController(Object(App\Controllers\Enquiry))
 4 SYSTEMPATH\CodeIgniter.php(355): CodeIgniter\CodeIgniter->handleRequest(null, Object(Config\Cache), false)
 5 SYSTEMPATH\Boot.php(334): CodeIgniter\CodeIgniter->run()
 6 SYSTEMPATH\Boot.php(67): CodeIgniter\Boot::runCodeIgniter(Object(CodeIgniter\CodeIgniter))
 7 FCPATH\index.php(56): CodeIgniter\Boot::bootWeb(Object(Config\Paths))
CRITICAL - 2025-11-30 06:32:11 --> ErrorException: Undefined array key 0
[Method: POST, Route: Enquiry/ajax_get_itineraries]
in APPPATH\Controllers\Enquiry.php on line 10424.
 1 APPPATH\Controllers\Enquiry.php(10424): CodeIgniter\Debug\Exceptions->errorHandler(2, 'Undefined array key 0', 'C:\\wamp64\\www\\khm\\app\\Controllers\\Enquiry.php', 10424)
 2 SYSTEMPATH\CodeIgniter.php(933): App\Controllers\Enquiry->ajax_get_itineraries()
 3 SYSTEMPATH\CodeIgniter.php(509): CodeIgniter\CodeIgniter->runController(Object(App\Controllers\Enquiry))
 4 SYSTEMPATH\CodeIgniter.php(355): CodeIgniter\CodeIgniter->handleRequest(null, Object(Config\Cache), false)
 5 SYSTEMPATH\Boot.php(334): CodeIgniter\CodeIgniter->run()
 6 SYSTEMPATH\Boot.php(67): CodeIgniter\Boot::runCodeIgniter(Object(CodeIgniter\CodeIgniter))
 7 FCPATH\index.php(56): CodeIgniter\Boot::bootWeb(Object(Config\Paths))
CRITICAL - 2025-11-30 07:06:06 --> ErrorException: Undefined array key 0
[Method: POST, Route: Enquiry/ajax_get_itineraries]
in APPPATH\Controllers\Enquiry.php on line 10424.
 1 APPPATH\Controllers\Enquiry.php(10424): CodeIgniter\Debug\Exceptions->errorHandler(2, 'Undefined array key 0', 'C:\\wamp64\\www\\khm\\app\\Controllers\\Enquiry.php', 10424)
 2 SYSTEMPATH\CodeIgniter.php(933): App\Controllers\Enquiry->ajax_get_itineraries()
 3 SYSTEMPATH\CodeIgniter.php(509): CodeIgniter\CodeIgniter->runController(Object(App\Controllers\Enquiry))
 4 SYSTEMPATH\CodeIgniter.php(355): CodeIgniter\CodeIgniter->handleRequest(null, Object(Config\Cache), false)
 5 SYSTEMPATH\Boot.php(334): CodeIgniter\CodeIgniter->run()
 6 SYSTEMPATH\Boot.php(67): CodeIgniter\Boot::runCodeIgniter(Object(CodeIgniter\CodeIgniter))
 7 FCPATH\index.php(56): CodeIgniter\Boot::bootWeb(Object(Config\Paths))
CRITICAL - 2025-11-30 07:27:37 --> ErrorException: Undefined array key 0
[Method: POST, Route: Enquiry/ajax_get_itineraries]
in APPPATH\Controllers\Enquiry.php on line 10424.
 1 APPPATH\Controllers\Enquiry.php(10424): CodeIgniter\Debug\Exceptions->errorHandler(2, 'Undefined array key 0', 'C:\\wamp64\\www\\khm\\app\\Controllers\\Enquiry.php', 10424)
 2 SYSTEMPATH\CodeIgniter.php(933): App\Controllers\Enquiry->ajax_get_itineraries()
 3 SYSTEMPATH\CodeIgniter.php(509): CodeIgniter\CodeIgniter->runController(Object(App\Controllers\Enquiry))
 4 SYSTEMPATH\CodeIgniter.php(355): CodeIgniter\CodeIgniter->handleRequest(null, Object(Config\Cache), false)
 5 SYSTEMPATH\Boot.php(334): CodeIgniter\CodeIgniter->run()
 6 SYSTEMPATH\Boot.php(67): CodeIgniter\Boot::runCodeIgniter(Object(CodeIgniter\CodeIgniter))
 7 FCPATH\index.php(56): CodeIgniter\Boot::bootWeb(Object(Config\Paths))
CRITICAL - 2025-11-30 07:30:45 --> ErrorException: Undefined array key 0
[Method: POST, Route: Enquiry/ajax_get_itineraries]
in APPPATH\Controllers\Enquiry.php on line 10424.
 1 APPPATH\Controllers\Enquiry.php(10424): CodeIgniter\Debug\Exceptions->errorHandler(2, 'Undefined array key 0', 'C:\\wamp64\\www\\khm\\app\\Controllers\\Enquiry.php', 10424)
 2 SYSTEMPATH\CodeIgniter.php(933): App\Controllers\Enquiry->ajax_get_itineraries()
 3 SYSTEMPATH\CodeIgniter.php(509): CodeIgniter\CodeIgniter->runController(Object(App\Controllers\Enquiry))
 4 SYSTEMPATH\CodeIgniter.php(355): CodeIgniter\CodeIgniter->handleRequest(null, Object(Config\Cache), false)
 5 SYSTEMPATH\Boot.php(334): CodeIgniter\CodeIgniter->run()
 6 SYSTEMPATH\Boot.php(67): CodeIgniter\Boot::runCodeIgniter(Object(CodeIgniter\CodeIgniter))
 7 FCPATH\index.php(56): CodeIgniter\Boot::bootWeb(Object(Config\Paths))
CRITICAL - 2025-11-30 07:39:12 --> ErrorException: Undefined array key 0
[Method: POST, Route: Enquiry/ajax_get_itineraries]
in APPPATH\Controllers\Enquiry.php on line 10424.
 1 APPPATH\Controllers\Enquiry.php(10424): CodeIgniter\Debug\Exceptions->errorHandler(2, 'Undefined array key 0', 'C:\\wamp64\\www\\khm\\app\\Controllers\\Enquiry.php', 10424)
 2 SYSTEMPATH\CodeIgniter.php(933): App\Controllers\Enquiry->ajax_get_itineraries()
 3 SYSTEMPATH\CodeIgniter.php(509): CodeIgniter\CodeIgniter->runController(Object(App\Controllers\Enquiry))
 4 SYSTEMPATH\CodeIgniter.php(355): CodeIgniter\CodeIgniter->handleRequest(null, Object(Config\Cache), false)
 5 SYSTEMPATH\Boot.php(334): CodeIgniter\CodeIgniter->run()
 6 SYSTEMPATH\Boot.php(67): CodeIgniter\Boot::runCodeIgniter(Object(CodeIgniter\CodeIgniter))
 7 FCPATH\index.php(56): CodeIgniter\Boot::bootWeb(Object(Config\Paths))
CRITICAL - 2025-11-30 11:08:51 --> ParseError: syntax error, unexpected token "public"
[Method: GET, Route: Enquiry/itinerary/2816/0]
in APPPATH\Controllers\Enquiry.php on line 6734.
 1 SYSTEMPATH\Router\Router.php(563): CodeIgniter\Router\AutoRouter->getRoute('Enquiry/itinerary/2816/0', 'GET')
 2 SYSTEMPATH\Router\Router.php(228): CodeIgniter\Router\Router->autoRoute('Enquiry/itinerary/2816/0')
 3 SYSTEMPATH\CodeIgniter.php(834): CodeIgniter\Router\Router->handle('Enquiry/itinerary/2816/0')
 4 SYSTEMPATH\CodeIgniter.php(457): CodeIgniter\CodeIgniter->tryToRouteIt(Object(CodeIgniter\Router\RouteCollection))
 5 SYSTEMPATH\CodeIgniter.php(355): CodeIgniter\CodeIgniter->handleRequest(null, Object(Config\Cache), false)
 6 SYSTEMPATH\Boot.php(334): CodeIgniter\CodeIgniter->run()
 7 SYSTEMPATH\Boot.php(67): CodeIgniter\Boot::runCodeIgniter(Object(CodeIgniter\CodeIgniter))
 8 FCPATH\index.php(56): CodeIgniter\Boot::bootWeb(Object(Config\Paths))
CRITICAL - 2025-11-30 11:08:53 --> ParseError: syntax error, unexpected token "public"
[Method: GET, Route: Enquiry/itinerary/2816/0]
in APPPATH\Controllers\Enquiry.php on line 6734.
 1 SYSTEMPATH\Router\Router.php(563): CodeIgniter\Router\AutoRouter->getRoute('Enquiry/itinerary/2816/0', 'GET')
 2 SYSTEMPATH\Router\Router.php(228): CodeIgniter\Router\Router->autoRoute('Enquiry/itinerary/2816/0')
 3 SYSTEMPATH\CodeIgniter.php(834): CodeIgniter\Router\Router->handle('Enquiry/itinerary/2816/0')
 4 SYSTEMPATH\CodeIgniter.php(457): CodeIgniter\CodeIgniter->tryToRouteIt(Object(CodeIgniter\Router\RouteCollection))
 5 SYSTEMPATH\CodeIgniter.php(355): CodeIgniter\CodeIgniter->handleRequest(null, Object(Config\Cache), false)
 6 SYSTEMPATH\Boot.php(334): CodeIgniter\CodeIgniter->run()
 7 SYSTEMPATH\Boot.php(67): CodeIgniter\Boot::runCodeIgniter(Object(CodeIgniter\CodeIgniter))
 8 FCPATH\index.php(56): CodeIgniter\Boot::bootWeb(Object(Config\Paths))
CRITICAL - 2025-11-30 11:09:31 --> ParseError: syntax error, unexpected token "else"
[Method: GET, Route: Enquiry/itinerary/2816/0]
in APPPATH\Controllers\Enquiry.php on line 6728.
 1 SYSTEMPATH\Router\Router.php(563): CodeIgniter\Router\AutoRouter->getRoute('Enquiry/itinerary/2816/0', 'GET')
 2 SYSTEMPATH\Router\Router.php(228): CodeIgniter\Router\Router->autoRoute('Enquiry/itinerary/2816/0')
 3 SYSTEMPATH\CodeIgniter.php(834): CodeIgniter\Router\Router->handle('Enquiry/itinerary/2816/0')
 4 SYSTEMPATH\CodeIgniter.php(457): CodeIgniter\CodeIgniter->tryToRouteIt(Object(CodeIgniter\Router\RouteCollection))
 5 SYSTEMPATH\CodeIgniter.php(355): CodeIgniter\CodeIgniter->handleRequest(null, Object(Config\Cache), false)
 6 SYSTEMPATH\Boot.php(334): CodeIgniter\CodeIgniter->run()
 7 SYSTEMPATH\Boot.php(67): CodeIgniter\Boot::runCodeIgniter(Object(CodeIgniter\CodeIgniter))
 8 FCPATH\index.php(56): CodeIgniter\Boot::bootWeb(Object(Config\Paths))
CRITICAL - 2025-11-30 11:09:33 --> ParseError: syntax error, unexpected token "else"
[Method: GET, Route: Enquiry/itinerary/2816/0]
in APPPATH\Controllers\Enquiry.php on line 6728.
 1 SYSTEMPATH\Router\Router.php(563): CodeIgniter\Router\AutoRouter->getRoute('Enquiry/itinerary/2816/0', 'GET')
 2 SYSTEMPATH\Router\Router.php(228): CodeIgniter\Router\Router->autoRoute('Enquiry/itinerary/2816/0')
 3 SYSTEMPATH\CodeIgniter.php(834): CodeIgniter\Router\Router->handle('Enquiry/itinerary/2816/0')
 4 SYSTEMPATH\CodeIgniter.php(457): CodeIgniter\CodeIgniter->tryToRouteIt(Object(CodeIgniter\Router\RouteCollection))
 5 SYSTEMPATH\CodeIgniter.php(355): CodeIgniter\CodeIgniter->handleRequest(null, Object(Config\Cache), false)
 6 SYSTEMPATH\Boot.php(334): CodeIgniter\CodeIgniter->run()
 7 SYSTEMPATH\Boot.php(67): CodeIgniter\Boot::runCodeIgniter(Object(CodeIgniter\CodeIgniter))
 8 FCPATH\index.php(56): CodeIgniter\Boot::bootWeb(Object(Config\Paths))
ERROR - 2025-11-30 17:25:59 --> Email: Unable to send email using SMTP. Your server might not be configured to send mail using this method.
ERROR - 2025-11-30 17:25:59 --> 220 smtp.gmail.com ESMTP d2e1a72fcca58-7d150b684d7sm10348107b3a.7 - gsmtp

hello: 250-smtp.gmail.com at your service, [2409:40f3:18:1e66:8017:cc4c:5989:e34c]
250-SIZE 35882577
250-8BITMIME
250-AUTH LOGIN PLAIN XOAUTH2 PLAIN-CLIENTTOKEN OAUTHBEARER XOAUTH
250-ENHANCEDSTATUSCODES
250-PIPELINING
250-CHUNKING
250 SMTPUTF8

Failed to authenticate password. Error: 535-5.7.8 Username and Password not accepted. For more information, go to
535 5.7.8  https://support.google.com/mail/?p=BadCredentials d2e1a72fcca58-7d150b684d7sm10348107b3a.7 - gsmtp

CRITICAL - 2025-11-30 14:22:00 --> ParseError: syntax error, unexpected token "else"
[Method: GET, Route: Enquiry/itinerary/2817/0]
in APPPATH\Controllers\Enquiry.php on line 6776.
 1 SYSTEMPATH\Router\Router.php(563): CodeIgniter\Router\AutoRouter->getRoute('Enquiry/itinerary/2817/0', 'GET')
 2 SYSTEMPATH\Router\Router.php(228): CodeIgniter\Router\Router->autoRoute('Enquiry/itinerary/2817/0')
 3 SYSTEMPATH\CodeIgniter.php(834): CodeIgniter\Router\Router->handle('Enquiry/itinerary/2817/0')
 4 SYSTEMPATH\CodeIgniter.php(457): CodeIgniter\CodeIgniter->tryToRouteIt(Object(CodeIgniter\Router\RouteCollection))
 5 SYSTEMPATH\CodeIgniter.php(355): CodeIgniter\CodeIgniter->handleRequest(null, Object(Config\Cache), false)
 6 SYSTEMPATH\Boot.php(334): CodeIgniter\CodeIgniter->run()
 7 SYSTEMPATH\Boot.php(67): CodeIgniter\Boot::runCodeIgniter(Object(CodeIgniter\CodeIgniter))
 8 FCPATH\index.php(56): CodeIgniter\Boot::bootWeb(Object(Config\Paths))
DEBUG - 2025-11-30 15:40:43 --> Session: Class initialized using 'CodeIgniter\Session\Handlers\FileHandler' driver.
INFO - 2025-11-30 15:40:43 --> Day 1 (date 2026-02-06): No defaults loaded
INFO - 2025-11-30 15:40:43 --> Loaded default SS for Day 2 (date 2026-02-07): 1 items
INFO - 2025-11-30 15:40:43 --> Hardcoded Leisure SS auto-selected for Day 3 (date 2026-02-08, location 9)
INFO - 2025-11-30 15:40:43 --> Expansion date 2026-02-06: DB Total=123km, Saved SS=0km, Derived Base=123km (display base; JS adds current SS)
INFO - 2025-11-30 15:40:43 --> Expansion date 2026-02-06: DB Total=123km, Saved SS=0km, Derived Base=123km (display base; JS adds current SS)
INFO - 2025-11-30 15:40:43 --> Expansion date 2026-02-06: DB Total=123km, Saved SS=0km, Derived Base=123km (display base; JS adds current SS)
INFO - 2025-11-30 15:40:43 --> Expansion date 2026-02-06: DB Total=123km, Saved SS=0km, Derived Base=123km (display base; JS adds current SS)
INFO - 2025-11-30 15:40:43 --> Expansion date 2026-02-06: DB Total=123km, Saved SS=0km, Derived Base=123km (display base; JS adds current SS)
INFO - 2025-11-30 15:40:43 --> Expansion date 2026-02-06: DB Total=123km, Saved SS=0km, Derived Base=123km (display base; JS adds current SS)
INFO - 2025-11-30 15:40:43 --> Expansion date 2026-02-07: DB Total=456km, Saved SS=0km, Derived Base=456km (display base; JS adds current SS)
INFO - 2025-11-30 15:40:43 --> Expansion date 2026-02-07: DB Total=456km, Saved SS=0km, Derived Base=456km (display base; JS adds current SS)
INFO - 2025-11-30 15:40:43 --> Expansion date 2026-02-07: DB Total=456km, Saved SS=0km, Derived Base=456km (display base; JS adds current SS)
INFO - 2025-11-30 15:40:43 --> Expansion date 2026-02-07: DB Total=456km, Saved SS=0km, Derived Base=456km (display base; JS adds current SS)
INFO - 2025-11-30 15:40:43 --> Expansion date 2026-02-07: DB Total=456km, Saved SS=0km, Derived Base=456km (display base; JS adds current SS)
INFO - 2025-11-30 15:40:43 --> Expansion date 2026-02-07: DB Total=456km, Saved SS=0km, Derived Base=456km (display base; JS adds current SS)
INFO - 2025-11-30 15:40:43 --> Expansion date 2026-02-08: DB Total=234km, Saved SS=0km, Derived Base=234km (display base; JS adds current SS)
INFO - 2025-11-30 15:40:43 --> Expansion date 2026-02-08: DB Total=234km, Saved SS=0km, Derived Base=234km (display base; JS adds current SS)
INFO - 2025-11-30 15:40:43 --> Expansion date 2026-02-08: DB Total=234km, Saved SS=0km, Derived Base=234km (display base; JS adds current SS)
INFO - 2025-11-30 15:40:43 --> Expansion date 2026-02-08: DB Total=234km, Saved SS=0km, Derived Base=234km (display base; JS adds current SS)
INFO - 2025-11-30 15:40:43 --> Expansion date 2026-02-08: DB Total=234km, Saved SS=0km, Derived Base=234km (display base; JS adds current SS)
INFO - 2025-11-30 15:40:43 --> Expansion date 2026-02-08: DB Total=234km, Saved SS=0km, Derived Base=234km (display base; JS adds current SS)
DEBUG - 2025-11-30 15:42:35 --> Session: Class initialized using 'CodeIgniter\Session\Handlers\FileHandler' driver.
INFO - 2025-11-30 15:42:35 --> Day 1 (date 2026-02-06): No defaults loaded
INFO - 2025-11-30 15:42:35 --> Loaded default SS for Day 2 (date 2026-02-07): 1 items
INFO - 2025-11-30 15:42:35 --> Hardcoded Leisure SS auto-selected for Day 3 (date 2026-02-08, location 9)
INFO - 2025-11-30 15:42:35 --> Expansion date 2026-02-06 (source: tour_expansion): DB Total=123km, Saved SS=0km, Derived Base=123km (display base; JS adds current SS)
INFO - 2025-11-30 15:42:35 --> Expansion date 2026-02-06 (source: tour_expansion): DB Total=123km, Saved SS=0km, Derived Base=123km (display base; JS adds current SS)
INFO - 2025-11-30 15:42:35 --> Expansion date 2026-02-06 (source: tour_expansion): DB Total=123km, Saved SS=0km, Derived Base=123km (display base; JS adds current SS)
INFO - 2025-11-30 15:42:35 --> Expansion date 2026-02-06 (source: tour_expansion): DB Total=123km, Saved SS=0km, Derived Base=123km (display base; JS adds current SS)
INFO - 2025-11-30 15:42:35 --> Expansion date 2026-02-06 (source: tour_expansion): DB Total=123km, Saved SS=0km, Derived Base=123km (display base; JS adds current SS)
INFO - 2025-11-30 15:42:35 --> Expansion date 2026-02-06 (source: tour_expansion): DB Total=123km, Saved SS=0km, Derived Base=123km (display base; JS adds current SS)
INFO - 2025-11-30 15:42:35 --> Expansion date 2026-02-07 (source: tour_expansion): DB Total=456km, Saved SS=0km, Derived Base=456km (display base; JS adds current SS)
INFO - 2025-11-30 15:42:35 --> Expansion date 2026-02-07 (source: tour_expansion): DB Total=456km, Saved SS=0km, Derived Base=456km (display base; JS adds current SS)
INFO - 2025-11-30 15:42:35 --> Expansion date 2026-02-07 (source: tour_expansion): DB Total=456km, Saved SS=0km, Derived Base=456km (display base; JS adds current SS)
INFO - 2025-11-30 15:42:35 --> Expansion date 2026-02-07 (source: tour_expansion): DB Total=456km, Saved SS=0km, Derived Base=456km (display base; JS adds current SS)
INFO - 2025-11-30 15:42:35 --> Expansion date 2026-02-07 (source: tour_expansion): DB Total=456km, Saved SS=0km, Derived Base=456km (display base; JS adds current SS)
INFO - 2025-11-30 15:42:35 --> Expansion date 2026-02-07 (source: tour_expansion): DB Total=456km, Saved SS=0km, Derived Base=456km (display base; JS adds current SS)
INFO - 2025-11-30 15:42:35 --> Expansion date 2026-02-08 (source: tour_expansion): DB Total=234km, Saved SS=0km, Derived Base=234km (display base; JS adds current SS)
INFO - 2025-11-30 15:42:35 --> Expansion date 2026-02-08 (source: tour_expansion): DB Total=234km, Saved SS=0km, Derived Base=234km (display base; JS adds current SS)
INFO - 2025-11-30 15:42:35 --> Expansion date 2026-02-08 (source: tour_expansion): DB Total=234km, Saved SS=0km, Derived Base=234km (display base; JS adds current SS)
INFO - 2025-11-30 15:42:35 --> Expansion date 2026-02-08 (source: tour_expansion): DB Total=234km, Saved SS=0km, Derived Base=234km (display base; JS adds current SS)
INFO - 2025-11-30 15:42:35 --> Expansion date 2026-02-08 (source: tour_expansion): DB Total=234km, Saved SS=0km, Derived Base=234km (display base; JS adds current SS)
INFO - 2025-11-30 15:42:35 --> Expansion date 2026-02-08 (source: tour_expansion): DB Total=234km, Saved SS=0km, Derived Base=234km (display base; JS adds current SS)
DEBUG - 2025-11-30 15:47:25 --> Session: Class initialized using 'CodeIgniter\Session\Handlers\FileHandler' driver.
INFO - 2025-11-30 15:47:25 --> Day 1 (date 2026-02-06): No defaults loaded
INFO - 2025-11-30 15:47:25 --> Loaded default SS for Day 2 (date 2026-02-07): 1 items
INFO - 2025-11-30 15:47:25 --> Hardcoded Leisure SS auto-selected for Day 3 (date 2026-02-08, location 9)
INFO - 2025-11-30 15:47:25 --> Expansion date 2026-02-06 (source: tour_expansion): DB Total=123km, Saved SS=0km, Derived Base=123km (display base; JS adds current SS)
INFO - 2025-11-30 15:47:25 --> Expansion date 2026-02-06 (source: tour_expansion): DB Total=123km, Saved SS=0km, Derived Base=123km (display base; JS adds current SS)
INFO - 2025-11-30 15:47:25 --> Expansion date 2026-02-06 (source: tour_expansion): DB Total=123km, Saved SS=0km, Derived Base=123km (display base; JS adds current SS)
INFO - 2025-11-30 15:47:25 --> Expansion date 2026-02-06 (source: tour_expansion): DB Total=123km, Saved SS=0km, Derived Base=123km (display base; JS adds current SS)
INFO - 2025-11-30 15:47:25 --> Expansion date 2026-02-06 (source: tour_expansion): DB Total=123km, Saved SS=0km, Derived Base=123km (display base; JS adds current SS)
INFO - 2025-11-30 15:47:25 --> Expansion date 2026-02-06 (source: tour_expansion): DB Total=123km, Saved SS=0km, Derived Base=123km (display base; JS adds current SS)
INFO - 2025-11-30 15:47:25 --> Expansion date 2026-02-07 (source: tour_expansion): DB Total=456km, Saved SS=0km, Derived Base=456km (display base; JS adds current SS)
INFO - 2025-11-30 15:47:25 --> Expansion date 2026-02-07 (source: tour_expansion): DB Total=456km, Saved SS=0km, Derived Base=456km (display base; JS adds current SS)
INFO - 2025-11-30 15:47:25 --> Expansion date 2026-02-07 (source: tour_expansion): DB Total=456km, Saved SS=0km, Derived Base=456km (display base; JS adds current SS)
INFO - 2025-11-30 15:47:25 --> Expansion date 2026-02-07 (source: tour_expansion): DB Total=456km, Saved SS=0km, Derived Base=456km (display base; JS adds current SS)
INFO - 2025-11-30 15:47:25 --> Expansion date 2026-02-07 (source: tour_expansion): DB Total=456km, Saved SS=0km, Derived Base=456km (display base; JS adds current SS)
INFO - 2025-11-30 15:47:25 --> Expansion date 2026-02-07 (source: tour_expansion): DB Total=456km, Saved SS=0km, Derived Base=456km (display base; JS adds current SS)
INFO - 2025-11-30 15:47:25 --> Expansion date 2026-02-08 (source: tour_expansion): DB Total=234km, Saved SS=0km, Derived Base=234km (display base; JS adds current SS)
INFO - 2025-11-30 15:47:25 --> Expansion date 2026-02-08 (source: tour_expansion): DB Total=234km, Saved SS=0km, Derived Base=234km (display base; JS adds current SS)
INFO - 2025-11-30 15:47:25 --> Expansion date 2026-02-08 (source: tour_expansion): DB Total=234km, Saved SS=0km, Derived Base=234km (display base; JS adds current SS)
INFO - 2025-11-30 15:47:25 --> Expansion date 2026-02-08 (source: tour_expansion): DB Total=234km, Saved SS=0km, Derived Base=234km (display base; JS adds current SS)
INFO - 2025-11-30 15:47:25 --> Expansion date 2026-02-08 (source: tour_expansion): DB Total=234km, Saved SS=0km, Derived Base=234km (display base; JS adds current SS)
INFO - 2025-11-30 15:47:25 --> Expansion date 2026-02-08 (source: tour_expansion): DB Total=234km, Saved SS=0km, Derived Base=234km (display base; JS adds current SS)
DEBUG - 2025-11-30 15:47:56 --> Session: Class initialized using 'CodeIgniter\Session\Handlers\FileHandler' driver.
INFO - 2025-11-30 15:47:56 --> Day 1 (date 2026-02-06): No defaults loaded
INFO - 2025-11-30 15:47:56 --> Loaded default SS for Day 2 (date 2026-02-07): 1 items
INFO - 2025-11-30 15:47:56 --> Hardcoded Leisure SS auto-selected for Day 3 (date 2026-02-08, location 9)
INFO - 2025-11-30 15:47:56 --> Expansion date 2026-02-06: DB Total=123km, Saved SS=0km, Derived Base=123km (display base; JS adds current SS)
INFO - 2025-11-30 15:47:56 --> Expansion date 2026-02-06: DB Total=123km, Saved SS=0km, Derived Base=123km (display base; JS adds current SS)
INFO - 2025-11-30 15:47:56 --> Expansion date 2026-02-06: DB Total=123km, Saved SS=0km, Derived Base=123km (display base; JS adds current SS)
INFO - 2025-11-30 15:47:56 --> Expansion date 2026-02-06: DB Total=123km, Saved SS=0km, Derived Base=123km (display base; JS adds current SS)
INFO - 2025-11-30 15:47:56 --> Expansion date 2026-02-06: DB Total=123km, Saved SS=0km, Derived Base=123km (display base; JS adds current SS)
INFO - 2025-11-30 15:47:56 --> Expansion date 2026-02-06: DB Total=123km, Saved SS=0km, Derived Base=123km (display base; JS adds current SS)
INFO - 2025-11-30 15:47:56 --> Expansion date 2026-02-07: DB Total=456km, Saved SS=0km, Derived Base=456km (display base; JS adds current SS)
INFO - 2025-11-30 15:47:56 --> Expansion date 2026-02-07: DB Total=456km, Saved SS=0km, Derived Base=456km (display base; JS adds current SS)
INFO - 2025-11-30 15:47:56 --> Expansion date 2026-02-07: DB Total=456km, Saved SS=0km, Derived Base=456km (display base; JS adds current SS)
INFO - 2025-11-30 15:47:56 --> Expansion date 2026-02-07: DB Total=456km, Saved SS=0km, Derived Base=456km (display base; JS adds current SS)
INFO - 2025-11-30 15:47:56 --> Expansion date 2026-02-07: DB Total=456km, Saved SS=0km, Derived Base=456km (display base; JS adds current SS)
INFO - 2025-11-30 15:47:56 --> Expansion date 2026-02-07: DB Total=456km, Saved SS=0km, Derived Base=456km (display base; JS adds current SS)
INFO - 2025-11-30 15:47:56 --> Expansion date 2026-02-08: DB Total=234km, Saved SS=0km, Derived Base=234km (display base; JS adds current SS)
INFO - 2025-11-30 15:47:56 --> Expansion date 2026-02-08: DB Total=234km, Saved SS=0km, Derived Base=234km (display base; JS adds current SS)
INFO - 2025-11-30 15:47:56 --> Expansion date 2026-02-08: DB Total=234km, Saved SS=0km, Derived Base=234km (display base; JS adds current SS)
INFO - 2025-11-30 15:47:56 --> Expansion date 2026-02-08: DB Total=234km, Saved SS=0km, Derived Base=234km (display base; JS adds current SS)
INFO - 2025-11-30 15:47:56 --> Expansion date 2026-02-08: DB Total=234km, Saved SS=0km, Derived Base=234km (display base; JS adds current SS)
INFO - 2025-11-30 15:47:56 --> Expansion date 2026-02-08: DB Total=234km, Saved SS=0km, Derived Base=234km (display base; JS adds current SS)
DEBUG - 2025-11-30 15:48:47 --> Session: Class initialized using 'CodeIgniter\Session\Handlers\FileHandler' driver.
DEBUG - 2025-11-30 15:48:49 --> Session: Class initialized using 'CodeIgniter\Session\Handlers\FileHandler' driver.
DEBUG - 2025-11-30 15:48:50 --> Session: Class initialized using 'CodeIgniter\Session\Handlers\FileHandler' driver.
DEBUG - 2025-11-30 15:48:50 --> Session: Class initialized using 'CodeIgniter\Session\Handlers\FileHandler' driver.
DEBUG - 2025-11-30 15:48:50 --> Session: Class initialized using 'CodeIgniter\Session\Handlers\FileHandler' driver.
DEBUG - 2025-11-30 15:48:51 --> Session: Class initialized using 'CodeIgniter\Session\Handlers\FileHandler' driver.
DEBUG - 2025-11-30 15:48:51 --> Session: Class initialized using 'CodeIgniter\Session\Handlers\FileHandler' driver.
DEBUG - 2025-11-30 15:48:53 --> Session: Class initialized using 'CodeIgniter\Session\Handlers\FileHandler' driver.
DEBUG - 2025-11-30 15:48:53 --> Session: Class initialized using 'CodeIgniter\Session\Handlers\FileHandler' driver.
DEBUG - 2025-11-30 15:48:54 --> Session: Class initialized using 'CodeIgniter\Session\Handlers\FileHandler' driver.
DEBUG - 2025-11-30 15:48:54 --> Session: Class initialized using 'CodeIgniter\Session\Handlers\FileHandler' driver.
DEBUG - 2025-11-30 15:48:55 --> Session: Class initialized using 'CodeIgniter\Session\Handlers\FileHandler' driver.
DEBUG - 2025-11-30 15:48:55 --> Session: Class initialized using 'CodeIgniter\Session\Handlers\FileHandler' driver.
DEBUG - 2025-11-30 15:48:55 --> Session: Class initialized using 'CodeIgniter\Session\Handlers\FileHandler' driver.
DEBUG - 2025-11-30 15:48:55 --> Session: Class initialized using 'CodeIgniter\Session\Handlers\FileHandler' driver.
DEBUG - 2025-11-30 15:48:56 --> Session: Class initialized using 'CodeIgniter\Session\Handlers\FileHandler' driver.
DEBUG - 2025-11-30 15:48:56 --> Session: Class initialized using 'CodeIgniter\Session\Handlers\FileHandler' driver.
DEBUG - 2025-11-30 15:48:56 --> Session: Class initialized using 'CodeIgniter\Session\Handlers\FileHandler' driver.
DEBUG - 2025-11-30 15:49:03 --> Session: Class initialized using 'CodeIgniter\Session\Handlers\FileHandler' driver.
DEBUG - 2025-11-30 15:49:06 --> Session: Class initialized using 'CodeIgniter\Session\Handlers\FileHandler' driver.
INFO - 2025-11-30 15:49:06 --> Day 1 (date 2026-02-06): No defaults loaded
INFO - 2025-11-30 15:49:06 --> Loaded default SS for Day 2 (date 2026-02-07): 1 items
INFO - 2025-11-30 15:49:06 --> Hardcoded Leisure SS auto-selected for Day 3 (date 2026-02-08, location 9)
INFO - 2025-11-30 15:49:06 --> Expansion date 2026-02-06: DB Total=123km, Saved SS=0km, Derived Base=123km (display base; JS adds current SS)
INFO - 2025-11-30 15:49:06 --> Expansion date 2026-02-06: DB Total=123km, Saved SS=0km, Derived Base=123km (display base; JS adds current SS)
INFO - 2025-11-30 15:49:06 --> Expansion date 2026-02-06: DB Total=123km, Saved SS=0km, Derived Base=123km (display base; JS adds current SS)
INFO - 2025-11-30 15:49:06 --> Expansion date 2026-02-06: DB Total=123km, Saved SS=0km, Derived Base=123km (display base; JS adds current SS)
INFO - 2025-11-30 15:49:06 --> Expansion date 2026-02-06: DB Total=123km, Saved SS=0km, Derived Base=123km (display base; JS adds current SS)
INFO - 2025-11-30 15:49:06 --> Expansion date 2026-02-06: DB Total=123km, Saved SS=0km, Derived Base=123km (display base; JS adds current SS)
INFO - 2025-11-30 15:49:06 --> Expansion date 2026-02-07: DB Total=456km, Saved SS=0km, Derived Base=456km (display base; JS adds current SS)
INFO - 2025-11-30 15:49:06 --> Expansion date 2026-02-07: DB Total=456km, Saved SS=0km, Derived Base=456km (display base; JS adds current SS)
INFO - 2025-11-30 15:49:06 --> Expansion date 2026-02-07: DB Total=456km, Saved SS=0km, Derived Base=456km (display base; JS adds current SS)
INFO - 2025-11-30 15:49:06 --> Expansion date 2026-02-07: DB Total=456km, Saved SS=0km, Derived Base=456km (display base; JS adds current SS)
INFO - 2025-11-30 15:49:06 --> Expansion date 2026-02-07: DB Total=456km, Saved SS=0km, Derived Base=456km (display base; JS adds current SS)
INFO - 2025-11-30 15:49:06 --> Expansion date 2026-02-07: DB Total=456km, Saved SS=0km, Derived Base=456km (display base; JS adds current SS)
INFO - 2025-11-30 15:49:06 --> Expansion date 2026-02-08: DB Total=234km, Saved SS=0km, Derived Base=234km (display base; JS adds current SS)
INFO - 2025-11-30 15:49:06 --> Expansion date 2026-02-08: DB Total=234km, Saved SS=0km, Derived Base=234km (display base; JS adds current SS)
INFO - 2025-11-30 15:49:06 --> Expansion date 2026-02-08: DB Total=234km, Saved SS=0km, Derived Base=234km (display base; JS adds current SS)
INFO - 2025-11-30 15:49:06 --> Expansion date 2026-02-08: DB Total=234km, Saved SS=0km, Derived Base=234km (display base; JS adds current SS)
INFO - 2025-11-30 15:49:06 --> Expansion date 2026-02-08: DB Total=234km, Saved SS=0km, Derived Base=234km (display base; JS adds current SS)
INFO - 2025-11-30 15:49:06 --> Expansion date 2026-02-08: DB Total=234km, Saved SS=0km, Derived Base=234km (display base; JS adds current SS)
DEBUG - 2025-11-30 15:49:45 --> Session: Class initialized using 'CodeIgniter\Session\Handlers\FileHandler' driver.
DEBUG - 2025-11-30 15:49:45 --> Session: Class initialized using 'CodeIgniter\Session\Handlers\FileHandler' driver.
INFO - 2025-11-30 15:49:45 --> Expansion date 2026-02-06: DB Total=123km, Saved SS=0km, Derived Base=123km (display base; JS adds current SS)
INFO - 2025-11-30 15:49:45 --> Expansion date 2026-02-06: DB Total=123km, Saved SS=0km, Derived Base=123km (display base; JS adds current SS)
INFO - 2025-11-30 15:49:45 --> Expansion date 2026-02-06: DB Total=123km, Saved SS=0km, Derived Base=123km (display base; JS adds current SS)
INFO - 2025-11-30 15:49:45 --> Expansion date 2026-02-06: DB Total=123km, Saved SS=0km, Derived Base=123km (display base; JS adds current SS)
INFO - 2025-11-30 15:49:45 --> Expansion date 2026-02-06: DB Total=123km, Saved SS=0km, Derived Base=123km (display base; JS adds current SS)
INFO - 2025-11-30 15:49:45 --> Expansion date 2026-02-06: DB Total=123km, Saved SS=0km, Derived Base=123km (display base; JS adds current SS)
INFO - 2025-11-30 15:49:45 --> Expansion date 2026-02-07: DB Total=456km, Saved SS=200km, Derived Base=256km (display base; JS adds current SS)
INFO - 2025-11-30 15:49:45 --> Expansion date 2026-02-07: DB Total=456km, Saved SS=200km, Derived Base=256km (display base; JS adds current SS)
INFO - 2025-11-30 15:49:45 --> Expansion date 2026-02-07: DB Total=456km, Saved SS=200km, Derived Base=256km (display base; JS adds current SS)
INFO - 2025-11-30 15:49:45 --> Expansion date 2026-02-07: DB Total=456km, Saved SS=200km, Derived Base=256km (display base; JS adds current SS)
INFO - 2025-11-30 15:49:45 --> Expansion date 2026-02-07: DB Total=456km, Saved SS=200km, Derived Base=256km (display base; JS adds current SS)
INFO - 2025-11-30 15:49:45 --> Expansion date 2026-02-07: DB Total=456km, Saved SS=200km, Derived Base=256km (display base; JS adds current SS)
INFO - 2025-11-30 15:49:45 --> Expansion date 2026-02-08: DB Total=234km, Saved SS=0km, Derived Base=234km (display base; JS adds current SS)
INFO - 2025-11-30 15:49:45 --> Expansion date 2026-02-08: DB Total=234km, Saved SS=0km, Derived Base=234km (display base; JS adds current SS)
INFO - 2025-11-30 15:49:45 --> Expansion date 2026-02-08: DB Total=234km, Saved SS=0km, Derived Base=234km (display base; JS adds current SS)
INFO - 2025-11-30 15:49:45 --> Expansion date 2026-02-08: DB Total=234km, Saved SS=0km, Derived Base=234km (display base; JS adds current SS)
INFO - 2025-11-30 15:49:45 --> Expansion date 2026-02-08: DB Total=234km, Saved SS=0km, Derived Base=234km (display base; JS adds current SS)
INFO - 2025-11-30 15:49:45 --> Expansion date 2026-02-08: DB Total=234km, Saved SS=0km, Derived Base=234km (display base; JS adds current SS)
INFO - 2025-11-30 15:49:45 --> Itinerary expansion date 2026-02-06: Derived Base=123km (no SS added)
INFO - 2025-11-30 15:49:45 --> Itinerary expansion date 2026-02-06: Derived Base=123km (no SS added)
INFO - 2025-11-30 15:49:45 --> Itinerary expansion date 2026-02-06: Derived Base=123km (no SS added)
INFO - 2025-11-30 15:49:45 --> Itinerary expansion date 2026-02-06: Derived Base=123km (no SS added)
INFO - 2025-11-30 15:49:45 --> Itinerary expansion date 2026-02-06: Derived Base=123km (no SS added)
INFO - 2025-11-30 15:49:45 --> Itinerary expansion date 2026-02-06: Derived Base=123km (no SS added)
INFO - 2025-11-30 15:49:45 --> Itinerary expansion date 2026-02-07: Derived Base=456km (no SS added)
INFO - 2025-11-30 15:49:45 --> Itinerary expansion date 2026-02-07: Derived Base=456km (no SS added)
INFO - 2025-11-30 15:49:45 --> Itinerary expansion date 2026-02-07: Derived Base=456km (no SS added)
INFO - 2025-11-30 15:49:45 --> Itinerary expansion date 2026-02-07: Derived Base=456km (no SS added)
INFO - 2025-11-30 15:49:45 --> Itinerary expansion date 2026-02-07: Derived Base=456km (no SS added)
INFO - 2025-11-30 15:49:45 --> Itinerary expansion date 2026-02-07: Derived Base=456km (no SS added)
INFO - 2025-11-30 15:49:45 --> Itinerary expansion date 2026-02-08: Derived Base=234km (no SS added)
INFO - 2025-11-30 15:49:45 --> Itinerary expansion date 2026-02-08: Derived Base=234km (no SS added)
INFO - 2025-11-30 15:49:45 --> Itinerary expansion date 2026-02-08: Derived Base=234km (no SS added)
INFO - 2025-11-30 15:49:45 --> Itinerary expansion date 2026-02-08: Derived Base=234km (no SS added)
INFO - 2025-11-30 15:49:45 --> Itinerary expansion date 2026-02-08: Derived Base=234km (no SS added)
INFO - 2025-11-30 15:49:45 --> Itinerary expansion date 2026-02-08: Derived Base=234km (no SS added)
DEBUG - 2025-11-30 15:50:03 --> Session: Class initialized using 'CodeIgniter\Session\Handlers\FileHandler' driver.
INFO - 2025-11-30 15:50:03 --> Expansion date 2026-02-06: DB Total=123km, Saved SS=0km, Derived Base=123km (display base; JS adds current SS)
INFO - 2025-11-30 15:50:03 --> Expansion date 2026-02-06: DB Total=123km, Saved SS=0km, Derived Base=123km (display base; JS adds current SS)
INFO - 2025-11-30 15:50:03 --> Expansion date 2026-02-06: DB Total=123km, Saved SS=0km, Derived Base=123km (display base; JS adds current SS)
INFO - 2025-11-30 15:50:03 --> Expansion date 2026-02-06: DB Total=123km, Saved SS=0km, Derived Base=123km (display base; JS adds current SS)
INFO - 2025-11-30 15:50:03 --> Expansion date 2026-02-06: DB Total=123km, Saved SS=0km, Derived Base=123km (display base; JS adds current SS)
INFO - 2025-11-30 15:50:03 --> Expansion date 2026-02-06: DB Total=123km, Saved SS=0km, Derived Base=123km (display base; JS adds current SS)
INFO - 2025-11-30 15:50:03 --> Expansion date 2026-02-07: DB Total=456km, Saved SS=200km, Derived Base=256km (display base; JS adds current SS)
INFO - 2025-11-30 15:50:03 --> Expansion date 2026-02-07: DB Total=456km, Saved SS=200km, Derived Base=256km (display base; JS adds current SS)
INFO - 2025-11-30 15:50:03 --> Expansion date 2026-02-07: DB Total=456km, Saved SS=200km, Derived Base=256km (display base; JS adds current SS)
INFO - 2025-11-30 15:50:03 --> Expansion date 2026-02-07: DB Total=456km, Saved SS=200km, Derived Base=256km (display base; JS adds current SS)
INFO - 2025-11-30 15:50:03 --> Expansion date 2026-02-07: DB Total=456km, Saved SS=200km, Derived Base=256km (display base; JS adds current SS)
INFO - 2025-11-30 15:50:03 --> Expansion date 2026-02-07: DB Total=456km, Saved SS=200km, Derived Base=256km (display base; JS adds current SS)
INFO - 2025-11-30 15:50:03 --> Expansion date 2026-02-08: DB Total=234km, Saved SS=0km, Derived Base=234km (display base; JS adds current SS)
INFO - 2025-11-30 15:50:03 --> Expansion date 2026-02-08: DB Total=234km, Saved SS=0km, Derived Base=234km (display base; JS adds current SS)
INFO - 2025-11-30 15:50:03 --> Expansion date 2026-02-08: DB Total=234km, Saved SS=0km, Derived Base=234km (display base; JS adds current SS)
INFO - 2025-11-30 15:50:03 --> Expansion date 2026-02-08: DB Total=234km, Saved SS=0km, Derived Base=234km (display base; JS adds current SS)
INFO - 2025-11-30 15:50:03 --> Expansion date 2026-02-08: DB Total=234km, Saved SS=0km, Derived Base=234km (display base; JS adds current SS)
INFO - 2025-11-30 15:50:03 --> Expansion date 2026-02-08: DB Total=234km, Saved SS=0km, Derived Base=234km (display base; JS adds current SS)
INFO - 2025-11-30 15:50:03 --> Itinerary expansion date 2026-02-06: Derived Base=123km (no SS added)
INFO - 2025-11-30 15:50:03 --> Itinerary expansion date 2026-02-06: Derived Base=123km (no SS added)
INFO - 2025-11-30 15:50:03 --> Itinerary expansion date 2026-02-06: Derived Base=123km (no SS added)
INFO - 2025-11-30 15:50:03 --> Itinerary expansion date 2026-02-06: Derived Base=123km (no SS added)
INFO - 2025-11-30 15:50:03 --> Itinerary expansion date 2026-02-06: Derived Base=123km (no SS added)
INFO - 2025-11-30 15:50:03 --> Itinerary expansion date 2026-02-06: Derived Base=123km (no SS added)
INFO - 2025-11-30 15:50:03 --> Itinerary expansion date 2026-02-07: Derived Base=456km (no SS added)
INFO - 2025-11-30 15:50:03 --> Itinerary expansion date 2026-02-07: Derived Base=456km (no SS added)
INFO - 2025-11-30 15:50:03 --> Itinerary expansion date 2026-02-07: Derived Base=456km (no SS added)
INFO - 2025-11-30 15:50:03 --> Itinerary expansion date 2026-02-07: Derived Base=456km (no SS added)
INFO - 2025-11-30 15:50:03 --> Itinerary expansion date 2026-02-07: Derived Base=456km (no SS added)
INFO - 2025-11-30 15:50:03 --> Itinerary expansion date 2026-02-07: Derived Base=456km (no SS added)
INFO - 2025-11-30 15:50:03 --> Itinerary expansion date 2026-02-08: Derived Base=234km (no SS added)
INFO - 2025-11-30 15:50:03 --> Itinerary expansion date 2026-02-08: Derived Base=234km (no SS added)
INFO - 2025-11-30 15:50:03 --> Itinerary expansion date 2026-02-08: Derived Base=234km (no SS added)
INFO - 2025-11-30 15:50:03 --> Itinerary expansion date 2026-02-08: Derived Base=234km (no SS added)
INFO - 2025-11-30 15:50:03 --> Itinerary expansion date 2026-02-08: Derived Base=234km (no SS added)
INFO - 2025-11-30 15:50:03 --> Itinerary expansion date 2026-02-08: Derived Base=234km (no SS added)
DEBUG - 2025-11-30 15:50:13 --> Session: Class initialized using 'CodeIgniter\Session\Handlers\FileHandler' driver.
DEBUG - 2025-11-30 15:50:15 --> Session: Class initialized using 'CodeIgniter\Session\Handlers\FileHandler' driver.
INFO - 2025-11-30 15:50:15 --> Expansion date 2026-02-06: DB Total=123km, Saved SS=0km, Derived Base=123km (display base; JS adds current SS)
INFO - 2025-11-30 15:50:15 --> Expansion date 2026-02-06: DB Total=123km, Saved SS=0km, Derived Base=123km (display base; JS adds current SS)
INFO - 2025-11-30 15:50:15 --> Expansion date 2026-02-06: DB Total=123km, Saved SS=0km, Derived Base=123km (display base; JS adds current SS)
INFO - 2025-11-30 15:50:15 --> Expansion date 2026-02-06: DB Total=123km, Saved SS=0km, Derived Base=123km (display base; JS adds current SS)
INFO - 2025-11-30 15:50:15 --> Expansion date 2026-02-06: DB Total=123km, Saved SS=0km, Derived Base=123km (display base; JS adds current SS)
INFO - 2025-11-30 15:50:15 --> Expansion date 2026-02-06: DB Total=123km, Saved SS=0km, Derived Base=123km (display base; JS adds current SS)
INFO - 2025-11-30 15:50:15 --> Expansion date 2026-02-07: DB Total=456km, Saved SS=200km, Derived Base=256km (display base; JS adds current SS)
INFO - 2025-11-30 15:50:15 --> Expansion date 2026-02-07: DB Total=456km, Saved SS=200km, Derived Base=256km (display base; JS adds current SS)
INFO - 2025-11-30 15:50:15 --> Expansion date 2026-02-07: DB Total=456km, Saved SS=200km, Derived Base=256km (display base; JS adds current SS)
INFO - 2025-11-30 15:50:15 --> Expansion date 2026-02-07: DB Total=456km, Saved SS=200km, Derived Base=256km (display base; JS adds current SS)
INFO - 2025-11-30 15:50:15 --> Expansion date 2026-02-07: DB Total=456km, Saved SS=200km, Derived Base=256km (display base; JS adds current SS)
INFO - 2025-11-30 15:50:15 --> Expansion date 2026-02-07: DB Total=456km, Saved SS=200km, Derived Base=256km (display base; JS adds current SS)
INFO - 2025-11-30 15:50:15 --> Expansion date 2026-02-08: DB Total=234km, Saved SS=0km, Derived Base=234km (display base; JS adds current SS)
INFO - 2025-11-30 15:50:15 --> Expansion date 2026-02-08: DB Total=234km, Saved SS=0km, Derived Base=234km (display base; JS adds current SS)
INFO - 2025-11-30 15:50:15 --> Expansion date 2026-02-08: DB Total=234km, Saved SS=0km, Derived Base=234km (display base; JS adds current SS)
INFO - 2025-11-30 15:50:15 --> Expansion date 2026-02-08: DB Total=234km, Saved SS=0km, Derived Base=234km (display base; JS adds current SS)
INFO - 2025-11-30 15:50:15 --> Expansion date 2026-02-08: DB Total=234km, Saved SS=0km, Derived Base=234km (display base; JS adds current SS)
INFO - 2025-11-30 15:50:15 --> Expansion date 2026-02-08: DB Total=234km, Saved SS=0km, Derived Base=234km (display base; JS adds current SS)
INFO - 2025-11-30 15:50:15 --> Itinerary expansion date 2026-02-06: Derived Base=123km (no SS added)
INFO - 2025-11-30 15:50:15 --> Itinerary expansion date 2026-02-06: Derived Base=123km (no SS added)
INFO - 2025-11-30 15:50:15 --> Itinerary expansion date 2026-02-06: Derived Base=123km (no SS added)
INFO - 2025-11-30 15:50:15 --> Itinerary expansion date 2026-02-06: Derived Base=123km (no SS added)
INFO - 2025-11-30 15:50:15 --> Itinerary expansion date 2026-02-06: Derived Base=123km (no SS added)
INFO - 2025-11-30 15:50:15 --> Itinerary expansion date 2026-02-06: Derived Base=123km (no SS added)
INFO - 2025-11-30 15:50:15 --> Itinerary expansion date 2026-02-07: Derived Base=456km (no SS added)
INFO - 2025-11-30 15:50:15 --> Itinerary expansion date 2026-02-07: Derived Base=456km (no SS added)
INFO - 2025-11-30 15:50:15 --> Itinerary expansion date 2026-02-07: Derived Base=456km (no SS added)
INFO - 2025-11-30 15:50:15 --> Itinerary expansion date 2026-02-07: Derived Base=456km (no SS added)
INFO - 2025-11-30 15:50:15 --> Itinerary expansion date 2026-02-07: Derived Base=456km (no SS added)
INFO - 2025-11-30 15:50:15 --> Itinerary expansion date 2026-02-07: Derived Base=456km (no SS added)
INFO - 2025-11-30 15:50:15 --> Itinerary expansion date 2026-02-08: Derived Base=234km (no SS added)
INFO - 2025-11-30 15:50:15 --> Itinerary expansion date 2026-02-08: Derived Base=234km (no SS added)
INFO - 2025-11-30 15:50:15 --> Itinerary expansion date 2026-02-08: Derived Base=234km (no SS added)
INFO - 2025-11-30 15:50:15 --> Itinerary expansion date 2026-02-08: Derived Base=234km (no SS added)
INFO - 2025-11-30 15:50:15 --> Itinerary expansion date 2026-02-08: Derived Base=234km (no SS added)
INFO - 2025-11-30 15:50:15 --> Itinerary expansion date 2026-02-08: Derived Base=234km (no SS added)
DEBUG - 2025-11-30 15:50:30 --> Session: Class initialized using 'CodeIgniter\Session\Handlers\FileHandler' driver.
DEBUG - 2025-11-30 15:50:30 --> Session: Class initialized using 'CodeIgniter\Session\Handlers\FileHandler' driver.
DEBUG - 2025-11-30 15:50:31 --> Session: Class initialized using 'CodeIgniter\Session\Handlers\FileHandler' driver.
DEBUG - 2025-11-30 15:50:31 --> Session: Class initialized using 'CodeIgniter\Session\Handlers\FileHandler' driver.
DEBUG - 2025-11-30 15:50:31 --> Session: Class initialized using 'CodeIgniter\Session\Handlers\FileHandler' driver.
