CRITICAL - 2025-11-15 13:55:34 --> ParseError: Unclosed '{' on line 938
[Method: GET, Route: Enquiry/itinerary/2798/0]
in APPPATH\Views\enquiry\itinerary_view.php on line 8366.
 1 SYSTEMPATH\View\View.php(237): CodeIgniter\View\View->CodeIgniter\View\{closure}()
 2 SYSTEMPATH\Common.php(1171): CodeIgniter\View\View->render('enquiry/itinerary_view', [], true)
 3 APPPATH\Controllers\Enquiry.php(5600): view('enquiry/itinerary_view', [...])
 4 SYSTEMPATH\CodeIgniter.php(933): App\Controllers\Enquiry->itinerary('2798', '0')
 5 SYSTEMPATH\CodeIgniter.php(509): CodeIgniter\CodeIgniter->runController(Object(App\Controllers\Enquiry))
 6 SYSTEMPATH\CodeIgniter.php(355): CodeIgniter\CodeIgniter->handleRequest(null, Object(Config\Cache), false)
 7 SYSTEMPATH\Boot.php(334): CodeIgniter\CodeIgniter->run()
 8 SYSTEMPATH\Boot.php(67): CodeIgniter\Boot::runCodeIgniter(Object(CodeIgniter\CodeIgniter))
 9 FCPATH\index.php(56): CodeIgniter\Boot::bootWeb(Object(Config\Paths))
CRITICAL - 2025-11-15 13:55:36 --> ParseError: Unclosed '{' on line 938
[Method: GET, Route: Enquiry/itinerary/2798/0]
in APPPATH\Views\enquiry\itinerary_view.php on line 8366.
 1 SYSTEMPATH\View\View.php(237): CodeIgniter\View\View->CodeIgniter\View\{closure}()
 2 SYSTEMPATH\Common.php(1171): CodeIgniter\View\View->render('enquiry/itinerary_view', [], true)
 3 APPPATH\Controllers\Enquiry.php(5600): view('enquiry/itinerary_view', [...])
 4 SYSTEMPATH\CodeIgniter.php(933): App\Controllers\Enquiry->itinerary('2798', '0')
 5 SYSTEMPATH\CodeIgniter.php(509): CodeIgniter\CodeIgniter->runController(Object(App\Controllers\Enquiry))
 6 SYSTEMPATH\CodeIgniter.php(355): CodeIgniter\CodeIgniter->handleRequest(null, Object(Config\Cache), false)
 7 SYSTEMPATH\Boot.php(334): CodeIgniter\CodeIgniter->run()
 8 SYSTEMPATH\Boot.php(67): CodeIgniter\Boot::runCodeIgniter(Object(CodeIgniter\CodeIgniter))
 9 FCPATH\index.php(56): CodeIgniter\Boot::bootWeb(Object(Config\Paths))
CRITICAL - 2025-11-15 16:26:12 --> ErrorException: Undefined variable $use_dynamic
[Method: GET, Route: Enquiry/itinerary/2796/0]
in APPPATH\Views\enquiry\itinerary_view.php on line 1419.
 1 APPPATH\Views\enquiry\itinerary_view.php(1419): CodeIgniter\Debug\Exceptions->errorHandler(2, 'Undefined variable $use_dynamic', 'C:\\wamp64\\www\\khm\\app\\Views\\enquiry\\itinerary_view.php', 1419)
 2 SYSTEMPATH\View\View.php(234): include('C:\\wamp64\\www\\khm\\app\\Views\\enquiry\\itinerary_view.php')
 3 SYSTEMPATH\View\View.php(237): CodeIgniter\View\View->CodeIgniter\View\{closure}()
 4 SYSTEMPATH\Common.php(1171): CodeIgniter\View\View->render('enquiry/itinerary_view', [], true)
 5 APPPATH\Controllers\Enquiry.php(5600): view('enquiry/itinerary_view', [...])
 6 SYSTEMPATH\CodeIgniter.php(933): App\Controllers\Enquiry->itinerary('2796', '0')
 7 SYSTEMPATH\CodeIgniter.php(509): CodeIgniter\CodeIgniter->runController(Object(App\Controllers\Enquiry))
 8 SYSTEMPATH\CodeIgniter.php(355): CodeIgniter\CodeIgniter->handleRequest(null, Object(Config\Cache), false)
 9 SYSTEMPATH\Boot.php(334): CodeIgniter\CodeIgniter->run()
10 SYSTEMPATH\Boot.php(67): CodeIgniter\Boot::runCodeIgniter(Object(CodeIgniter\CodeIgniter))
11 FCPATH\index.php(56): CodeIgniter\Boot::bootWeb(Object(Config\Paths))
CRITICAL - 2025-11-15 16:32:42 --> ParseError: Unclosed '{' on line 1375
[Method: GET, Route: Enquiry/itinerary/2796/0]
in APPPATH\Views\enquiry\itinerary_view.php on line 8095.
 1 SYSTEMPATH\View\View.php(237): CodeIgniter\View\View->CodeIgniter\View\{closure}()
 2 SYSTEMPATH\Common.php(1171): CodeIgniter\View\View->render('enquiry/itinerary_view', [], true)
 3 APPPATH\Controllers\Enquiry.php(5600): view('enquiry/itinerary_view', [...])
 4 SYSTEMPATH\CodeIgniter.php(933): App\Controllers\Enquiry->itinerary('2796', '0')
 5 SYSTEMPATH\CodeIgniter.php(509): CodeIgniter\CodeIgniter->runController(Object(App\Controllers\Enquiry))
 6 SYSTEMPATH\CodeIgniter.php(355): CodeIgniter\CodeIgniter->handleRequest(null, Object(Config\Cache), false)
 7 SYSTEMPATH\Boot.php(334): CodeIgniter\CodeIgniter->run()
 8 SYSTEMPATH\Boot.php(67): CodeIgniter\Boot::runCodeIgniter(Object(CodeIgniter\CodeIgniter))
 9 FCPATH\index.php(56): CodeIgniter\Boot::bootWeb(Object(Config\Paths))
CRITICAL - 2025-11-15 16:32:43 --> ParseError: Unclosed '{' on line 1375
[Method: GET, Route: Enquiry/itinerary/2796/0]
in APPPATH\Views\enquiry\itinerary_view.php on line 8095.
 1 SYSTEMPATH\View\View.php(237): CodeIgniter\View\View->CodeIgniter\View\{closure}()
 2 SYSTEMPATH\Common.php(1171): CodeIgniter\View\View->render('enquiry/itinerary_view', [], true)
 3 APPPATH\Controllers\Enquiry.php(5600): view('enquiry/itinerary_view', [...])
 4 SYSTEMPATH\CodeIgniter.php(933): App\Controllers\Enquiry->itinerary('2796', '0')
 5 SYSTEMPATH\CodeIgniter.php(509): CodeIgniter\CodeIgniter->runController(Object(App\Controllers\Enquiry))
 6 SYSTEMPATH\CodeIgniter.php(355): CodeIgniter\CodeIgniter->handleRequest(null, Object(Config\Cache), false)
 7 SYSTEMPATH\Boot.php(334): CodeIgniter\CodeIgniter->run()
 8 SYSTEMPATH\Boot.php(67): CodeIgniter\Boot::runCodeIgniter(Object(CodeIgniter\CodeIgniter))
 9 FCPATH\index.php(56): CodeIgniter\Boot::bootWeb(Object(Config\Paths))
ERROR - 2025-11-15 18:53:33 --> mysqli_sql_exception: You have an error in your SQL syntax; check the manual that corresponds to your MySQL server version for the right syntax to use near '\"\" 
AND r.object_id = 652' at line 3 in C:\wamp64\www\khm\system\Database\MySQLi\Connection.php:312
Stack trace:
#0 C:\wamp64\www\khm\system\Database\MySQLi\Connection.php(312): mysqli->query('SELECT a.tariff...', 0)
#1 C:\wamp64\www\khm\system\Database\BaseConnection.php(734): CodeIgniter\Database\MySQLi\Connection->execute('SELECT a.tariff...')
#2 C:\wamp64\www\khm\system\Database\BaseConnection.php(648): CodeIgniter\Database\BaseConnection->simpleQuery('SELECT a.tariff...')
#3 C:\wamp64\www\khm\app\Models\Enquiry_m.php(2717): CodeIgniter\Database\BaseConnection->query('SELECT a.tariff...')
#4 C:\wamp64\www\khm\app\Controllers\Enquiry.php(6843): App\Models\Enquiry_m->getTourTariffDetailsBasic(5, '\\"\\"', 2, '652', '3')
#5 C:\wamp64\www\khm\system\CodeIgniter.php(933): App\Controllers\Enquiry->getTourTariffDetailsbydate()
#6 C:\wamp64\www\khm\system\CodeIgniter.php(509): CodeIgniter\CodeIgniter->runController(Object(App\Controllers\Enquiry))
#7 C:\wamp64\www\khm\system\CodeIgniter.php(355): CodeIgniter\CodeIgniter->handleRequest(NULL, Object(Config\Cache), false)
#8 C:\wamp64\www\khm\system\Boot.php(334): CodeIgniter\CodeIgniter->run()
#9 C:\wamp64\www\khm\system\Boot.php(67): CodeIgniter\Boot::runCodeIgniter(Object(CodeIgniter\CodeIgniter))
#10 C:\wamp64\www\khm\public\index.php(56): CodeIgniter\Boot::bootWeb(Object(Config\Paths))
#11 {main}
CRITICAL - 2025-11-15 18:53:33 --> CodeIgniter\Database\Exceptions\DatabaseException: You have an error in your SQL syntax; check the manual that corresponds to your MySQL server version for the right syntax to use near '\"\" 
AND r.object_id = 652' at line 3
[Method: POST, Route: Enquiry/getTourTariffDetailsbydate]
in SYSTEMPATH\Database\BaseConnection.php on line 688.
 1 APPPATH\Models\Enquiry_m.php(2717): CodeIgniter\Database\BaseConnection->query('SELECT a.tariff FROM khm_obj_hotel_room_meal a
LEFT JOIN khm_obj_room r ON r.room_id = a.room_id 
WHERE r.room_type_id = 2 AND r.room_category_id = \\"\\" 
AND r.object_id = 652')
 2 APPPATH\Controllers\Enquiry.php(6843): App\Models\Enquiry_m->getTourTariffDetailsBasic(5, '\\"\\"', 2, '652', '3')
 3 SYSTEMPATH\CodeIgniter.php(933): App\Controllers\Enquiry->getTourTariffDetailsbydate()
 4 SYSTEMPATH\CodeIgniter.php(509): CodeIgniter\CodeIgniter->runController(Object(App\Controllers\Enquiry))
 5 SYSTEMPATH\CodeIgniter.php(355): CodeIgniter\CodeIgniter->handleRequest(null, Object(Config\Cache), false)
 6 SYSTEMPATH\Boot.php(334): CodeIgniter\CodeIgniter->run()
 7 SYSTEMPATH\Boot.php(67): CodeIgniter\Boot::runCodeIgniter(Object(CodeIgniter\CodeIgniter))
 8 FCPATH\index.php(56): CodeIgniter\Boot::bootWeb(Object(Config\Paths))
CRITICAL - 2025-11-15 18:53:33 --> [Caused by] CodeIgniter\Database\Exceptions\DatabaseException: You have an error in your SQL syntax; check the manual that corresponds to your MySQL server version for the right syntax to use near '\"\" 
AND r.object_id = 652' at line 3
in SYSTEMPATH\Database\MySQLi\Connection.php on line 317.
 1 SYSTEMPATH\Database\BaseConnection.php(734): CodeIgniter\Database\MySQLi\Connection->execute('SELECT a.tariff FROM khm_obj_hotel_room_meal a
LEFT JOIN khm_obj_room r ON r.room_id = a.room_id 
WHERE r.room_type_id = 2 AND r.room_category_id = \\"\\" 
AND r.object_id = 652')
 2 SYSTEMPATH\Database\BaseConnection.php(648): CodeIgniter\Database\BaseConnection->simpleQuery('SELECT a.tariff FROM khm_obj_hotel_room_meal a
LEFT JOIN khm_obj_room r ON r.room_id = a.room_id 
WHERE r.room_type_id = 2 AND r.room_category_id = \\"\\" 
AND r.object_id = 652')
 3 APPPATH\Models\Enquiry_m.php(2717): CodeIgniter\Database\BaseConnection->query('SELECT a.tariff FROM khm_obj_hotel_room_meal a
LEFT JOIN khm_obj_room r ON r.room_id = a.room_id 
WHERE r.room_type_id = 2 AND r.room_category_id = \\"\\" 
AND r.object_id = 652')
 4 APPPATH\Controllers\Enquiry.php(6843): App\Models\Enquiry_m->getTourTariffDetailsBasic(5, '\\"\\"', 2, '652', '3')
 5 SYSTEMPATH\CodeIgniter.php(933): App\Controllers\Enquiry->getTourTariffDetailsbydate()
 6 SYSTEMPATH\CodeIgniter.php(509): CodeIgniter\CodeIgniter->runController(Object(App\Controllers\Enquiry))
 7 SYSTEMPATH\CodeIgniter.php(355): CodeIgniter\CodeIgniter->handleRequest(null, Object(Config\Cache), false)
 8 SYSTEMPATH\Boot.php(334): CodeIgniter\CodeIgniter->run()
 9 SYSTEMPATH\Boot.php(67): CodeIgniter\Boot::runCodeIgniter(Object(CodeIgniter\CodeIgniter))
10 FCPATH\index.php(56): CodeIgniter\Boot::bootWeb(Object(Config\Paths))
CRITICAL - 2025-11-15 18:53:33 --> [Caused by] mysqli_sql_exception: You have an error in your SQL syntax; check the manual that corresponds to your MySQL server version for the right syntax to use near '\"\" 
AND r.object_id = 652' at line 3
in SYSTEMPATH\Database\MySQLi\Connection.php on line 312.
 1 SYSTEMPATH\Database\MySQLi\Connection.php(312): mysqli->query('SELECT a.tariff FROM khm_obj_hotel_room_meal a
LEFT JOIN khm_obj_room r ON r.room_id = a.room_id 
WHERE r.room_type_id = 2 AND r.room_category_id = \\"\\" 
AND r.object_id = 652', 0)
 2 SYSTEMPATH\Database\BaseConnection.php(734): CodeIgniter\Database\MySQLi\Connection->execute('SELECT a.tariff FROM khm_obj_hotel_room_meal a
LEFT JOIN khm_obj_room r ON r.room_id = a.room_id 
WHERE r.room_type_id = 2 AND r.room_category_id = \\"\\" 
AND r.object_id = 652')
 3 SYSTEMPATH\Database\BaseConnection.php(648): CodeIgniter\Database\BaseConnection->simpleQuery('SELECT a.tariff FROM khm_obj_hotel_room_meal a
LEFT JOIN khm_obj_room r ON r.room_id = a.room_id 
WHERE r.room_type_id = 2 AND r.room_category_id = \\"\\" 
AND r.object_id = 652')
 4 APPPATH\Models\Enquiry_m.php(2717): CodeIgniter\Database\BaseConnection->query('SELECT a.tariff FROM khm_obj_hotel_room_meal a
LEFT JOIN khm_obj_room r ON r.room_id = a.room_id 
WHERE r.room_type_id = 2 AND r.room_category_id = \\"\\" 
AND r.object_id = 652')
 5 APPPATH\Controllers\Enquiry.php(6843): App\Models\Enquiry_m->getTourTariffDetailsBasic(5, '\\"\\"', 2, '652', '3')
 6 SYSTEMPATH\CodeIgniter.php(933): App\Controllers\Enquiry->getTourTariffDetailsbydate()
 7 SYSTEMPATH\CodeIgniter.php(509): CodeIgniter\CodeIgniter->runController(Object(App\Controllers\Enquiry))
 8 SYSTEMPATH\CodeIgniter.php(355): CodeIgniter\CodeIgniter->handleRequest(null, Object(Config\Cache), false)
 9 SYSTEMPATH\Boot.php(334): CodeIgniter\CodeIgniter->run()
10 SYSTEMPATH\Boot.php(67): CodeIgniter\Boot::runCodeIgniter(Object(CodeIgniter\CodeIgniter))
11 FCPATH\index.php(56): CodeIgniter\Boot::bootWeb(Object(Config\Paths))
ERROR - 2025-11-15 18:53:35 --> mysqli_sql_exception: You have an error in your SQL syntax; check the manual that corresponds to your MySQL server version for the right syntax to use near '\"1671\" AND r.object_id = 1761 AND a.special_tariff_id = 1463 AND h.meal_plan_i' at line 1 in C:\wamp64\www\khm\system\Database\MySQLi\Connection.php:312
Stack trace:
#0 C:\wamp64\www\khm\system\Database\MySQLi\Connection.php(312): mysqli->query('SELECT a.tariff...', 0)
#1 C:\wamp64\www\khm\system\Database\BaseConnection.php(734): CodeIgniter\Database\MySQLi\Connection->execute('SELECT a.tariff...')
#2 C:\wamp64\www\khm\system\Database\BaseConnection.php(648): CodeIgniter\Database\BaseConnection->simpleQuery('SELECT a.tariff...')
#3 C:\wamp64\www\khm\app\Models\Enquiry_m.php(2698): CodeIgniter\Database\BaseConnection->query('SELECT a.tariff...')
#4 C:\wamp64\www\khm\app\Controllers\Enquiry.php(6810): App\Models\Enquiry_m->getTourTariffDetails(6, '\\"1671\\"', 2, '1463', '1761', '3')
#5 C:\wamp64\www\khm\system\CodeIgniter.php(933): App\Controllers\Enquiry->getTourTariffDetailsbydate()
#6 C:\wamp64\www\khm\system\CodeIgniter.php(509): CodeIgniter\CodeIgniter->runController(Object(App\Controllers\Enquiry))
#7 C:\wamp64\www\khm\system\CodeIgniter.php(355): CodeIgniter\CodeIgniter->handleRequest(NULL, Object(Config\Cache), false)
#8 C:\wamp64\www\khm\system\Boot.php(334): CodeIgniter\CodeIgniter->run()
#9 C:\wamp64\www\khm\system\Boot.php(67): CodeIgniter\Boot::runCodeIgniter(Object(CodeIgniter\CodeIgniter))
#10 C:\wamp64\www\khm\public\index.php(56): CodeIgniter\Boot::bootWeb(Object(Config\Paths))
#11 {main}
CRITICAL - 2025-11-15 18:53:35 --> CodeIgniter\Database\Exceptions\DatabaseException: You have an error in your SQL syntax; check the manual that corresponds to your MySQL server version for the right syntax to use near '\"1671\" AND r.object_id = 1761 AND a.special_tariff_id = 1463 AND h.meal_plan_i' at line 1
[Method: POST, Route: Enquiry/getTourTariffDetailsbydate]
in SYSTEMPATH\Database\BaseConnection.php on line 688.
 1 APPPATH\Models\Enquiry_m.php(2698): CodeIgniter\Database\BaseConnection->query('SELECT a.tariff FROM khm_obj_hotel_special_tariff a LEFT JOIN khm_obj_hotel_room_meal h ON h.hotel_room_meal_id = a.hotel_room_meal_id LEFT JOIN khm_obj_room r ON r.room_id = h.room_id WHERE r.room_type_id = 2 AND r.room_category_id = \\"1671\\" AND r.object_id = 1761 AND a.special_tariff_id = 1463 AND h.meal_plan_id = 3')
 2 APPPATH\Controllers\Enquiry.php(6810): App\Models\Enquiry_m->getTourTariffDetails(6, '\\"1671\\"', 2, '1463', '1761', '3')
 3 SYSTEMPATH\CodeIgniter.php(933): App\Controllers\Enquiry->getTourTariffDetailsbydate()
 4 SYSTEMPATH\CodeIgniter.php(509): CodeIgniter\CodeIgniter->runController(Object(App\Controllers\Enquiry))
 5 SYSTEMPATH\CodeIgniter.php(355): CodeIgniter\CodeIgniter->handleRequest(null, Object(Config\Cache), false)
 6 SYSTEMPATH\Boot.php(334): CodeIgniter\CodeIgniter->run()
 7 SYSTEMPATH\Boot.php(67): CodeIgniter\Boot::runCodeIgniter(Object(CodeIgniter\CodeIgniter))
 8 FCPATH\index.php(56): CodeIgniter\Boot::bootWeb(Object(Config\Paths))
CRITICAL - 2025-11-15 18:53:35 --> [Caused by] CodeIgniter\Database\Exceptions\DatabaseException: You have an error in your SQL syntax; check the manual that corresponds to your MySQL server version for the right syntax to use near '\"1671\" AND r.object_id = 1761 AND a.special_tariff_id = 1463 AND h.meal_plan_i' at line 1
in SYSTEMPATH\Database\MySQLi\Connection.php on line 317.
 1 SYSTEMPATH\Database\BaseConnection.php(734): CodeIgniter\Database\MySQLi\Connection->execute('SELECT a.tariff FROM khm_obj_hotel_special_tariff a LEFT JOIN khm_obj_hotel_room_meal h ON h.hotel_room_meal_id = a.hotel_room_meal_id LEFT JOIN khm_obj_room r ON r.room_id = h.room_id WHERE r.room_type_id = 2 AND r.room_category_id = \\"1671\\" AND r.object_id = 1761 AND a.special_tariff_id = 1463 AND h.meal_plan_id = 3')
 2 SYSTEMPATH\Database\BaseConnection.php(648): CodeIgniter\Database\BaseConnection->simpleQuery('SELECT a.tariff FROM khm_obj_hotel_special_tariff a LEFT JOIN khm_obj_hotel_room_meal h ON h.hotel_room_meal_id = a.hotel_room_meal_id LEFT JOIN khm_obj_room r ON r.room_id = h.room_id WHERE r.room_type_id = 2 AND r.room_category_id = \\"1671\\" AND r.object_id = 1761 AND a.special_tariff_id = 1463 AND h.meal_plan_id = 3')
 3 APPPATH\Models\Enquiry_m.php(2698): CodeIgniter\Database\BaseConnection->query('SELECT a.tariff FROM khm_obj_hotel_special_tariff a LEFT JOIN khm_obj_hotel_room_meal h ON h.hotel_room_meal_id = a.hotel_room_meal_id LEFT JOIN khm_obj_room r ON r.room_id = h.room_id WHERE r.room_type_id = 2 AND r.room_category_id = \\"1671\\" AND r.object_id = 1761 AND a.special_tariff_id = 1463 AND h.meal_plan_id = 3')
 4 APPPATH\Controllers\Enquiry.php(6810): App\Models\Enquiry_m->getTourTariffDetails(6, '\\"1671\\"', 2, '1463', '1761', '3')
 5 SYSTEMPATH\CodeIgniter.php(933): App\Controllers\Enquiry->getTourTariffDetailsbydate()
 6 SYSTEMPATH\CodeIgniter.php(509): CodeIgniter\CodeIgniter->runController(Object(App\Controllers\Enquiry))
 7 SYSTEMPATH\CodeIgniter.php(355): CodeIgniter\CodeIgniter->handleRequest(null, Object(Config\Cache), false)
 8 SYSTEMPATH\Boot.php(334): CodeIgniter\CodeIgniter->run()
 9 SYSTEMPATH\Boot.php(67): CodeIgniter\Boot::runCodeIgniter(Object(CodeIgniter\CodeIgniter))
10 FCPATH\index.php(56): CodeIgniter\Boot::bootWeb(Object(Config\Paths))
CRITICAL - 2025-11-15 18:53:35 --> [Caused by] mysqli_sql_exception: You have an error in your SQL syntax; check the manual that corresponds to your MySQL server version for the right syntax to use near '\"1671\" AND r.object_id = 1761 AND a.special_tariff_id = 1463 AND h.meal_plan_i' at line 1
in SYSTEMPATH\Database\MySQLi\Connection.php on line 312.
 1 SYSTEMPATH\Database\MySQLi\Connection.php(312): mysqli->query('SELECT a.tariff FROM khm_obj_hotel_special_tariff a LEFT JOIN khm_obj_hotel_room_meal h ON h.hotel_room_meal_id = a.hotel_room_meal_id LEFT JOIN khm_obj_room r ON r.room_id = h.room_id WHERE r.room_type_id = 2 AND r.room_category_id = \\"1671\\" AND r.object_id = 1761 AND a.special_tariff_id = 1463 AND h.meal_plan_id = 3', 0)
 2 SYSTEMPATH\Database\BaseConnection.php(734): CodeIgniter\Database\MySQLi\Connection->execute('SELECT a.tariff FROM khm_obj_hotel_special_tariff a LEFT JOIN khm_obj_hotel_room_meal h ON h.hotel_room_meal_id = a.hotel_room_meal_id LEFT JOIN khm_obj_room r ON r.room_id = h.room_id WHERE r.room_type_id = 2 AND r.room_category_id = \\"1671\\" AND r.object_id = 1761 AND a.special_tariff_id = 1463 AND h.meal_plan_id = 3')
 3 SYSTEMPATH\Database\BaseConnection.php(648): CodeIgniter\Database\BaseConnection->simpleQuery('SELECT a.tariff FROM khm_obj_hotel_special_tariff a LEFT JOIN khm_obj_hotel_room_meal h ON h.hotel_room_meal_id = a.hotel_room_meal_id LEFT JOIN khm_obj_room r ON r.room_id = h.room_id WHERE r.room_type_id = 2 AND r.room_category_id = \\"1671\\" AND r.object_id = 1761 AND a.special_tariff_id = 1463 AND h.meal_plan_id = 3')
 4 APPPATH\Models\Enquiry_m.php(2698): CodeIgniter\Database\BaseConnection->query('SELECT a.tariff FROM khm_obj_hotel_special_tariff a LEFT JOIN khm_obj_hotel_room_meal h ON h.hotel_room_meal_id = a.hotel_room_meal_id LEFT JOIN khm_obj_room r ON r.room_id = h.room_id WHERE r.room_type_id = 2 AND r.room_category_id = \\"1671\\" AND r.object_id = 1761 AND a.special_tariff_id = 1463 AND h.meal_plan_id = 3')
 5 APPPATH\Controllers\Enquiry.php(6810): App\Models\Enquiry_m->getTourTariffDetails(6, '\\"1671\\"', 2, '1463', '1761', '3')
 6 SYSTEMPATH\CodeIgniter.php(933): App\Controllers\Enquiry->getTourTariffDetailsbydate()
 7 SYSTEMPATH\CodeIgniter.php(509): CodeIgniter\CodeIgniter->runController(Object(App\Controllers\Enquiry))
 8 SYSTEMPATH\CodeIgniter.php(355): CodeIgniter\CodeIgniter->handleRequest(null, Object(Config\Cache), false)
 9 SYSTEMPATH\Boot.php(334): CodeIgniter\CodeIgniter->run()
10 SYSTEMPATH\Boot.php(67): CodeIgniter\Boot::runCodeIgniter(Object(CodeIgniter\CodeIgniter))
11 FCPATH\index.php(56): CodeIgniter\Boot::bootWeb(Object(Config\Paths))
ERROR - 2025-11-15 18:53:36 --> mysqli_sql_exception: You have an error in your SQL syntax; check the manual that corresponds to your MySQL server version for the right syntax to use near '\"2239\" AND r.object_id = 1761 AND a.special_tariff_id = 1463 AND h.meal_plan_i' at line 1 in C:\wamp64\www\khm\system\Database\MySQLi\Connection.php:312
Stack trace:
#0 C:\wamp64\www\khm\system\Database\MySQLi\Connection.php(312): mysqli->query('SELECT a.tariff...', 0)
#1 C:\wamp64\www\khm\system\Database\BaseConnection.php(734): CodeIgniter\Database\MySQLi\Connection->execute('SELECT a.tariff...')
#2 C:\wamp64\www\khm\system\Database\BaseConnection.php(648): CodeIgniter\Database\BaseConnection->simpleQuery('SELECT a.tariff...')
#3 C:\wamp64\www\khm\app\Models\Enquiry_m.php(2698): CodeIgniter\Database\BaseConnection->query('SELECT a.tariff...')
#4 C:\wamp64\www\khm\app\Controllers\Enquiry.php(6810): App\Models\Enquiry_m->getTourTariffDetails(6, '\\"2239\\"', 2, '1463', '1761', '3')
#5 C:\wamp64\www\khm\system\CodeIgniter.php(933): App\Controllers\Enquiry->getTourTariffDetailsbydate()
#6 C:\wamp64\www\khm\system\CodeIgniter.php(509): CodeIgniter\CodeIgniter->runController(Object(App\Controllers\Enquiry))
#7 C:\wamp64\www\khm\system\CodeIgniter.php(355): CodeIgniter\CodeIgniter->handleRequest(NULL, Object(Config\Cache), false)
#8 C:\wamp64\www\khm\system\Boot.php(334): CodeIgniter\CodeIgniter->run()
#9 C:\wamp64\www\khm\system\Boot.php(67): CodeIgniter\Boot::runCodeIgniter(Object(CodeIgniter\CodeIgniter))
#10 C:\wamp64\www\khm\public\index.php(56): CodeIgniter\Boot::bootWeb(Object(Config\Paths))
#11 {main}
CRITICAL - 2025-11-15 18:53:36 --> CodeIgniter\Database\Exceptions\DatabaseException: You have an error in your SQL syntax; check the manual that corresponds to your MySQL server version for the right syntax to use near '\"2239\" AND r.object_id = 1761 AND a.special_tariff_id = 1463 AND h.meal_plan_i' at line 1
[Method: POST, Route: Enquiry/getTourTariffDetailsbydate]
in SYSTEMPATH\Database\BaseConnection.php on line 688.
 1 APPPATH\Models\Enquiry_m.php(2698): CodeIgniter\Database\BaseConnection->query('SELECT a.tariff FROM khm_obj_hotel_special_tariff a LEFT JOIN khm_obj_hotel_room_meal h ON h.hotel_room_meal_id = a.hotel_room_meal_id LEFT JOIN khm_obj_room r ON r.room_id = h.room_id WHERE r.room_type_id = 2 AND r.room_category_id = \\"2239\\" AND r.object_id = 1761 AND a.special_tariff_id = 1463 AND h.meal_plan_id = 3')
 2 APPPATH\Controllers\Enquiry.php(6810): App\Models\Enquiry_m->getTourTariffDetails(6, '\\"2239\\"', 2, '1463', '1761', '3')
 3 SYSTEMPATH\CodeIgniter.php(933): App\Controllers\Enquiry->getTourTariffDetailsbydate()
 4 SYSTEMPATH\CodeIgniter.php(509): CodeIgniter\CodeIgniter->runController(Object(App\Controllers\Enquiry))
 5 SYSTEMPATH\CodeIgniter.php(355): CodeIgniter\CodeIgniter->handleRequest(null, Object(Config\Cache), false)
 6 SYSTEMPATH\Boot.php(334): CodeIgniter\CodeIgniter->run()
 7 SYSTEMPATH\Boot.php(67): CodeIgniter\Boot::runCodeIgniter(Object(CodeIgniter\CodeIgniter))
 8 FCPATH\index.php(56): CodeIgniter\Boot::bootWeb(Object(Config\Paths))
CRITICAL - 2025-11-15 18:53:36 --> [Caused by] CodeIgniter\Database\Exceptions\DatabaseException: You have an error in your SQL syntax; check the manual that corresponds to your MySQL server version for the right syntax to use near '\"2239\" AND r.object_id = 1761 AND a.special_tariff_id = 1463 AND h.meal_plan_i' at line 1
in SYSTEMPATH\Database\MySQLi\Connection.php on line 317.
 1 SYSTEMPATH\Database\BaseConnection.php(734): CodeIgniter\Database\MySQLi\Connection->execute('SELECT a.tariff FROM khm_obj_hotel_special_tariff a LEFT JOIN khm_obj_hotel_room_meal h ON h.hotel_room_meal_id = a.hotel_room_meal_id LEFT JOIN khm_obj_room r ON r.room_id = h.room_id WHERE r.room_type_id = 2 AND r.room_category_id = \\"2239\\" AND r.object_id = 1761 AND a.special_tariff_id = 1463 AND h.meal_plan_id = 3')
 2 SYSTEMPATH\Database\BaseConnection.php(648): CodeIgniter\Database\BaseConnection->simpleQuery('SELECT a.tariff FROM khm_obj_hotel_special_tariff a LEFT JOIN khm_obj_hotel_room_meal h ON h.hotel_room_meal_id = a.hotel_room_meal_id LEFT JOIN khm_obj_room r ON r.room_id = h.room_id WHERE r.room_type_id = 2 AND r.room_category_id = \\"2239\\" AND r.object_id = 1761 AND a.special_tariff_id = 1463 AND h.meal_plan_id = 3')
 3 APPPATH\Models\Enquiry_m.php(2698): CodeIgniter\Database\BaseConnection->query('SELECT a.tariff FROM khm_obj_hotel_special_tariff a LEFT JOIN khm_obj_hotel_room_meal h ON h.hotel_room_meal_id = a.hotel_room_meal_id LEFT JOIN khm_obj_room r ON r.room_id = h.room_id WHERE r.room_type_id = 2 AND r.room_category_id = \\"2239\\" AND r.object_id = 1761 AND a.special_tariff_id = 1463 AND h.meal_plan_id = 3')
 4 APPPATH\Controllers\Enquiry.php(6810): App\Models\Enquiry_m->getTourTariffDetails(6, '\\"2239\\"', 2, '1463', '1761', '3')
 5 SYSTEMPATH\CodeIgniter.php(933): App\Controllers\Enquiry->getTourTariffDetailsbydate()
 6 SYSTEMPATH\CodeIgniter.php(509): CodeIgniter\CodeIgniter->runController(Object(App\Controllers\Enquiry))
 7 SYSTEMPATH\CodeIgniter.php(355): CodeIgniter\CodeIgniter->handleRequest(null, Object(Config\Cache), false)
 8 SYSTEMPATH\Boot.php(334): CodeIgniter\CodeIgniter->run()
 9 SYSTEMPATH\Boot.php(67): CodeIgniter\Boot::runCodeIgniter(Object(CodeIgniter\CodeIgniter))
10 FCPATH\index.php(56): CodeIgniter\Boot::bootWeb(Object(Config\Paths))
CRITICAL - 2025-11-15 18:53:36 --> [Caused by] mysqli_sql_exception: You have an error in your SQL syntax; check the manual that corresponds to your MySQL server version for the right syntax to use near '\"2239\" AND r.object_id = 1761 AND a.special_tariff_id = 1463 AND h.meal_plan_i' at line 1
in SYSTEMPATH\Database\MySQLi\Connection.php on line 312.
 1 SYSTEMPATH\Database\MySQLi\Connection.php(312): mysqli->query('SELECT a.tariff FROM khm_obj_hotel_special_tariff a LEFT JOIN khm_obj_hotel_room_meal h ON h.hotel_room_meal_id = a.hotel_room_meal_id LEFT JOIN khm_obj_room r ON r.room_id = h.room_id WHERE r.room_type_id = 2 AND r.room_category_id = \\"2239\\" AND r.object_id = 1761 AND a.special_tariff_id = 1463 AND h.meal_plan_id = 3', 0)
 2 SYSTEMPATH\Database\BaseConnection.php(734): CodeIgniter\Database\MySQLi\Connection->execute('SELECT a.tariff FROM khm_obj_hotel_special_tariff a LEFT JOIN khm_obj_hotel_room_meal h ON h.hotel_room_meal_id = a.hotel_room_meal_id LEFT JOIN khm_obj_room r ON r.room_id = h.room_id WHERE r.room_type_id = 2 AND r.room_category_id = \\"2239\\" AND r.object_id = 1761 AND a.special_tariff_id = 1463 AND h.meal_plan_id = 3')
 3 SYSTEMPATH\Database\BaseConnection.php(648): CodeIgniter\Database\BaseConnection->simpleQuery('SELECT a.tariff FROM khm_obj_hotel_special_tariff a LEFT JOIN khm_obj_hotel_room_meal h ON h.hotel_room_meal_id = a.hotel_room_meal_id LEFT JOIN khm_obj_room r ON r.room_id = h.room_id WHERE r.room_type_id = 2 AND r.room_category_id = \\"2239\\" AND r.object_id = 1761 AND a.special_tariff_id = 1463 AND h.meal_plan_id = 3')
 4 APPPATH\Models\Enquiry_m.php(2698): CodeIgniter\Database\BaseConnection->query('SELECT a.tariff FROM khm_obj_hotel_special_tariff a LEFT JOIN khm_obj_hotel_room_meal h ON h.hotel_room_meal_id = a.hotel_room_meal_id LEFT JOIN khm_obj_room r ON r.room_id = h.room_id WHERE r.room_type_id = 2 AND r.room_category_id = \\"2239\\" AND r.object_id = 1761 AND a.special_tariff_id = 1463 AND h.meal_plan_id = 3')
 5 APPPATH\Controllers\Enquiry.php(6810): App\Models\Enquiry_m->getTourTariffDetails(6, '\\"2239\\"', 2, '1463', '1761', '3')
 6 SYSTEMPATH\CodeIgniter.php(933): App\Controllers\Enquiry->getTourTariffDetailsbydate()
 7 SYSTEMPATH\CodeIgniter.php(509): CodeIgniter\CodeIgniter->runController(Object(App\Controllers\Enquiry))
 8 SYSTEMPATH\CodeIgniter.php(355): CodeIgniter\CodeIgniter->handleRequest(null, Object(Config\Cache), false)
 9 SYSTEMPATH\Boot.php(334): CodeIgniter\CodeIgniter->run()
10 SYSTEMPATH\Boot.php(67): CodeIgniter\Boot::runCodeIgniter(Object(CodeIgniter\CodeIgniter))
11 FCPATH\index.php(56): CodeIgniter\Boot::bootWeb(Object(Config\Paths))
ERROR - 2025-11-15 18:53:42 --> mysqli_sql_exception: You have an error in your SQL syntax; check the manual that corresponds to your MySQL server version for the right syntax to use near '\"3064\" AND r.object_id = 2623 AND a.special_tariff_id = 1285 AND h.meal_plan_i' at line 1 in C:\wamp64\www\khm\system\Database\MySQLi\Connection.php:312
Stack trace:
#0 C:\wamp64\www\khm\system\Database\MySQLi\Connection.php(312): mysqli->query('SELECT a.tariff...', 0)
#1 C:\wamp64\www\khm\system\Database\BaseConnection.php(734): CodeIgniter\Database\MySQLi\Connection->execute('SELECT a.tariff...')
#2 C:\wamp64\www\khm\system\Database\BaseConnection.php(648): CodeIgniter\Database\BaseConnection->simpleQuery('SELECT a.tariff...')
#3 C:\wamp64\www\khm\app\Models\Enquiry_m.php(2698): CodeIgniter\Database\BaseConnection->query('SELECT a.tariff...')
#4 C:\wamp64\www\khm\app\Controllers\Enquiry.php(6810): App\Models\Enquiry_m->getTourTariffDetails(6, '\\"3064\\"', 2, '1285', '2623', '3')
#5 C:\wamp64\www\khm\system\CodeIgniter.php(933): App\Controllers\Enquiry->getTourTariffDetailsbydate()
#6 C:\wamp64\www\khm\system\CodeIgniter.php(509): CodeIgniter\CodeIgniter->runController(Object(App\Controllers\Enquiry))
#7 C:\wamp64\www\khm\system\CodeIgniter.php(355): CodeIgniter\CodeIgniter->handleRequest(NULL, Object(Config\Cache), false)
#8 C:\wamp64\www\khm\system\Boot.php(334): CodeIgniter\CodeIgniter->run()
#9 C:\wamp64\www\khm\system\Boot.php(67): CodeIgniter\Boot::runCodeIgniter(Object(CodeIgniter\CodeIgniter))
#10 C:\wamp64\www\khm\public\index.php(56): CodeIgniter\Boot::bootWeb(Object(Config\Paths))
#11 {main}
CRITICAL - 2025-11-15 18:53:42 --> CodeIgniter\Database\Exceptions\DatabaseException: You have an error in your SQL syntax; check the manual that corresponds to your MySQL server version for the right syntax to use near '\"3064\" AND r.object_id = 2623 AND a.special_tariff_id = 1285 AND h.meal_plan_i' at line 1
[Method: POST, Route: Enquiry/getTourTariffDetailsbydate]
in SYSTEMPATH\Database\BaseConnection.php on line 688.
 1 APPPATH\Models\Enquiry_m.php(2698): CodeIgniter\Database\BaseConnection->query('SELECT a.tariff FROM khm_obj_hotel_special_tariff a LEFT JOIN khm_obj_hotel_room_meal h ON h.hotel_room_meal_id = a.hotel_room_meal_id LEFT JOIN khm_obj_room r ON r.room_id = h.room_id WHERE r.room_type_id = 2 AND r.room_category_id = \\"3064\\" AND r.object_id = 2623 AND a.special_tariff_id = 1285 AND h.meal_plan_id = 3')
 2 APPPATH\Controllers\Enquiry.php(6810): App\Models\Enquiry_m->getTourTariffDetails(6, '\\"3064\\"', 2, '1285', '2623', '3')
 3 SYSTEMPATH\CodeIgniter.php(933): App\Controllers\Enquiry->getTourTariffDetailsbydate()
 4 SYSTEMPATH\CodeIgniter.php(509): CodeIgniter\CodeIgniter->runController(Object(App\Controllers\Enquiry))
 5 SYSTEMPATH\CodeIgniter.php(355): CodeIgniter\CodeIgniter->handleRequest(null, Object(Config\Cache), false)
 6 SYSTEMPATH\Boot.php(334): CodeIgniter\CodeIgniter->run()
 7 SYSTEMPATH\Boot.php(67): CodeIgniter\Boot::runCodeIgniter(Object(CodeIgniter\CodeIgniter))
 8 FCPATH\index.php(56): CodeIgniter\Boot::bootWeb(Object(Config\Paths))
CRITICAL - 2025-11-15 18:53:42 --> [Caused by] CodeIgniter\Database\Exceptions\DatabaseException: You have an error in your SQL syntax; check the manual that corresponds to your MySQL server version for the right syntax to use near '\"3064\" AND r.object_id = 2623 AND a.special_tariff_id = 1285 AND h.meal_plan_i' at line 1
in SYSTEMPATH\Database\MySQLi\Connection.php on line 317.
 1 SYSTEMPATH\Database\BaseConnection.php(734): CodeIgniter\Database\MySQLi\Connection->execute('SELECT a.tariff FROM khm_obj_hotel_special_tariff a LEFT JOIN khm_obj_hotel_room_meal h ON h.hotel_room_meal_id = a.hotel_room_meal_id LEFT JOIN khm_obj_room r ON r.room_id = h.room_id WHERE r.room_type_id = 2 AND r.room_category_id = \\"3064\\" AND r.object_id = 2623 AND a.special_tariff_id = 1285 AND h.meal_plan_id = 3')
 2 SYSTEMPATH\Database\BaseConnection.php(648): CodeIgniter\Database\BaseConnection->simpleQuery('SELECT a.tariff FROM khm_obj_hotel_special_tariff a LEFT JOIN khm_obj_hotel_room_meal h ON h.hotel_room_meal_id = a.hotel_room_meal_id LEFT JOIN khm_obj_room r ON r.room_id = h.room_id WHERE r.room_type_id = 2 AND r.room_category_id = \\"3064\\" AND r.object_id = 2623 AND a.special_tariff_id = 1285 AND h.meal_plan_id = 3')
 3 APPPATH\Models\Enquiry_m.php(2698): CodeIgniter\Database\BaseConnection->query('SELECT a.tariff FROM khm_obj_hotel_special_tariff a LEFT JOIN khm_obj_hotel_room_meal h ON h.hotel_room_meal_id = a.hotel_room_meal_id LEFT JOIN khm_obj_room r ON r.room_id = h.room_id WHERE r.room_type_id = 2 AND r.room_category_id = \\"3064\\" AND r.object_id = 2623 AND a.special_tariff_id = 1285 AND h.meal_plan_id = 3')
 4 APPPATH\Controllers\Enquiry.php(6810): App\Models\Enquiry_m->getTourTariffDetails(6, '\\"3064\\"', 2, '1285', '2623', '3')
 5 SYSTEMPATH\CodeIgniter.php(933): App\Controllers\Enquiry->getTourTariffDetailsbydate()
 6 SYSTEMPATH\CodeIgniter.php(509): CodeIgniter\CodeIgniter->runController(Object(App\Controllers\Enquiry))
 7 SYSTEMPATH\CodeIgniter.php(355): CodeIgniter\CodeIgniter->handleRequest(null, Object(Config\Cache), false)
 8 SYSTEMPATH\Boot.php(334): CodeIgniter\CodeIgniter->run()
 9 SYSTEMPATH\Boot.php(67): CodeIgniter\Boot::runCodeIgniter(Object(CodeIgniter\CodeIgniter))
10 FCPATH\index.php(56): CodeIgniter\Boot::bootWeb(Object(Config\Paths))
CRITICAL - 2025-11-15 18:53:42 --> [Caused by] mysqli_sql_exception: You have an error in your SQL syntax; check the manual that corresponds to your MySQL server version for the right syntax to use near '\"3064\" AND r.object_id = 2623 AND a.special_tariff_id = 1285 AND h.meal_plan_i' at line 1
in SYSTEMPATH\Database\MySQLi\Connection.php on line 312.
 1 SYSTEMPATH\Database\MySQLi\Connection.php(312): mysqli->query('SELECT a.tariff FROM khm_obj_hotel_special_tariff a LEFT JOIN khm_obj_hotel_room_meal h ON h.hotel_room_meal_id = a.hotel_room_meal_id LEFT JOIN khm_obj_room r ON r.room_id = h.room_id WHERE r.room_type_id = 2 AND r.room_category_id = \\"3064\\" AND r.object_id = 2623 AND a.special_tariff_id = 1285 AND h.meal_plan_id = 3', 0)
 2 SYSTEMPATH\Database\BaseConnection.php(734): CodeIgniter\Database\MySQLi\Connection->execute('SELECT a.tariff FROM khm_obj_hotel_special_tariff a LEFT JOIN khm_obj_hotel_room_meal h ON h.hotel_room_meal_id = a.hotel_room_meal_id LEFT JOIN khm_obj_room r ON r.room_id = h.room_id WHERE r.room_type_id = 2 AND r.room_category_id = \\"3064\\" AND r.object_id = 2623 AND a.special_tariff_id = 1285 AND h.meal_plan_id = 3')
 3 SYSTEMPATH\Database\BaseConnection.php(648): CodeIgniter\Database\BaseConnection->simpleQuery('SELECT a.tariff FROM khm_obj_hotel_special_tariff a LEFT JOIN khm_obj_hotel_room_meal h ON h.hotel_room_meal_id = a.hotel_room_meal_id LEFT JOIN khm_obj_room r ON r.room_id = h.room_id WHERE r.room_type_id = 2 AND r.room_category_id = \\"3064\\" AND r.object_id = 2623 AND a.special_tariff_id = 1285 AND h.meal_plan_id = 3')
 4 APPPATH\Models\Enquiry_m.php(2698): CodeIgniter\Database\BaseConnection->query('SELECT a.tariff FROM khm_obj_hotel_special_tariff a LEFT JOIN khm_obj_hotel_room_meal h ON h.hotel_room_meal_id = a.hotel_room_meal_id LEFT JOIN khm_obj_room r ON r.room_id = h.room_id WHERE r.room_type_id = 2 AND r.room_category_id = \\"3064\\" AND r.object_id = 2623 AND a.special_tariff_id = 1285 AND h.meal_plan_id = 3')
 5 APPPATH\Controllers\Enquiry.php(6810): App\Models\Enquiry_m->getTourTariffDetails(6, '\\"3064\\"', 2, '1285', '2623', '3')
 6 SYSTEMPATH\CodeIgniter.php(933): App\Controllers\Enquiry->getTourTariffDetailsbydate()
 7 SYSTEMPATH\CodeIgniter.php(509): CodeIgniter\CodeIgniter->runController(Object(App\Controllers\Enquiry))
 8 SYSTEMPATH\CodeIgniter.php(355): CodeIgniter\CodeIgniter->handleRequest(null, Object(Config\Cache), false)
 9 SYSTEMPATH\Boot.php(334): CodeIgniter\CodeIgniter->run()
10 SYSTEMPATH\Boot.php(67): CodeIgniter\Boot::runCodeIgniter(Object(CodeIgniter\CodeIgniter))
11 FCPATH\index.php(56): CodeIgniter\Boot::bootWeb(Object(Config\Paths))
ERROR - 2025-11-15 18:53:44 --> mysqli_sql_exception: You have an error in your SQL syntax; check the manual that corresponds to your MySQL server version for the right syntax to use near '\"3065\" AND r.object_id = 2623 AND a.special_tariff_id = 1285 AND h.meal_plan_i' at line 1 in C:\wamp64\www\khm\system\Database\MySQLi\Connection.php:312
Stack trace:
#0 C:\wamp64\www\khm\system\Database\MySQLi\Connection.php(312): mysqli->query('SELECT a.tariff...', 0)
#1 C:\wamp64\www\khm\system\Database\BaseConnection.php(734): CodeIgniter\Database\MySQLi\Connection->execute('SELECT a.tariff...')
#2 C:\wamp64\www\khm\system\Database\BaseConnection.php(648): CodeIgniter\Database\BaseConnection->simpleQuery('SELECT a.tariff...')
#3 C:\wamp64\www\khm\app\Models\Enquiry_m.php(2698): CodeIgniter\Database\BaseConnection->query('SELECT a.tariff...')
#4 C:\wamp64\www\khm\app\Controllers\Enquiry.php(6810): App\Models\Enquiry_m->getTourTariffDetails(6, '\\"3065\\"', 2, '1285', '2623', '3')
#5 C:\wamp64\www\khm\system\CodeIgniter.php(933): App\Controllers\Enquiry->getTourTariffDetailsbydate()
#6 C:\wamp64\www\khm\system\CodeIgniter.php(509): CodeIgniter\CodeIgniter->runController(Object(App\Controllers\Enquiry))
#7 C:\wamp64\www\khm\system\CodeIgniter.php(355): CodeIgniter\CodeIgniter->handleRequest(NULL, Object(Config\Cache), false)
#8 C:\wamp64\www\khm\system\Boot.php(334): CodeIgniter\CodeIgniter->run()
#9 C:\wamp64\www\khm\system\Boot.php(67): CodeIgniter\Boot::runCodeIgniter(Object(CodeIgniter\CodeIgniter))
#10 C:\wamp64\www\khm\public\index.php(56): CodeIgniter\Boot::bootWeb(Object(Config\Paths))
#11 {main}
CRITICAL - 2025-11-15 18:53:44 --> CodeIgniter\Database\Exceptions\DatabaseException: You have an error in your SQL syntax; check the manual that corresponds to your MySQL server version for the right syntax to use near '\"3065\" AND r.object_id = 2623 AND a.special_tariff_id = 1285 AND h.meal_plan_i' at line 1
[Method: POST, Route: Enquiry/getTourTariffDetailsbydate]
in SYSTEMPATH\Database\BaseConnection.php on line 688.
 1 APPPATH\Models\Enquiry_m.php(2698): CodeIgniter\Database\BaseConnection->query('SELECT a.tariff FROM khm_obj_hotel_special_tariff a LEFT JOIN khm_obj_hotel_room_meal h ON h.hotel_room_meal_id = a.hotel_room_meal_id LEFT JOIN khm_obj_room r ON r.room_id = h.room_id WHERE r.room_type_id = 2 AND r.room_category_id = \\"3065\\" AND r.object_id = 2623 AND a.special_tariff_id = 1285 AND h.meal_plan_id = 3')
 2 APPPATH\Controllers\Enquiry.php(6810): App\Models\Enquiry_m->getTourTariffDetails(6, '\\"3065\\"', 2, '1285', '2623', '3')
 3 SYSTEMPATH\CodeIgniter.php(933): App\Controllers\Enquiry->getTourTariffDetailsbydate()
 4 SYSTEMPATH\CodeIgniter.php(509): CodeIgniter\CodeIgniter->runController(Object(App\Controllers\Enquiry))
 5 SYSTEMPATH\CodeIgniter.php(355): CodeIgniter\CodeIgniter->handleRequest(null, Object(Config\Cache), false)
 6 SYSTEMPATH\Boot.php(334): CodeIgniter\CodeIgniter->run()
 7 SYSTEMPATH\Boot.php(67): CodeIgniter\Boot::runCodeIgniter(Object(CodeIgniter\CodeIgniter))
 8 FCPATH\index.php(56): CodeIgniter\Boot::bootWeb(Object(Config\Paths))
CRITICAL - 2025-11-15 18:53:44 --> [Caused by] CodeIgniter\Database\Exceptions\DatabaseException: You have an error in your SQL syntax; check the manual that corresponds to your MySQL server version for the right syntax to use near '\"3065\" AND r.object_id = 2623 AND a.special_tariff_id = 1285 AND h.meal_plan_i' at line 1
in SYSTEMPATH\Database\MySQLi\Connection.php on line 317.
 1 SYSTEMPATH\Database\BaseConnection.php(734): CodeIgniter\Database\MySQLi\Connection->execute('SELECT a.tariff FROM khm_obj_hotel_special_tariff a LEFT JOIN khm_obj_hotel_room_meal h ON h.hotel_room_meal_id = a.hotel_room_meal_id LEFT JOIN khm_obj_room r ON r.room_id = h.room_id WHERE r.room_type_id = 2 AND r.room_category_id = \\"3065\\" AND r.object_id = 2623 AND a.special_tariff_id = 1285 AND h.meal_plan_id = 3')
 2 SYSTEMPATH\Database\BaseConnection.php(648): CodeIgniter\Database\BaseConnection->simpleQuery('SELECT a.tariff FROM khm_obj_hotel_special_tariff a LEFT JOIN khm_obj_hotel_room_meal h ON h.hotel_room_meal_id = a.hotel_room_meal_id LEFT JOIN khm_obj_room r ON r.room_id = h.room_id WHERE r.room_type_id = 2 AND r.room_category_id = \\"3065\\" AND r.object_id = 2623 AND a.special_tariff_id = 1285 AND h.meal_plan_id = 3')
 3 APPPATH\Models\Enquiry_m.php(2698): CodeIgniter\Database\BaseConnection->query('SELECT a.tariff FROM khm_obj_hotel_special_tariff a LEFT JOIN khm_obj_hotel_room_meal h ON h.hotel_room_meal_id = a.hotel_room_meal_id LEFT JOIN khm_obj_room r ON r.room_id = h.room_id WHERE r.room_type_id = 2 AND r.room_category_id = \\"3065\\" AND r.object_id = 2623 AND a.special_tariff_id = 1285 AND h.meal_plan_id = 3')
 4 APPPATH\Controllers\Enquiry.php(6810): App\Models\Enquiry_m->getTourTariffDetails(6, '\\"3065\\"', 2, '1285', '2623', '3')
 5 SYSTEMPATH\CodeIgniter.php(933): App\Controllers\Enquiry->getTourTariffDetailsbydate()
 6 SYSTEMPATH\CodeIgniter.php(509): CodeIgniter\CodeIgniter->runController(Object(App\Controllers\Enquiry))
 7 SYSTEMPATH\CodeIgniter.php(355): CodeIgniter\CodeIgniter->handleRequest(null, Object(Config\Cache), false)
 8 SYSTEMPATH\Boot.php(334): CodeIgniter\CodeIgniter->run()
 9 SYSTEMPATH\Boot.php(67): CodeIgniter\Boot::runCodeIgniter(Object(CodeIgniter\CodeIgniter))
10 FCPATH\index.php(56): CodeIgniter\Boot::bootWeb(Object(Config\Paths))
CRITICAL - 2025-11-15 18:53:44 --> [Caused by] mysqli_sql_exception: You have an error in your SQL syntax; check the manual that corresponds to your MySQL server version for the right syntax to use near '\"3065\" AND r.object_id = 2623 AND a.special_tariff_id = 1285 AND h.meal_plan_i' at line 1
in SYSTEMPATH\Database\MySQLi\Connection.php on line 312.
 1 SYSTEMPATH\Database\MySQLi\Connection.php(312): mysqli->query('SELECT a.tariff FROM khm_obj_hotel_special_tariff a LEFT JOIN khm_obj_hotel_room_meal h ON h.hotel_room_meal_id = a.hotel_room_meal_id LEFT JOIN khm_obj_room r ON r.room_id = h.room_id WHERE r.room_type_id = 2 AND r.room_category_id = \\"3065\\" AND r.object_id = 2623 AND a.special_tariff_id = 1285 AND h.meal_plan_id = 3', 0)
 2 SYSTEMPATH\Database\BaseConnection.php(734): CodeIgniter\Database\MySQLi\Connection->execute('SELECT a.tariff FROM khm_obj_hotel_special_tariff a LEFT JOIN khm_obj_hotel_room_meal h ON h.hotel_room_meal_id = a.hotel_room_meal_id LEFT JOIN khm_obj_room r ON r.room_id = h.room_id WHERE r.room_type_id = 2 AND r.room_category_id = \\"3065\\" AND r.object_id = 2623 AND a.special_tariff_id = 1285 AND h.meal_plan_id = 3')
 3 SYSTEMPATH\Database\BaseConnection.php(648): CodeIgniter\Database\BaseConnection->simpleQuery('SELECT a.tariff FROM khm_obj_hotel_special_tariff a LEFT JOIN khm_obj_hotel_room_meal h ON h.hotel_room_meal_id = a.hotel_room_meal_id LEFT JOIN khm_obj_room r ON r.room_id = h.room_id WHERE r.room_type_id = 2 AND r.room_category_id = \\"3065\\" AND r.object_id = 2623 AND a.special_tariff_id = 1285 AND h.meal_plan_id = 3')
 4 APPPATH\Models\Enquiry_m.php(2698): CodeIgniter\Database\BaseConnection->query('SELECT a.tariff FROM khm_obj_hotel_special_tariff a LEFT JOIN khm_obj_hotel_room_meal h ON h.hotel_room_meal_id = a.hotel_room_meal_id LEFT JOIN khm_obj_room r ON r.room_id = h.room_id WHERE r.room_type_id = 2 AND r.room_category_id = \\"3065\\" AND r.object_id = 2623 AND a.special_tariff_id = 1285 AND h.meal_plan_id = 3')
 5 APPPATH\Controllers\Enquiry.php(6810): App\Models\Enquiry_m->getTourTariffDetails(6, '\\"3065\\"', 2, '1285', '2623', '3')
 6 SYSTEMPATH\CodeIgniter.php(933): App\Controllers\Enquiry->getTourTariffDetailsbydate()
 7 SYSTEMPATH\CodeIgniter.php(509): CodeIgniter\CodeIgniter->runController(Object(App\Controllers\Enquiry))
 8 SYSTEMPATH\CodeIgniter.php(355): CodeIgniter\CodeIgniter->handleRequest(null, Object(Config\Cache), false)
 9 SYSTEMPATH\Boot.php(334): CodeIgniter\CodeIgniter->run()
10 SYSTEMPATH\Boot.php(67): CodeIgniter\Boot::runCodeIgniter(Object(CodeIgniter\CodeIgniter))
11 FCPATH\index.php(56): CodeIgniter\Boot::bootWeb(Object(Config\Paths))
ERROR - 2025-11-15 18:53:53 --> mysqli_sql_exception: You have an error in your SQL syntax; check the manual that corresponds to your MySQL server version for the right syntax to use near '\"1782\" AND r.object_id = 561 AND a.special_tariff_id = 143 AND h.meal_plan_id ' at line 1 in C:\wamp64\www\khm\system\Database\MySQLi\Connection.php:312
Stack trace:
#0 C:\wamp64\www\khm\system\Database\MySQLi\Connection.php(312): mysqli->query('SELECT a.tariff...', 0)
#1 C:\wamp64\www\khm\system\Database\BaseConnection.php(734): CodeIgniter\Database\MySQLi\Connection->execute('SELECT a.tariff...')
#2 C:\wamp64\www\khm\system\Database\BaseConnection.php(648): CodeIgniter\Database\BaseConnection->simpleQuery('SELECT a.tariff...')
#3 C:\wamp64\www\khm\app\Models\Enquiry_m.php(2698): CodeIgniter\Database\BaseConnection->query('SELECT a.tariff...')
#4 C:\wamp64\www\khm\app\Controllers\Enquiry.php(6810): App\Models\Enquiry_m->getTourTariffDetails(6, '\\"1782\\"', 2, '143', '561', '3')
#5 C:\wamp64\www\khm\system\CodeIgniter.php(933): App\Controllers\Enquiry->getTourTariffDetailsbydate()
#6 C:\wamp64\www\khm\system\CodeIgniter.php(509): CodeIgniter\CodeIgniter->runController(Object(App\Controllers\Enquiry))
#7 C:\wamp64\www\khm\system\CodeIgniter.php(355): CodeIgniter\CodeIgniter->handleRequest(NULL, Object(Config\Cache), false)
#8 C:\wamp64\www\khm\system\Boot.php(334): CodeIgniter\CodeIgniter->run()
#9 C:\wamp64\www\khm\system\Boot.php(67): CodeIgniter\Boot::runCodeIgniter(Object(CodeIgniter\CodeIgniter))
#10 C:\wamp64\www\khm\public\index.php(56): CodeIgniter\Boot::bootWeb(Object(Config\Paths))
#11 {main}
CRITICAL - 2025-11-15 18:53:53 --> CodeIgniter\Database\Exceptions\DatabaseException: You have an error in your SQL syntax; check the manual that corresponds to your MySQL server version for the right syntax to use near '\"1782\" AND r.object_id = 561 AND a.special_tariff_id = 143 AND h.meal_plan_id ' at line 1
[Method: POST, Route: Enquiry/getTourTariffDetailsbydate]
in SYSTEMPATH\Database\BaseConnection.php on line 688.
 1 APPPATH\Models\Enquiry_m.php(2698): CodeIgniter\Database\BaseConnection->query('SELECT a.tariff FROM khm_obj_hotel_special_tariff a LEFT JOIN khm_obj_hotel_room_meal h ON h.hotel_room_meal_id = a.hotel_room_meal_id LEFT JOIN khm_obj_room r ON r.room_id = h.room_id WHERE r.room_type_id = 2 AND r.room_category_id = \\"1782\\" AND r.object_id = 561 AND a.special_tariff_id = 143 AND h.meal_plan_id = 3')
 2 APPPATH\Controllers\Enquiry.php(6810): App\Models\Enquiry_m->getTourTariffDetails(6, '\\"1782\\"', 2, '143', '561', '3')
 3 SYSTEMPATH\CodeIgniter.php(933): App\Controllers\Enquiry->getTourTariffDetailsbydate()
 4 SYSTEMPATH\CodeIgniter.php(509): CodeIgniter\CodeIgniter->runController(Object(App\Controllers\Enquiry))
 5 SYSTEMPATH\CodeIgniter.php(355): CodeIgniter\CodeIgniter->handleRequest(null, Object(Config\Cache), false)
 6 SYSTEMPATH\Boot.php(334): CodeIgniter\CodeIgniter->run()
 7 SYSTEMPATH\Boot.php(67): CodeIgniter\Boot::runCodeIgniter(Object(CodeIgniter\CodeIgniter))
 8 FCPATH\index.php(56): CodeIgniter\Boot::bootWeb(Object(Config\Paths))
CRITICAL - 2025-11-15 18:53:53 --> [Caused by] CodeIgniter\Database\Exceptions\DatabaseException: You have an error in your SQL syntax; check the manual that corresponds to your MySQL server version for the right syntax to use near '\"1782\" AND r.object_id = 561 AND a.special_tariff_id = 143 AND h.meal_plan_id ' at line 1
in SYSTEMPATH\Database\MySQLi\Connection.php on line 317.
 1 SYSTEMPATH\Database\BaseConnection.php(734): CodeIgniter\Database\MySQLi\Connection->execute('SELECT a.tariff FROM khm_obj_hotel_special_tariff a LEFT JOIN khm_obj_hotel_room_meal h ON h.hotel_room_meal_id = a.hotel_room_meal_id LEFT JOIN khm_obj_room r ON r.room_id = h.room_id WHERE r.room_type_id = 2 AND r.room_category_id = \\"1782\\" AND r.object_id = 561 AND a.special_tariff_id = 143 AND h.meal_plan_id = 3')
 2 SYSTEMPATH\Database\BaseConnection.php(648): CodeIgniter\Database\BaseConnection->simpleQuery('SELECT a.tariff FROM khm_obj_hotel_special_tariff a LEFT JOIN khm_obj_hotel_room_meal h ON h.hotel_room_meal_id = a.hotel_room_meal_id LEFT JOIN khm_obj_room r ON r.room_id = h.room_id WHERE r.room_type_id = 2 AND r.room_category_id = \\"1782\\" AND r.object_id = 561 AND a.special_tariff_id = 143 AND h.meal_plan_id = 3')
 3 APPPATH\Models\Enquiry_m.php(2698): CodeIgniter\Database\BaseConnection->query('SELECT a.tariff FROM khm_obj_hotel_special_tariff a LEFT JOIN khm_obj_hotel_room_meal h ON h.hotel_room_meal_id = a.hotel_room_meal_id LEFT JOIN khm_obj_room r ON r.room_id = h.room_id WHERE r.room_type_id = 2 AND r.room_category_id = \\"1782\\" AND r.object_id = 561 AND a.special_tariff_id = 143 AND h.meal_plan_id = 3')
 4 APPPATH\Controllers\Enquiry.php(6810): App\Models\Enquiry_m->getTourTariffDetails(6, '\\"1782\\"', 2, '143', '561', '3')
 5 SYSTEMPATH\CodeIgniter.php(933): App\Controllers\Enquiry->getTourTariffDetailsbydate()
 6 SYSTEMPATH\CodeIgniter.php(509): CodeIgniter\CodeIgniter->runController(Object(App\Controllers\Enquiry))
 7 SYSTEMPATH\CodeIgniter.php(355): CodeIgniter\CodeIgniter->handleRequest(null, Object(Config\Cache), false)
 8 SYSTEMPATH\Boot.php(334): CodeIgniter\CodeIgniter->run()
 9 SYSTEMPATH\Boot.php(67): CodeIgniter\Boot::runCodeIgniter(Object(CodeIgniter\CodeIgniter))
10 FCPATH\index.php(56): CodeIgniter\Boot::bootWeb(Object(Config\Paths))
CRITICAL - 2025-11-15 18:53:53 --> [Caused by] mysqli_sql_exception: You have an error in your SQL syntax; check the manual that corresponds to your MySQL server version for the right syntax to use near '\"1782\" AND r.object_id = 561 AND a.special_tariff_id = 143 AND h.meal_plan_id ' at line 1
in SYSTEMPATH\Database\MySQLi\Connection.php on line 312.
 1 SYSTEMPATH\Database\MySQLi\Connection.php(312): mysqli->query('SELECT a.tariff FROM khm_obj_hotel_special_tariff a LEFT JOIN khm_obj_hotel_room_meal h ON h.hotel_room_meal_id = a.hotel_room_meal_id LEFT JOIN khm_obj_room r ON r.room_id = h.room_id WHERE r.room_type_id = 2 AND r.room_category_id = \\"1782\\" AND r.object_id = 561 AND a.special_tariff_id = 143 AND h.meal_plan_id = 3', 0)
 2 SYSTEMPATH\Database\BaseConnection.php(734): CodeIgniter\Database\MySQLi\Connection->execute('SELECT a.tariff FROM khm_obj_hotel_special_tariff a LEFT JOIN khm_obj_hotel_room_meal h ON h.hotel_room_meal_id = a.hotel_room_meal_id LEFT JOIN khm_obj_room r ON r.room_id = h.room_id WHERE r.room_type_id = 2 AND r.room_category_id = \\"1782\\" AND r.object_id = 561 AND a.special_tariff_id = 143 AND h.meal_plan_id = 3')
 3 SYSTEMPATH\Database\BaseConnection.php(648): CodeIgniter\Database\BaseConnection->simpleQuery('SELECT a.tariff FROM khm_obj_hotel_special_tariff a LEFT JOIN khm_obj_hotel_room_meal h ON h.hotel_room_meal_id = a.hotel_room_meal_id LEFT JOIN khm_obj_room r ON r.room_id = h.room_id WHERE r.room_type_id = 2 AND r.room_category_id = \\"1782\\" AND r.object_id = 561 AND a.special_tariff_id = 143 AND h.meal_plan_id = 3')
 4 APPPATH\Models\Enquiry_m.php(2698): CodeIgniter\Database\BaseConnection->query('SELECT a.tariff FROM khm_obj_hotel_special_tariff a LEFT JOIN khm_obj_hotel_room_meal h ON h.hotel_room_meal_id = a.hotel_room_meal_id LEFT JOIN khm_obj_room r ON r.room_id = h.room_id WHERE r.room_type_id = 2 AND r.room_category_id = \\"1782\\" AND r.object_id = 561 AND a.special_tariff_id = 143 AND h.meal_plan_id = 3')
 5 APPPATH\Controllers\Enquiry.php(6810): App\Models\Enquiry_m->getTourTariffDetails(6, '\\"1782\\"', 2, '143', '561', '3')
 6 SYSTEMPATH\CodeIgniter.php(933): App\Controllers\Enquiry->getTourTariffDetailsbydate()
 7 SYSTEMPATH\CodeIgniter.php(509): CodeIgniter\CodeIgniter->runController(Object(App\Controllers\Enquiry))
 8 SYSTEMPATH\CodeIgniter.php(355): CodeIgniter\CodeIgniter->handleRequest(null, Object(Config\Cache), false)
 9 SYSTEMPATH\Boot.php(334): CodeIgniter\CodeIgniter->run()
10 SYSTEMPATH\Boot.php(67): CodeIgniter\Boot::runCodeIgniter(Object(CodeIgniter\CodeIgniter))
11 FCPATH\index.php(56): CodeIgniter\Boot::bootWeb(Object(Config\Paths))
ERROR - 2025-11-15 18:53:55 --> mysqli_sql_exception: You have an error in your SQL syntax; check the manual that corresponds to your MySQL server version for the right syntax to use near '\"1784\" AND r.object_id = 561 AND a.special_tariff_id = 143 AND h.meal_plan_id ' at line 1 in C:\wamp64\www\khm\system\Database\MySQLi\Connection.php:312
Stack trace:
#0 C:\wamp64\www\khm\system\Database\MySQLi\Connection.php(312): mysqli->query('SELECT a.tariff...', 0)
#1 C:\wamp64\www\khm\system\Database\BaseConnection.php(734): CodeIgniter\Database\MySQLi\Connection->execute('SELECT a.tariff...')
#2 C:\wamp64\www\khm\system\Database\BaseConnection.php(648): CodeIgniter\Database\BaseConnection->simpleQuery('SELECT a.tariff...')
#3 C:\wamp64\www\khm\app\Models\Enquiry_m.php(2698): CodeIgniter\Database\BaseConnection->query('SELECT a.tariff...')
#4 C:\wamp64\www\khm\app\Controllers\Enquiry.php(6810): App\Models\Enquiry_m->getTourTariffDetails(6, '\\"1784\\"', 2, '143', '561', '3')
#5 C:\wamp64\www\khm\system\CodeIgniter.php(933): App\Controllers\Enquiry->getTourTariffDetailsbydate()
#6 C:\wamp64\www\khm\system\CodeIgniter.php(509): CodeIgniter\CodeIgniter->runController(Object(App\Controllers\Enquiry))
#7 C:\wamp64\www\khm\system\CodeIgniter.php(355): CodeIgniter\CodeIgniter->handleRequest(NULL, Object(Config\Cache), false)
#8 C:\wamp64\www\khm\system\Boot.php(334): CodeIgniter\CodeIgniter->run()
#9 C:\wamp64\www\khm\system\Boot.php(67): CodeIgniter\Boot::runCodeIgniter(Object(CodeIgniter\CodeIgniter))
#10 C:\wamp64\www\khm\public\index.php(56): CodeIgniter\Boot::bootWeb(Object(Config\Paths))
#11 {main}
CRITICAL - 2025-11-15 18:53:55 --> CodeIgniter\Database\Exceptions\DatabaseException: You have an error in your SQL syntax; check the manual that corresponds to your MySQL server version for the right syntax to use near '\"1784\" AND r.object_id = 561 AND a.special_tariff_id = 143 AND h.meal_plan_id ' at line 1
[Method: POST, Route: Enquiry/getTourTariffDetailsbydate]
in SYSTEMPATH\Database\BaseConnection.php on line 688.
 1 APPPATH\Models\Enquiry_m.php(2698): CodeIgniter\Database\BaseConnection->query('SELECT a.tariff FROM khm_obj_hotel_special_tariff a LEFT JOIN khm_obj_hotel_room_meal h ON h.hotel_room_meal_id = a.hotel_room_meal_id LEFT JOIN khm_obj_room r ON r.room_id = h.room_id WHERE r.room_type_id = 2 AND r.room_category_id = \\"1784\\" AND r.object_id = 561 AND a.special_tariff_id = 143 AND h.meal_plan_id = 3')
 2 APPPATH\Controllers\Enquiry.php(6810): App\Models\Enquiry_m->getTourTariffDetails(6, '\\"1784\\"', 2, '143', '561', '3')
 3 SYSTEMPATH\CodeIgniter.php(933): App\Controllers\Enquiry->getTourTariffDetailsbydate()
 4 SYSTEMPATH\CodeIgniter.php(509): CodeIgniter\CodeIgniter->runController(Object(App\Controllers\Enquiry))
 5 SYSTEMPATH\CodeIgniter.php(355): CodeIgniter\CodeIgniter->handleRequest(null, Object(Config\Cache), false)
 6 SYSTEMPATH\Boot.php(334): CodeIgniter\CodeIgniter->run()
 7 SYSTEMPATH\Boot.php(67): CodeIgniter\Boot::runCodeIgniter(Object(CodeIgniter\CodeIgniter))
 8 FCPATH\index.php(56): CodeIgniter\Boot::bootWeb(Object(Config\Paths))
CRITICAL - 2025-11-15 18:53:55 --> [Caused by] CodeIgniter\Database\Exceptions\DatabaseException: You have an error in your SQL syntax; check the manual that corresponds to your MySQL server version for the right syntax to use near '\"1784\" AND r.object_id = 561 AND a.special_tariff_id = 143 AND h.meal_plan_id ' at line 1
in SYSTEMPATH\Database\MySQLi\Connection.php on line 317.
 1 SYSTEMPATH\Database\BaseConnection.php(734): CodeIgniter\Database\MySQLi\Connection->execute('SELECT a.tariff FROM khm_obj_hotel_special_tariff a LEFT JOIN khm_obj_hotel_room_meal h ON h.hotel_room_meal_id = a.hotel_room_meal_id LEFT JOIN khm_obj_room r ON r.room_id = h.room_id WHERE r.room_type_id = 2 AND r.room_category_id = \\"1784\\" AND r.object_id = 561 AND a.special_tariff_id = 143 AND h.meal_plan_id = 3')
 2 SYSTEMPATH\Database\BaseConnection.php(648): CodeIgniter\Database\BaseConnection->simpleQuery('SELECT a.tariff FROM khm_obj_hotel_special_tariff a LEFT JOIN khm_obj_hotel_room_meal h ON h.hotel_room_meal_id = a.hotel_room_meal_id LEFT JOIN khm_obj_room r ON r.room_id = h.room_id WHERE r.room_type_id = 2 AND r.room_category_id = \\"1784\\" AND r.object_id = 561 AND a.special_tariff_id = 143 AND h.meal_plan_id = 3')
 3 APPPATH\Models\Enquiry_m.php(2698): CodeIgniter\Database\BaseConnection->query('SELECT a.tariff FROM khm_obj_hotel_special_tariff a LEFT JOIN khm_obj_hotel_room_meal h ON h.hotel_room_meal_id = a.hotel_room_meal_id LEFT JOIN khm_obj_room r ON r.room_id = h.room_id WHERE r.room_type_id = 2 AND r.room_category_id = \\"1784\\" AND r.object_id = 561 AND a.special_tariff_id = 143 AND h.meal_plan_id = 3')
 4 APPPATH\Controllers\Enquiry.php(6810): App\Models\Enquiry_m->getTourTariffDetails(6, '\\"1784\\"', 2, '143', '561', '3')
 5 SYSTEMPATH\CodeIgniter.php(933): App\Controllers\Enquiry->getTourTariffDetailsbydate()
 6 SYSTEMPATH\CodeIgniter.php(509): CodeIgniter\CodeIgniter->runController(Object(App\Controllers\Enquiry))
 7 SYSTEMPATH\CodeIgniter.php(355): CodeIgniter\CodeIgniter->handleRequest(null, Object(Config\Cache), false)
 8 SYSTEMPATH\Boot.php(334): CodeIgniter\CodeIgniter->run()
 9 SYSTEMPATH\Boot.php(67): CodeIgniter\Boot::runCodeIgniter(Object(CodeIgniter\CodeIgniter))
10 FCPATH\index.php(56): CodeIgniter\Boot::bootWeb(Object(Config\Paths))
CRITICAL - 2025-11-15 18:53:55 --> [Caused by] mysqli_sql_exception: You have an error in your SQL syntax; check the manual that corresponds to your MySQL server version for the right syntax to use near '\"1784\" AND r.object_id = 561 AND a.special_tariff_id = 143 AND h.meal_plan_id ' at line 1
in SYSTEMPATH\Database\MySQLi\Connection.php on line 312.
 1 SYSTEMPATH\Database\MySQLi\Connection.php(312): mysqli->query('SELECT a.tariff FROM khm_obj_hotel_special_tariff a LEFT JOIN khm_obj_hotel_room_meal h ON h.hotel_room_meal_id = a.hotel_room_meal_id LEFT JOIN khm_obj_room r ON r.room_id = h.room_id WHERE r.room_type_id = 2 AND r.room_category_id = \\"1784\\" AND r.object_id = 561 AND a.special_tariff_id = 143 AND h.meal_plan_id = 3', 0)
 2 SYSTEMPATH\Database\BaseConnection.php(734): CodeIgniter\Database\MySQLi\Connection->execute('SELECT a.tariff FROM khm_obj_hotel_special_tariff a LEFT JOIN khm_obj_hotel_room_meal h ON h.hotel_room_meal_id = a.hotel_room_meal_id LEFT JOIN khm_obj_room r ON r.room_id = h.room_id WHERE r.room_type_id = 2 AND r.room_category_id = \\"1784\\" AND r.object_id = 561 AND a.special_tariff_id = 143 AND h.meal_plan_id = 3')
 3 SYSTEMPATH\Database\BaseConnection.php(648): CodeIgniter\Database\BaseConnection->simpleQuery('SELECT a.tariff FROM khm_obj_hotel_special_tariff a LEFT JOIN khm_obj_hotel_room_meal h ON h.hotel_room_meal_id = a.hotel_room_meal_id LEFT JOIN khm_obj_room r ON r.room_id = h.room_id WHERE r.room_type_id = 2 AND r.room_category_id = \\"1784\\" AND r.object_id = 561 AND a.special_tariff_id = 143 AND h.meal_plan_id = 3')
 4 APPPATH\Models\Enquiry_m.php(2698): CodeIgniter\Database\BaseConnection->query('SELECT a.tariff FROM khm_obj_hotel_special_tariff a LEFT JOIN khm_obj_hotel_room_meal h ON h.hotel_room_meal_id = a.hotel_room_meal_id LEFT JOIN khm_obj_room r ON r.room_id = h.room_id WHERE r.room_type_id = 2 AND r.room_category_id = \\"1784\\" AND r.object_id = 561 AND a.special_tariff_id = 143 AND h.meal_plan_id = 3')
 5 APPPATH\Controllers\Enquiry.php(6810): App\Models\Enquiry_m->getTourTariffDetails(6, '\\"1784\\"', 2, '143', '561', '3')
 6 SYSTEMPATH\CodeIgniter.php(933): App\Controllers\Enquiry->getTourTariffDetailsbydate()
 7 SYSTEMPATH\CodeIgniter.php(509): CodeIgniter\CodeIgniter->runController(Object(App\Controllers\Enquiry))
 8 SYSTEMPATH\CodeIgniter.php(355): CodeIgniter\CodeIgniter->handleRequest(null, Object(Config\Cache), false)
 9 SYSTEMPATH\Boot.php(334): CodeIgniter\CodeIgniter->run()
10 SYSTEMPATH\Boot.php(67): CodeIgniter\Boot::runCodeIgniter(Object(CodeIgniter\CodeIgniter))
11 FCPATH\index.php(56): CodeIgniter\Boot::bootWeb(Object(Config\Paths))
ERROR - 2025-11-15 18:54:10 --> mysqli_sql_exception: You have an error in your SQL syntax; check the manual that corresponds to your MySQL server version for the right syntax to use near '\"1942\" AND r.object_id = 2637 AND a.special_tariff_id = 1405 AND h.meal_plan_i' at line 1 in C:\wamp64\www\khm\system\Database\MySQLi\Connection.php:312
Stack trace:
#0 C:\wamp64\www\khm\system\Database\MySQLi\Connection.php(312): mysqli->query('SELECT a.tariff...', 0)
#1 C:\wamp64\www\khm\system\Database\BaseConnection.php(734): CodeIgniter\Database\MySQLi\Connection->execute('SELECT a.tariff...')
#2 C:\wamp64\www\khm\system\Database\BaseConnection.php(648): CodeIgniter\Database\BaseConnection->simpleQuery('SELECT a.tariff...')
#3 C:\wamp64\www\khm\app\Models\Enquiry_m.php(2698): CodeIgniter\Database\BaseConnection->query('SELECT a.tariff...')
#4 C:\wamp64\www\khm\app\Controllers\Enquiry.php(6810): App\Models\Enquiry_m->getTourTariffDetails(6, '\\"1942\\"', 2, '1405', '2637', '3')
#5 C:\wamp64\www\khm\system\CodeIgniter.php(933): App\Controllers\Enquiry->getTourTariffDetailsbydate()
#6 C:\wamp64\www\khm\system\CodeIgniter.php(509): CodeIgniter\CodeIgniter->runController(Object(App\Controllers\Enquiry))
#7 C:\wamp64\www\khm\system\CodeIgniter.php(355): CodeIgniter\CodeIgniter->handleRequest(NULL, Object(Config\Cache), false)
#8 C:\wamp64\www\khm\system\Boot.php(334): CodeIgniter\CodeIgniter->run()
#9 C:\wamp64\www\khm\system\Boot.php(67): CodeIgniter\Boot::runCodeIgniter(Object(CodeIgniter\CodeIgniter))
#10 C:\wamp64\www\khm\public\index.php(56): CodeIgniter\Boot::bootWeb(Object(Config\Paths))
#11 {main}
CRITICAL - 2025-11-15 18:54:10 --> CodeIgniter\Database\Exceptions\DatabaseException: You have an error in your SQL syntax; check the manual that corresponds to your MySQL server version for the right syntax to use near '\"1942\" AND r.object_id = 2637 AND a.special_tariff_id = 1405 AND h.meal_plan_i' at line 1
[Method: POST, Route: Enquiry/getTourTariffDetailsbydate]
in SYSTEMPATH\Database\BaseConnection.php on line 688.
 1 APPPATH\Models\Enquiry_m.php(2698): CodeIgniter\Database\BaseConnection->query('SELECT a.tariff FROM khm_obj_hotel_special_tariff a LEFT JOIN khm_obj_hotel_room_meal h ON h.hotel_room_meal_id = a.hotel_room_meal_id LEFT JOIN khm_obj_room r ON r.room_id = h.room_id WHERE r.room_type_id = 2 AND r.room_category_id = \\"1942\\" AND r.object_id = 2637 AND a.special_tariff_id = 1405 AND h.meal_plan_id = 3')
 2 APPPATH\Controllers\Enquiry.php(6810): App\Models\Enquiry_m->getTourTariffDetails(6, '\\"1942\\"', 2, '1405', '2637', '3')
 3 SYSTEMPATH\CodeIgniter.php(933): App\Controllers\Enquiry->getTourTariffDetailsbydate()
 4 SYSTEMPATH\CodeIgniter.php(509): CodeIgniter\CodeIgniter->runController(Object(App\Controllers\Enquiry))
 5 SYSTEMPATH\CodeIgniter.php(355): CodeIgniter\CodeIgniter->handleRequest(null, Object(Config\Cache), false)
 6 SYSTEMPATH\Boot.php(334): CodeIgniter\CodeIgniter->run()
 7 SYSTEMPATH\Boot.php(67): CodeIgniter\Boot::runCodeIgniter(Object(CodeIgniter\CodeIgniter))
 8 FCPATH\index.php(56): CodeIgniter\Boot::bootWeb(Object(Config\Paths))
CRITICAL - 2025-11-15 18:54:10 --> [Caused by] CodeIgniter\Database\Exceptions\DatabaseException: You have an error in your SQL syntax; check the manual that corresponds to your MySQL server version for the right syntax to use near '\"1942\" AND r.object_id = 2637 AND a.special_tariff_id = 1405 AND h.meal_plan_i' at line 1
in SYSTEMPATH\Database\MySQLi\Connection.php on line 317.
 1 SYSTEMPATH\Database\BaseConnection.php(734): CodeIgniter\Database\MySQLi\Connection->execute('SELECT a.tariff FROM khm_obj_hotel_special_tariff a LEFT JOIN khm_obj_hotel_room_meal h ON h.hotel_room_meal_id = a.hotel_room_meal_id LEFT JOIN khm_obj_room r ON r.room_id = h.room_id WHERE r.room_type_id = 2 AND r.room_category_id = \\"1942\\" AND r.object_id = 2637 AND a.special_tariff_id = 1405 AND h.meal_plan_id = 3')
 2 SYSTEMPATH\Database\BaseConnection.php(648): CodeIgniter\Database\BaseConnection->simpleQuery('SELECT a.tariff FROM khm_obj_hotel_special_tariff a LEFT JOIN khm_obj_hotel_room_meal h ON h.hotel_room_meal_id = a.hotel_room_meal_id LEFT JOIN khm_obj_room r ON r.room_id = h.room_id WHERE r.room_type_id = 2 AND r.room_category_id = \\"1942\\" AND r.object_id = 2637 AND a.special_tariff_id = 1405 AND h.meal_plan_id = 3')
 3 APPPATH\Models\Enquiry_m.php(2698): CodeIgniter\Database\BaseConnection->query('SELECT a.tariff FROM khm_obj_hotel_special_tariff a LEFT JOIN khm_obj_hotel_room_meal h ON h.hotel_room_meal_id = a.hotel_room_meal_id LEFT JOIN khm_obj_room r ON r.room_id = h.room_id WHERE r.room_type_id = 2 AND r.room_category_id = \\"1942\\" AND r.object_id = 2637 AND a.special_tariff_id = 1405 AND h.meal_plan_id = 3')
 4 APPPATH\Controllers\Enquiry.php(6810): App\Models\Enquiry_m->getTourTariffDetails(6, '\\"1942\\"', 2, '1405', '2637', '3')
 5 SYSTEMPATH\CodeIgniter.php(933): App\Controllers\Enquiry->getTourTariffDetailsbydate()
 6 SYSTEMPATH\CodeIgniter.php(509): CodeIgniter\CodeIgniter->runController(Object(App\Controllers\Enquiry))
 7 SYSTEMPATH\CodeIgniter.php(355): CodeIgniter\CodeIgniter->handleRequest(null, Object(Config\Cache), false)
 8 SYSTEMPATH\Boot.php(334): CodeIgniter\CodeIgniter->run()
 9 SYSTEMPATH\Boot.php(67): CodeIgniter\Boot::runCodeIgniter(Object(CodeIgniter\CodeIgniter))
10 FCPATH\index.php(56): CodeIgniter\Boot::bootWeb(Object(Config\Paths))
CRITICAL - 2025-11-15 18:54:10 --> [Caused by] mysqli_sql_exception: You have an error in your SQL syntax; check the manual that corresponds to your MySQL server version for the right syntax to use near '\"1942\" AND r.object_id = 2637 AND a.special_tariff_id = 1405 AND h.meal_plan_i' at line 1
in SYSTEMPATH\Database\MySQLi\Connection.php on line 312.
 1 SYSTEMPATH\Database\MySQLi\Connection.php(312): mysqli->query('SELECT a.tariff FROM khm_obj_hotel_special_tariff a LEFT JOIN khm_obj_hotel_room_meal h ON h.hotel_room_meal_id = a.hotel_room_meal_id LEFT JOIN khm_obj_room r ON r.room_id = h.room_id WHERE r.room_type_id = 2 AND r.room_category_id = \\"1942\\" AND r.object_id = 2637 AND a.special_tariff_id = 1405 AND h.meal_plan_id = 3', 0)
 2 SYSTEMPATH\Database\BaseConnection.php(734): CodeIgniter\Database\MySQLi\Connection->execute('SELECT a.tariff FROM khm_obj_hotel_special_tariff a LEFT JOIN khm_obj_hotel_room_meal h ON h.hotel_room_meal_id = a.hotel_room_meal_id LEFT JOIN khm_obj_room r ON r.room_id = h.room_id WHERE r.room_type_id = 2 AND r.room_category_id = \\"1942\\" AND r.object_id = 2637 AND a.special_tariff_id = 1405 AND h.meal_plan_id = 3')
 3 SYSTEMPATH\Database\BaseConnection.php(648): CodeIgniter\Database\BaseConnection->simpleQuery('SELECT a.tariff FROM khm_obj_hotel_special_tariff a LEFT JOIN khm_obj_hotel_room_meal h ON h.hotel_room_meal_id = a.hotel_room_meal_id LEFT JOIN khm_obj_room r ON r.room_id = h.room_id WHERE r.room_type_id = 2 AND r.room_category_id = \\"1942\\" AND r.object_id = 2637 AND a.special_tariff_id = 1405 AND h.meal_plan_id = 3')
 4 APPPATH\Models\Enquiry_m.php(2698): CodeIgniter\Database\BaseConnection->query('SELECT a.tariff FROM khm_obj_hotel_special_tariff a LEFT JOIN khm_obj_hotel_room_meal h ON h.hotel_room_meal_id = a.hotel_room_meal_id LEFT JOIN khm_obj_room r ON r.room_id = h.room_id WHERE r.room_type_id = 2 AND r.room_category_id = \\"1942\\" AND r.object_id = 2637 AND a.special_tariff_id = 1405 AND h.meal_plan_id = 3')
 5 APPPATH\Controllers\Enquiry.php(6810): App\Models\Enquiry_m->getTourTariffDetails(6, '\\"1942\\"', 2, '1405', '2637', '3')
 6 SYSTEMPATH\CodeIgniter.php(933): App\Controllers\Enquiry->getTourTariffDetailsbydate()
 7 SYSTEMPATH\CodeIgniter.php(509): CodeIgniter\CodeIgniter->runController(Object(App\Controllers\Enquiry))
 8 SYSTEMPATH\CodeIgniter.php(355): CodeIgniter\CodeIgniter->handleRequest(null, Object(Config\Cache), false)
 9 SYSTEMPATH\Boot.php(334): CodeIgniter\CodeIgniter->run()
10 SYSTEMPATH\Boot.php(67): CodeIgniter\Boot::runCodeIgniter(Object(CodeIgniter\CodeIgniter))
11 FCPATH\index.php(56): CodeIgniter\Boot::bootWeb(Object(Config\Paths))
ERROR - 2025-11-15 18:54:11 --> mysqli_sql_exception: You have an error in your SQL syntax; check the manual that corresponds to your MySQL server version for the right syntax to use near '\"2026\" AND r.object_id = 2637 AND a.special_tariff_id = 1405 AND h.meal_plan_i' at line 1 in C:\wamp64\www\khm\system\Database\MySQLi\Connection.php:312
Stack trace:
#0 C:\wamp64\www\khm\system\Database\MySQLi\Connection.php(312): mysqli->query('SELECT a.tariff...', 0)
#1 C:\wamp64\www\khm\system\Database\BaseConnection.php(734): CodeIgniter\Database\MySQLi\Connection->execute('SELECT a.tariff...')
#2 C:\wamp64\www\khm\system\Database\BaseConnection.php(648): CodeIgniter\Database\BaseConnection->simpleQuery('SELECT a.tariff...')
#3 C:\wamp64\www\khm\app\Models\Enquiry_m.php(2698): CodeIgniter\Database\BaseConnection->query('SELECT a.tariff...')
#4 C:\wamp64\www\khm\app\Controllers\Enquiry.php(6810): App\Models\Enquiry_m->getTourTariffDetails(6, '\\"2026\\"', 2, '1405', '2637', '3')
#5 C:\wamp64\www\khm\system\CodeIgniter.php(933): App\Controllers\Enquiry->getTourTariffDetailsbydate()
#6 C:\wamp64\www\khm\system\CodeIgniter.php(509): CodeIgniter\CodeIgniter->runController(Object(App\Controllers\Enquiry))
#7 C:\wamp64\www\khm\system\CodeIgniter.php(355): CodeIgniter\CodeIgniter->handleRequest(NULL, Object(Config\Cache), false)
#8 C:\wamp64\www\khm\system\Boot.php(334): CodeIgniter\CodeIgniter->run()
#9 C:\wamp64\www\khm\system\Boot.php(67): CodeIgniter\Boot::runCodeIgniter(Object(CodeIgniter\CodeIgniter))
#10 C:\wamp64\www\khm\public\index.php(56): CodeIgniter\Boot::bootWeb(Object(Config\Paths))
#11 {main}
CRITICAL - 2025-11-15 18:54:11 --> CodeIgniter\Database\Exceptions\DatabaseException: You have an error in your SQL syntax; check the manual that corresponds to your MySQL server version for the right syntax to use near '\"2026\" AND r.object_id = 2637 AND a.special_tariff_id = 1405 AND h.meal_plan_i' at line 1
[Method: POST, Route: Enquiry/getTourTariffDetailsbydate]
in SYSTEMPATH\Database\BaseConnection.php on line 688.
 1 APPPATH\Models\Enquiry_m.php(2698): CodeIgniter\Database\BaseConnection->query('SELECT a.tariff FROM khm_obj_hotel_special_tariff a LEFT JOIN khm_obj_hotel_room_meal h ON h.hotel_room_meal_id = a.hotel_room_meal_id LEFT JOIN khm_obj_room r ON r.room_id = h.room_id WHERE r.room_type_id = 2 AND r.room_category_id = \\"2026\\" AND r.object_id = 2637 AND a.special_tariff_id = 1405 AND h.meal_plan_id = 3')
 2 APPPATH\Controllers\Enquiry.php(6810): App\Models\Enquiry_m->getTourTariffDetails(6, '\\"2026\\"', 2, '1405', '2637', '3')
 3 SYSTEMPATH\CodeIgniter.php(933): App\Controllers\Enquiry->getTourTariffDetailsbydate()
 4 SYSTEMPATH\CodeIgniter.php(509): CodeIgniter\CodeIgniter->runController(Object(App\Controllers\Enquiry))
 5 SYSTEMPATH\CodeIgniter.php(355): CodeIgniter\CodeIgniter->handleRequest(null, Object(Config\Cache), false)
 6 SYSTEMPATH\Boot.php(334): CodeIgniter\CodeIgniter->run()
 7 SYSTEMPATH\Boot.php(67): CodeIgniter\Boot::runCodeIgniter(Object(CodeIgniter\CodeIgniter))
 8 FCPATH\index.php(56): CodeIgniter\Boot::bootWeb(Object(Config\Paths))
CRITICAL - 2025-11-15 18:54:11 --> [Caused by] CodeIgniter\Database\Exceptions\DatabaseException: You have an error in your SQL syntax; check the manual that corresponds to your MySQL server version for the right syntax to use near '\"2026\" AND r.object_id = 2637 AND a.special_tariff_id = 1405 AND h.meal_plan_i' at line 1
in SYSTEMPATH\Database\MySQLi\Connection.php on line 317.
 1 SYSTEMPATH\Database\BaseConnection.php(734): CodeIgniter\Database\MySQLi\Connection->execute('SELECT a.tariff FROM khm_obj_hotel_special_tariff a LEFT JOIN khm_obj_hotel_room_meal h ON h.hotel_room_meal_id = a.hotel_room_meal_id LEFT JOIN khm_obj_room r ON r.room_id = h.room_id WHERE r.room_type_id = 2 AND r.room_category_id = \\"2026\\" AND r.object_id = 2637 AND a.special_tariff_id = 1405 AND h.meal_plan_id = 3')
 2 SYSTEMPATH\Database\BaseConnection.php(648): CodeIgniter\Database\BaseConnection->simpleQuery('SELECT a.tariff FROM khm_obj_hotel_special_tariff a LEFT JOIN khm_obj_hotel_room_meal h ON h.hotel_room_meal_id = a.hotel_room_meal_id LEFT JOIN khm_obj_room r ON r.room_id = h.room_id WHERE r.room_type_id = 2 AND r.room_category_id = \\"2026\\" AND r.object_id = 2637 AND a.special_tariff_id = 1405 AND h.meal_plan_id = 3')
 3 APPPATH\Models\Enquiry_m.php(2698): CodeIgniter\Database\BaseConnection->query('SELECT a.tariff FROM khm_obj_hotel_special_tariff a LEFT JOIN khm_obj_hotel_room_meal h ON h.hotel_room_meal_id = a.hotel_room_meal_id LEFT JOIN khm_obj_room r ON r.room_id = h.room_id WHERE r.room_type_id = 2 AND r.room_category_id = \\"2026\\" AND r.object_id = 2637 AND a.special_tariff_id = 1405 AND h.meal_plan_id = 3')
 4 APPPATH\Controllers\Enquiry.php(6810): App\Models\Enquiry_m->getTourTariffDetails(6, '\\"2026\\"', 2, '1405', '2637', '3')
 5 SYSTEMPATH\CodeIgniter.php(933): App\Controllers\Enquiry->getTourTariffDetailsbydate()
 6 SYSTEMPATH\CodeIgniter.php(509): CodeIgniter\CodeIgniter->runController(Object(App\Controllers\Enquiry))
 7 SYSTEMPATH\CodeIgniter.php(355): CodeIgniter\CodeIgniter->handleRequest(null, Object(Config\Cache), false)
 8 SYSTEMPATH\Boot.php(334): CodeIgniter\CodeIgniter->run()
 9 SYSTEMPATH\Boot.php(67): CodeIgniter\Boot::runCodeIgniter(Object(CodeIgniter\CodeIgniter))
10 FCPATH\index.php(56): CodeIgniter\Boot::bootWeb(Object(Config\Paths))
CRITICAL - 2025-11-15 18:54:11 --> [Caused by] mysqli_sql_exception: You have an error in your SQL syntax; check the manual that corresponds to your MySQL server version for the right syntax to use near '\"2026\" AND r.object_id = 2637 AND a.special_tariff_id = 1405 AND h.meal_plan_i' at line 1
in SYSTEMPATH\Database\MySQLi\Connection.php on line 312.
 1 SYSTEMPATH\Database\MySQLi\Connection.php(312): mysqli->query('SELECT a.tariff FROM khm_obj_hotel_special_tariff a LEFT JOIN khm_obj_hotel_room_meal h ON h.hotel_room_meal_id = a.hotel_room_meal_id LEFT JOIN khm_obj_room r ON r.room_id = h.room_id WHERE r.room_type_id = 2 AND r.room_category_id = \\"2026\\" AND r.object_id = 2637 AND a.special_tariff_id = 1405 AND h.meal_plan_id = 3', 0)
 2 SYSTEMPATH\Database\BaseConnection.php(734): CodeIgniter\Database\MySQLi\Connection->execute('SELECT a.tariff FROM khm_obj_hotel_special_tariff a LEFT JOIN khm_obj_hotel_room_meal h ON h.hotel_room_meal_id = a.hotel_room_meal_id LEFT JOIN khm_obj_room r ON r.room_id = h.room_id WHERE r.room_type_id = 2 AND r.room_category_id = \\"2026\\" AND r.object_id = 2637 AND a.special_tariff_id = 1405 AND h.meal_plan_id = 3')
 3 SYSTEMPATH\Database\BaseConnection.php(648): CodeIgniter\Database\BaseConnection->simpleQuery('SELECT a.tariff FROM khm_obj_hotel_special_tariff a LEFT JOIN khm_obj_hotel_room_meal h ON h.hotel_room_meal_id = a.hotel_room_meal_id LEFT JOIN khm_obj_room r ON r.room_id = h.room_id WHERE r.room_type_id = 2 AND r.room_category_id = \\"2026\\" AND r.object_id = 2637 AND a.special_tariff_id = 1405 AND h.meal_plan_id = 3')
 4 APPPATH\Models\Enquiry_m.php(2698): CodeIgniter\Database\BaseConnection->query('SELECT a.tariff FROM khm_obj_hotel_special_tariff a LEFT JOIN khm_obj_hotel_room_meal h ON h.hotel_room_meal_id = a.hotel_room_meal_id LEFT JOIN khm_obj_room r ON r.room_id = h.room_id WHERE r.room_type_id = 2 AND r.room_category_id = \\"2026\\" AND r.object_id = 2637 AND a.special_tariff_id = 1405 AND h.meal_plan_id = 3')
 5 APPPATH\Controllers\Enquiry.php(6810): App\Models\Enquiry_m->getTourTariffDetails(6, '\\"2026\\"', 2, '1405', '2637', '3')
 6 SYSTEMPATH\CodeIgniter.php(933): App\Controllers\Enquiry->getTourTariffDetailsbydate()
 7 SYSTEMPATH\CodeIgniter.php(509): CodeIgniter\CodeIgniter->runController(Object(App\Controllers\Enquiry))
 8 SYSTEMPATH\CodeIgniter.php(355): CodeIgniter\CodeIgniter->handleRequest(null, Object(Config\Cache), false)
 9 SYSTEMPATH\Boot.php(334): CodeIgniter\CodeIgniter->run()
10 SYSTEMPATH\Boot.php(67): CodeIgniter\Boot::runCodeIgniter(Object(CodeIgniter\CodeIgniter))
11 FCPATH\index.php(56): CodeIgniter\Boot::bootWeb(Object(Config\Paths))
ERROR - 2025-11-15 18:54:14 --> mysqli_sql_exception: You have an error in your SQL syntax; check the manual that corresponds to your MySQL server version for the right syntax to use near '\"\" AND r.object_id = 2637 AND a.special_tariff_id = 1405 AND h.meal_plan_id = ' at line 1 in C:\wamp64\www\khm\system\Database\MySQLi\Connection.php:312
Stack trace:
#0 C:\wamp64\www\khm\system\Database\MySQLi\Connection.php(312): mysqli->query('SELECT a.tariff...', 0)
#1 C:\wamp64\www\khm\system\Database\BaseConnection.php(734): CodeIgniter\Database\MySQLi\Connection->execute('SELECT a.tariff...')
#2 C:\wamp64\www\khm\system\Database\BaseConnection.php(648): CodeIgniter\Database\BaseConnection->simpleQuery('SELECT a.tariff...')
#3 C:\wamp64\www\khm\app\Models\Enquiry_m.php(2698): CodeIgniter\Database\BaseConnection->query('SELECT a.tariff...')
#4 C:\wamp64\www\khm\app\Controllers\Enquiry.php(6810): App\Models\Enquiry_m->getTourTariffDetails(6, '\\"\\"', 2, '1405', '2637', '3')
#5 C:\wamp64\www\khm\system\CodeIgniter.php(933): App\Controllers\Enquiry->getTourTariffDetailsbydate()
#6 C:\wamp64\www\khm\system\CodeIgniter.php(509): CodeIgniter\CodeIgniter->runController(Object(App\Controllers\Enquiry))
#7 C:\wamp64\www\khm\system\CodeIgniter.php(355): CodeIgniter\CodeIgniter->handleRequest(NULL, Object(Config\Cache), false)
#8 C:\wamp64\www\khm\system\Boot.php(334): CodeIgniter\CodeIgniter->run()
#9 C:\wamp64\www\khm\system\Boot.php(67): CodeIgniter\Boot::runCodeIgniter(Object(CodeIgniter\CodeIgniter))
#10 C:\wamp64\www\khm\public\index.php(56): CodeIgniter\Boot::bootWeb(Object(Config\Paths))
#11 {main}
CRITICAL - 2025-11-15 18:54:14 --> CodeIgniter\Database\Exceptions\DatabaseException: You have an error in your SQL syntax; check the manual that corresponds to your MySQL server version for the right syntax to use near '\"\" AND r.object_id = 2637 AND a.special_tariff_id = 1405 AND h.meal_plan_id = ' at line 1
[Method: POST, Route: Enquiry/getTourTariffDetailsbydate]
in SYSTEMPATH\Database\BaseConnection.php on line 688.
 1 APPPATH\Models\Enquiry_m.php(2698): CodeIgniter\Database\BaseConnection->query('SELECT a.tariff FROM khm_obj_hotel_special_tariff a LEFT JOIN khm_obj_hotel_room_meal h ON h.hotel_room_meal_id = a.hotel_room_meal_id LEFT JOIN khm_obj_room r ON r.room_id = h.room_id WHERE r.room_type_id = 2 AND r.room_category_id = \\"\\" AND r.object_id = 2637 AND a.special_tariff_id = 1405 AND h.meal_plan_id = 3')
 2 APPPATH\Controllers\Enquiry.php(6810): App\Models\Enquiry_m->getTourTariffDetails(6, '\\"\\"', 2, '1405', '2637', '3')
 3 SYSTEMPATH\CodeIgniter.php(933): App\Controllers\Enquiry->getTourTariffDetailsbydate()
 4 SYSTEMPATH\CodeIgniter.php(509): CodeIgniter\CodeIgniter->runController(Object(App\Controllers\Enquiry))
 5 SYSTEMPATH\CodeIgniter.php(355): CodeIgniter\CodeIgniter->handleRequest(null, Object(Config\Cache), false)
 6 SYSTEMPATH\Boot.php(334): CodeIgniter\CodeIgniter->run()
 7 SYSTEMPATH\Boot.php(67): CodeIgniter\Boot::runCodeIgniter(Object(CodeIgniter\CodeIgniter))
 8 FCPATH\index.php(56): CodeIgniter\Boot::bootWeb(Object(Config\Paths))
CRITICAL - 2025-11-15 18:54:14 --> [Caused by] CodeIgniter\Database\Exceptions\DatabaseException: You have an error in your SQL syntax; check the manual that corresponds to your MySQL server version for the right syntax to use near '\"\" AND r.object_id = 2637 AND a.special_tariff_id = 1405 AND h.meal_plan_id = ' at line 1
in SYSTEMPATH\Database\MySQLi\Connection.php on line 317.
 1 SYSTEMPATH\Database\BaseConnection.php(734): CodeIgniter\Database\MySQLi\Connection->execute('SELECT a.tariff FROM khm_obj_hotel_special_tariff a LEFT JOIN khm_obj_hotel_room_meal h ON h.hotel_room_meal_id = a.hotel_room_meal_id LEFT JOIN khm_obj_room r ON r.room_id = h.room_id WHERE r.room_type_id = 2 AND r.room_category_id = \\"\\" AND r.object_id = 2637 AND a.special_tariff_id = 1405 AND h.meal_plan_id = 3')
 2 SYSTEMPATH\Database\BaseConnection.php(648): CodeIgniter\Database\BaseConnection->simpleQuery('SELECT a.tariff FROM khm_obj_hotel_special_tariff a LEFT JOIN khm_obj_hotel_room_meal h ON h.hotel_room_meal_id = a.hotel_room_meal_id LEFT JOIN khm_obj_room r ON r.room_id = h.room_id WHERE r.room_type_id = 2 AND r.room_category_id = \\"\\" AND r.object_id = 2637 AND a.special_tariff_id = 1405 AND h.meal_plan_id = 3')
 3 APPPATH\Models\Enquiry_m.php(2698): CodeIgniter\Database\BaseConnection->query('SELECT a.tariff FROM khm_obj_hotel_special_tariff a LEFT JOIN khm_obj_hotel_room_meal h ON h.hotel_room_meal_id = a.hotel_room_meal_id LEFT JOIN khm_obj_room r ON r.room_id = h.room_id WHERE r.room_type_id = 2 AND r.room_category_id = \\"\\" AND r.object_id = 2637 AND a.special_tariff_id = 1405 AND h.meal_plan_id = 3')
 4 APPPATH\Controllers\Enquiry.php(6810): App\Models\Enquiry_m->getTourTariffDetails(6, '\\"\\"', 2, '1405', '2637', '3')
 5 SYSTEMPATH\CodeIgniter.php(933): App\Controllers\Enquiry->getTourTariffDetailsbydate()
 6 SYSTEMPATH\CodeIgniter.php(509): CodeIgniter\CodeIgniter->runController(Object(App\Controllers\Enquiry))
 7 SYSTEMPATH\CodeIgniter.php(355): CodeIgniter\CodeIgniter->handleRequest(null, Object(Config\Cache), false)
 8 SYSTEMPATH\Boot.php(334): CodeIgniter\CodeIgniter->run()
 9 SYSTEMPATH\Boot.php(67): CodeIgniter\Boot::runCodeIgniter(Object(CodeIgniter\CodeIgniter))
10 FCPATH\index.php(56): CodeIgniter\Boot::bootWeb(Object(Config\Paths))
CRITICAL - 2025-11-15 18:54:14 --> [Caused by] mysqli_sql_exception: You have an error in your SQL syntax; check the manual that corresponds to your MySQL server version for the right syntax to use near '\"\" AND r.object_id = 2637 AND a.special_tariff_id = 1405 AND h.meal_plan_id = ' at line 1
in SYSTEMPATH\Database\MySQLi\Connection.php on line 312.
 1 SYSTEMPATH\Database\MySQLi\Connection.php(312): mysqli->query('SELECT a.tariff FROM khm_obj_hotel_special_tariff a LEFT JOIN khm_obj_hotel_room_meal h ON h.hotel_room_meal_id = a.hotel_room_meal_id LEFT JOIN khm_obj_room r ON r.room_id = h.room_id WHERE r.room_type_id = 2 AND r.room_category_id = \\"\\" AND r.object_id = 2637 AND a.special_tariff_id = 1405 AND h.meal_plan_id = 3', 0)
 2 SYSTEMPATH\Database\BaseConnection.php(734): CodeIgniter\Database\MySQLi\Connection->execute('SELECT a.tariff FROM khm_obj_hotel_special_tariff a LEFT JOIN khm_obj_hotel_room_meal h ON h.hotel_room_meal_id = a.hotel_room_meal_id LEFT JOIN khm_obj_room r ON r.room_id = h.room_id WHERE r.room_type_id = 2 AND r.room_category_id = \\"\\" AND r.object_id = 2637 AND a.special_tariff_id = 1405 AND h.meal_plan_id = 3')
 3 SYSTEMPATH\Database\BaseConnection.php(648): CodeIgniter\Database\BaseConnection->simpleQuery('SELECT a.tariff FROM khm_obj_hotel_special_tariff a LEFT JOIN khm_obj_hotel_room_meal h ON h.hotel_room_meal_id = a.hotel_room_meal_id LEFT JOIN khm_obj_room r ON r.room_id = h.room_id WHERE r.room_type_id = 2 AND r.room_category_id = \\"\\" AND r.object_id = 2637 AND a.special_tariff_id = 1405 AND h.meal_plan_id = 3')
 4 APPPATH\Models\Enquiry_m.php(2698): CodeIgniter\Database\BaseConnection->query('SELECT a.tariff FROM khm_obj_hotel_special_tariff a LEFT JOIN khm_obj_hotel_room_meal h ON h.hotel_room_meal_id = a.hotel_room_meal_id LEFT JOIN khm_obj_room r ON r.room_id = h.room_id WHERE r.room_type_id = 2 AND r.room_category_id = \\"\\" AND r.object_id = 2637 AND a.special_tariff_id = 1405 AND h.meal_plan_id = 3')
 5 APPPATH\Controllers\Enquiry.php(6810): App\Models\Enquiry_m->getTourTariffDetails(6, '\\"\\"', 2, '1405', '2637', '3')
 6 SYSTEMPATH\CodeIgniter.php(933): App\Controllers\Enquiry->getTourTariffDetailsbydate()
 7 SYSTEMPATH\CodeIgniter.php(509): CodeIgniter\CodeIgniter->runController(Object(App\Controllers\Enquiry))
 8 SYSTEMPATH\CodeIgniter.php(355): CodeIgniter\CodeIgniter->handleRequest(null, Object(Config\Cache), false)
 9 SYSTEMPATH\Boot.php(334): CodeIgniter\CodeIgniter->run()
10 SYSTEMPATH\Boot.php(67): CodeIgniter\Boot::runCodeIgniter(Object(CodeIgniter\CodeIgniter))
11 FCPATH\index.php(56): CodeIgniter\Boot::bootWeb(Object(Config\Paths))
CRITICAL - 2025-11-15 20:29:49 --> ErrorException: Undefined array key 0
[Method: GET, Route: Dashboard/add_object/assets/plugins/bootstrap-colorpicker/bootstrap-colorpicker.min.css]
in APPPATH\Controllers\Dashboard.php on line 1288.
 1 APPPATH\Controllers\Dashboard.php(1288): CodeIgniter\Debug\Exceptions->errorHandler(2, 'Undefined array key 0', 'C:\\wamp64\\www\\khm\\app\\Controllers\\Dashboard.php', 1288)
 2 SYSTEMPATH\CodeIgniter.php(933): App\Controllers\Dashboard->add_object('assets', 'plugins', 'bootstrap-colorpicker', 'bootstrap-colorpicker.min.css')
 3 SYSTEMPATH\CodeIgniter.php(509): CodeIgniter\CodeIgniter->runController(Object(App\Controllers\Dashboard))
 4 SYSTEMPATH\CodeIgniter.php(355): CodeIgniter\CodeIgniter->handleRequest(null, Object(Config\Cache), false)
 5 SYSTEMPATH\Boot.php(334): CodeIgniter\CodeIgniter->run()
 6 SYSTEMPATH\Boot.php(67): CodeIgniter\Boot::runCodeIgniter(Object(CodeIgniter\CodeIgniter))
 7 FCPATH\index.php(56): CodeIgniter\Boot::bootWeb(Object(Config\Paths))
CRITICAL - 2025-11-15 20:29:49 --> ErrorException: Undefined array key 0
[Method: GET, Route: Dashboard/add_object/assets/plugins/datatable/dataTables.bootstrap4.min.css]
in APPPATH\Controllers\Dashboard.php on line 1288.
 1 APPPATH\Controllers\Dashboard.php(1288): CodeIgniter\Debug\Exceptions->errorHandler(2, 'Undefined array key 0', 'C:\\wamp64\\www\\khm\\app\\Controllers\\Dashboard.php', 1288)
 2 SYSTEMPATH\CodeIgniter.php(933): App\Controllers\Dashboard->add_object('assets', 'plugins', 'datatable', 'dataTables.bootstrap4.min.css')
 3 SYSTEMPATH\CodeIgniter.php(509): CodeIgniter\CodeIgniter->runController(Object(App\Controllers\Dashboard))
 4 SYSTEMPATH\CodeIgniter.php(355): CodeIgniter\CodeIgniter->handleRequest(null, Object(Config\Cache), false)
 5 SYSTEMPATH\Boot.php(334): CodeIgniter\CodeIgniter->run()
 6 SYSTEMPATH\Boot.php(67): CodeIgniter\Boot::runCodeIgniter(Object(CodeIgniter\CodeIgniter))
 7 FCPATH\index.php(56): CodeIgniter\Boot::bootWeb(Object(Config\Paths))
CRITICAL - 2025-11-15 20:29:49 --> ErrorException: Undefined array key 0
[Method: GET, Route: Dashboard/add_object/assets/plugins/sidemenu-responsive-tabs/css/sidemenu-responsive-tabs.css]
in APPPATH\Controllers\Dashboard.php on line 1288.
 1 APPPATH\Controllers\Dashboard.php(1288): CodeIgniter\Debug\Exceptions->errorHandler(2, 'Undefined array key 0', 'C:\\wamp64\\www\\khm\\app\\Controllers\\Dashboard.php', 1288)
 2 SYSTEMPATH\CodeIgniter.php(933): App\Controllers\Dashboard->add_object('assets', 'plugins', 'sidemenu-responsive-tabs', 'css', 'sidemenu-responsive-tabs.css')
 3 SYSTEMPATH\CodeIgniter.php(509): CodeIgniter\CodeIgniter->runController(Object(App\Controllers\Dashboard))
 4 SYSTEMPATH\CodeIgniter.php(355): CodeIgniter\CodeIgniter->handleRequest(null, Object(Config\Cache), false)
 5 SYSTEMPATH\Boot.php(334): CodeIgniter\CodeIgniter->run()
 6 SYSTEMPATH\Boot.php(67): CodeIgniter\Boot::runCodeIgniter(Object(CodeIgniter\CodeIgniter))
 7 FCPATH\index.php(56): CodeIgniter\Boot::bootWeb(Object(Config\Paths))
CRITICAL - 2025-11-15 20:29:49 --> ErrorException: Undefined array key 0
[Method: GET, Route: Dashboard/add_object/assets/plugins/select2/select2.min.css]
in APPPATH\Controllers\Dashboard.php on line 1288.
 1 APPPATH\Controllers\Dashboard.php(1288): CodeIgniter\Debug\Exceptions->errorHandler(2, 'Undefined array key 0', 'C:\\wamp64\\www\\khm\\app\\Controllers\\Dashboard.php', 1288)
 2 SYSTEMPATH\CodeIgniter.php(933): App\Controllers\Dashboard->add_object('assets', 'plugins', 'select2', 'select2.min.css')
 3 SYSTEMPATH\CodeIgniter.php(509): CodeIgniter\CodeIgniter->runController(Object(App\Controllers\Dashboard))
 4 SYSTEMPATH\CodeIgniter.php(355): CodeIgniter\CodeIgniter->handleRequest(null, Object(Config\Cache), false)
 5 SYSTEMPATH\Boot.php(334): CodeIgniter\CodeIgniter->run()
 6 SYSTEMPATH\Boot.php(67): CodeIgniter\Boot::runCodeIgniter(Object(CodeIgniter\CodeIgniter))
 7 FCPATH\index.php(56): CodeIgniter\Boot::bootWeb(Object(Config\Paths))
CRITICAL - 2025-11-15 20:29:49 --> ErrorException: Undefined array key 0
[Method: GET, Route: Dashboard/add_object/assets/plugins/date-picker/date-picker.css]
in APPPATH\Controllers\Dashboard.php on line 1288.
 1 APPPATH\Controllers\Dashboard.php(1288): CodeIgniter\Debug\Exceptions->errorHandler(2, 'Undefined array key 0', 'C:\\wamp64\\www\\khm\\app\\Controllers\\Dashboard.php', 1288)
 2 SYSTEMPATH\CodeIgniter.php(933): App\Controllers\Dashboard->add_object('assets', 'plugins', 'date-picker', 'date-picker.css')
 3 SYSTEMPATH\CodeIgniter.php(509): CodeIgniter\CodeIgniter->runController(Object(App\Controllers\Dashboard))
 4 SYSTEMPATH\CodeIgniter.php(355): CodeIgniter\CodeIgniter->handleRequest(null, Object(Config\Cache), false)
 5 SYSTEMPATH\Boot.php(334): CodeIgniter\CodeIgniter->run()
 6 SYSTEMPATH\Boot.php(67): CodeIgniter\Boot::runCodeIgniter(Object(CodeIgniter\CodeIgniter))
 7 FCPATH\index.php(56): CodeIgniter\Boot::bootWeb(Object(Config\Paths))
CRITICAL - 2025-11-15 20:29:49 --> ErrorException: Undefined array key 0
[Method: GET, Route: Dashboard/add_object/assets/plugins/time-picker/jquery.timepicker.css]
in APPPATH\Controllers\Dashboard.php on line 1288.
 1 APPPATH\Controllers\Dashboard.php(1288): CodeIgniter\Debug\Exceptions->errorHandler(2, 'Undefined array key 0', 'C:\\wamp64\\www\\khm\\app\\Controllers\\Dashboard.php', 1288)
 2 SYSTEMPATH\CodeIgniter.php(933): App\Controllers\Dashboard->add_object('assets', 'plugins', 'time-picker', 'jquery.timepicker.css')
 3 SYSTEMPATH\CodeIgniter.php(509): CodeIgniter\CodeIgniter->runController(Object(App\Controllers\Dashboard))
 4 SYSTEMPATH\CodeIgniter.php(355): CodeIgniter\CodeIgniter->handleRequest(null, Object(Config\Cache), false)
 5 SYSTEMPATH\Boot.php(334): CodeIgniter\CodeIgniter->run()
 6 SYSTEMPATH\Boot.php(67): CodeIgniter\Boot::runCodeIgniter(Object(CodeIgniter\CodeIgniter))
 7 FCPATH\index.php(56): CodeIgniter\Boot::bootWeb(Object(Config\Paths))
CRITICAL - 2025-11-15 20:29:49 --> ErrorException: Undefined array key 0
[Method: GET, Route: Dashboard/add_object/assets/plugins/multipleselect/multiple-select.css]
in APPPATH\Controllers\Dashboard.php on line 1288.
 1 APPPATH\Controllers\Dashboard.php(1288): CodeIgniter\Debug\Exceptions->errorHandler(2, 'Undefined array key 0', 'C:\\wamp64\\www\\khm\\app\\Controllers\\Dashboard.php', 1288)
 2 SYSTEMPATH\CodeIgniter.php(933): App\Controllers\Dashboard->add_object('assets', 'plugins', 'multipleselect', 'multiple-select.css')
 3 SYSTEMPATH\CodeIgniter.php(509): CodeIgniter\CodeIgniter->runController(Object(App\Controllers\Dashboard))
 4 SYSTEMPATH\CodeIgniter.php(355): CodeIgniter\CodeIgniter->handleRequest(null, Object(Config\Cache), false)
 5 SYSTEMPATH\Boot.php(334): CodeIgniter\CodeIgniter->run()
 6 SYSTEMPATH\Boot.php(67): CodeIgniter\Boot::runCodeIgniter(Object(CodeIgniter\CodeIgniter))
 7 FCPATH\index.php(56): CodeIgniter\Boot::bootWeb(Object(Config\Paths))
CRITICAL - 2025-11-15 20:29:49 --> ErrorException: Undefined array key 0
[Method: GET, Route: Dashboard/add_object/assets/plugins/fileuploads/css/dropify.css]
in APPPATH\Controllers\Dashboard.php on line 1288.
 1 APPPATH\Controllers\Dashboard.php(1288): CodeIgniter\Debug\Exceptions->errorHandler(2, 'Undefined array key 0', 'C:\\wamp64\\www\\khm\\app\\Controllers\\Dashboard.php', 1288)
 2 SYSTEMPATH\CodeIgniter.php(933): App\Controllers\Dashboard->add_object('assets', 'plugins', 'fileuploads', 'css', 'dropify.css')
 3 SYSTEMPATH\CodeIgniter.php(509): CodeIgniter\CodeIgniter->runController(Object(App\Controllers\Dashboard))
 4 SYSTEMPATH\CodeIgniter.php(355): CodeIgniter\CodeIgniter->handleRequest(null, Object(Config\Cache), false)
 5 SYSTEMPATH\Boot.php(334): CodeIgniter\CodeIgniter->run()
 6 SYSTEMPATH\Boot.php(67): CodeIgniter\Boot::runCodeIgniter(Object(CodeIgniter\CodeIgniter))
 7 FCPATH\index.php(56): CodeIgniter\Boot::bootWeb(Object(Config\Paths))
CRITICAL - 2025-11-15 20:29:49 --> ErrorException: Undefined array key 0
[Method: GET, Route: Dashboard/add_object/assets/plugins/jquery-nice-select/css/nice-select.css]
in APPPATH\Controllers\Dashboard.php on line 1288.
 1 APPPATH\Controllers\Dashboard.php(1288): CodeIgniter\Debug\Exceptions->errorHandler(2, 'Undefined array key 0', 'C:\\wamp64\\www\\khm\\app\\Controllers\\Dashboard.php', 1288)
 2 SYSTEMPATH\CodeIgniter.php(933): App\Controllers\Dashboard->add_object('assets', 'plugins', 'jquery-nice-select', 'css', 'nice-select.css')
 3 SYSTEMPATH\CodeIgniter.php(509): CodeIgniter\CodeIgniter->runController(Object(App\Controllers\Dashboard))
 4 SYSTEMPATH\CodeIgniter.php(355): CodeIgniter\CodeIgniter->handleRequest(null, Object(Config\Cache), false)
 5 SYSTEMPATH\Boot.php(334): CodeIgniter\CodeIgniter->run()
 6 SYSTEMPATH\Boot.php(67): CodeIgniter\Boot::runCodeIgniter(Object(CodeIgniter\CodeIgniter))
 7 FCPATH\index.php(56): CodeIgniter\Boot::bootWeb(Object(Config\Paths))
CRITICAL - 2025-11-15 20:29:49 --> ErrorException: Undefined array key 0
[Method: GET, Route: Dashboard/add_object/assets/plugins/datatable/jquery.dataTables.min.js]
in APPPATH\Controllers\Dashboard.php on line 1288.
 1 APPPATH\Controllers\Dashboard.php(1288): CodeIgniter\Debug\Exceptions->errorHandler(2, 'Undefined array key 0', 'C:\\wamp64\\www\\khm\\app\\Controllers\\Dashboard.php', 1288)
 2 SYSTEMPATH\CodeIgniter.php(933): App\Controllers\Dashboard->add_object('assets', 'plugins', 'datatable', 'jquery.dataTables.min.js')
 3 SYSTEMPATH\CodeIgniter.php(509): CodeIgniter\CodeIgniter->runController(Object(App\Controllers\Dashboard))
 4 SYSTEMPATH\CodeIgniter.php(355): CodeIgniter\CodeIgniter->handleRequest(null, Object(Config\Cache), false)
 5 SYSTEMPATH\Boot.php(334): CodeIgniter\CodeIgniter->run()
 6 SYSTEMPATH\Boot.php(67): CodeIgniter\Boot::runCodeIgniter(Object(CodeIgniter\CodeIgniter))
 7 FCPATH\index.php(56): CodeIgniter\Boot::bootWeb(Object(Config\Paths))
CRITICAL - 2025-11-15 20:29:49 --> ErrorException: Undefined array key 0
[Method: GET, Route: Dashboard/add_object/assets/plugins/datatable/dataTables.bootstrap4.min.js]
in APPPATH\Controllers\Dashboard.php on line 1288.
 1 APPPATH\Controllers\Dashboard.php(1288): CodeIgniter\Debug\Exceptions->errorHandler(2, 'Undefined array key 0', 'C:\\wamp64\\www\\khm\\app\\Controllers\\Dashboard.php', 1288)
 2 SYSTEMPATH\CodeIgniter.php(933): App\Controllers\Dashboard->add_object('assets', 'plugins', 'datatable', 'dataTables.bootstrap4.min.js')
 3 SYSTEMPATH\CodeIgniter.php(509): CodeIgniter\CodeIgniter->runController(Object(App\Controllers\Dashboard))
 4 SYSTEMPATH\CodeIgniter.php(355): CodeIgniter\CodeIgniter->handleRequest(null, Object(Config\Cache), false)
 5 SYSTEMPATH\Boot.php(334): CodeIgniter\CodeIgniter->run()
 6 SYSTEMPATH\Boot.php(67): CodeIgniter\Boot::runCodeIgniter(Object(CodeIgniter\CodeIgniter))
 7 FCPATH\index.php(56): CodeIgniter\Boot::bootWeb(Object(Config\Paths))
CRITICAL - 2025-11-15 20:29:49 --> ErrorException: Undefined array key 0
[Method: GET, Route: Dashboard/add_object/assets/plugins/datatable/datatable.js]
in APPPATH\Controllers\Dashboard.php on line 1288.
 1 APPPATH\Controllers\Dashboard.php(1288): CodeIgniter\Debug\Exceptions->errorHandler(2, 'Undefined array key 0', 'C:\\wamp64\\www\\khm\\app\\Controllers\\Dashboard.php', 1288)
 2 SYSTEMPATH\CodeIgniter.php(933): App\Controllers\Dashboard->add_object('assets', 'plugins', 'datatable', 'datatable.js')
 3 SYSTEMPATH\CodeIgniter.php(509): CodeIgniter\CodeIgniter->runController(Object(App\Controllers\Dashboard))
 4 SYSTEMPATH\CodeIgniter.php(355): CodeIgniter\CodeIgniter->handleRequest(null, Object(Config\Cache), false)
 5 SYSTEMPATH\Boot.php(334): CodeIgniter\CodeIgniter->run()
 6 SYSTEMPATH\Boot.php(67): CodeIgniter\Boot::runCodeIgniter(Object(CodeIgniter\CodeIgniter))
 7 FCPATH\index.php(56): CodeIgniter\Boot::bootWeb(Object(Config\Paths))
CRITICAL - 2025-11-15 20:37:56 --> ErrorException: Undefined array key "boolean_value"
[Method: POST, Route: Enquiry/getTourRoomCategoryDraft]
in APPPATH\Models\Enquiry_m.php on line 715.
 1 APPPATH\Models\Enquiry_m.php(715): CodeIgniter\Debug\Exceptions->errorHandler(2, 'Undefined array key "boolean_value"', 'C:\\wamp64\\www\\khm\\app\\Models\\Enquiry_m.php', 715)
 2 APPPATH\Controllers\Enquiry.php(942): App\Models\Enquiry_m->getTourRoomCategoryDraft('1502', '3116', '3', '3')
 3 SYSTEMPATH\CodeIgniter.php(933): App\Controllers\Enquiry->getTourRoomCategoryDraft()
 4 SYSTEMPATH\CodeIgniter.php(509): CodeIgniter\CodeIgniter->runController(Object(App\Controllers\Enquiry))
 5 SYSTEMPATH\CodeIgniter.php(355): CodeIgniter\CodeIgniter->handleRequest(null, Object(Config\Cache), false)
 6 SYSTEMPATH\Boot.php(334): CodeIgniter\CodeIgniter->run()
 7 SYSTEMPATH\Boot.php(67): CodeIgniter\Boot::runCodeIgniter(Object(CodeIgniter\CodeIgniter))
 8 FCPATH\index.php(56): CodeIgniter\Boot::bootWeb(Object(Config\Paths))
CRITICAL - 2025-11-15 20:38:31 --> ErrorException: Undefined array key "boolean_value"
[Method: POST, Route: Enquiry/getTourRoomCategoryDraft]
in APPPATH\Models\Enquiry_m.php on line 715.
 1 APPPATH\Models\Enquiry_m.php(715): CodeIgniter\Debug\Exceptions->errorHandler(2, 'Undefined array key "boolean_value"', 'C:\\wamp64\\www\\khm\\app\\Models\\Enquiry_m.php', 715)
 2 APPPATH\Controllers\Enquiry.php(942): App\Models\Enquiry_m->getTourRoomCategoryDraft('1502', '3116', '3', '3')
 3 SYSTEMPATH\CodeIgniter.php(933): App\Controllers\Enquiry->getTourRoomCategoryDraft()
 4 SYSTEMPATH\CodeIgniter.php(509): CodeIgniter\CodeIgniter->runController(Object(App\Controllers\Enquiry))
 5 SYSTEMPATH\CodeIgniter.php(355): CodeIgniter\CodeIgniter->handleRequest(null, Object(Config\Cache), false)
 6 SYSTEMPATH\Boot.php(334): CodeIgniter\CodeIgniter->run()
 7 SYSTEMPATH\Boot.php(67): CodeIgniter\Boot::runCodeIgniter(Object(CodeIgniter\CodeIgniter))
 8 FCPATH\index.php(56): CodeIgniter\Boot::bootWeb(Object(Config\Paths))
CRITICAL - 2025-11-15 20:39:16 --> ErrorException: Undefined array key "boolean_value"
[Method: POST, Route: Enquiry/getTourRoomCategoryDraft]
in APPPATH\Models\Enquiry_m.php on line 715.
 1 APPPATH\Models\Enquiry_m.php(715): CodeIgniter\Debug\Exceptions->errorHandler(2, 'Undefined array key "boolean_value"', 'C:\\wamp64\\www\\khm\\app\\Models\\Enquiry_m.php', 715)
 2 APPPATH\Controllers\Enquiry.php(942): App\Models\Enquiry_m->getTourRoomCategoryDraft('1502', '3116', '3', '3')
 3 SYSTEMPATH\CodeIgniter.php(933): App\Controllers\Enquiry->getTourRoomCategoryDraft()
 4 SYSTEMPATH\CodeIgniter.php(509): CodeIgniter\CodeIgniter->runController(Object(App\Controllers\Enquiry))
 5 SYSTEMPATH\CodeIgniter.php(355): CodeIgniter\CodeIgniter->handleRequest(null, Object(Config\Cache), false)
 6 SYSTEMPATH\Boot.php(334): CodeIgniter\CodeIgniter->run()
 7 SYSTEMPATH\Boot.php(67): CodeIgniter\Boot::runCodeIgniter(Object(CodeIgniter\CodeIgniter))
 8 FCPATH\index.php(56): CodeIgniter\Boot::bootWeb(Object(Config\Paths))
