ERROR - 2025-11-03 17:54:43 --> Email: Unable to send email using SMTP. Your server might not be configured to send mail using this method.
ERROR - 2025-11-03 17:54:43 --> 220 smtp.gmail.com ESMTP d9443c01a7336-295268b5530sm119605375ad.40 - gsmtp

hello: 250-smtp.gmail.com at your service, [103.38.15.23]
250-SIZE 35882577
250-8BITMIME
250-AUTH LOGIN PLAIN XOAUTH2 PLAIN-CLIENTTOKEN OAUTHBEARER XOAUTH
250-ENHANCEDSTATUSCODES
250-PIPELINING
250-CHUNKING
250 SMTPUTF8

Failed to authenticate password. Error: 535-5.7.8 Username and Password not accepted. For more information, go to
535 5.7.8  https://support.google.com/mail/?p=BadCredentials d9443c01a7336-295268b5530sm119605375ad.40 - gsmtp

ERROR - 2025-11-03 22:09:58 --> Email: Unable to send email using SMTP. Your server might not be configured to send mail using this method.
ERROR - 2025-11-03 22:09:58 --> 220 smtp.gmail.com ESMTP d9443c01a7336-29559f611b0sm86113875ad.12 - gsmtp

hello: 250-smtp.gmail.com at your service, [2409:40f3:1a:94e2:1470:d260:ff7:6216]
250-SIZE 35882577
250-8BITMIME
250-AUTH LOGIN PLAIN XOAUTH2 PLAIN-CLIENTTOKEN OAUTHBEARER XOAUTH
250-ENHANCEDSTATUSCODES
250-PIPELINING
250-CHUNKING
250 SMTPUTF8

Failed to authenticate password. Error: 535-5.7.8 Username and Password not accepted. For more information, go to
535 5.7.8  https://support.google.com/mail/?p=BadCredentials d9443c01a7336-29559f611b0sm86113875ad.12 - gsmtp

