CRITICAL - 2025-11-22 09:46:39 --> ErrorException: Undefined array key 0
[Method: POST, Route: Enquiry/ajax_get_itineraries]
in APPPATH\Controllers\Enquiry.php on line 9622.
 1 APPPATH\Controllers\Enquiry.php(9622): CodeIgniter\Debug\Exceptions->errorHandler(2, 'Undefined array key 0', 'C:\\wamp64\\www\\khm\\app\\Controllers\\Enquiry.php', 9622)
 2 SYSTEMPATH\CodeIgniter.php(933): App\Controllers\Enquiry->ajax_get_itineraries()
 3 SYSTEMPATH\CodeIgniter.php(509): CodeIgniter\CodeIgniter->runController(Object(App\Controllers\Enquiry))
 4 SYSTEMPATH\CodeIgniter.php(355): CodeIgniter\CodeIgniter->handleRequest(null, Object(Config\Cache), false)
 5 SYSTEMPATH\Boot.php(334): CodeIgniter\CodeIgniter->run()
 6 SYSTEMPATH\Boot.php(67): CodeIgniter\Boot::runCodeIgniter(Object(CodeIgniter\CodeIgniter))
 7 FCPATH\index.php(56): CodeIgniter\Boot::bootWeb(Object(Config\Paths))
CRITICAL - 2025-11-22 09:46:40 --> ErrorException: Undefined array key 0
[Method: POST, Route: Enquiry/ajax_get_itineraries]
in APPPATH\Controllers\Enquiry.php on line 9622.
 1 APPPATH\Controllers\Enquiry.php(9622): CodeIgniter\Debug\Exceptions->errorHandler(2, 'Undefined array key 0', 'C:\\wamp64\\www\\khm\\app\\Controllers\\Enquiry.php', 9622)
 2 SYSTEMPATH\CodeIgniter.php(933): App\Controllers\Enquiry->ajax_get_itineraries()
 3 SYSTEMPATH\CodeIgniter.php(509): CodeIgniter\CodeIgniter->runController(Object(App\Controllers\Enquiry))
 4 SYSTEMPATH\CodeIgniter.php(355): CodeIgniter\CodeIgniter->handleRequest(null, Object(Config\Cache), false)
 5 SYSTEMPATH\Boot.php(334): CodeIgniter\CodeIgniter->run()
 6 SYSTEMPATH\Boot.php(67): CodeIgniter\Boot::runCodeIgniter(Object(CodeIgniter\CodeIgniter))
 7 FCPATH\index.php(56): CodeIgniter\Boot::bootWeb(Object(Config\Paths))
CRITICAL - 2025-11-22 09:46:40 --> ErrorException: Undefined array key 0
[Method: POST, Route: Enquiry/ajax_get_itineraries]
in APPPATH\Controllers\Enquiry.php on line 9622.
 1 APPPATH\Controllers\Enquiry.php(9622): CodeIgniter\Debug\Exceptions->errorHandler(2, 'Undefined array key 0', 'C:\\wamp64\\www\\khm\\app\\Controllers\\Enquiry.php', 9622)
 2 SYSTEMPATH\CodeIgniter.php(933): App\Controllers\Enquiry->ajax_get_itineraries()
 3 SYSTEMPATH\CodeIgniter.php(509): CodeIgniter\CodeIgniter->runController(Object(App\Controllers\Enquiry))
 4 SYSTEMPATH\CodeIgniter.php(355): CodeIgniter\CodeIgniter->handleRequest(null, Object(Config\Cache), false)
 5 SYSTEMPATH\Boot.php(334): CodeIgniter\CodeIgniter->run()
 6 SYSTEMPATH\Boot.php(67): CodeIgniter\Boot::runCodeIgniter(Object(CodeIgniter\CodeIgniter))
 7 FCPATH\index.php(56): CodeIgniter\Boot::bootWeb(Object(Config\Paths))
ERROR - 2025-11-22 17:15:34 --> Email: Unable to send email using SMTP. Your server might not be configured to send mail using this method.
ERROR - 2025-11-22 17:15:34 --> 220 smtp.gmail.com ESMTP d9443c01a7336-29b5b1387d8sm82459365ad.23 - gsmtp

hello: 250-smtp.gmail.com at your service, [2402:3a80:4468:ed4a:49c:9469:661e:37db]
250-SIZE 35882577
250-8BITMIME
250-AUTH LOGIN PLAIN XOAUTH2 PLAIN-CLIENTTOKEN OAUTHBEARER XOAUTH
250-ENHANCEDSTATUSCODES
250-PIPELINING
250-CHUNKING
250 SMTPUTF8

Failed to authenticate password. Error: 535-5.7.8 Username and Password not accepted. For more information, go to
535 5.7.8  https://support.google.com/mail/?p=BadCredentials d9443c01a7336-29b5b1387d8sm82459365ad.23 - gsmtp

ERROR - 2025-11-22 14:19:44 --> mysqli_sql_exception: Table 'khm_touracle_db.khm_obj_geography' doesn't exist in C:\wamp64\www\khm\system\Database\MySQLi\Connection.php:312
Stack trace:
#0 C:\wamp64\www\khm\system\Database\MySQLi\Connection.php(312): mysqli->query('SELECT `sightse...', 0)
#1 C:\wamp64\www\khm\system\Database\BaseConnection.php(734): CodeIgniter\Database\MySQLi\Connection->execute('SELECT `sightse...')
#2 C:\wamp64\www\khm\system\Database\BaseConnection.php(648): CodeIgniter\Database\BaseConnection->simpleQuery('SELECT `sightse...')
#3 C:\wamp64\www\khm\system\Database\BaseBuilder.php(1644): CodeIgniter\Database\BaseConnection->query('SELECT `sightse...', Array, false)
#4 C:\wamp64\www\khm\app\Models\Enquiry_m.php(670): CodeIgniter\Database\BaseBuilder->get()
#5 C:\wamp64\www\khm\app\Controllers\Enquiry.php(5966): App\Models\Enquiry_m->getSightseeingWithPaxInfo('9')
#6 C:\wamp64\www\khm\system\CodeIgniter.php(933): App\Controllers\Enquiry->getSightseeingList()
#7 C:\wamp64\www\khm\system\CodeIgniter.php(509): CodeIgniter\CodeIgniter->runController(Object(App\Controllers\Enquiry))
#8 C:\wamp64\www\khm\system\CodeIgniter.php(355): CodeIgniter\CodeIgniter->handleRequest(NULL, Object(Config\Cache), false)
#9 C:\wamp64\www\khm\system\Boot.php(334): CodeIgniter\CodeIgniter->run()
#10 C:\wamp64\www\khm\system\Boot.php(67): CodeIgniter\Boot::runCodeIgniter(Object(CodeIgniter\CodeIgniter))
#11 C:\wamp64\www\khm\public\index.php(56): CodeIgniter\Boot::bootWeb(Object(Config\Paths))
#12 {main}
CRITICAL - 2025-11-22 14:19:45 --> CodeIgniter\Database\Exceptions\DatabaseException: Table 'khm_touracle_db.khm_obj_geography' doesn't exist
[Method: POST, Route: Enquiry/getSightseeingList]
in SYSTEMPATH\Database\BaseConnection.php on line 688.
 1 SYSTEMPATH\Database\BaseBuilder.php(1644): CodeIgniter\Database\BaseConnection->query('SELECT `sightseeing_id`, `sightseeing_name`, `sightseeing_distance`, `tariff`, `is_pax`, `is_default_ss`
FROM `khm_obj_sightseeing`
WHERE object_id =(SELECT `object_id` FROM `khm_obj_geography` WHERE `geography_id` = \'9\')
AND `is_active` = :is_active:
ORDER BY `is_default_ss` DESC', [...], false)
 2 APPPATH\Models\Enquiry_m.php(670): CodeIgniter\Database\BaseBuilder->get()
 3 APPPATH\Controllers\Enquiry.php(5966): App\Models\Enquiry_m->getSightseeingWithPaxInfo('9')
 4 SYSTEMPATH\CodeIgniter.php(933): App\Controllers\Enquiry->getSightseeingList()
 5 SYSTEMPATH\CodeIgniter.php(509): CodeIgniter\CodeIgniter->runController(Object(App\Controllers\Enquiry))
 6 SYSTEMPATH\CodeIgniter.php(355): CodeIgniter\CodeIgniter->handleRequest(null, Object(Config\Cache), false)
 7 SYSTEMPATH\Boot.php(334): CodeIgniter\CodeIgniter->run()
 8 SYSTEMPATH\Boot.php(67): CodeIgniter\Boot::runCodeIgniter(Object(CodeIgniter\CodeIgniter))
 9 FCPATH\index.php(56): CodeIgniter\Boot::bootWeb(Object(Config\Paths))
CRITICAL - 2025-11-22 14:19:45 --> [Caused by] CodeIgniter\Database\Exceptions\DatabaseException: Table 'khm_touracle_db.khm_obj_geography' doesn't exist
in SYSTEMPATH\Database\MySQLi\Connection.php on line 317.
 1 SYSTEMPATH\Database\BaseConnection.php(734): CodeIgniter\Database\MySQLi\Connection->execute('SELECT `sightseeing_id`, `sightseeing_name`, `sightseeing_distance`, `tariff`, `is_pax`, `is_default_ss`
FROM `khm_obj_sightseeing`
WHERE object_id =(SELECT `object_id` FROM `khm_obj_geography` WHERE `geography_id` = \'9\')
AND `is_active` = 1
ORDER BY `is_default_ss` DESC')
 2 SYSTEMPATH\Database\BaseConnection.php(648): CodeIgniter\Database\BaseConnection->simpleQuery('SELECT `sightseeing_id`, `sightseeing_name`, `sightseeing_distance`, `tariff`, `is_pax`, `is_default_ss`
FROM `khm_obj_sightseeing`
WHERE object_id =(SELECT `object_id` FROM `khm_obj_geography` WHERE `geography_id` = \'9\')
AND `is_active` = 1
ORDER BY `is_default_ss` DESC')
 3 SYSTEMPATH\Database\BaseBuilder.php(1644): CodeIgniter\Database\BaseConnection->query('SELECT `sightseeing_id`, `sightseeing_name`, `sightseeing_distance`, `tariff`, `is_pax`, `is_default_ss`
FROM `khm_obj_sightseeing`
WHERE object_id =(SELECT `object_id` FROM `khm_obj_geography` WHERE `geography_id` = \'9\')
AND `is_active` = :is_active:
ORDER BY `is_default_ss` DESC', [...], false)
 4 APPPATH\Models\Enquiry_m.php(670): CodeIgniter\Database\BaseBuilder->get()
 5 APPPATH\Controllers\Enquiry.php(5966): App\Models\Enquiry_m->getSightseeingWithPaxInfo('9')
 6 SYSTEMPATH\CodeIgniter.php(933): App\Controllers\Enquiry->getSightseeingList()
 7 SYSTEMPATH\CodeIgniter.php(509): CodeIgniter\CodeIgniter->runController(Object(App\Controllers\Enquiry))
 8 SYSTEMPATH\CodeIgniter.php(355): CodeIgniter\CodeIgniter->handleRequest(null, Object(Config\Cache), false)
 9 SYSTEMPATH\Boot.php(334): CodeIgniter\CodeIgniter->run()
10 SYSTEMPATH\Boot.php(67): CodeIgniter\Boot::runCodeIgniter(Object(CodeIgniter\CodeIgniter))
11 FCPATH\index.php(56): CodeIgniter\Boot::bootWeb(Object(Config\Paths))
CRITICAL - 2025-11-22 14:19:45 --> [Caused by] mysqli_sql_exception: Table 'khm_touracle_db.khm_obj_geography' doesn't exist
in SYSTEMPATH\Database\MySQLi\Connection.php on line 312.
 1 SYSTEMPATH\Database\MySQLi\Connection.php(312): mysqli->query('SELECT `sightseeing_id`, `sightseeing_name`, `sightseeing_distance`, `tariff`, `is_pax`, `is_default_ss`
FROM `khm_obj_sightseeing`
WHERE object_id =(SELECT `object_id` FROM `khm_obj_geography` WHERE `geography_id` = \'9\')
AND `is_active` = 1
ORDER BY `is_default_ss` DESC', 0)
 2 SYSTEMPATH\Database\BaseConnection.php(734): CodeIgniter\Database\MySQLi\Connection->execute('SELECT `sightseeing_id`, `sightseeing_name`, `sightseeing_distance`, `tariff`, `is_pax`, `is_default_ss`
FROM `khm_obj_sightseeing`
WHERE object_id =(SELECT `object_id` FROM `khm_obj_geography` WHERE `geography_id` = \'9\')
AND `is_active` = 1
ORDER BY `is_default_ss` DESC')
 3 SYSTEMPATH\Database\BaseConnection.php(648): CodeIgniter\Database\BaseConnection->simpleQuery('SELECT `sightseeing_id`, `sightseeing_name`, `sightseeing_distance`, `tariff`, `is_pax`, `is_default_ss`
FROM `khm_obj_sightseeing`
WHERE object_id =(SELECT `object_id` FROM `khm_obj_geography` WHERE `geography_id` = \'9\')
AND `is_active` = 1
ORDER BY `is_default_ss` DESC')
 4 SYSTEMPATH\Database\BaseBuilder.php(1644): CodeIgniter\Database\BaseConnection->query('SELECT `sightseeing_id`, `sightseeing_name`, `sightseeing_distance`, `tariff`, `is_pax`, `is_default_ss`
FROM `khm_obj_sightseeing`
WHERE object_id =(SELECT `object_id` FROM `khm_obj_geography` WHERE `geography_id` = \'9\')
AND `is_active` = :is_active:
ORDER BY `is_default_ss` DESC', [...], false)
 5 APPPATH\Models\Enquiry_m.php(670): CodeIgniter\Database\BaseBuilder->get()
 6 APPPATH\Controllers\Enquiry.php(5966): App\Models\Enquiry_m->getSightseeingWithPaxInfo('9')
 7 SYSTEMPATH\CodeIgniter.php(933): App\Controllers\Enquiry->getSightseeingList()
 8 SYSTEMPATH\CodeIgniter.php(509): CodeIgniter\CodeIgniter->runController(Object(App\Controllers\Enquiry))
 9 SYSTEMPATH\CodeIgniter.php(355): CodeIgniter\CodeIgniter->handleRequest(null, Object(Config\Cache), false)
10 SYSTEMPATH\Boot.php(334): CodeIgniter\CodeIgniter->run()
11 SYSTEMPATH\Boot.php(67): CodeIgniter\Boot::runCodeIgniter(Object(CodeIgniter\CodeIgniter))
12 FCPATH\index.php(56): CodeIgniter\Boot::bootWeb(Object(Config\Paths))
ERROR - 2025-11-22 14:19:48 --> mysqli_sql_exception: Table 'khm_touracle_db.khm_obj_geography' doesn't exist in C:\wamp64\www\khm\system\Database\MySQLi\Connection.php:312
Stack trace:
#0 C:\wamp64\www\khm\system\Database\MySQLi\Connection.php(312): mysqli->query('SELECT `sightse...', 0)
#1 C:\wamp64\www\khm\system\Database\BaseConnection.php(734): CodeIgniter\Database\MySQLi\Connection->execute('SELECT `sightse...')
#2 C:\wamp64\www\khm\system\Database\BaseConnection.php(648): CodeIgniter\Database\BaseConnection->simpleQuery('SELECT `sightse...')
#3 C:\wamp64\www\khm\system\Database\BaseBuilder.php(1644): CodeIgniter\Database\BaseConnection->query('SELECT `sightse...', Array, false)
#4 C:\wamp64\www\khm\app\Models\Enquiry_m.php(670): CodeIgniter\Database\BaseBuilder->get()
#5 C:\wamp64\www\khm\app\Controllers\Enquiry.php(5966): App\Models\Enquiry_m->getSightseeingWithPaxInfo('9')
#6 C:\wamp64\www\khm\system\CodeIgniter.php(933): App\Controllers\Enquiry->getSightseeingList()
#7 C:\wamp64\www\khm\system\CodeIgniter.php(509): CodeIgniter\CodeIgniter->runController(Object(App\Controllers\Enquiry))
#8 C:\wamp64\www\khm\system\CodeIgniter.php(355): CodeIgniter\CodeIgniter->handleRequest(NULL, Object(Config\Cache), false)
#9 C:\wamp64\www\khm\system\Boot.php(334): CodeIgniter\CodeIgniter->run()
#10 C:\wamp64\www\khm\system\Boot.php(67): CodeIgniter\Boot::runCodeIgniter(Object(CodeIgniter\CodeIgniter))
#11 C:\wamp64\www\khm\public\index.php(56): CodeIgniter\Boot::bootWeb(Object(Config\Paths))
#12 {main}
CRITICAL - 2025-11-22 14:19:48 --> CodeIgniter\Database\Exceptions\DatabaseException: Table 'khm_touracle_db.khm_obj_geography' doesn't exist
[Method: POST, Route: Enquiry/getSightseeingList]
in SYSTEMPATH\Database\BaseConnection.php on line 688.
 1 SYSTEMPATH\Database\BaseBuilder.php(1644): CodeIgniter\Database\BaseConnection->query('SELECT `sightseeing_id`, `sightseeing_name`, `sightseeing_distance`, `tariff`, `is_pax`, `is_default_ss`
FROM `khm_obj_sightseeing`
WHERE object_id =(SELECT `object_id` FROM `khm_obj_geography` WHERE `geography_id` = \'9\')
AND `is_active` = :is_active:
ORDER BY `is_default_ss` DESC', [...], false)
 2 APPPATH\Models\Enquiry_m.php(670): CodeIgniter\Database\BaseBuilder->get()
 3 APPPATH\Controllers\Enquiry.php(5966): App\Models\Enquiry_m->getSightseeingWithPaxInfo('9')
 4 SYSTEMPATH\CodeIgniter.php(933): App\Controllers\Enquiry->getSightseeingList()
 5 SYSTEMPATH\CodeIgniter.php(509): CodeIgniter\CodeIgniter->runController(Object(App\Controllers\Enquiry))
 6 SYSTEMPATH\CodeIgniter.php(355): CodeIgniter\CodeIgniter->handleRequest(null, Object(Config\Cache), false)
 7 SYSTEMPATH\Boot.php(334): CodeIgniter\CodeIgniter->run()
 8 SYSTEMPATH\Boot.php(67): CodeIgniter\Boot::runCodeIgniter(Object(CodeIgniter\CodeIgniter))
 9 FCPATH\index.php(56): CodeIgniter\Boot::bootWeb(Object(Config\Paths))
CRITICAL - 2025-11-22 14:19:48 --> [Caused by] CodeIgniter\Database\Exceptions\DatabaseException: Table 'khm_touracle_db.khm_obj_geography' doesn't exist
in SYSTEMPATH\Database\MySQLi\Connection.php on line 317.
 1 SYSTEMPATH\Database\BaseConnection.php(734): CodeIgniter\Database\MySQLi\Connection->execute('SELECT `sightseeing_id`, `sightseeing_name`, `sightseeing_distance`, `tariff`, `is_pax`, `is_default_ss`
FROM `khm_obj_sightseeing`
WHERE object_id =(SELECT `object_id` FROM `khm_obj_geography` WHERE `geography_id` = \'9\')
AND `is_active` = 1
ORDER BY `is_default_ss` DESC')
 2 SYSTEMPATH\Database\BaseConnection.php(648): CodeIgniter\Database\BaseConnection->simpleQuery('SELECT `sightseeing_id`, `sightseeing_name`, `sightseeing_distance`, `tariff`, `is_pax`, `is_default_ss`
FROM `khm_obj_sightseeing`
WHERE object_id =(SELECT `object_id` FROM `khm_obj_geography` WHERE `geography_id` = \'9\')
AND `is_active` = 1
ORDER BY `is_default_ss` DESC')
 3 SYSTEMPATH\Database\BaseBuilder.php(1644): CodeIgniter\Database\BaseConnection->query('SELECT `sightseeing_id`, `sightseeing_name`, `sightseeing_distance`, `tariff`, `is_pax`, `is_default_ss`
FROM `khm_obj_sightseeing`
WHERE object_id =(SELECT `object_id` FROM `khm_obj_geography` WHERE `geography_id` = \'9\')
AND `is_active` = :is_active:
ORDER BY `is_default_ss` DESC', [...], false)
 4 APPPATH\Models\Enquiry_m.php(670): CodeIgniter\Database\BaseBuilder->get()
 5 APPPATH\Controllers\Enquiry.php(5966): App\Models\Enquiry_m->getSightseeingWithPaxInfo('9')
 6 SYSTEMPATH\CodeIgniter.php(933): App\Controllers\Enquiry->getSightseeingList()
 7 SYSTEMPATH\CodeIgniter.php(509): CodeIgniter\CodeIgniter->runController(Object(App\Controllers\Enquiry))
 8 SYSTEMPATH\CodeIgniter.php(355): CodeIgniter\CodeIgniter->handleRequest(null, Object(Config\Cache), false)
 9 SYSTEMPATH\Boot.php(334): CodeIgniter\CodeIgniter->run()
10 SYSTEMPATH\Boot.php(67): CodeIgniter\Boot::runCodeIgniter(Object(CodeIgniter\CodeIgniter))
11 FCPATH\index.php(56): CodeIgniter\Boot::bootWeb(Object(Config\Paths))
CRITICAL - 2025-11-22 14:19:48 --> [Caused by] mysqli_sql_exception: Table 'khm_touracle_db.khm_obj_geography' doesn't exist
in SYSTEMPATH\Database\MySQLi\Connection.php on line 312.
 1 SYSTEMPATH\Database\MySQLi\Connection.php(312): mysqli->query('SELECT `sightseeing_id`, `sightseeing_name`, `sightseeing_distance`, `tariff`, `is_pax`, `is_default_ss`
FROM `khm_obj_sightseeing`
WHERE object_id =(SELECT `object_id` FROM `khm_obj_geography` WHERE `geography_id` = \'9\')
AND `is_active` = 1
ORDER BY `is_default_ss` DESC', 0)
 2 SYSTEMPATH\Database\BaseConnection.php(734): CodeIgniter\Database\MySQLi\Connection->execute('SELECT `sightseeing_id`, `sightseeing_name`, `sightseeing_distance`, `tariff`, `is_pax`, `is_default_ss`
FROM `khm_obj_sightseeing`
WHERE object_id =(SELECT `object_id` FROM `khm_obj_geography` WHERE `geography_id` = \'9\')
AND `is_active` = 1
ORDER BY `is_default_ss` DESC')
 3 SYSTEMPATH\Database\BaseConnection.php(648): CodeIgniter\Database\BaseConnection->simpleQuery('SELECT `sightseeing_id`, `sightseeing_name`, `sightseeing_distance`, `tariff`, `is_pax`, `is_default_ss`
FROM `khm_obj_sightseeing`
WHERE object_id =(SELECT `object_id` FROM `khm_obj_geography` WHERE `geography_id` = \'9\')
AND `is_active` = 1
ORDER BY `is_default_ss` DESC')
 4 SYSTEMPATH\Database\BaseBuilder.php(1644): CodeIgniter\Database\BaseConnection->query('SELECT `sightseeing_id`, `sightseeing_name`, `sightseeing_distance`, `tariff`, `is_pax`, `is_default_ss`
FROM `khm_obj_sightseeing`
WHERE object_id =(SELECT `object_id` FROM `khm_obj_geography` WHERE `geography_id` = \'9\')
AND `is_active` = :is_active:
ORDER BY `is_default_ss` DESC', [...], false)
 5 APPPATH\Models\Enquiry_m.php(670): CodeIgniter\Database\BaseBuilder->get()
 6 APPPATH\Controllers\Enquiry.php(5966): App\Models\Enquiry_m->getSightseeingWithPaxInfo('9')
 7 SYSTEMPATH\CodeIgniter.php(933): App\Controllers\Enquiry->getSightseeingList()
 8 SYSTEMPATH\CodeIgniter.php(509): CodeIgniter\CodeIgniter->runController(Object(App\Controllers\Enquiry))
 9 SYSTEMPATH\CodeIgniter.php(355): CodeIgniter\CodeIgniter->handleRequest(null, Object(Config\Cache), false)
10 SYSTEMPATH\Boot.php(334): CodeIgniter\CodeIgniter->run()
11 SYSTEMPATH\Boot.php(67): CodeIgniter\Boot::runCodeIgniter(Object(CodeIgniter\CodeIgniter))
12 FCPATH\index.php(56): CodeIgniter\Boot::bootWeb(Object(Config\Paths))
ERROR - 2025-11-22 14:19:53 --> mysqli_sql_exception: Table 'khm_touracle_db.khm_obj_geography' doesn't exist in C:\wamp64\www\khm\system\Database\MySQLi\Connection.php:312
Stack trace:
#0 C:\wamp64\www\khm\system\Database\MySQLi\Connection.php(312): mysqli->query('SELECT `sightse...', 0)
#1 C:\wamp64\www\khm\system\Database\BaseConnection.php(734): CodeIgniter\Database\MySQLi\Connection->execute('SELECT `sightse...')
#2 C:\wamp64\www\khm\system\Database\BaseConnection.php(648): CodeIgniter\Database\BaseConnection->simpleQuery('SELECT `sightse...')
#3 C:\wamp64\www\khm\system\Database\BaseBuilder.php(1644): CodeIgniter\Database\BaseConnection->query('SELECT `sightse...', Array, false)
#4 C:\wamp64\www\khm\app\Models\Enquiry_m.php(670): CodeIgniter\Database\BaseBuilder->get()
#5 C:\wamp64\www\khm\app\Controllers\Enquiry.php(5966): App\Models\Enquiry_m->getSightseeingWithPaxInfo('9')
#6 C:\wamp64\www\khm\system\CodeIgniter.php(933): App\Controllers\Enquiry->getSightseeingList()
#7 C:\wamp64\www\khm\system\CodeIgniter.php(509): CodeIgniter\CodeIgniter->runController(Object(App\Controllers\Enquiry))
#8 C:\wamp64\www\khm\system\CodeIgniter.php(355): CodeIgniter\CodeIgniter->handleRequest(NULL, Object(Config\Cache), false)
#9 C:\wamp64\www\khm\system\Boot.php(334): CodeIgniter\CodeIgniter->run()
#10 C:\wamp64\www\khm\system\Boot.php(67): CodeIgniter\Boot::runCodeIgniter(Object(CodeIgniter\CodeIgniter))
#11 C:\wamp64\www\khm\public\index.php(56): CodeIgniter\Boot::bootWeb(Object(Config\Paths))
#12 {main}
CRITICAL - 2025-11-22 14:19:53 --> CodeIgniter\Database\Exceptions\DatabaseException: Table 'khm_touracle_db.khm_obj_geography' doesn't exist
[Method: POST, Route: Enquiry/getSightseeingList]
in SYSTEMPATH\Database\BaseConnection.php on line 688.
 1 SYSTEMPATH\Database\BaseBuilder.php(1644): CodeIgniter\Database\BaseConnection->query('SELECT `sightseeing_id`, `sightseeing_name`, `sightseeing_distance`, `tariff`, `is_pax`, `is_default_ss`
FROM `khm_obj_sightseeing`
WHERE object_id =(SELECT `object_id` FROM `khm_obj_geography` WHERE `geography_id` = \'9\')
AND `is_active` = :is_active:
ORDER BY `is_default_ss` DESC', [...], false)
 2 APPPATH\Models\Enquiry_m.php(670): CodeIgniter\Database\BaseBuilder->get()
 3 APPPATH\Controllers\Enquiry.php(5966): App\Models\Enquiry_m->getSightseeingWithPaxInfo('9')
 4 SYSTEMPATH\CodeIgniter.php(933): App\Controllers\Enquiry->getSightseeingList()
 5 SYSTEMPATH\CodeIgniter.php(509): CodeIgniter\CodeIgniter->runController(Object(App\Controllers\Enquiry))
 6 SYSTEMPATH\CodeIgniter.php(355): CodeIgniter\CodeIgniter->handleRequest(null, Object(Config\Cache), false)
 7 SYSTEMPATH\Boot.php(334): CodeIgniter\CodeIgniter->run()
 8 SYSTEMPATH\Boot.php(67): CodeIgniter\Boot::runCodeIgniter(Object(CodeIgniter\CodeIgniter))
 9 FCPATH\index.php(56): CodeIgniter\Boot::bootWeb(Object(Config\Paths))
CRITICAL - 2025-11-22 14:19:53 --> [Caused by] CodeIgniter\Database\Exceptions\DatabaseException: Table 'khm_touracle_db.khm_obj_geography' doesn't exist
in SYSTEMPATH\Database\MySQLi\Connection.php on line 317.
 1 SYSTEMPATH\Database\BaseConnection.php(734): CodeIgniter\Database\MySQLi\Connection->execute('SELECT `sightseeing_id`, `sightseeing_name`, `sightseeing_distance`, `tariff`, `is_pax`, `is_default_ss`
FROM `khm_obj_sightseeing`
WHERE object_id =(SELECT `object_id` FROM `khm_obj_geography` WHERE `geography_id` = \'9\')
AND `is_active` = 1
ORDER BY `is_default_ss` DESC')
 2 SYSTEMPATH\Database\BaseConnection.php(648): CodeIgniter\Database\BaseConnection->simpleQuery('SELECT `sightseeing_id`, `sightseeing_name`, `sightseeing_distance`, `tariff`, `is_pax`, `is_default_ss`
FROM `khm_obj_sightseeing`
WHERE object_id =(SELECT `object_id` FROM `khm_obj_geography` WHERE `geography_id` = \'9\')
AND `is_active` = 1
ORDER BY `is_default_ss` DESC')
 3 SYSTEMPATH\Database\BaseBuilder.php(1644): CodeIgniter\Database\BaseConnection->query('SELECT `sightseeing_id`, `sightseeing_name`, `sightseeing_distance`, `tariff`, `is_pax`, `is_default_ss`
FROM `khm_obj_sightseeing`
WHERE object_id =(SELECT `object_id` FROM `khm_obj_geography` WHERE `geography_id` = \'9\')
AND `is_active` = :is_active:
ORDER BY `is_default_ss` DESC', [...], false)
 4 APPPATH\Models\Enquiry_m.php(670): CodeIgniter\Database\BaseBuilder->get()
 5 APPPATH\Controllers\Enquiry.php(5966): App\Models\Enquiry_m->getSightseeingWithPaxInfo('9')
 6 SYSTEMPATH\CodeIgniter.php(933): App\Controllers\Enquiry->getSightseeingList()
 7 SYSTEMPATH\CodeIgniter.php(509): CodeIgniter\CodeIgniter->runController(Object(App\Controllers\Enquiry))
 8 SYSTEMPATH\CodeIgniter.php(355): CodeIgniter\CodeIgniter->handleRequest(null, Object(Config\Cache), false)
 9 SYSTEMPATH\Boot.php(334): CodeIgniter\CodeIgniter->run()
10 SYSTEMPATH\Boot.php(67): CodeIgniter\Boot::runCodeIgniter(Object(CodeIgniter\CodeIgniter))
11 FCPATH\index.php(56): CodeIgniter\Boot::bootWeb(Object(Config\Paths))
CRITICAL - 2025-11-22 14:19:53 --> [Caused by] mysqli_sql_exception: Table 'khm_touracle_db.khm_obj_geography' doesn't exist
in SYSTEMPATH\Database\MySQLi\Connection.php on line 312.
 1 SYSTEMPATH\Database\MySQLi\Connection.php(312): mysqli->query('SELECT `sightseeing_id`, `sightseeing_name`, `sightseeing_distance`, `tariff`, `is_pax`, `is_default_ss`
FROM `khm_obj_sightseeing`
WHERE object_id =(SELECT `object_id` FROM `khm_obj_geography` WHERE `geography_id` = \'9\')
AND `is_active` = 1
ORDER BY `is_default_ss` DESC', 0)
 2 SYSTEMPATH\Database\BaseConnection.php(734): CodeIgniter\Database\MySQLi\Connection->execute('SELECT `sightseeing_id`, `sightseeing_name`, `sightseeing_distance`, `tariff`, `is_pax`, `is_default_ss`
FROM `khm_obj_sightseeing`
WHERE object_id =(SELECT `object_id` FROM `khm_obj_geography` WHERE `geography_id` = \'9\')
AND `is_active` = 1
ORDER BY `is_default_ss` DESC')
 3 SYSTEMPATH\Database\BaseConnection.php(648): CodeIgniter\Database\BaseConnection->simpleQuery('SELECT `sightseeing_id`, `sightseeing_name`, `sightseeing_distance`, `tariff`, `is_pax`, `is_default_ss`
FROM `khm_obj_sightseeing`
WHERE object_id =(SELECT `object_id` FROM `khm_obj_geography` WHERE `geography_id` = \'9\')
AND `is_active` = 1
ORDER BY `is_default_ss` DESC')
 4 SYSTEMPATH\Database\BaseBuilder.php(1644): CodeIgniter\Database\BaseConnection->query('SELECT `sightseeing_id`, `sightseeing_name`, `sightseeing_distance`, `tariff`, `is_pax`, `is_default_ss`
FROM `khm_obj_sightseeing`
WHERE object_id =(SELECT `object_id` FROM `khm_obj_geography` WHERE `geography_id` = \'9\')
AND `is_active` = :is_active:
ORDER BY `is_default_ss` DESC', [...], false)
 5 APPPATH\Models\Enquiry_m.php(670): CodeIgniter\Database\BaseBuilder->get()
 6 APPPATH\Controllers\Enquiry.php(5966): App\Models\Enquiry_m->getSightseeingWithPaxInfo('9')
 7 SYSTEMPATH\CodeIgniter.php(933): App\Controllers\Enquiry->getSightseeingList()
 8 SYSTEMPATH\CodeIgniter.php(509): CodeIgniter\CodeIgniter->runController(Object(App\Controllers\Enquiry))
 9 SYSTEMPATH\CodeIgniter.php(355): CodeIgniter\CodeIgniter->handleRequest(null, Object(Config\Cache), false)
10 SYSTEMPATH\Boot.php(334): CodeIgniter\CodeIgniter->run()
11 SYSTEMPATH\Boot.php(67): CodeIgniter\Boot::runCodeIgniter(Object(CodeIgniter\CodeIgniter))
12 FCPATH\index.php(56): CodeIgniter\Boot::bootWeb(Object(Config\Paths))
ERROR - 2025-11-22 14:20:08 --> mysqli_sql_exception: Table 'khm_touracle_db.khm_obj_geography' doesn't exist in C:\wamp64\www\khm\system\Database\MySQLi\Connection.php:312
Stack trace:
#0 C:\wamp64\www\khm\system\Database\MySQLi\Connection.php(312): mysqli->query('SELECT `sightse...', 0)
#1 C:\wamp64\www\khm\system\Database\BaseConnection.php(734): CodeIgniter\Database\MySQLi\Connection->execute('SELECT `sightse...')
#2 C:\wamp64\www\khm\system\Database\BaseConnection.php(648): CodeIgniter\Database\BaseConnection->simpleQuery('SELECT `sightse...')
#3 C:\wamp64\www\khm\system\Database\BaseBuilder.php(1644): CodeIgniter\Database\BaseConnection->query('SELECT `sightse...', Array, false)
#4 C:\wamp64\www\khm\app\Models\Enquiry_m.php(670): CodeIgniter\Database\BaseBuilder->get()
#5 C:\wamp64\www\khm\app\Controllers\Enquiry.php(5966): App\Models\Enquiry_m->getSightseeingWithPaxInfo('9')
#6 C:\wamp64\www\khm\system\CodeIgniter.php(933): App\Controllers\Enquiry->getSightseeingList()
#7 C:\wamp64\www\khm\system\CodeIgniter.php(509): CodeIgniter\CodeIgniter->runController(Object(App\Controllers\Enquiry))
#8 C:\wamp64\www\khm\system\CodeIgniter.php(355): CodeIgniter\CodeIgniter->handleRequest(NULL, Object(Config\Cache), false)
#9 C:\wamp64\www\khm\system\Boot.php(334): CodeIgniter\CodeIgniter->run()
#10 C:\wamp64\www\khm\system\Boot.php(67): CodeIgniter\Boot::runCodeIgniter(Object(CodeIgniter\CodeIgniter))
#11 C:\wamp64\www\khm\public\index.php(56): CodeIgniter\Boot::bootWeb(Object(Config\Paths))
#12 {main}
CRITICAL - 2025-11-22 14:20:08 --> CodeIgniter\Database\Exceptions\DatabaseException: Table 'khm_touracle_db.khm_obj_geography' doesn't exist
[Method: POST, Route: Enquiry/getSightseeingList]
in SYSTEMPATH\Database\BaseConnection.php on line 688.
 1 SYSTEMPATH\Database\BaseBuilder.php(1644): CodeIgniter\Database\BaseConnection->query('SELECT `sightseeing_id`, `sightseeing_name`, `sightseeing_distance`, `tariff`, `is_pax`, `is_default_ss`
FROM `khm_obj_sightseeing`
WHERE object_id =(SELECT `object_id` FROM `khm_obj_geography` WHERE `geography_id` = \'9\')
AND `is_active` = :is_active:
ORDER BY `is_default_ss` DESC', [...], false)
 2 APPPATH\Models\Enquiry_m.php(670): CodeIgniter\Database\BaseBuilder->get()
 3 APPPATH\Controllers\Enquiry.php(5966): App\Models\Enquiry_m->getSightseeingWithPaxInfo('9')
 4 SYSTEMPATH\CodeIgniter.php(933): App\Controllers\Enquiry->getSightseeingList()
 5 SYSTEMPATH\CodeIgniter.php(509): CodeIgniter\CodeIgniter->runController(Object(App\Controllers\Enquiry))
 6 SYSTEMPATH\CodeIgniter.php(355): CodeIgniter\CodeIgniter->handleRequest(null, Object(Config\Cache), false)
 7 SYSTEMPATH\Boot.php(334): CodeIgniter\CodeIgniter->run()
 8 SYSTEMPATH\Boot.php(67): CodeIgniter\Boot::runCodeIgniter(Object(CodeIgniter\CodeIgniter))
 9 FCPATH\index.php(56): CodeIgniter\Boot::bootWeb(Object(Config\Paths))
CRITICAL - 2025-11-22 14:20:08 --> [Caused by] CodeIgniter\Database\Exceptions\DatabaseException: Table 'khm_touracle_db.khm_obj_geography' doesn't exist
in SYSTEMPATH\Database\MySQLi\Connection.php on line 317.
 1 SYSTEMPATH\Database\BaseConnection.php(734): CodeIgniter\Database\MySQLi\Connection->execute('SELECT `sightseeing_id`, `sightseeing_name`, `sightseeing_distance`, `tariff`, `is_pax`, `is_default_ss`
FROM `khm_obj_sightseeing`
WHERE object_id =(SELECT `object_id` FROM `khm_obj_geography` WHERE `geography_id` = \'9\')
AND `is_active` = 1
ORDER BY `is_default_ss` DESC')
 2 SYSTEMPATH\Database\BaseConnection.php(648): CodeIgniter\Database\BaseConnection->simpleQuery('SELECT `sightseeing_id`, `sightseeing_name`, `sightseeing_distance`, `tariff`, `is_pax`, `is_default_ss`
FROM `khm_obj_sightseeing`
WHERE object_id =(SELECT `object_id` FROM `khm_obj_geography` WHERE `geography_id` = \'9\')
AND `is_active` = 1
ORDER BY `is_default_ss` DESC')
 3 SYSTEMPATH\Database\BaseBuilder.php(1644): CodeIgniter\Database\BaseConnection->query('SELECT `sightseeing_id`, `sightseeing_name`, `sightseeing_distance`, `tariff`, `is_pax`, `is_default_ss`
FROM `khm_obj_sightseeing`
WHERE object_id =(SELECT `object_id` FROM `khm_obj_geography` WHERE `geography_id` = \'9\')
AND `is_active` = :is_active:
ORDER BY `is_default_ss` DESC', [...], false)
 4 APPPATH\Models\Enquiry_m.php(670): CodeIgniter\Database\BaseBuilder->get()
 5 APPPATH\Controllers\Enquiry.php(5966): App\Models\Enquiry_m->getSightseeingWithPaxInfo('9')
 6 SYSTEMPATH\CodeIgniter.php(933): App\Controllers\Enquiry->getSightseeingList()
 7 SYSTEMPATH\CodeIgniter.php(509): CodeIgniter\CodeIgniter->runController(Object(App\Controllers\Enquiry))
 8 SYSTEMPATH\CodeIgniter.php(355): CodeIgniter\CodeIgniter->handleRequest(null, Object(Config\Cache), false)
 9 SYSTEMPATH\Boot.php(334): CodeIgniter\CodeIgniter->run()
10 SYSTEMPATH\Boot.php(67): CodeIgniter\Boot::runCodeIgniter(Object(CodeIgniter\CodeIgniter))
11 FCPATH\index.php(56): CodeIgniter\Boot::bootWeb(Object(Config\Paths))
CRITICAL - 2025-11-22 14:20:08 --> [Caused by] mysqli_sql_exception: Table 'khm_touracle_db.khm_obj_geography' doesn't exist
in SYSTEMPATH\Database\MySQLi\Connection.php on line 312.
 1 SYSTEMPATH\Database\MySQLi\Connection.php(312): mysqli->query('SELECT `sightseeing_id`, `sightseeing_name`, `sightseeing_distance`, `tariff`, `is_pax`, `is_default_ss`
FROM `khm_obj_sightseeing`
WHERE object_id =(SELECT `object_id` FROM `khm_obj_geography` WHERE `geography_id` = \'9\')
AND `is_active` = 1
ORDER BY `is_default_ss` DESC', 0)
 2 SYSTEMPATH\Database\BaseConnection.php(734): CodeIgniter\Database\MySQLi\Connection->execute('SELECT `sightseeing_id`, `sightseeing_name`, `sightseeing_distance`, `tariff`, `is_pax`, `is_default_ss`
FROM `khm_obj_sightseeing`
WHERE object_id =(SELECT `object_id` FROM `khm_obj_geography` WHERE `geography_id` = \'9\')
AND `is_active` = 1
ORDER BY `is_default_ss` DESC')
 3 SYSTEMPATH\Database\BaseConnection.php(648): CodeIgniter\Database\BaseConnection->simpleQuery('SELECT `sightseeing_id`, `sightseeing_name`, `sightseeing_distance`, `tariff`, `is_pax`, `is_default_ss`
FROM `khm_obj_sightseeing`
WHERE object_id =(SELECT `object_id` FROM `khm_obj_geography` WHERE `geography_id` = \'9\')
AND `is_active` = 1
ORDER BY `is_default_ss` DESC')
 4 SYSTEMPATH\Database\BaseBuilder.php(1644): CodeIgniter\Database\BaseConnection->query('SELECT `sightseeing_id`, `sightseeing_name`, `sightseeing_distance`, `tariff`, `is_pax`, `is_default_ss`
FROM `khm_obj_sightseeing`
WHERE object_id =(SELECT `object_id` FROM `khm_obj_geography` WHERE `geography_id` = \'9\')
AND `is_active` = :is_active:
ORDER BY `is_default_ss` DESC', [...], false)
 5 APPPATH\Models\Enquiry_m.php(670): CodeIgniter\Database\BaseBuilder->get()
 6 APPPATH\Controllers\Enquiry.php(5966): App\Models\Enquiry_m->getSightseeingWithPaxInfo('9')
 7 SYSTEMPATH\CodeIgniter.php(933): App\Controllers\Enquiry->getSightseeingList()
 8 SYSTEMPATH\CodeIgniter.php(509): CodeIgniter\CodeIgniter->runController(Object(App\Controllers\Enquiry))
 9 SYSTEMPATH\CodeIgniter.php(355): CodeIgniter\CodeIgniter->handleRequest(null, Object(Config\Cache), false)
10 SYSTEMPATH\Boot.php(334): CodeIgniter\CodeIgniter->run()
11 SYSTEMPATH\Boot.php(67): CodeIgniter\Boot::runCodeIgniter(Object(CodeIgniter\CodeIgniter))
12 FCPATH\index.php(56): CodeIgniter\Boot::bootWeb(Object(Config\Paths))
ERROR - 2025-11-22 14:23:50 --> mysqli_sql_exception: Unknown column 'is_active' in 'where clause' in C:\wamp64\www\khm\system\Database\MySQLi\Connection.php:312
Stack trace:
#0 C:\wamp64\www\khm\system\Database\MySQLi\Connection.php(312): mysqli->query('SELECT `sightse...', 0)
#1 C:\wamp64\www\khm\system\Database\BaseConnection.php(734): CodeIgniter\Database\MySQLi\Connection->execute('SELECT `sightse...')
#2 C:\wamp64\www\khm\system\Database\BaseConnection.php(648): CodeIgniter\Database\BaseConnection->simpleQuery('SELECT `sightse...')
#3 C:\wamp64\www\khm\system\Database\BaseBuilder.php(1644): CodeIgniter\Database\BaseConnection->query('SELECT `sightse...', Array, false)
#4 C:\wamp64\www\khm\app\Models\Enquiry_m.php(670): CodeIgniter\Database\BaseBuilder->get()
#5 C:\wamp64\www\khm\app\Controllers\Enquiry.php(5966): App\Models\Enquiry_m->getSightseeingWithPaxInfo('9')
#6 C:\wamp64\www\khm\system\CodeIgniter.php(933): App\Controllers\Enquiry->getSightseeingList()
#7 C:\wamp64\www\khm\system\CodeIgniter.php(509): CodeIgniter\CodeIgniter->runController(Object(App\Controllers\Enquiry))
#8 C:\wamp64\www\khm\system\CodeIgniter.php(355): CodeIgniter\CodeIgniter->handleRequest(NULL, Object(Config\Cache), false)
#9 C:\wamp64\www\khm\system\Boot.php(334): CodeIgniter\CodeIgniter->run()
#10 C:\wamp64\www\khm\system\Boot.php(67): CodeIgniter\Boot::runCodeIgniter(Object(CodeIgniter\CodeIgniter))
#11 C:\wamp64\www\khm\public\index.php(56): CodeIgniter\Boot::bootWeb(Object(Config\Paths))
#12 {main}
CRITICAL - 2025-11-22 14:23:50 --> CodeIgniter\Database\Exceptions\DatabaseException: Unknown column 'is_active' in 'where clause'
[Method: POST, Route: Enquiry/getSightseeingList]
in SYSTEMPATH\Database\BaseConnection.php on line 688.
 1 SYSTEMPATH\Database\BaseBuilder.php(1644): CodeIgniter\Database\BaseConnection->query('SELECT `sightseeing_id`, `sightseeing_name`, `sightseeing_distance`, `tariff`, `is_pax`, `is_default_ss`
FROM `khm_obj_sightseeing`
WHERE object_id =(SELECT `object_id` FROM `khm_loc_mst_geography` WHERE `geog_id` = \'9\')
AND `is_active` = :is_active:
ORDER BY `is_default_ss` DESC', [...], false)
 2 APPPATH\Models\Enquiry_m.php(670): CodeIgniter\Database\BaseBuilder->get()
 3 APPPATH\Controllers\Enquiry.php(5966): App\Models\Enquiry_m->getSightseeingWithPaxInfo('9')
 4 SYSTEMPATH\CodeIgniter.php(933): App\Controllers\Enquiry->getSightseeingList()
 5 SYSTEMPATH\CodeIgniter.php(509): CodeIgniter\CodeIgniter->runController(Object(App\Controllers\Enquiry))
 6 SYSTEMPATH\CodeIgniter.php(355): CodeIgniter\CodeIgniter->handleRequest(null, Object(Config\Cache), false)
 7 SYSTEMPATH\Boot.php(334): CodeIgniter\CodeIgniter->run()
 8 SYSTEMPATH\Boot.php(67): CodeIgniter\Boot::runCodeIgniter(Object(CodeIgniter\CodeIgniter))
 9 FCPATH\index.php(56): CodeIgniter\Boot::bootWeb(Object(Config\Paths))
CRITICAL - 2025-11-22 14:23:50 --> [Caused by] CodeIgniter\Database\Exceptions\DatabaseException: Unknown column 'is_active' in 'where clause'
in SYSTEMPATH\Database\MySQLi\Connection.php on line 317.
 1 SYSTEMPATH\Database\BaseConnection.php(734): CodeIgniter\Database\MySQLi\Connection->execute('SELECT `sightseeing_id`, `sightseeing_name`, `sightseeing_distance`, `tariff`, `is_pax`, `is_default_ss`
FROM `khm_obj_sightseeing`
WHERE object_id =(SELECT `object_id` FROM `khm_loc_mst_geography` WHERE `geog_id` = \'9\')
AND `is_active` = 1
ORDER BY `is_default_ss` DESC')
 2 SYSTEMPATH\Database\BaseConnection.php(648): CodeIgniter\Database\BaseConnection->simpleQuery('SELECT `sightseeing_id`, `sightseeing_name`, `sightseeing_distance`, `tariff`, `is_pax`, `is_default_ss`
FROM `khm_obj_sightseeing`
WHERE object_id =(SELECT `object_id` FROM `khm_loc_mst_geography` WHERE `geog_id` = \'9\')
AND `is_active` = 1
ORDER BY `is_default_ss` DESC')
 3 SYSTEMPATH\Database\BaseBuilder.php(1644): CodeIgniter\Database\BaseConnection->query('SELECT `sightseeing_id`, `sightseeing_name`, `sightseeing_distance`, `tariff`, `is_pax`, `is_default_ss`
FROM `khm_obj_sightseeing`
WHERE object_id =(SELECT `object_id` FROM `khm_loc_mst_geography` WHERE `geog_id` = \'9\')
AND `is_active` = :is_active:
ORDER BY `is_default_ss` DESC', [...], false)
 4 APPPATH\Models\Enquiry_m.php(670): CodeIgniter\Database\BaseBuilder->get()
 5 APPPATH\Controllers\Enquiry.php(5966): App\Models\Enquiry_m->getSightseeingWithPaxInfo('9')
 6 SYSTEMPATH\CodeIgniter.php(933): App\Controllers\Enquiry->getSightseeingList()
 7 SYSTEMPATH\CodeIgniter.php(509): CodeIgniter\CodeIgniter->runController(Object(App\Controllers\Enquiry))
 8 SYSTEMPATH\CodeIgniter.php(355): CodeIgniter\CodeIgniter->handleRequest(null, Object(Config\Cache), false)
 9 SYSTEMPATH\Boot.php(334): CodeIgniter\CodeIgniter->run()
10 SYSTEMPATH\Boot.php(67): CodeIgniter\Boot::runCodeIgniter(Object(CodeIgniter\CodeIgniter))
11 FCPATH\index.php(56): CodeIgniter\Boot::bootWeb(Object(Config\Paths))
CRITICAL - 2025-11-22 14:23:50 --> [Caused by] mysqli_sql_exception: Unknown column 'is_active' in 'where clause'
in SYSTEMPATH\Database\MySQLi\Connection.php on line 312.
 1 SYSTEMPATH\Database\MySQLi\Connection.php(312): mysqli->query('SELECT `sightseeing_id`, `sightseeing_name`, `sightseeing_distance`, `tariff`, `is_pax`, `is_default_ss`
FROM `khm_obj_sightseeing`
WHERE object_id =(SELECT `object_id` FROM `khm_loc_mst_geography` WHERE `geog_id` = \'9\')
AND `is_active` = 1
ORDER BY `is_default_ss` DESC', 0)
 2 SYSTEMPATH\Database\BaseConnection.php(734): CodeIgniter\Database\MySQLi\Connection->execute('SELECT `sightseeing_id`, `sightseeing_name`, `sightseeing_distance`, `tariff`, `is_pax`, `is_default_ss`
FROM `khm_obj_sightseeing`
WHERE object_id =(SELECT `object_id` FROM `khm_loc_mst_geography` WHERE `geog_id` = \'9\')
AND `is_active` = 1
ORDER BY `is_default_ss` DESC')
 3 SYSTEMPATH\Database\BaseConnection.php(648): CodeIgniter\Database\BaseConnection->simpleQuery('SELECT `sightseeing_id`, `sightseeing_name`, `sightseeing_distance`, `tariff`, `is_pax`, `is_default_ss`
FROM `khm_obj_sightseeing`
WHERE object_id =(SELECT `object_id` FROM `khm_loc_mst_geography` WHERE `geog_id` = \'9\')
AND `is_active` = 1
ORDER BY `is_default_ss` DESC')
 4 SYSTEMPATH\Database\BaseBuilder.php(1644): CodeIgniter\Database\BaseConnection->query('SELECT `sightseeing_id`, `sightseeing_name`, `sightseeing_distance`, `tariff`, `is_pax`, `is_default_ss`
FROM `khm_obj_sightseeing`
WHERE object_id =(SELECT `object_id` FROM `khm_loc_mst_geography` WHERE `geog_id` = \'9\')
AND `is_active` = :is_active:
ORDER BY `is_default_ss` DESC', [...], false)
 5 APPPATH\Models\Enquiry_m.php(670): CodeIgniter\Database\BaseBuilder->get()
 6 APPPATH\Controllers\Enquiry.php(5966): App\Models\Enquiry_m->getSightseeingWithPaxInfo('9')
 7 SYSTEMPATH\CodeIgniter.php(933): App\Controllers\Enquiry->getSightseeingList()
 8 SYSTEMPATH\CodeIgniter.php(509): CodeIgniter\CodeIgniter->runController(Object(App\Controllers\Enquiry))
 9 SYSTEMPATH\CodeIgniter.php(355): CodeIgniter\CodeIgniter->handleRequest(null, Object(Config\Cache), false)
10 SYSTEMPATH\Boot.php(334): CodeIgniter\CodeIgniter->run()
11 SYSTEMPATH\Boot.php(67): CodeIgniter\Boot::runCodeIgniter(Object(CodeIgniter\CodeIgniter))
12 FCPATH\index.php(56): CodeIgniter\Boot::bootWeb(Object(Config\Paths))
ERROR - 2025-11-22 14:23:54 --> mysqli_sql_exception: Unknown column 'is_active' in 'where clause' in C:\wamp64\www\khm\system\Database\MySQLi\Connection.php:312
Stack trace:
#0 C:\wamp64\www\khm\system\Database\MySQLi\Connection.php(312): mysqli->query('SELECT `sightse...', 0)
#1 C:\wamp64\www\khm\system\Database\BaseConnection.php(734): CodeIgniter\Database\MySQLi\Connection->execute('SELECT `sightse...')
#2 C:\wamp64\www\khm\system\Database\BaseConnection.php(648): CodeIgniter\Database\BaseConnection->simpleQuery('SELECT `sightse...')
#3 C:\wamp64\www\khm\system\Database\BaseBuilder.php(1644): CodeIgniter\Database\BaseConnection->query('SELECT `sightse...', Array, false)
#4 C:\wamp64\www\khm\app\Models\Enquiry_m.php(670): CodeIgniter\Database\BaseBuilder->get()
#5 C:\wamp64\www\khm\app\Controllers\Enquiry.php(5966): App\Models\Enquiry_m->getSightseeingWithPaxInfo('9')
#6 C:\wamp64\www\khm\system\CodeIgniter.php(933): App\Controllers\Enquiry->getSightseeingList()
#7 C:\wamp64\www\khm\system\CodeIgniter.php(509): CodeIgniter\CodeIgniter->runController(Object(App\Controllers\Enquiry))
#8 C:\wamp64\www\khm\system\CodeIgniter.php(355): CodeIgniter\CodeIgniter->handleRequest(NULL, Object(Config\Cache), false)
#9 C:\wamp64\www\khm\system\Boot.php(334): CodeIgniter\CodeIgniter->run()
#10 C:\wamp64\www\khm\system\Boot.php(67): CodeIgniter\Boot::runCodeIgniter(Object(CodeIgniter\CodeIgniter))
#11 C:\wamp64\www\khm\public\index.php(56): CodeIgniter\Boot::bootWeb(Object(Config\Paths))
#12 {main}
CRITICAL - 2025-11-22 14:23:54 --> CodeIgniter\Database\Exceptions\DatabaseException: Unknown column 'is_active' in 'where clause'
[Method: POST, Route: Enquiry/getSightseeingList]
in SYSTEMPATH\Database\BaseConnection.php on line 688.
 1 SYSTEMPATH\Database\BaseBuilder.php(1644): CodeIgniter\Database\BaseConnection->query('SELECT `sightseeing_id`, `sightseeing_name`, `sightseeing_distance`, `tariff`, `is_pax`, `is_default_ss`
FROM `khm_obj_sightseeing`
WHERE object_id =(SELECT `object_id` FROM `khm_loc_mst_geography` WHERE `geog_id` = \'9\')
AND `is_active` = :is_active:
ORDER BY `is_default_ss` DESC', [...], false)
 2 APPPATH\Models\Enquiry_m.php(670): CodeIgniter\Database\BaseBuilder->get()
 3 APPPATH\Controllers\Enquiry.php(5966): App\Models\Enquiry_m->getSightseeingWithPaxInfo('9')
 4 SYSTEMPATH\CodeIgniter.php(933): App\Controllers\Enquiry->getSightseeingList()
 5 SYSTEMPATH\CodeIgniter.php(509): CodeIgniter\CodeIgniter->runController(Object(App\Controllers\Enquiry))
 6 SYSTEMPATH\CodeIgniter.php(355): CodeIgniter\CodeIgniter->handleRequest(null, Object(Config\Cache), false)
 7 SYSTEMPATH\Boot.php(334): CodeIgniter\CodeIgniter->run()
 8 SYSTEMPATH\Boot.php(67): CodeIgniter\Boot::runCodeIgniter(Object(CodeIgniter\CodeIgniter))
 9 FCPATH\index.php(56): CodeIgniter\Boot::bootWeb(Object(Config\Paths))
CRITICAL - 2025-11-22 14:23:54 --> [Caused by] CodeIgniter\Database\Exceptions\DatabaseException: Unknown column 'is_active' in 'where clause'
in SYSTEMPATH\Database\MySQLi\Connection.php on line 317.
 1 SYSTEMPATH\Database\BaseConnection.php(734): CodeIgniter\Database\MySQLi\Connection->execute('SELECT `sightseeing_id`, `sightseeing_name`, `sightseeing_distance`, `tariff`, `is_pax`, `is_default_ss`
FROM `khm_obj_sightseeing`
WHERE object_id =(SELECT `object_id` FROM `khm_loc_mst_geography` WHERE `geog_id` = \'9\')
AND `is_active` = 1
ORDER BY `is_default_ss` DESC')
 2 SYSTEMPATH\Database\BaseConnection.php(648): CodeIgniter\Database\BaseConnection->simpleQuery('SELECT `sightseeing_id`, `sightseeing_name`, `sightseeing_distance`, `tariff`, `is_pax`, `is_default_ss`
FROM `khm_obj_sightseeing`
WHERE object_id =(SELECT `object_id` FROM `khm_loc_mst_geography` WHERE `geog_id` = \'9\')
AND `is_active` = 1
ORDER BY `is_default_ss` DESC')
 3 SYSTEMPATH\Database\BaseBuilder.php(1644): CodeIgniter\Database\BaseConnection->query('SELECT `sightseeing_id`, `sightseeing_name`, `sightseeing_distance`, `tariff`, `is_pax`, `is_default_ss`
FROM `khm_obj_sightseeing`
WHERE object_id =(SELECT `object_id` FROM `khm_loc_mst_geography` WHERE `geog_id` = \'9\')
AND `is_active` = :is_active:
ORDER BY `is_default_ss` DESC', [...], false)
 4 APPPATH\Models\Enquiry_m.php(670): CodeIgniter\Database\BaseBuilder->get()
 5 APPPATH\Controllers\Enquiry.php(5966): App\Models\Enquiry_m->getSightseeingWithPaxInfo('9')
 6 SYSTEMPATH\CodeIgniter.php(933): App\Controllers\Enquiry->getSightseeingList()
 7 SYSTEMPATH\CodeIgniter.php(509): CodeIgniter\CodeIgniter->runController(Object(App\Controllers\Enquiry))
 8 SYSTEMPATH\CodeIgniter.php(355): CodeIgniter\CodeIgniter->handleRequest(null, Object(Config\Cache), false)
 9 SYSTEMPATH\Boot.php(334): CodeIgniter\CodeIgniter->run()
10 SYSTEMPATH\Boot.php(67): CodeIgniter\Boot::runCodeIgniter(Object(CodeIgniter\CodeIgniter))
11 FCPATH\index.php(56): CodeIgniter\Boot::bootWeb(Object(Config\Paths))
CRITICAL - 2025-11-22 14:23:54 --> [Caused by] mysqli_sql_exception: Unknown column 'is_active' in 'where clause'
in SYSTEMPATH\Database\MySQLi\Connection.php on line 312.
 1 SYSTEMPATH\Database\MySQLi\Connection.php(312): mysqli->query('SELECT `sightseeing_id`, `sightseeing_name`, `sightseeing_distance`, `tariff`, `is_pax`, `is_default_ss`
FROM `khm_obj_sightseeing`
WHERE object_id =(SELECT `object_id` FROM `khm_loc_mst_geography` WHERE `geog_id` = \'9\')
AND `is_active` = 1
ORDER BY `is_default_ss` DESC', 0)
 2 SYSTEMPATH\Database\BaseConnection.php(734): CodeIgniter\Database\MySQLi\Connection->execute('SELECT `sightseeing_id`, `sightseeing_name`, `sightseeing_distance`, `tariff`, `is_pax`, `is_default_ss`
FROM `khm_obj_sightseeing`
WHERE object_id =(SELECT `object_id` FROM `khm_loc_mst_geography` WHERE `geog_id` = \'9\')
AND `is_active` = 1
ORDER BY `is_default_ss` DESC')
 3 SYSTEMPATH\Database\BaseConnection.php(648): CodeIgniter\Database\BaseConnection->simpleQuery('SELECT `sightseeing_id`, `sightseeing_name`, `sightseeing_distance`, `tariff`, `is_pax`, `is_default_ss`
FROM `khm_obj_sightseeing`
WHERE object_id =(SELECT `object_id` FROM `khm_loc_mst_geography` WHERE `geog_id` = \'9\')
AND `is_active` = 1
ORDER BY `is_default_ss` DESC')
 4 SYSTEMPATH\Database\BaseBuilder.php(1644): CodeIgniter\Database\BaseConnection->query('SELECT `sightseeing_id`, `sightseeing_name`, `sightseeing_distance`, `tariff`, `is_pax`, `is_default_ss`
FROM `khm_obj_sightseeing`
WHERE object_id =(SELECT `object_id` FROM `khm_loc_mst_geography` WHERE `geog_id` = \'9\')
AND `is_active` = :is_active:
ORDER BY `is_default_ss` DESC', [...], false)
 5 APPPATH\Models\Enquiry_m.php(670): CodeIgniter\Database\BaseBuilder->get()
 6 APPPATH\Controllers\Enquiry.php(5966): App\Models\Enquiry_m->getSightseeingWithPaxInfo('9')
 7 SYSTEMPATH\CodeIgniter.php(933): App\Controllers\Enquiry->getSightseeingList()
 8 SYSTEMPATH\CodeIgniter.php(509): CodeIgniter\CodeIgniter->runController(Object(App\Controllers\Enquiry))
 9 SYSTEMPATH\CodeIgniter.php(355): CodeIgniter\CodeIgniter->handleRequest(null, Object(Config\Cache), false)
10 SYSTEMPATH\Boot.php(334): CodeIgniter\CodeIgniter->run()
11 SYSTEMPATH\Boot.php(67): CodeIgniter\Boot::runCodeIgniter(Object(CodeIgniter\CodeIgniter))
12 FCPATH\index.php(56): CodeIgniter\Boot::bootWeb(Object(Config\Paths))
CRITICAL - 2025-11-22 17:58:24 --> ParseError: syntax error, unexpected token "else", expecting "function" or "const"
[Method: GET, Route: Enquiry/itinerary/2808/0]
in APPPATH\Controllers\Enquiry.php on line 5979.
 1 SYSTEMPATH\Router\Router.php(563): CodeIgniter\Router\AutoRouter->getRoute('Enquiry/itinerary/2808/0', 'GET')
 2 SYSTEMPATH\Router\Router.php(228): CodeIgniter\Router\Router->autoRoute('Enquiry/itinerary/2808/0')
 3 SYSTEMPATH\CodeIgniter.php(834): CodeIgniter\Router\Router->handle('Enquiry/itinerary/2808/0')
 4 SYSTEMPATH\CodeIgniter.php(457): CodeIgniter\CodeIgniter->tryToRouteIt(Object(CodeIgniter\Router\RouteCollection))
 5 SYSTEMPATH\CodeIgniter.php(355): CodeIgniter\CodeIgniter->handleRequest(null, Object(Config\Cache), false)
 6 SYSTEMPATH\Boot.php(334): CodeIgniter\CodeIgniter->run()
 7 SYSTEMPATH\Boot.php(67): CodeIgniter\Boot::runCodeIgniter(Object(CodeIgniter\CodeIgniter))
 8 FCPATH\index.php(56): CodeIgniter\Boot::bootWeb(Object(Config\Paths))
CRITICAL - 2025-11-22 17:58:26 --> ParseError: syntax error, unexpected token "else", expecting "function" or "const"
[Method: GET, Route: Enquiry/itinerary/2808/0]
in APPPATH\Controllers\Enquiry.php on line 5979.
 1 SYSTEMPATH\Router\Router.php(563): CodeIgniter\Router\AutoRouter->getRoute('Enquiry/itinerary/2808/0', 'GET')
 2 SYSTEMPATH\Router\Router.php(228): CodeIgniter\Router\Router->autoRoute('Enquiry/itinerary/2808/0')
 3 SYSTEMPATH\CodeIgniter.php(834): CodeIgniter\Router\Router->handle('Enquiry/itinerary/2808/0')
 4 SYSTEMPATH\CodeIgniter.php(457): CodeIgniter\CodeIgniter->tryToRouteIt(Object(CodeIgniter\Router\RouteCollection))
 5 SYSTEMPATH\CodeIgniter.php(355): CodeIgniter\CodeIgniter->handleRequest(null, Object(Config\Cache), false)
 6 SYSTEMPATH\Boot.php(334): CodeIgniter\CodeIgniter->run()
 7 SYSTEMPATH\Boot.php(67): CodeIgniter\Boot::runCodeIgniter(Object(CodeIgniter\CodeIgniter))
 8 FCPATH\index.php(56): CodeIgniter\Boot::bootWeb(Object(Config\Paths))
CRITICAL - 2025-11-22 19:23:09 --> ParseError: syntax error, unexpected token "<", expecting "function" or "const"
[Method: GET, Route: Enquiry/itinerary/2808/1]
in APPPATH\Controllers\Enquiry.php on line 7164.
 1 SYSTEMPATH\Router\Router.php(563): CodeIgniter\Router\AutoRouter->getRoute('Enquiry/itinerary/2808/1', 'GET')
 2 SYSTEMPATH\Router\Router.php(228): CodeIgniter\Router\Router->autoRoute('Enquiry/itinerary/2808/1')
 3 SYSTEMPATH\CodeIgniter.php(834): CodeIgniter\Router\Router->handle('Enquiry/itinerary/2808/1')
 4 SYSTEMPATH\CodeIgniter.php(457): CodeIgniter\CodeIgniter->tryToRouteIt(Object(CodeIgniter\Router\RouteCollection))
 5 SYSTEMPATH\CodeIgniter.php(355): CodeIgniter\CodeIgniter->handleRequest(null, Object(Config\Cache), false)
 6 SYSTEMPATH\Boot.php(334): CodeIgniter\CodeIgniter->run()
 7 SYSTEMPATH\Boot.php(67): CodeIgniter\Boot::runCodeIgniter(Object(CodeIgniter\CodeIgniter))
 8 FCPATH\index.php(56): CodeIgniter\Boot::bootWeb(Object(Config\Paths))
CRITICAL - 2025-11-22 19:23:10 --> ParseError: syntax error, unexpected token "<", expecting "function" or "const"
[Method: GET, Route: Enquiry/itinerary/2808/1]
in APPPATH\Controllers\Enquiry.php on line 7164.
 1 SYSTEMPATH\Router\Router.php(563): CodeIgniter\Router\AutoRouter->getRoute('Enquiry/itinerary/2808/1', 'GET')
 2 SYSTEMPATH\Router\Router.php(228): CodeIgniter\Router\Router->autoRoute('Enquiry/itinerary/2808/1')
 3 SYSTEMPATH\CodeIgniter.php(834): CodeIgniter\Router\Router->handle('Enquiry/itinerary/2808/1')
 4 SYSTEMPATH\CodeIgniter.php(457): CodeIgniter\CodeIgniter->tryToRouteIt(Object(CodeIgniter\Router\RouteCollection))
 5 SYSTEMPATH\CodeIgniter.php(355): CodeIgniter\CodeIgniter->handleRequest(null, Object(Config\Cache), false)
 6 SYSTEMPATH\Boot.php(334): CodeIgniter\CodeIgniter->run()
 7 SYSTEMPATH\Boot.php(67): CodeIgniter\Boot::runCodeIgniter(Object(CodeIgniter\CodeIgniter))
 8 FCPATH\index.php(56): CodeIgniter\Boot::bootWeb(Object(Config\Paths))
CRITICAL - 2025-11-22 19:23:11 --> ParseError: syntax error, unexpected token "<", expecting "function" or "const"
[Method: GET, Route: Enquiry/itinerary/2808/1]
in APPPATH\Controllers\Enquiry.php on line 7164.
 1 SYSTEMPATH\Router\Router.php(563): CodeIgniter\Router\AutoRouter->getRoute('Enquiry/itinerary/2808/1', 'GET')
 2 SYSTEMPATH\Router\Router.php(228): CodeIgniter\Router\Router->autoRoute('Enquiry/itinerary/2808/1')
 3 SYSTEMPATH\CodeIgniter.php(834): CodeIgniter\Router\Router->handle('Enquiry/itinerary/2808/1')
 4 SYSTEMPATH\CodeIgniter.php(457): CodeIgniter\CodeIgniter->tryToRouteIt(Object(CodeIgniter\Router\RouteCollection))
 5 SYSTEMPATH\CodeIgniter.php(355): CodeIgniter\CodeIgniter->handleRequest(null, Object(Config\Cache), false)
 6 SYSTEMPATH\Boot.php(334): CodeIgniter\CodeIgniter->run()
 7 SYSTEMPATH\Boot.php(67): CodeIgniter\Boot::runCodeIgniter(Object(CodeIgniter\CodeIgniter))
 8 FCPATH\index.php(56): CodeIgniter\Boot::bootWeb(Object(Config\Paths))
CRITICAL - 2025-11-22 19:23:12 --> ParseError: syntax error, unexpected token "<", expecting "function" or "const"
[Method: GET, Route: Enquiry/itinerary/2808/1]
in APPPATH\Controllers\Enquiry.php on line 7164.
 1 SYSTEMPATH\Router\Router.php(563): CodeIgniter\Router\AutoRouter->getRoute('Enquiry/itinerary/2808/1', 'GET')
 2 SYSTEMPATH\Router\Router.php(228): CodeIgniter\Router\Router->autoRoute('Enquiry/itinerary/2808/1')
 3 SYSTEMPATH\CodeIgniter.php(834): CodeIgniter\Router\Router->handle('Enquiry/itinerary/2808/1')
 4 SYSTEMPATH\CodeIgniter.php(457): CodeIgniter\CodeIgniter->tryToRouteIt(Object(CodeIgniter\Router\RouteCollection))
 5 SYSTEMPATH\CodeIgniter.php(355): CodeIgniter\CodeIgniter->handleRequest(null, Object(Config\Cache), false)
 6 SYSTEMPATH\Boot.php(334): CodeIgniter\CodeIgniter->run()
 7 SYSTEMPATH\Boot.php(67): CodeIgniter\Boot::runCodeIgniter(Object(CodeIgniter\CodeIgniter))
 8 FCPATH\index.php(56): CodeIgniter\Boot::bootWeb(Object(Config\Paths))
CRITICAL - 2025-11-22 19:23:12 --> ParseError: syntax error, unexpected token "<", expecting "function" or "const"
[Method: GET, Route: Enquiry/itinerary/2808/1]
in APPPATH\Controllers\Enquiry.php on line 7164.
 1 SYSTEMPATH\Router\Router.php(563): CodeIgniter\Router\AutoRouter->getRoute('Enquiry/itinerary/2808/1', 'GET')
 2 SYSTEMPATH\Router\Router.php(228): CodeIgniter\Router\Router->autoRoute('Enquiry/itinerary/2808/1')
 3 SYSTEMPATH\CodeIgniter.php(834): CodeIgniter\Router\Router->handle('Enquiry/itinerary/2808/1')
 4 SYSTEMPATH\CodeIgniter.php(457): CodeIgniter\CodeIgniter->tryToRouteIt(Object(CodeIgniter\Router\RouteCollection))
 5 SYSTEMPATH\CodeIgniter.php(355): CodeIgniter\CodeIgniter->handleRequest(null, Object(Config\Cache), false)
 6 SYSTEMPATH\Boot.php(334): CodeIgniter\CodeIgniter->run()
 7 SYSTEMPATH\Boot.php(67): CodeIgniter\Boot::runCodeIgniter(Object(CodeIgniter\CodeIgniter))
 8 FCPATH\index.php(56): CodeIgniter\Boot::bootWeb(Object(Config\Paths))
CRITICAL - 2025-11-22 19:23:13 --> ParseError: syntax error, unexpected token "<", expecting "function" or "const"
[Method: GET, Route: Enquiry/itinerary/2808/1]
in APPPATH\Controllers\Enquiry.php on line 7164.
 1 SYSTEMPATH\Router\Router.php(563): CodeIgniter\Router\AutoRouter->getRoute('Enquiry/itinerary/2808/1', 'GET')
 2 SYSTEMPATH\Router\Router.php(228): CodeIgniter\Router\Router->autoRoute('Enquiry/itinerary/2808/1')
 3 SYSTEMPATH\CodeIgniter.php(834): CodeIgniter\Router\Router->handle('Enquiry/itinerary/2808/1')
 4 SYSTEMPATH\CodeIgniter.php(457): CodeIgniter\CodeIgniter->tryToRouteIt(Object(CodeIgniter\Router\RouteCollection))
 5 SYSTEMPATH\CodeIgniter.php(355): CodeIgniter\CodeIgniter->handleRequest(null, Object(Config\Cache), false)
 6 SYSTEMPATH\Boot.php(334): CodeIgniter\CodeIgniter->run()
 7 SYSTEMPATH\Boot.php(67): CodeIgniter\Boot::runCodeIgniter(Object(CodeIgniter\CodeIgniter))
 8 FCPATH\index.php(56): CodeIgniter\Boot::bootWeb(Object(Config\Paths))
CRITICAL - 2025-11-22 19:23:14 --> ParseError: syntax error, unexpected token "<", expecting "function" or "const"
[Method: GET, Route: Enquiry/itinerary/2808/1]
in APPPATH\Controllers\Enquiry.php on line 7164.
 1 SYSTEMPATH\Router\Router.php(563): CodeIgniter\Router\AutoRouter->getRoute('Enquiry/itinerary/2808/1', 'GET')
 2 SYSTEMPATH\Router\Router.php(228): CodeIgniter\Router\Router->autoRoute('Enquiry/itinerary/2808/1')
 3 SYSTEMPATH\CodeIgniter.php(834): CodeIgniter\Router\Router->handle('Enquiry/itinerary/2808/1')
 4 SYSTEMPATH\CodeIgniter.php(457): CodeIgniter\CodeIgniter->tryToRouteIt(Object(CodeIgniter\Router\RouteCollection))
 5 SYSTEMPATH\CodeIgniter.php(355): CodeIgniter\CodeIgniter->handleRequest(null, Object(Config\Cache), false)
 6 SYSTEMPATH\Boot.php(334): CodeIgniter\CodeIgniter->run()
 7 SYSTEMPATH\Boot.php(67): CodeIgniter\Boot::runCodeIgniter(Object(CodeIgniter\CodeIgniter))
 8 FCPATH\index.php(56): CodeIgniter\Boot::bootWeb(Object(Config\Paths))
CRITICAL - 2025-11-22 19:23:14 --> ParseError: syntax error, unexpected token "<", expecting "function" or "const"
[Method: GET, Route: Enquiry/itinerary/2808/1]
in APPPATH\Controllers\Enquiry.php on line 7164.
 1 SYSTEMPATH\Router\Router.php(563): CodeIgniter\Router\AutoRouter->getRoute('Enquiry/itinerary/2808/1', 'GET')
 2 SYSTEMPATH\Router\Router.php(228): CodeIgniter\Router\Router->autoRoute('Enquiry/itinerary/2808/1')
 3 SYSTEMPATH\CodeIgniter.php(834): CodeIgniter\Router\Router->handle('Enquiry/itinerary/2808/1')
 4 SYSTEMPATH\CodeIgniter.php(457): CodeIgniter\CodeIgniter->tryToRouteIt(Object(CodeIgniter\Router\RouteCollection))
 5 SYSTEMPATH\CodeIgniter.php(355): CodeIgniter\CodeIgniter->handleRequest(null, Object(Config\Cache), false)
 6 SYSTEMPATH\Boot.php(334): CodeIgniter\CodeIgniter->run()
 7 SYSTEMPATH\Boot.php(67): CodeIgniter\Boot::runCodeIgniter(Object(CodeIgniter\CodeIgniter))
 8 FCPATH\index.php(56): CodeIgniter\Boot::bootWeb(Object(Config\Paths))
CRITICAL - 2025-11-22 19:23:15 --> ParseError: syntax error, unexpected token "<", expecting "function" or "const"
[Method: GET, Route: Enquiry/itinerary/2808/1]
in APPPATH\Controllers\Enquiry.php on line 7164.
 1 SYSTEMPATH\Router\Router.php(563): CodeIgniter\Router\AutoRouter->getRoute('Enquiry/itinerary/2808/1', 'GET')
 2 SYSTEMPATH\Router\Router.php(228): CodeIgniter\Router\Router->autoRoute('Enquiry/itinerary/2808/1')
 3 SYSTEMPATH\CodeIgniter.php(834): CodeIgniter\Router\Router->handle('Enquiry/itinerary/2808/1')
 4 SYSTEMPATH\CodeIgniter.php(457): CodeIgniter\CodeIgniter->tryToRouteIt(Object(CodeIgniter\Router\RouteCollection))
 5 SYSTEMPATH\CodeIgniter.php(355): CodeIgniter\CodeIgniter->handleRequest(null, Object(Config\Cache), false)
 6 SYSTEMPATH\Boot.php(334): CodeIgniter\CodeIgniter->run()
 7 SYSTEMPATH\Boot.php(67): CodeIgniter\Boot::runCodeIgniter(Object(CodeIgniter\CodeIgniter))
 8 FCPATH\index.php(56): CodeIgniter\Boot::bootWeb(Object(Config\Paths))
CRITICAL - 2025-11-22 19:23:15 --> ParseError: syntax error, unexpected token "<", expecting "function" or "const"
[Method: GET, Route: Enquiry/itinerary/2808/1]
in APPPATH\Controllers\Enquiry.php on line 7164.
 1 SYSTEMPATH\Router\Router.php(563): CodeIgniter\Router\AutoRouter->getRoute('Enquiry/itinerary/2808/1', 'GET')
 2 SYSTEMPATH\Router\Router.php(228): CodeIgniter\Router\Router->autoRoute('Enquiry/itinerary/2808/1')
 3 SYSTEMPATH\CodeIgniter.php(834): CodeIgniter\Router\Router->handle('Enquiry/itinerary/2808/1')
 4 SYSTEMPATH\CodeIgniter.php(457): CodeIgniter\CodeIgniter->tryToRouteIt(Object(CodeIgniter\Router\RouteCollection))
 5 SYSTEMPATH\CodeIgniter.php(355): CodeIgniter\CodeIgniter->handleRequest(null, Object(Config\Cache), false)
 6 SYSTEMPATH\Boot.php(334): CodeIgniter\CodeIgniter->run()
 7 SYSTEMPATH\Boot.php(67): CodeIgniter\Boot::runCodeIgniter(Object(CodeIgniter\CodeIgniter))
 8 FCPATH\index.php(56): CodeIgniter\Boot::bootWeb(Object(Config\Paths))
CRITICAL - 2025-11-22 19:23:16 --> ParseError: syntax error, unexpected token "<", expecting "function" or "const"
[Method: GET, Route: Enquiry/itinerary/2808/1]
in APPPATH\Controllers\Enquiry.php on line 7164.
 1 SYSTEMPATH\Router\Router.php(563): CodeIgniter\Router\AutoRouter->getRoute('Enquiry/itinerary/2808/1', 'GET')
 2 SYSTEMPATH\Router\Router.php(228): CodeIgniter\Router\Router->autoRoute('Enquiry/itinerary/2808/1')
 3 SYSTEMPATH\CodeIgniter.php(834): CodeIgniter\Router\Router->handle('Enquiry/itinerary/2808/1')
 4 SYSTEMPATH\CodeIgniter.php(457): CodeIgniter\CodeIgniter->tryToRouteIt(Object(CodeIgniter\Router\RouteCollection))
 5 SYSTEMPATH\CodeIgniter.php(355): CodeIgniter\CodeIgniter->handleRequest(null, Object(Config\Cache), false)
 6 SYSTEMPATH\Boot.php(334): CodeIgniter\CodeIgniter->run()
 7 SYSTEMPATH\Boot.php(67): CodeIgniter\Boot::runCodeIgniter(Object(CodeIgniter\CodeIgniter))
 8 FCPATH\index.php(56): CodeIgniter\Boot::bootWeb(Object(Config\Paths))
CRITICAL - 2025-11-22 19:23:16 --> ParseError: syntax error, unexpected token "<", expecting "function" or "const"
[Method: GET, Route: Enquiry/itinerary/2808/1]
in APPPATH\Controllers\Enquiry.php on line 7164.
 1 SYSTEMPATH\Router\Router.php(563): CodeIgniter\Router\AutoRouter->getRoute('Enquiry/itinerary/2808/1', 'GET')
 2 SYSTEMPATH\Router\Router.php(228): CodeIgniter\Router\Router->autoRoute('Enquiry/itinerary/2808/1')
 3 SYSTEMPATH\CodeIgniter.php(834): CodeIgniter\Router\Router->handle('Enquiry/itinerary/2808/1')
 4 SYSTEMPATH\CodeIgniter.php(457): CodeIgniter\CodeIgniter->tryToRouteIt(Object(CodeIgniter\Router\RouteCollection))
 5 SYSTEMPATH\CodeIgniter.php(355): CodeIgniter\CodeIgniter->handleRequest(null, Object(Config\Cache), false)
 6 SYSTEMPATH\Boot.php(334): CodeIgniter\CodeIgniter->run()
 7 SYSTEMPATH\Boot.php(67): CodeIgniter\Boot::runCodeIgniter(Object(CodeIgniter\CodeIgniter))
 8 FCPATH\index.php(56): CodeIgniter\Boot::bootWeb(Object(Config\Paths))
CRITICAL - 2025-11-22 19:23:17 --> ParseError: syntax error, unexpected token "<", expecting "function" or "const"
[Method: GET, Route: Enquiry/itinerary/2808/0]
in APPPATH\Controllers\Enquiry.php on line 7164.
 1 SYSTEMPATH\Router\Router.php(563): CodeIgniter\Router\AutoRouter->getRoute('Enquiry/itinerary/2808/0', 'GET')
 2 SYSTEMPATH\Router\Router.php(228): CodeIgniter\Router\Router->autoRoute('Enquiry/itinerary/2808/0')
 3 SYSTEMPATH\CodeIgniter.php(834): CodeIgniter\Router\Router->handle('Enquiry/itinerary/2808/0')
 4 SYSTEMPATH\CodeIgniter.php(457): CodeIgniter\CodeIgniter->tryToRouteIt(Object(CodeIgniter\Router\RouteCollection))
 5 SYSTEMPATH\CodeIgniter.php(355): CodeIgniter\CodeIgniter->handleRequest(null, Object(Config\Cache), false)
 6 SYSTEMPATH\Boot.php(334): CodeIgniter\CodeIgniter->run()
 7 SYSTEMPATH\Boot.php(67): CodeIgniter\Boot::runCodeIgniter(Object(CodeIgniter\CodeIgniter))
 8 FCPATH\index.php(56): CodeIgniter\Boot::bootWeb(Object(Config\Paths))
CRITICAL - 2025-11-22 19:23:17 --> ParseError: syntax error, unexpected token "<", expecting "function" or "const"
[Method: GET, Route: Enquiry/enquiry_list_view/10]
in APPPATH\Controllers\Enquiry.php on line 7164.
 1 SYSTEMPATH\Router\Router.php(563): CodeIgniter\Router\AutoRouter->getRoute('Enquiry/enquiry_list_view/10', 'GET')
 2 SYSTEMPATH\Router\Router.php(228): CodeIgniter\Router\Router->autoRoute('Enquiry/enquiry_list_view/10')
 3 SYSTEMPATH\CodeIgniter.php(834): CodeIgniter\Router\Router->handle('Enquiry/enquiry_list_view/10')
 4 SYSTEMPATH\CodeIgniter.php(457): CodeIgniter\CodeIgniter->tryToRouteIt(Object(CodeIgniter\Router\RouteCollection))
 5 SYSTEMPATH\CodeIgniter.php(355): CodeIgniter\CodeIgniter->handleRequest(null, Object(Config\Cache), false)
 6 SYSTEMPATH\Boot.php(334): CodeIgniter\CodeIgniter->run()
 7 SYSTEMPATH\Boot.php(67): CodeIgniter\Boot::runCodeIgniter(Object(CodeIgniter\CodeIgniter))
 8 FCPATH\index.php(56): CodeIgniter\Boot::bootWeb(Object(Config\Paths))
CRITICAL - 2025-11-22 19:23:18 --> ParseError: syntax error, unexpected token "<", expecting "function" or "const"
[Method: GET, Route: Enquiry/itinerary/2808/0]
in APPPATH\Controllers\Enquiry.php on line 7164.
 1 SYSTEMPATH\Router\Router.php(563): CodeIgniter\Router\AutoRouter->getRoute('Enquiry/itinerary/2808/0', 'GET')
 2 SYSTEMPATH\Router\Router.php(228): CodeIgniter\Router\Router->autoRoute('Enquiry/itinerary/2808/0')
 3 SYSTEMPATH\CodeIgniter.php(834): CodeIgniter\Router\Router->handle('Enquiry/itinerary/2808/0')
 4 SYSTEMPATH\CodeIgniter.php(457): CodeIgniter\CodeIgniter->tryToRouteIt(Object(CodeIgniter\Router\RouteCollection))
 5 SYSTEMPATH\CodeIgniter.php(355): CodeIgniter\CodeIgniter->handleRequest(null, Object(Config\Cache), false)
 6 SYSTEMPATH\Boot.php(334): CodeIgniter\CodeIgniter->run()
 7 SYSTEMPATH\Boot.php(67): CodeIgniter\Boot::runCodeIgniter(Object(CodeIgniter\CodeIgniter))
 8 FCPATH\index.php(56): CodeIgniter\Boot::bootWeb(Object(Config\Paths))
CRITICAL - 2025-11-22 19:23:19 --> ParseError: syntax error, unexpected token "<", expecting "function" or "const"
[Method: GET, Route: Enquiry/itinerary/2808/1]
in APPPATH\Controllers\Enquiry.php on line 7164.
 1 SYSTEMPATH\Router\Router.php(563): CodeIgniter\Router\AutoRouter->getRoute('Enquiry/itinerary/2808/1', 'GET')
 2 SYSTEMPATH\Router\Router.php(228): CodeIgniter\Router\Router->autoRoute('Enquiry/itinerary/2808/1')
 3 SYSTEMPATH\CodeIgniter.php(834): CodeIgniter\Router\Router->handle('Enquiry/itinerary/2808/1')
 4 SYSTEMPATH\CodeIgniter.php(457): CodeIgniter\CodeIgniter->tryToRouteIt(Object(CodeIgniter\Router\RouteCollection))
 5 SYSTEMPATH\CodeIgniter.php(355): CodeIgniter\CodeIgniter->handleRequest(null, Object(Config\Cache), false)
 6 SYSTEMPATH\Boot.php(334): CodeIgniter\CodeIgniter->run()
 7 SYSTEMPATH\Boot.php(67): CodeIgniter\Boot::runCodeIgniter(Object(CodeIgniter\CodeIgniter))
 8 FCPATH\index.php(56): CodeIgniter\Boot::bootWeb(Object(Config\Paths))
CRITICAL - 2025-11-22 19:23:20 --> ParseError: syntax error, unexpected token "<", expecting "function" or "const"
[Method: GET, Route: Enquiry/itinerary/2808/0]
in APPPATH\Controllers\Enquiry.php on line 7164.
 1 SYSTEMPATH\Router\Router.php(563): CodeIgniter\Router\AutoRouter->getRoute('Enquiry/itinerary/2808/0', 'GET')
 2 SYSTEMPATH\Router\Router.php(228): CodeIgniter\Router\Router->autoRoute('Enquiry/itinerary/2808/0')
 3 SYSTEMPATH\CodeIgniter.php(834): CodeIgniter\Router\Router->handle('Enquiry/itinerary/2808/0')
 4 SYSTEMPATH\CodeIgniter.php(457): CodeIgniter\CodeIgniter->tryToRouteIt(Object(CodeIgniter\Router\RouteCollection))
 5 SYSTEMPATH\CodeIgniter.php(355): CodeIgniter\CodeIgniter->handleRequest(null, Object(Config\Cache), false)
 6 SYSTEMPATH\Boot.php(334): CodeIgniter\CodeIgniter->run()
 7 SYSTEMPATH\Boot.php(67): CodeIgniter\Boot::runCodeIgniter(Object(CodeIgniter\CodeIgniter))
 8 FCPATH\index.php(56): CodeIgniter\Boot::bootWeb(Object(Config\Paths))
CRITICAL - 2025-11-22 19:23:21 --> ParseError: syntax error, unexpected token "<", expecting "function" or "const"
[Method: GET, Route: Enquiry/enquiry_list_view/10]
in APPPATH\Controllers\Enquiry.php on line 7164.
 1 SYSTEMPATH\Router\Router.php(563): CodeIgniter\Router\AutoRouter->getRoute('Enquiry/enquiry_list_view/10', 'GET')
 2 SYSTEMPATH\Router\Router.php(228): CodeIgniter\Router\Router->autoRoute('Enquiry/enquiry_list_view/10')
 3 SYSTEMPATH\CodeIgniter.php(834): CodeIgniter\Router\Router->handle('Enquiry/enquiry_list_view/10')
 4 SYSTEMPATH\CodeIgniter.php(457): CodeIgniter\CodeIgniter->tryToRouteIt(Object(CodeIgniter\Router\RouteCollection))
 5 SYSTEMPATH\CodeIgniter.php(355): CodeIgniter\CodeIgniter->handleRequest(null, Object(Config\Cache), false)
 6 SYSTEMPATH\Boot.php(334): CodeIgniter\CodeIgniter->run()
 7 SYSTEMPATH\Boot.php(67): CodeIgniter\Boot::runCodeIgniter(Object(CodeIgniter\CodeIgniter))
 8 FCPATH\index.php(56): CodeIgniter\Boot::bootWeb(Object(Config\Paths))
CRITICAL - 2025-11-22 19:23:22 --> ParseError: syntax error, unexpected token "<", expecting "function" or "const"
[Method: GET, Route: Enquiry/tour_plan/2808]
in APPPATH\Controllers\Enquiry.php on line 7164.
 1 SYSTEMPATH\Router\Router.php(563): CodeIgniter\Router\AutoRouter->getRoute('Enquiry/tour_plan/2808', 'GET')
 2 SYSTEMPATH\Router\Router.php(228): CodeIgniter\Router\Router->autoRoute('Enquiry/tour_plan/2808')
 3 SYSTEMPATH\CodeIgniter.php(834): CodeIgniter\Router\Router->handle('Enquiry/tour_plan/2808')
 4 SYSTEMPATH\CodeIgniter.php(457): CodeIgniter\CodeIgniter->tryToRouteIt(Object(CodeIgniter\Router\RouteCollection))
 5 SYSTEMPATH\CodeIgniter.php(355): CodeIgniter\CodeIgniter->handleRequest(null, Object(Config\Cache), false)
 6 SYSTEMPATH\Boot.php(334): CodeIgniter\CodeIgniter->run()
 7 SYSTEMPATH\Boot.php(67): CodeIgniter\Boot::runCodeIgniter(Object(CodeIgniter\CodeIgniter))
 8 FCPATH\index.php(56): CodeIgniter\Boot::bootWeb(Object(Config\Paths))
CRITICAL - 2025-11-22 19:23:22 --> ErrorException: filesize(): stat failed for C:\wamp64\www\khm\writable\session/ci_session0b29gmhtddcdrarealerf0etku5v4p6m
[Method: GET, Route: Enquiry/tour_plan/2808]
in SYSTEMPATH\Session\Handlers\FileHandler.php on line 162.
 1 [internal function]: CodeIgniter\Debug\Exceptions->errorHandler(2, 'filesize(): stat failed for C:\\wamp64\\www\\khm\\writable\\session/ci_session0b29gmhtddcdrarealerf0etku5v4p6m', 'C:\\wamp64\\www\\khm\\system\\Session\\Handlers\\FileHandler.php', 162)
 2 SYSTEMPATH\Session\Handlers\FileHandler.php(162): filesize('C:\\wamp64\\www\\khm\\writable\\session/ci_session0b29gmhtddcdrarealerf0etku5v4p6m')
 3 [internal function]: CodeIgniter\Session\Handlers\FileHandler->read('0b29gmhtddcdrarealerf0etku5v4p6m')
 4 SYSTEMPATH\Session\Session.php(920): session_start()
 5 SYSTEMPATH\Session\Session.php(242): CodeIgniter\Session\Session->startSession()
 6 SYSTEMPATH\Config\Services.php(710): CodeIgniter\Session\Session->start()
 7 SYSTEMPATH\Config\BaseService.php(312): CodeIgniter\Config\Services::session(Object(Config\Session), false)
 8 SYSTEMPATH\Config\BaseService.php(251): CodeIgniter\Config\BaseService::__callStatic('session', [...])
 9 SYSTEMPATH\Config\Services.php(668): CodeIgniter\Config\BaseService::getSharedInstance('session', null)
10 SYSTEMPATH\Config\BaseService.php(321): CodeIgniter\Config\Services::session()
11 SYSTEMPATH\Config\BaseService.php(202): CodeIgniter\Config\BaseService::__callStatic('session', [])
12 SYSTEMPATH\Common.php(998): CodeIgniter\Config\BaseService::get('session')
13 SYSTEMPATH\Common.php(971): service('session')
14 APPPATH\Config\Routes.php(13): session('logged_in')
15 SYSTEMPATH\Router\RouteCollection.php(339): require('C:\\wamp64\\www\\khm\\app\\Config\\Routes.php')
16 SYSTEMPATH\CodeIgniter.php(823): CodeIgniter\Router\RouteCollection->loadRoutes()
17 SYSTEMPATH\CodeIgniter.php(457): CodeIgniter\CodeIgniter->tryToRouteIt(null)
18 SYSTEMPATH\CodeIgniter.php(355): CodeIgniter\CodeIgniter->handleRequest(null, Object(Config\Cache), false)
19 SYSTEMPATH\Boot.php(334): CodeIgniter\CodeIgniter->run()
20 SYSTEMPATH\Boot.php(67): CodeIgniter\Boot::runCodeIgniter(Object(CodeIgniter\CodeIgniter))
21 FCPATH\index.php(56): CodeIgniter\Boot::bootWeb(Object(Config\Paths))
CRITICAL - 2025-11-22 19:23:23 --> ParseError: syntax error, unexpected token "<", expecting "function" or "const"
[Method: GET, Route: Enquiry/enquiry_list_view/10]
in APPPATH\Controllers\Enquiry.php on line 7164.
 1 SYSTEMPATH\Router\Router.php(563): CodeIgniter\Router\AutoRouter->getRoute('Enquiry/enquiry_list_view/10', 'GET')
 2 SYSTEMPATH\Router\Router.php(228): CodeIgniter\Router\Router->autoRoute('Enquiry/enquiry_list_view/10')
 3 SYSTEMPATH\CodeIgniter.php(834): CodeIgniter\Router\Router->handle('Enquiry/enquiry_list_view/10')
 4 SYSTEMPATH\CodeIgniter.php(457): CodeIgniter\CodeIgniter->tryToRouteIt(Object(CodeIgniter\Router\RouteCollection))
 5 SYSTEMPATH\CodeIgniter.php(355): CodeIgniter\CodeIgniter->handleRequest(null, Object(Config\Cache), false)
 6 SYSTEMPATH\Boot.php(334): CodeIgniter\CodeIgniter->run()
 7 SYSTEMPATH\Boot.php(67): CodeIgniter\Boot::runCodeIgniter(Object(CodeIgniter\CodeIgniter))
 8 FCPATH\index.php(56): CodeIgniter\Boot::bootWeb(Object(Config\Paths))
CRITICAL - 2025-11-22 19:45:32 --> TypeError: array_column(): Argument #1 ($array) must be of type array, null given
[Method: GET, Route: Enquiry/itinerary/2808/1]
in APPPATH\Controllers\Enquiry.php on line 5774.
 1 APPPATH\Controllers\Enquiry.php(5774): array_column(null, 'sightseeing_id')
 2 SYSTEMPATH\CodeIgniter.php(933): App\Controllers\Enquiry->itinerary('2808', '1')
 3 SYSTEMPATH\CodeIgniter.php(509): CodeIgniter\CodeIgniter->runController(Object(App\Controllers\Enquiry))
 4 SYSTEMPATH\CodeIgniter.php(355): CodeIgniter\CodeIgniter->handleRequest(null, Object(Config\Cache), false)
 5 SYSTEMPATH\Boot.php(334): CodeIgniter\CodeIgniter->run()
 6 SYSTEMPATH\Boot.php(67): CodeIgniter\Boot::runCodeIgniter(Object(CodeIgniter\CodeIgniter))
 7 FCPATH\index.php(56): CodeIgniter\Boot::bootWeb(Object(Config\Paths))
CRITICAL - 2025-11-22 19:45:46 --> TypeError: array_column(): Argument #1 ($array) must be of type array, null given
[Method: GET, Route: Enquiry/itinerary/2808/0]
in APPPATH\Controllers\Enquiry.php on line 5774.
 1 APPPATH\Controllers\Enquiry.php(5774): array_column(null, 'sightseeing_id')
 2 SYSTEMPATH\CodeIgniter.php(933): App\Controllers\Enquiry->itinerary('2808', '0')
 3 SYSTEMPATH\CodeIgniter.php(509): CodeIgniter\CodeIgniter->runController(Object(App\Controllers\Enquiry))
 4 SYSTEMPATH\CodeIgniter.php(355): CodeIgniter\CodeIgniter->handleRequest(null, Object(Config\Cache), false)
 5 SYSTEMPATH\Boot.php(334): CodeIgniter\CodeIgniter->run()
 6 SYSTEMPATH\Boot.php(67): CodeIgniter\Boot::runCodeIgniter(Object(CodeIgniter\CodeIgniter))
 7 FCPATH\index.php(56): CodeIgniter\Boot::bootWeb(Object(Config\Paths))
CRITICAL - 2025-11-22 19:45:55 --> TypeError: array_column(): Argument #1 ($array) must be of type array, null given
[Method: GET, Route: Enquiry/itinerary/2808/0]
in APPPATH\Controllers\Enquiry.php on line 5774.
 1 APPPATH\Controllers\Enquiry.php(5774): array_column(null, 'sightseeing_id')
 2 SYSTEMPATH\CodeIgniter.php(933): App\Controllers\Enquiry->itinerary('2808', '0')
 3 SYSTEMPATH\CodeIgniter.php(509): CodeIgniter\CodeIgniter->runController(Object(App\Controllers\Enquiry))
 4 SYSTEMPATH\CodeIgniter.php(355): CodeIgniter\CodeIgniter->handleRequest(null, Object(Config\Cache), false)
 5 SYSTEMPATH\Boot.php(334): CodeIgniter\CodeIgniter->run()
 6 SYSTEMPATH\Boot.php(67): CodeIgniter\Boot::runCodeIgniter(Object(CodeIgniter\CodeIgniter))
 7 FCPATH\index.php(56): CodeIgniter\Boot::bootWeb(Object(Config\Paths))
CRITICAL - 2025-11-22 19:46:21 --> TypeError: array_column(): Argument #1 ($array) must be of type array, null given
[Method: GET, Route: Enquiry/itinerary/2808/0]
in APPPATH\Controllers\Enquiry.php on line 5774.
 1 APPPATH\Controllers\Enquiry.php(5774): array_column(null, 'sightseeing_id')
 2 SYSTEMPATH\CodeIgniter.php(933): App\Controllers\Enquiry->itinerary('2808', '0')
 3 SYSTEMPATH\CodeIgniter.php(509): CodeIgniter\CodeIgniter->runController(Object(App\Controllers\Enquiry))
 4 SYSTEMPATH\CodeIgniter.php(355): CodeIgniter\CodeIgniter->handleRequest(null, Object(Config\Cache), false)
 5 SYSTEMPATH\Boot.php(334): CodeIgniter\CodeIgniter->run()
 6 SYSTEMPATH\Boot.php(67): CodeIgniter\Boot::runCodeIgniter(Object(CodeIgniter\CodeIgniter))
 7 FCPATH\index.php(56): CodeIgniter\Boot::bootWeb(Object(Config\Paths))
CRITICAL - 2025-11-22 19:46:24 --> TypeError: array_column(): Argument #1 ($array) must be of type array, null given
[Method: GET, Route: Enquiry/itinerary/2808/0]
in APPPATH\Controllers\Enquiry.php on line 5774.
 1 APPPATH\Controllers\Enquiry.php(5774): array_column(null, 'sightseeing_id')
 2 SYSTEMPATH\CodeIgniter.php(933): App\Controllers\Enquiry->itinerary('2808', '0')
 3 SYSTEMPATH\CodeIgniter.php(509): CodeIgniter\CodeIgniter->runController(Object(App\Controllers\Enquiry))
 4 SYSTEMPATH\CodeIgniter.php(355): CodeIgniter\CodeIgniter->handleRequest(null, Object(Config\Cache), false)
 5 SYSTEMPATH\Boot.php(334): CodeIgniter\CodeIgniter->run()
 6 SYSTEMPATH\Boot.php(67): CodeIgniter\Boot::runCodeIgniter(Object(CodeIgniter\CodeIgniter))
 7 FCPATH\index.php(56): CodeIgniter\Boot::bootWeb(Object(Config\Paths))
CRITICAL - 2025-11-22 19:46:25 --> TypeError: array_column(): Argument #1 ($array) must be of type array, null given
[Method: GET, Route: Enquiry/itinerary/2808/0]
in APPPATH\Controllers\Enquiry.php on line 5774.
 1 APPPATH\Controllers\Enquiry.php(5774): array_column(null, 'sightseeing_id')
 2 SYSTEMPATH\CodeIgniter.php(933): App\Controllers\Enquiry->itinerary('2808', '0')
 3 SYSTEMPATH\CodeIgniter.php(509): CodeIgniter\CodeIgniter->runController(Object(App\Controllers\Enquiry))
 4 SYSTEMPATH\CodeIgniter.php(355): CodeIgniter\CodeIgniter->handleRequest(null, Object(Config\Cache), false)
 5 SYSTEMPATH\Boot.php(334): CodeIgniter\CodeIgniter->run()
 6 SYSTEMPATH\Boot.php(67): CodeIgniter\Boot::runCodeIgniter(Object(CodeIgniter\CodeIgniter))
 7 FCPATH\index.php(56): CodeIgniter\Boot::bootWeb(Object(Config\Paths))
CRITICAL - 2025-11-22 19:46:33 --> TypeError: array_column(): Argument #1 ($array) must be of type array, null given
[Method: GET, Route: Enquiry/itinerary/2808/0]
in APPPATH\Controllers\Enquiry.php on line 5774.
 1 APPPATH\Controllers\Enquiry.php(5774): array_column(null, 'sightseeing_id')
 2 SYSTEMPATH\CodeIgniter.php(933): App\Controllers\Enquiry->itinerary('2808', '0')
 3 SYSTEMPATH\CodeIgniter.php(509): CodeIgniter\CodeIgniter->runController(Object(App\Controllers\Enquiry))
 4 SYSTEMPATH\CodeIgniter.php(355): CodeIgniter\CodeIgniter->handleRequest(null, Object(Config\Cache), false)
 5 SYSTEMPATH\Boot.php(334): CodeIgniter\CodeIgniter->run()
 6 SYSTEMPATH\Boot.php(67): CodeIgniter\Boot::runCodeIgniter(Object(CodeIgniter\CodeIgniter))
 7 FCPATH\index.php(56): CodeIgniter\Boot::bootWeb(Object(Config\Paths))
CRITICAL - 2025-11-22 19:54:36 --> TypeError: array_column(): Argument #1 ($array) must be of type array, null given
[Method: GET, Route: Enquiry/itinerary/2808/0]
in APPPATH\Controllers\Enquiry.php on line 5777.
 1 APPPATH\Controllers\Enquiry.php(5777): array_column(null, 'sightseeing_id')
 2 SYSTEMPATH\CodeIgniter.php(933): App\Controllers\Enquiry->itinerary('2808', '0')
 3 SYSTEMPATH\CodeIgniter.php(509): CodeIgniter\CodeIgniter->runController(Object(App\Controllers\Enquiry))
 4 SYSTEMPATH\CodeIgniter.php(355): CodeIgniter\CodeIgniter->handleRequest(null, Object(Config\Cache), false)
 5 SYSTEMPATH\Boot.php(334): CodeIgniter\CodeIgniter->run()
 6 SYSTEMPATH\Boot.php(67): CodeIgniter\Boot::runCodeIgniter(Object(CodeIgniter\CodeIgniter))
 7 FCPATH\index.php(56): CodeIgniter\Boot::bootWeb(Object(Config\Paths))
CRITICAL - 2025-11-22 19:54:46 --> TypeError: array_column(): Argument #1 ($array) must be of type array, null given
[Method: GET, Route: Enquiry/itinerary/2808/0]
in APPPATH\Controllers\Enquiry.php on line 5777.
 1 APPPATH\Controllers\Enquiry.php(5777): array_column(null, 'sightseeing_id')
 2 SYSTEMPATH\CodeIgniter.php(933): App\Controllers\Enquiry->itinerary('2808', '0')
 3 SYSTEMPATH\CodeIgniter.php(509): CodeIgniter\CodeIgniter->runController(Object(App\Controllers\Enquiry))
 4 SYSTEMPATH\CodeIgniter.php(355): CodeIgniter\CodeIgniter->handleRequest(null, Object(Config\Cache), false)
 5 SYSTEMPATH\Boot.php(334): CodeIgniter\CodeIgniter->run()
 6 SYSTEMPATH\Boot.php(67): CodeIgniter\Boot::runCodeIgniter(Object(CodeIgniter\CodeIgniter))
 7 FCPATH\index.php(56): CodeIgniter\Boot::bootWeb(Object(Config\Paths))
CRITICAL - 2025-11-22 19:55:03 --> TypeError: array_column(): Argument #1 ($array) must be of type array, null given
[Method: GET, Route: Enquiry/itinerary/2808/0]
in APPPATH\Controllers\Enquiry.php on line 5777.
 1 APPPATH\Controllers\Enquiry.php(5777): array_column(null, 'sightseeing_id')
 2 SYSTEMPATH\CodeIgniter.php(933): App\Controllers\Enquiry->itinerary('2808', '0')
 3 SYSTEMPATH\CodeIgniter.php(509): CodeIgniter\CodeIgniter->runController(Object(App\Controllers\Enquiry))
 4 SYSTEMPATH\CodeIgniter.php(355): CodeIgniter\CodeIgniter->handleRequest(null, Object(Config\Cache), false)
 5 SYSTEMPATH\Boot.php(334): CodeIgniter\CodeIgniter->run()
 6 SYSTEMPATH\Boot.php(67): CodeIgniter\Boot::runCodeIgniter(Object(CodeIgniter\CodeIgniter))
 7 FCPATH\index.php(56): CodeIgniter\Boot::bootWeb(Object(Config\Paths))
CRITICAL - 2025-11-22 19:56:08 --> TypeError: array_column(): Argument #1 ($array) must be of type array, null given
[Method: GET, Route: Enquiry/itinerary/2808/0]
in APPPATH\Controllers\Enquiry.php on line 5777.
 1 APPPATH\Controllers\Enquiry.php(5777): array_column(null, 'sightseeing_id')
 2 SYSTEMPATH\CodeIgniter.php(933): App\Controllers\Enquiry->itinerary('2808', '0')
 3 SYSTEMPATH\CodeIgniter.php(509): CodeIgniter\CodeIgniter->runController(Object(App\Controllers\Enquiry))
 4 SYSTEMPATH\CodeIgniter.php(355): CodeIgniter\CodeIgniter->handleRequest(null, Object(Config\Cache), false)
 5 SYSTEMPATH\Boot.php(334): CodeIgniter\CodeIgniter->run()
 6 SYSTEMPATH\Boot.php(67): CodeIgniter\Boot::runCodeIgniter(Object(CodeIgniter\CodeIgniter))
 7 FCPATH\index.php(56): CodeIgniter\Boot::bootWeb(Object(Config\Paths))
CRITICAL - 2025-11-22 19:57:01 --> CodeIgniter\Database\Exceptions\DatabaseException: You must set the database table to be used with your query.
[Method: GET, Route: Enquiry/itinerary/2807/0]
in SYSTEMPATH\Database\BaseConnection.php on line 927.
 1 SYSTEMPATH\Model.php(714): CodeIgniter\Database\BaseConnection->table(null)
 2 SYSTEMPATH\Model.php(920): CodeIgniter\Model->builder()
 3 APPPATH\Controllers\Enquiry.php(5940): CodeIgniter\Model->__call('get_object_class_by_id', [...])
 4 SYSTEMPATH\CodeIgniter.php(933): App\Controllers\Enquiry->itinerary('2807', '0')
 5 SYSTEMPATH\CodeIgniter.php(509): CodeIgniter\CodeIgniter->runController(Object(App\Controllers\Enquiry))
 6 SYSTEMPATH\CodeIgniter.php(355): CodeIgniter\CodeIgniter->handleRequest(null, Object(Config\Cache), false)
 7 SYSTEMPATH\Boot.php(334): CodeIgniter\CodeIgniter->run()
 8 SYSTEMPATH\Boot.php(67): CodeIgniter\Boot::runCodeIgniter(Object(CodeIgniter\CodeIgniter))
 9 FCPATH\index.php(56): CodeIgniter\Boot::bootWeb(Object(Config\Paths))
CRITICAL - 2025-11-22 19:57:34 --> CodeIgniter\Database\Exceptions\DatabaseException: You must set the database table to be used with your query.
[Method: GET, Route: Enquiry/itinerary/2807/0]
in SYSTEMPATH\Database\BaseConnection.php on line 927.
 1 SYSTEMPATH\Model.php(714): CodeIgniter\Database\BaseConnection->table(null)
 2 SYSTEMPATH\Model.php(920): CodeIgniter\Model->builder()
 3 APPPATH\Controllers\Enquiry.php(5940): CodeIgniter\Model->__call('get_object_class_by_id', [...])
 4 SYSTEMPATH\CodeIgniter.php(933): App\Controllers\Enquiry->itinerary('2807', '0')
 5 SYSTEMPATH\CodeIgniter.php(509): CodeIgniter\CodeIgniter->runController(Object(App\Controllers\Enquiry))
 6 SYSTEMPATH\CodeIgniter.php(355): CodeIgniter\CodeIgniter->handleRequest(null, Object(Config\Cache), false)
 7 SYSTEMPATH\Boot.php(334): CodeIgniter\CodeIgniter->run()
 8 SYSTEMPATH\Boot.php(67): CodeIgniter\Boot::runCodeIgniter(Object(CodeIgniter\CodeIgniter))
 9 FCPATH\index.php(56): CodeIgniter\Boot::bootWeb(Object(Config\Paths))
CRITICAL - 2025-11-22 19:58:31 --> TypeError: array_column(): Argument #1 ($array) must be of type array, null given
[Method: GET, Route: Enquiry/itinerary/2808/0]
in APPPATH\Controllers\Enquiry.php on line 5774.
 1 APPPATH\Controllers\Enquiry.php(5774): array_column(null, 'sightseeing_id')
 2 SYSTEMPATH\CodeIgniter.php(933): App\Controllers\Enquiry->itinerary('2808', '0')
 3 SYSTEMPATH\CodeIgniter.php(509): CodeIgniter\CodeIgniter->runController(Object(App\Controllers\Enquiry))
 4 SYSTEMPATH\CodeIgniter.php(355): CodeIgniter\CodeIgniter->handleRequest(null, Object(Config\Cache), false)
 5 SYSTEMPATH\Boot.php(334): CodeIgniter\CodeIgniter->run()
 6 SYSTEMPATH\Boot.php(67): CodeIgniter\Boot::runCodeIgniter(Object(CodeIgniter\CodeIgniter))
 7 FCPATH\index.php(56): CodeIgniter\Boot::bootWeb(Object(Config\Paths))
CRITICAL - 2025-11-22 19:58:35 --> TypeError: array_column(): Argument #1 ($array) must be of type array, null given
[Method: GET, Route: Enquiry/itinerary/2808/0]
in APPPATH\Controllers\Enquiry.php on line 5774.
 1 APPPATH\Controllers\Enquiry.php(5774): array_column(null, 'sightseeing_id')
 2 SYSTEMPATH\CodeIgniter.php(933): App\Controllers\Enquiry->itinerary('2808', '0')
 3 SYSTEMPATH\CodeIgniter.php(509): CodeIgniter\CodeIgniter->runController(Object(App\Controllers\Enquiry))
 4 SYSTEMPATH\CodeIgniter.php(355): CodeIgniter\CodeIgniter->handleRequest(null, Object(Config\Cache), false)
 5 SYSTEMPATH\Boot.php(334): CodeIgniter\CodeIgniter->run()
 6 SYSTEMPATH\Boot.php(67): CodeIgniter\Boot::runCodeIgniter(Object(CodeIgniter\CodeIgniter))
 7 FCPATH\index.php(56): CodeIgniter\Boot::bootWeb(Object(Config\Paths))
CRITICAL - 2025-11-22 19:58:37 --> TypeError: array_column(): Argument #1 ($array) must be of type array, null given
[Method: GET, Route: Enquiry/itinerary/2808/0]
in APPPATH\Controllers\Enquiry.php on line 5774.
 1 APPPATH\Controllers\Enquiry.php(5774): array_column(null, 'sightseeing_id')
 2 SYSTEMPATH\CodeIgniter.php(933): App\Controllers\Enquiry->itinerary('2808', '0')
 3 SYSTEMPATH\CodeIgniter.php(509): CodeIgniter\CodeIgniter->runController(Object(App\Controllers\Enquiry))
 4 SYSTEMPATH\CodeIgniter.php(355): CodeIgniter\CodeIgniter->handleRequest(null, Object(Config\Cache), false)
 5 SYSTEMPATH\Boot.php(334): CodeIgniter\CodeIgniter->run()
 6 SYSTEMPATH\Boot.php(67): CodeIgniter\Boot::runCodeIgniter(Object(CodeIgniter\CodeIgniter))
 7 FCPATH\index.php(56): CodeIgniter\Boot::bootWeb(Object(Config\Paths))
CRITICAL - 2025-11-22 19:58:50 --> TypeError: array_column(): Argument #1 ($array) must be of type array, null given
[Method: GET, Route: Enquiry/itinerary/2808/0]
in APPPATH\Controllers\Enquiry.php on line 5774.
 1 APPPATH\Controllers\Enquiry.php(5774): array_column(null, 'sightseeing_id')
 2 SYSTEMPATH\CodeIgniter.php(933): App\Controllers\Enquiry->itinerary('2808', '0')
 3 SYSTEMPATH\CodeIgniter.php(509): CodeIgniter\CodeIgniter->runController(Object(App\Controllers\Enquiry))
 4 SYSTEMPATH\CodeIgniter.php(355): CodeIgniter\CodeIgniter->handleRequest(null, Object(Config\Cache), false)
 5 SYSTEMPATH\Boot.php(334): CodeIgniter\CodeIgniter->run()
 6 SYSTEMPATH\Boot.php(67): CodeIgniter\Boot::runCodeIgniter(Object(CodeIgniter\CodeIgniter))
 7 FCPATH\index.php(56): CodeIgniter\Boot::bootWeb(Object(Config\Paths))
CRITICAL - 2025-11-22 20:02:39 --> TypeError: array_column(): Argument #1 ($array) must be of type array, null given
[Method: GET, Route: Enquiry/itinerary/2807/1]
in APPPATH\Controllers\Enquiry.php on line 5774.
 1 APPPATH\Controllers\Enquiry.php(5774): array_column(null, 'sightseeing_id')
 2 SYSTEMPATH\CodeIgniter.php(933): App\Controllers\Enquiry->itinerary('2807', '1')
 3 SYSTEMPATH\CodeIgniter.php(509): CodeIgniter\CodeIgniter->runController(Object(App\Controllers\Enquiry))
 4 SYSTEMPATH\CodeIgniter.php(355): CodeIgniter\CodeIgniter->handleRequest(null, Object(Config\Cache), false)
 5 SYSTEMPATH\Boot.php(334): CodeIgniter\CodeIgniter->run()
 6 SYSTEMPATH\Boot.php(67): CodeIgniter\Boot::runCodeIgniter(Object(CodeIgniter\CodeIgniter))
 7 FCPATH\index.php(56): CodeIgniter\Boot::bootWeb(Object(Config\Paths))
CRITICAL - 2025-11-22 20:06:48 --> TypeError: array_column(): Argument #1 ($array) must be of type array, null given
[Method: GET, Route: Enquiry/itinerary/2807/1]
in APPPATH\Controllers\Enquiry.php on line 5774.
 1 APPPATH\Controllers\Enquiry.php(5774): array_column(null, 'sightseeing_id')
 2 SYSTEMPATH\CodeIgniter.php(933): App\Controllers\Enquiry->itinerary('2807', '1')
 3 SYSTEMPATH\CodeIgniter.php(509): CodeIgniter\CodeIgniter->runController(Object(App\Controllers\Enquiry))
 4 SYSTEMPATH\CodeIgniter.php(355): CodeIgniter\CodeIgniter->handleRequest(null, Object(Config\Cache), false)
 5 SYSTEMPATH\Boot.php(334): CodeIgniter\CodeIgniter->run()
 6 SYSTEMPATH\Boot.php(67): CodeIgniter\Boot::runCodeIgniter(Object(CodeIgniter\CodeIgniter))
 7 FCPATH\index.php(56): CodeIgniter\Boot::bootWeb(Object(Config\Paths))
CRITICAL - 2025-11-22 20:07:02 --> TypeError: array_column(): Argument #1 ($array) must be of type array, null given
[Method: GET, Route: Enquiry/itinerary/2807/0]
in APPPATH\Controllers\Enquiry.php on line 5774.
 1 APPPATH\Controllers\Enquiry.php(5774): array_column(null, 'sightseeing_id')
 2 SYSTEMPATH\CodeIgniter.php(933): App\Controllers\Enquiry->itinerary('2807', '0')
 3 SYSTEMPATH\CodeIgniter.php(509): CodeIgniter\CodeIgniter->runController(Object(App\Controllers\Enquiry))
 4 SYSTEMPATH\CodeIgniter.php(355): CodeIgniter\CodeIgniter->handleRequest(null, Object(Config\Cache), false)
 5 SYSTEMPATH\Boot.php(334): CodeIgniter\CodeIgniter->run()
 6 SYSTEMPATH\Boot.php(67): CodeIgniter\Boot::runCodeIgniter(Object(CodeIgniter\CodeIgniter))
 7 FCPATH\index.php(56): CodeIgniter\Boot::bootWeb(Object(Config\Paths))
CRITICAL - 2025-11-22 20:07:07 --> TypeError: array_column(): Argument #1 ($array) must be of type array, null given
[Method: GET, Route: Enquiry/itinerary/2807/1]
in APPPATH\Controllers\Enquiry.php on line 5774.
 1 APPPATH\Controllers\Enquiry.php(5774): array_column(null, 'sightseeing_id')
 2 SYSTEMPATH\CodeIgniter.php(933): App\Controllers\Enquiry->itinerary('2807', '1')
 3 SYSTEMPATH\CodeIgniter.php(509): CodeIgniter\CodeIgniter->runController(Object(App\Controllers\Enquiry))
 4 SYSTEMPATH\CodeIgniter.php(355): CodeIgniter\CodeIgniter->handleRequest(null, Object(Config\Cache), false)
 5 SYSTEMPATH\Boot.php(334): CodeIgniter\CodeIgniter->run()
 6 SYSTEMPATH\Boot.php(67): CodeIgniter\Boot::runCodeIgniter(Object(CodeIgniter\CodeIgniter))
 7 FCPATH\index.php(56): CodeIgniter\Boot::bootWeb(Object(Config\Paths))
CRITICAL - 2025-11-22 20:07:42 --> TypeError: array_column(): Argument #1 ($array) must be of type array, null given
[Method: GET, Route: Enquiry/itinerary/2807/1]
in APPPATH\Controllers\Enquiry.php on line 5774.
 1 APPPATH\Controllers\Enquiry.php(5774): array_column(null, 'sightseeing_id')
 2 SYSTEMPATH\CodeIgniter.php(933): App\Controllers\Enquiry->itinerary('2807', '1')
 3 SYSTEMPATH\CodeIgniter.php(509): CodeIgniter\CodeIgniter->runController(Object(App\Controllers\Enquiry))
 4 SYSTEMPATH\CodeIgniter.php(355): CodeIgniter\CodeIgniter->handleRequest(null, Object(Config\Cache), false)
 5 SYSTEMPATH\Boot.php(334): CodeIgniter\CodeIgniter->run()
 6 SYSTEMPATH\Boot.php(67): CodeIgniter\Boot::runCodeIgniter(Object(CodeIgniter\CodeIgniter))
 7 FCPATH\index.php(56): CodeIgniter\Boot::bootWeb(Object(Config\Paths))
CRITICAL - 2025-11-22 20:07:44 --> TypeError: array_column(): Argument #1 ($array) must be of type array, null given
[Method: GET, Route: Enquiry/itinerary/2807/1]
in APPPATH\Controllers\Enquiry.php on line 5774.
 1 APPPATH\Controllers\Enquiry.php(5774): array_column(null, 'sightseeing_id')
 2 SYSTEMPATH\CodeIgniter.php(933): App\Controllers\Enquiry->itinerary('2807', '1')
 3 SYSTEMPATH\CodeIgniter.php(509): CodeIgniter\CodeIgniter->runController(Object(App\Controllers\Enquiry))
 4 SYSTEMPATH\CodeIgniter.php(355): CodeIgniter\CodeIgniter->handleRequest(null, Object(Config\Cache), false)
 5 SYSTEMPATH\Boot.php(334): CodeIgniter\CodeIgniter->run()
 6 SYSTEMPATH\Boot.php(67): CodeIgniter\Boot::runCodeIgniter(Object(CodeIgniter\CodeIgniter))
 7 FCPATH\index.php(56): CodeIgniter\Boot::bootWeb(Object(Config\Paths))
CRITICAL - 2025-11-22 20:07:46 --> TypeError: array_column(): Argument #1 ($array) must be of type array, null given
[Method: GET, Route: Enquiry/itinerary/2807/0]
in APPPATH\Controllers\Enquiry.php on line 5774.
 1 APPPATH\Controllers\Enquiry.php(5774): array_column(null, 'sightseeing_id')
 2 SYSTEMPATH\CodeIgniter.php(933): App\Controllers\Enquiry->itinerary('2807', '0')
 3 SYSTEMPATH\CodeIgniter.php(509): CodeIgniter\CodeIgniter->runController(Object(App\Controllers\Enquiry))
 4 SYSTEMPATH\CodeIgniter.php(355): CodeIgniter\CodeIgniter->handleRequest(null, Object(Config\Cache), false)
 5 SYSTEMPATH\Boot.php(334): CodeIgniter\CodeIgniter->run()
 6 SYSTEMPATH\Boot.php(67): CodeIgniter\Boot::runCodeIgniter(Object(CodeIgniter\CodeIgniter))
 7 FCPATH\index.php(56): CodeIgniter\Boot::bootWeb(Object(Config\Paths))
CRITICAL - 2025-11-22 20:07:47 --> TypeError: array_column(): Argument #1 ($array) must be of type array, null given
[Method: GET, Route: Enquiry/itinerary/2807/0]
in APPPATH\Controllers\Enquiry.php on line 5774.
 1 APPPATH\Controllers\Enquiry.php(5774): array_column(null, 'sightseeing_id')
 2 SYSTEMPATH\CodeIgniter.php(933): App\Controllers\Enquiry->itinerary('2807', '0')
 3 SYSTEMPATH\CodeIgniter.php(509): CodeIgniter\CodeIgniter->runController(Object(App\Controllers\Enquiry))
 4 SYSTEMPATH\CodeIgniter.php(355): CodeIgniter\CodeIgniter->handleRequest(null, Object(Config\Cache), false)
 5 SYSTEMPATH\Boot.php(334): CodeIgniter\CodeIgniter->run()
 6 SYSTEMPATH\Boot.php(67): CodeIgniter\Boot::runCodeIgniter(Object(CodeIgniter\CodeIgniter))
 7 FCPATH\index.php(56): CodeIgniter\Boot::bootWeb(Object(Config\Paths))
CRITICAL - 2025-11-22 20:07:59 --> TypeError: array_column(): Argument #1 ($array) must be of type array, null given
[Method: GET, Route: Enquiry/itinerary/2807/0]
in APPPATH\Controllers\Enquiry.php on line 5774.
 1 APPPATH\Controllers\Enquiry.php(5774): array_column(null, 'sightseeing_id')
 2 SYSTEMPATH\CodeIgniter.php(933): App\Controllers\Enquiry->itinerary('2807', '0')
 3 SYSTEMPATH\CodeIgniter.php(509): CodeIgniter\CodeIgniter->runController(Object(App\Controllers\Enquiry))
 4 SYSTEMPATH\CodeIgniter.php(355): CodeIgniter\CodeIgniter->handleRequest(null, Object(Config\Cache), false)
 5 SYSTEMPATH\Boot.php(334): CodeIgniter\CodeIgniter->run()
 6 SYSTEMPATH\Boot.php(67): CodeIgniter\Boot::runCodeIgniter(Object(CodeIgniter\CodeIgniter))
 7 FCPATH\index.php(56): CodeIgniter\Boot::bootWeb(Object(Config\Paths))
CRITICAL - 2025-11-22 20:08:12 --> TypeError: array_column(): Argument #1 ($array) must be of type array, null given
[Method: GET, Route: Enquiry/itinerary/2807/0]
in APPPATH\Controllers\Enquiry.php on line 5774.
 1 APPPATH\Controllers\Enquiry.php(5774): array_column(null, 'sightseeing_id')
 2 SYSTEMPATH\CodeIgniter.php(933): App\Controllers\Enquiry->itinerary('2807', '0')
 3 SYSTEMPATH\CodeIgniter.php(509): CodeIgniter\CodeIgniter->runController(Object(App\Controllers\Enquiry))
 4 SYSTEMPATH\CodeIgniter.php(355): CodeIgniter\CodeIgniter->handleRequest(null, Object(Config\Cache), false)
 5 SYSTEMPATH\Boot.php(334): CodeIgniter\CodeIgniter->run()
 6 SYSTEMPATH\Boot.php(67): CodeIgniter\Boot::runCodeIgniter(Object(CodeIgniter\CodeIgniter))
 7 FCPATH\index.php(56): CodeIgniter\Boot::bootWeb(Object(Config\Paths))
CRITICAL - 2025-11-22 20:08:14 --> TypeError: array_column(): Argument #1 ($array) must be of type array, null given
[Method: GET, Route: Enquiry/itinerary/2807/1]
in APPPATH\Controllers\Enquiry.php on line 5774.
 1 APPPATH\Controllers\Enquiry.php(5774): array_column(null, 'sightseeing_id')
 2 SYSTEMPATH\CodeIgniter.php(933): App\Controllers\Enquiry->itinerary('2807', '1')
 3 SYSTEMPATH\CodeIgniter.php(509): CodeIgniter\CodeIgniter->runController(Object(App\Controllers\Enquiry))
 4 SYSTEMPATH\CodeIgniter.php(355): CodeIgniter\CodeIgniter->handleRequest(null, Object(Config\Cache), false)
 5 SYSTEMPATH\Boot.php(334): CodeIgniter\CodeIgniter->run()
 6 SYSTEMPATH\Boot.php(67): CodeIgniter\Boot::runCodeIgniter(Object(CodeIgniter\CodeIgniter))
 7 FCPATH\index.php(56): CodeIgniter\Boot::bootWeb(Object(Config\Paths))
CRITICAL - 2025-11-22 20:08:15 --> TypeError: array_column(): Argument #1 ($array) must be of type array, null given
[Method: GET, Route: Enquiry/itinerary/2807/0]
in APPPATH\Controllers\Enquiry.php on line 5774.
 1 APPPATH\Controllers\Enquiry.php(5774): array_column(null, 'sightseeing_id')
 2 SYSTEMPATH\CodeIgniter.php(933): App\Controllers\Enquiry->itinerary('2807', '0')
 3 SYSTEMPATH\CodeIgniter.php(509): CodeIgniter\CodeIgniter->runController(Object(App\Controllers\Enquiry))
 4 SYSTEMPATH\CodeIgniter.php(355): CodeIgniter\CodeIgniter->handleRequest(null, Object(Config\Cache), false)
 5 SYSTEMPATH\Boot.php(334): CodeIgniter\CodeIgniter->run()
 6 SYSTEMPATH\Boot.php(67): CodeIgniter\Boot::runCodeIgniter(Object(CodeIgniter\CodeIgniter))
 7 FCPATH\index.php(56): CodeIgniter\Boot::bootWeb(Object(Config\Paths))
CRITICAL - 2025-11-22 20:08:19 --> TypeError: array_column(): Argument #1 ($array) must be of type array, null given
[Method: GET, Route: Enquiry/itinerary/2808/0]
in APPPATH\Controllers\Enquiry.php on line 5774.
 1 APPPATH\Controllers\Enquiry.php(5774): array_column(null, 'sightseeing_id')
 2 SYSTEMPATH\CodeIgniter.php(933): App\Controllers\Enquiry->itinerary('2808', '0')
 3 SYSTEMPATH\CodeIgniter.php(509): CodeIgniter\CodeIgniter->runController(Object(App\Controllers\Enquiry))
 4 SYSTEMPATH\CodeIgniter.php(355): CodeIgniter\CodeIgniter->handleRequest(null, Object(Config\Cache), false)
 5 SYSTEMPATH\Boot.php(334): CodeIgniter\CodeIgniter->run()
 6 SYSTEMPATH\Boot.php(67): CodeIgniter\Boot::runCodeIgniter(Object(CodeIgniter\CodeIgniter))
 7 FCPATH\index.php(56): CodeIgniter\Boot::bootWeb(Object(Config\Paths))
CRITICAL - 2025-11-22 20:08:23 --> TypeError: array_column(): Argument #1 ($array) must be of type array, null given
[Method: GET, Route: Enquiry/itinerary/2808/0]
in APPPATH\Controllers\Enquiry.php on line 5774.
 1 APPPATH\Controllers\Enquiry.php(5774): array_column(null, 'sightseeing_id')
 2 SYSTEMPATH\CodeIgniter.php(933): App\Controllers\Enquiry->itinerary('2808', '0')
 3 SYSTEMPATH\CodeIgniter.php(509): CodeIgniter\CodeIgniter->runController(Object(App\Controllers\Enquiry))
 4 SYSTEMPATH\CodeIgniter.php(355): CodeIgniter\CodeIgniter->handleRequest(null, Object(Config\Cache), false)
 5 SYSTEMPATH\Boot.php(334): CodeIgniter\CodeIgniter->run()
 6 SYSTEMPATH\Boot.php(67): CodeIgniter\Boot::runCodeIgniter(Object(CodeIgniter\CodeIgniter))
 7 FCPATH\index.php(56): CodeIgniter\Boot::bootWeb(Object(Config\Paths))
CRITICAL - 2025-11-22 20:08:32 --> TypeError: array_column(): Argument #1 ($array) must be of type array, null given
[Method: GET, Route: Enquiry/itinerary/2808/0]
in APPPATH\Controllers\Enquiry.php on line 5774.
 1 APPPATH\Controllers\Enquiry.php(5774): array_column(null, 'sightseeing_id')
 2 SYSTEMPATH\CodeIgniter.php(933): App\Controllers\Enquiry->itinerary('2808', '0')
 3 SYSTEMPATH\CodeIgniter.php(509): CodeIgniter\CodeIgniter->runController(Object(App\Controllers\Enquiry))
 4 SYSTEMPATH\CodeIgniter.php(355): CodeIgniter\CodeIgniter->handleRequest(null, Object(Config\Cache), false)
 5 SYSTEMPATH\Boot.php(334): CodeIgniter\CodeIgniter->run()
 6 SYSTEMPATH\Boot.php(67): CodeIgniter\Boot::runCodeIgniter(Object(CodeIgniter\CodeIgniter))
 7 FCPATH\index.php(56): CodeIgniter\Boot::bootWeb(Object(Config\Paths))
CRITICAL - 2025-11-22 20:08:36 --> TypeError: array_column(): Argument #1 ($array) must be of type array, null given
[Method: GET, Route: Enquiry/itinerary/2808/0]
in APPPATH\Controllers\Enquiry.php on line 5774.
 1 APPPATH\Controllers\Enquiry.php(5774): array_column(null, 'sightseeing_id')
 2 SYSTEMPATH\CodeIgniter.php(933): App\Controllers\Enquiry->itinerary('2808', '0')
 3 SYSTEMPATH\CodeIgniter.php(509): CodeIgniter\CodeIgniter->runController(Object(App\Controllers\Enquiry))
 4 SYSTEMPATH\CodeIgniter.php(355): CodeIgniter\CodeIgniter->handleRequest(null, Object(Config\Cache), false)
 5 SYSTEMPATH\Boot.php(334): CodeIgniter\CodeIgniter->run()
 6 SYSTEMPATH\Boot.php(67): CodeIgniter\Boot::runCodeIgniter(Object(CodeIgniter\CodeIgniter))
 7 FCPATH\index.php(56): CodeIgniter\Boot::bootWeb(Object(Config\Paths))
CRITICAL - 2025-11-22 20:26:26 --> TypeError: array_column(): Argument #1 ($array) must be of type array, null given
[Method: GET, Route: Enquiry/itinerary/2808/1]
in APPPATH\Controllers\Enquiry.php on line 5778.
 1 APPPATH\Controllers\Enquiry.php(5778): array_column(null, 'sightseeing_id')
 2 SYSTEMPATH\CodeIgniter.php(933): App\Controllers\Enquiry->itinerary('2808', '1')
 3 SYSTEMPATH\CodeIgniter.php(509): CodeIgniter\CodeIgniter->runController(Object(App\Controllers\Enquiry))
 4 SYSTEMPATH\CodeIgniter.php(355): CodeIgniter\CodeIgniter->handleRequest(null, Object(Config\Cache), false)
 5 SYSTEMPATH\Boot.php(334): CodeIgniter\CodeIgniter->run()
 6 SYSTEMPATH\Boot.php(67): CodeIgniter\Boot::runCodeIgniter(Object(CodeIgniter\CodeIgniter))
 7 FCPATH\index.php(56): CodeIgniter\Boot::bootWeb(Object(Config\Paths))
