ERROR - 2025-12-03 00:19:11 --> Email: Unable to send email using SMTP. Your server might not be configured to send mail using this method.
ERROR - 2025-12-03 00:19:11 --> 220 smtp.gmail.com ESMTP d2e1a72fcca58-7d15e6e5e2dsm17516744b3a.35 - gsmtp

hello: 250-smtp.gmail.com at your service, [2402:3a80:422b:13c0:65e0:e2ed:4cc4:7b94]
250-SIZE 35882577
250-8BITMIME
250-AUTH LOGIN PLAIN XOAUTH2 PLAIN-CLIENTTOKEN OAUTHBEARER XOAUTH
250-ENHANCEDSTATUSCODES
250-PIPELINING
250-CHUNKING
250 SMTPUTF8

Failed to authenticate password. Error: 535-5.7.8 Username and Password not accepted. For more information, go to
535 5.7.8  https://support.google.com/mail/?p=BadCredentials d2e1a72fcca58-7d15e6e5e2dsm17516744b3a.35 - gsmtp

ERROR - 2025-12-03 00:19:12 --> Email: Unable to send email using SMTP. Your server might not be configured to send mail using this method.
ERROR - 2025-12-03 00:19:12 --> Failed to authenticate password. Error: 535-5.7.8 Username and Password not accepted. For more information, go to
535 5.7.8  https://support.google.com/mail/?p=BadCredentials d2e1a72fcca58-7d15e6e5e2dsm17516744b3a.35 - gsmtp

DEBUG - 2025-12-03 05:05:50 --> Session: Class initialized using 'CodeIgniter\Session\Handlers\FileHandler' driver.
DEBUG - 2025-12-03 05:06:05 --> Session: Class initialized using 'CodeIgniter\Session\Handlers\FileHandler' driver.
DEBUG - 2025-12-03 05:06:05 --> Session: Class initialized using 'CodeIgniter\Session\Handlers\FileHandler' driver.
WARNING - 2025-12-03 05:06:05 --> [DEPRECATED] round(): Passing null to parameter #1 ($num) of type int|float is deprecated in APPPATH\Controllers\Dashboard.php on line 241.
 1 APPPATH\Controllers\Dashboard.php(241): round(null, 2)
 2 SYSTEMPATH\CodeIgniter.php(933): App\Controllers\Dashboard->index()
 3 SYSTEMPATH\CodeIgniter.php(509): CodeIgniter\CodeIgniter->runController(Object(App\Controllers\Dashboard))
 4 SYSTEMPATH\CodeIgniter.php(355): CodeIgniter\CodeIgniter->handleRequest(null, Object(Config\Cache), false)
 5 SYSTEMPATH\Boot.php(334): CodeIgniter\CodeIgniter->run()
 6 SYSTEMPATH\Boot.php(67): CodeIgniter\Boot::runCodeIgniter(Object(CodeIgniter\CodeIgniter))
 7 FCPATH\index.php(56): CodeIgniter\Boot::bootWeb(Object(Config\Paths))
WARNING - 2025-12-03 05:06:05 --> [DEPRECATED] round(): Passing null to parameter #1 ($num) of type int|float is deprecated in APPPATH\Controllers\Dashboard.php on line 247.
 1 APPPATH\Controllers\Dashboard.php(247): round(null, 2)
 2 SYSTEMPATH\CodeIgniter.php(933): App\Controllers\Dashboard->index()
 3 SYSTEMPATH\CodeIgniter.php(509): CodeIgniter\CodeIgniter->runController(Object(App\Controllers\Dashboard))
 4 SYSTEMPATH\CodeIgniter.php(355): CodeIgniter\CodeIgniter->handleRequest(null, Object(Config\Cache), false)
 5 SYSTEMPATH\Boot.php(334): CodeIgniter\CodeIgniter->run()
 6 SYSTEMPATH\Boot.php(67): CodeIgniter\Boot::runCodeIgniter(Object(CodeIgniter\CodeIgniter))
 7 FCPATH\index.php(56): CodeIgniter\Boot::bootWeb(Object(Config\Paths))
DEBUG - 2025-12-03 05:06:12 --> Session: Class initialized using 'CodeIgniter\Session\Handlers\FileHandler' driver.
DEBUG - 2025-12-03 05:06:12 --> Session: Class initialized using 'CodeIgniter\Session\Handlers\FileHandler' driver.
DEBUG - 2025-12-03 05:06:16 --> Session: Class initialized using 'CodeIgniter\Session\Handlers\FileHandler' driver.
DEBUG - 2025-12-03 05:06:18 --> Session: Class initialized using 'CodeIgniter\Session\Handlers\FileHandler' driver.
DEBUG - 2025-12-03 05:06:18 --> Session: Class initialized using 'CodeIgniter\Session\Handlers\FileHandler' driver.
DEBUG - 2025-12-03 05:06:18 --> Session: Class initialized using 'CodeIgniter\Session\Handlers\FileHandler' driver.
DEBUG - 2025-12-03 05:06:25 --> Session: Class initialized using 'CodeIgniter\Session\Handlers\FileHandler' driver.
DEBUG - 2025-12-03 05:06:25 --> Session: Class initialized using 'CodeIgniter\Session\Handlers\FileHandler' driver.
DEBUG - 2025-12-03 05:06:27 --> Session: Class initialized using 'CodeIgniter\Session\Handlers\FileHandler' driver.
DEBUG - 2025-12-03 05:06:27 --> Session: Class initialized using 'CodeIgniter\Session\Handlers\FileHandler' driver.
DEBUG - 2025-12-03 05:06:28 --> Session: Class initialized using 'CodeIgniter\Session\Handlers\FileHandler' driver.
DEBUG - 2025-12-03 05:06:28 --> Session: Class initialized using 'CodeIgniter\Session\Handlers\FileHandler' driver.
DEBUG - 2025-12-03 05:06:29 --> Session: Class initialized using 'CodeIgniter\Session\Handlers\FileHandler' driver.
DEBUG - 2025-12-03 05:06:30 --> Session: Class initialized using 'CodeIgniter\Session\Handlers\FileHandler' driver.
DEBUG - 2025-12-03 05:06:30 --> Session: Class initialized using 'CodeIgniter\Session\Handlers\FileHandler' driver.
DEBUG - 2025-12-03 05:06:30 --> Session: Class initialized using 'CodeIgniter\Session\Handlers\FileHandler' driver.
DEBUG - 2025-12-03 05:06:31 --> Session: Class initialized using 'CodeIgniter\Session\Handlers\FileHandler' driver.
DEBUG - 2025-12-03 05:06:34 --> Session: Class initialized using 'CodeIgniter\Session\Handlers\FileHandler' driver.
DEBUG - 2025-12-03 05:06:34 --> Session: Class initialized using 'CodeIgniter\Session\Handlers\FileHandler' driver.
DEBUG - 2025-12-03 05:06:34 --> Session: Class initialized using 'CodeIgniter\Session\Handlers\FileHandler' driver.
DEBUG - 2025-12-03 05:06:37 --> Session: Class initialized using 'CodeIgniter\Session\Handlers\FileHandler' driver.
DEBUG - 2025-12-03 05:06:39 --> Session: Class initialized using 'CodeIgniter\Session\Handlers\FileHandler' driver.
DEBUG - 2025-12-03 05:06:39 --> Session: Class initialized using 'CodeIgniter\Session\Handlers\FileHandler' driver.
DEBUG - 2025-12-03 05:06:42 --> Session: Class initialized using 'CodeIgniter\Session\Handlers\FileHandler' driver.
DEBUG - 2025-12-03 05:06:44 --> Session: Class initialized using 'CodeIgniter\Session\Handlers\FileHandler' driver.
DEBUG - 2025-12-03 05:06:45 --> Session: Class initialized using 'CodeIgniter\Session\Handlers\FileHandler' driver.
DEBUG - 2025-12-03 05:06:58 --> Session: Class initialized using 'CodeIgniter\Session\Handlers\FileHandler' driver.
DEBUG - 2025-12-03 05:06:58 --> Session: Class initialized using 'CodeIgniter\Session\Handlers\FileHandler' driver.
DEBUG - 2025-12-03 05:06:58 --> Session: Class initialized using 'CodeIgniter\Session\Handlers\FileHandler' driver.
DEBUG - 2025-12-03 05:06:58 --> Session: Class initialized using 'CodeIgniter\Session\Handlers\FileHandler' driver.
DEBUG - 2025-12-03 05:06:58 --> Session: Class initialized using 'CodeIgniter\Session\Handlers\FileHandler' driver.
DEBUG - 2025-12-03 05:06:58 --> Session: Class initialized using 'CodeIgniter\Session\Handlers\FileHandler' driver.
DEBUG - 2025-12-03 05:06:58 --> Session: Class initialized using 'CodeIgniter\Session\Handlers\FileHandler' driver.
DEBUG - 2025-12-03 05:06:58 --> Session: Class initialized using 'CodeIgniter\Session\Handlers\FileHandler' driver.
DEBUG - 2025-12-03 05:06:58 --> Session: Class initialized using 'CodeIgniter\Session\Handlers\FileHandler' driver.
DEBUG - 2025-12-03 05:07:04 --> Session: Class initialized using 'CodeIgniter\Session\Handlers\FileHandler' driver.
DEBUG - 2025-12-03 05:07:04 --> Session: Class initialized using 'CodeIgniter\Session\Handlers\FileHandler' driver.
DEBUG - 2025-12-03 05:07:04 --> Session: Class initialized using 'CodeIgniter\Session\Handlers\FileHandler' driver.
DEBUG - 2025-12-03 05:07:04 --> Session: Class initialized using 'CodeIgniter\Session\Handlers\FileHandler' driver.
DEBUG - 2025-12-03 05:07:04 --> Session: Class initialized using 'CodeIgniter\Session\Handlers\FileHandler' driver.
DEBUG - 2025-12-03 05:07:04 --> Session: Class initialized using 'CodeIgniter\Session\Handlers\FileHandler' driver.
DEBUG - 2025-12-03 05:07:04 --> Session: Class initialized using 'CodeIgniter\Session\Handlers\FileHandler' driver.
DEBUG - 2025-12-03 05:07:04 --> Session: Class initialized using 'CodeIgniter\Session\Handlers\FileHandler' driver.
DEBUG - 2025-12-03 05:07:04 --> Session: Class initialized using 'CodeIgniter\Session\Handlers\FileHandler' driver.
DEBUG - 2025-12-03 05:07:12 --> Session: Class initialized using 'CodeIgniter\Session\Handlers\FileHandler' driver.
DEBUG - 2025-12-03 05:07:13 --> Session: Class initialized using 'CodeIgniter\Session\Handlers\FileHandler' driver.
DEBUG - 2025-12-03 05:07:14 --> Session: Class initialized using 'CodeIgniter\Session\Handlers\FileHandler' driver.
DEBUG - 2025-12-03 05:07:14 --> Session: Class initialized using 'CodeIgniter\Session\Handlers\FileHandler' driver.
DEBUG - 2025-12-03 05:07:14 --> Session: Class initialized using 'CodeIgniter\Session\Handlers\FileHandler' driver.
DEBUG - 2025-12-03 05:07:14 --> Session: Class initialized using 'CodeIgniter\Session\Handlers\FileHandler' driver.
DEBUG - 2025-12-03 05:07:14 --> Session: Class initialized using 'CodeIgniter\Session\Handlers\FileHandler' driver.
DEBUG - 2025-12-03 05:07:14 --> Session: Class initialized using 'CodeIgniter\Session\Handlers\FileHandler' driver.
DEBUG - 2025-12-03 05:07:14 --> Session: Class initialized using 'CodeIgniter\Session\Handlers\FileHandler' driver.
DEBUG - 2025-12-03 05:07:14 --> Session: Class initialized using 'CodeIgniter\Session\Handlers\FileHandler' driver.
DEBUG - 2025-12-03 05:07:15 --> Session: Class initialized using 'CodeIgniter\Session\Handlers\FileHandler' driver.
DEBUG - 2025-12-03 05:07:22 --> Session: Class initialized using 'CodeIgniter\Session\Handlers\FileHandler' driver.
DEBUG - 2025-12-03 05:07:22 --> Session: Class initialized using 'CodeIgniter\Session\Handlers\FileHandler' driver.
DEBUG - 2025-12-03 05:07:23 --> Session: Class initialized using 'CodeIgniter\Session\Handlers\FileHandler' driver.
DEBUG - 2025-12-03 05:07:23 --> Session: Class initialized using 'CodeIgniter\Session\Handlers\FileHandler' driver.
DEBUG - 2025-12-03 05:07:26 --> Session: Class initialized using 'CodeIgniter\Session\Handlers\FileHandler' driver.
DEBUG - 2025-12-03 05:07:26 --> Session: Class initialized using 'CodeIgniter\Session\Handlers\FileHandler' driver.
DEBUG - 2025-12-03 05:07:27 --> Session: Class initialized using 'CodeIgniter\Session\Handlers\FileHandler' driver.
DEBUG - 2025-12-03 05:07:27 --> Session: Class initialized using 'CodeIgniter\Session\Handlers\FileHandler' driver.
DEBUG - 2025-12-03 05:07:34 --> Session: Class initialized using 'CodeIgniter\Session\Handlers\FileHandler' driver.
DEBUG - 2025-12-03 05:07:34 --> Session: Class initialized using 'CodeIgniter\Session\Handlers\FileHandler' driver.
DEBUG - 2025-12-03 05:07:34 --> Session: Class initialized using 'CodeIgniter\Session\Handlers\FileHandler' driver.
DEBUG - 2025-12-03 05:07:34 --> Session: Class initialized using 'CodeIgniter\Session\Handlers\FileHandler' driver.
DEBUG - 2025-12-03 05:07:37 --> Session: Class initialized using 'CodeIgniter\Session\Handlers\FileHandler' driver.
DEBUG - 2025-12-03 05:07:37 --> Session: Class initialized using 'CodeIgniter\Session\Handlers\FileHandler' driver.
DEBUG - 2025-12-03 05:07:39 --> Session: Class initialized using 'CodeIgniter\Session\Handlers\FileHandler' driver.
INFO - 2025-12-03 05:07:39 --> Day 1 (date 2026-02-07): No defaults loaded
INFO - 2025-12-03 05:07:39 --> Loaded default SS for Day 2 (date 2026-02-08): 1 items
INFO - 2025-12-03 05:07:39 --> Expansion date 2026-02-07: DB Total=36km, Saved SS=0km, Derived Base=36km (display base; JS adds current SS)
INFO - 2025-12-03 05:07:39 --> Expansion date 2026-02-07: DB Total=36km, Saved SS=0km, Derived Base=36km (display base; JS adds current SS)
INFO - 2025-12-03 05:07:39 --> Expansion date 2026-02-07: DB Total=36km, Saved SS=0km, Derived Base=36km (display base; JS adds current SS)
INFO - 2025-12-03 05:07:39 --> Expansion date 2026-02-07: DB Total=36km, Saved SS=0km, Derived Base=36km (display base; JS adds current SS)
INFO - 2025-12-03 05:07:39 --> Expansion date 2026-02-08: DB Total=36km, Saved SS=0km, Derived Base=36km (display base; JS adds current SS)
INFO - 2025-12-03 05:07:39 --> Expansion date 2026-02-08: DB Total=36km, Saved SS=0km, Derived Base=36km (display base; JS adds current SS)
INFO - 2025-12-03 05:07:39 --> Expansion date 2026-02-08: DB Total=36km, Saved SS=0km, Derived Base=36km (display base; JS adds current SS)
INFO - 2025-12-03 05:07:39 --> Expansion date 2026-02-08: DB Total=36km, Saved SS=0km, Derived Base=36km (display base; JS adds current SS)
DEBUG - 2025-12-03 05:07:55 --> Session: Class initialized using 'CodeIgniter\Session\Handlers\FileHandler' driver.
DEBUG - 2025-12-03 05:07:55 --> Session: Class initialized using 'CodeIgniter\Session\Handlers\FileHandler' driver.
INFO - 2025-12-03 05:07:55 --> Expansion date 2026-02-07: DB Total=36km, Saved SS=0km, Derived Base=36km (display base; JS adds current SS)
INFO - 2025-12-03 05:07:55 --> Expansion date 2026-02-07: DB Total=36km, Saved SS=0km, Derived Base=36km (display base; JS adds current SS)
INFO - 2025-12-03 05:07:55 --> Expansion date 2026-02-07: DB Total=36km, Saved SS=0km, Derived Base=36km (display base; JS adds current SS)
INFO - 2025-12-03 05:07:55 --> Expansion date 2026-02-07: DB Total=36km, Saved SS=0km, Derived Base=36km (display base; JS adds current SS)
INFO - 2025-12-03 05:07:55 --> Expansion date 2026-02-08: DB Total=36km, Saved SS=200km, Derived Base=0km (display base; JS adds current SS)
INFO - 2025-12-03 05:07:55 --> Expansion date 2026-02-08: DB Total=36km, Saved SS=200km, Derived Base=0km (display base; JS adds current SS)
INFO - 2025-12-03 05:07:55 --> Expansion date 2026-02-08: DB Total=36km, Saved SS=200km, Derived Base=0km (display base; JS adds current SS)
INFO - 2025-12-03 05:07:55 --> Expansion date 2026-02-08: DB Total=36km, Saved SS=200km, Derived Base=0km (display base; JS adds current SS)
INFO - 2025-12-03 05:07:55 --> Itinerary expansion date 2026-02-07: Derived Base=36km (no SS added)
INFO - 2025-12-03 05:07:55 --> Itinerary expansion date 2026-02-07: Derived Base=36km (no SS added)
INFO - 2025-12-03 05:07:55 --> Itinerary expansion date 2026-02-07: Derived Base=36km (no SS added)
INFO - 2025-12-03 05:07:55 --> Itinerary expansion date 2026-02-07: Derived Base=36km (no SS added)
INFO - 2025-12-03 05:07:55 --> Itinerary expansion date 2026-02-08: Derived Base=0km (no SS added)
INFO - 2025-12-03 05:07:55 --> Itinerary expansion date 2026-02-08: Derived Base=0km (no SS added)
INFO - 2025-12-03 05:07:55 --> Itinerary expansion date 2026-02-08: Derived Base=0km (no SS added)
INFO - 2025-12-03 05:07:55 --> Itinerary expansion date 2026-02-08: Derived Base=0km (no SS added)
DEBUG - 2025-12-03 05:08:11 --> Session: Class initialized using 'CodeIgniter\Session\Handlers\FileHandler' driver.
INFO - 2025-12-03 05:08:11 --> Day 1 (date 2026-02-07): No defaults loaded
INFO - 2025-12-03 05:08:11 --> Loaded default SS for Day 2 (date 2026-02-08): 1 items
INFO - 2025-12-03 05:08:11 --> Expansion date 2026-02-07: DB Total=36km, Saved SS=0km, Derived Base=36km (display base; JS adds current SS)
INFO - 2025-12-03 05:08:11 --> Expansion date 2026-02-07: DB Total=36km, Saved SS=0km, Derived Base=36km (display base; JS adds current SS)
INFO - 2025-12-03 05:08:11 --> Expansion date 2026-02-07: DB Total=36km, Saved SS=0km, Derived Base=36km (display base; JS adds current SS)
INFO - 2025-12-03 05:08:11 --> Expansion date 2026-02-07: DB Total=36km, Saved SS=0km, Derived Base=36km (display base; JS adds current SS)
INFO - 2025-12-03 05:08:11 --> Expansion date 2026-02-08: DB Total=36km, Saved SS=0km, Derived Base=36km (display base; JS adds current SS)
INFO - 2025-12-03 05:08:11 --> Expansion date 2026-02-08: DB Total=36km, Saved SS=0km, Derived Base=36km (display base; JS adds current SS)
INFO - 2025-12-03 05:08:11 --> Expansion date 2026-02-08: DB Total=36km, Saved SS=0km, Derived Base=36km (display base; JS adds current SS)
INFO - 2025-12-03 05:08:11 --> Expansion date 2026-02-08: DB Total=36km, Saved SS=0km, Derived Base=36km (display base; JS adds current SS)
INFO - 2025-12-03 05:08:11 --> Itinerary expansion date 2026-02-07: Derived Base=36km (no SS added)
INFO - 2025-12-03 05:08:11 --> Itinerary expansion date 2026-02-07: Derived Base=36km (no SS added)
INFO - 2025-12-03 05:08:11 --> Itinerary expansion date 2026-02-07: Derived Base=36km (no SS added)
INFO - 2025-12-03 05:08:11 --> Itinerary expansion date 2026-02-07: Derived Base=36km (no SS added)
INFO - 2025-12-03 05:08:11 --> Itinerary expansion date 2026-02-08: Derived Base=200km (no SS added)
INFO - 2025-12-03 05:08:11 --> Itinerary expansion date 2026-02-08: Derived Base=200km (no SS added)
INFO - 2025-12-03 05:08:11 --> Itinerary expansion date 2026-02-08: Derived Base=200km (no SS added)
INFO - 2025-12-03 05:08:11 --> Itinerary expansion date 2026-02-08: Derived Base=200km (no SS added)
DEBUG - 2025-12-03 05:08:14 --> Session: Class initialized using 'CodeIgniter\Session\Handlers\FileHandler' driver.
DEBUG - 2025-12-03 05:08:14 --> Session: Class initialized using 'CodeIgniter\Session\Handlers\FileHandler' driver.
DEBUG - 2025-12-03 05:08:17 --> Session: Class initialized using 'CodeIgniter\Session\Handlers\FileHandler' driver.
DEBUG - 2025-12-03 05:08:17 --> Session: Class initialized using 'CodeIgniter\Session\Handlers\FileHandler' driver.
DEBUG - 2025-12-03 05:08:17 --> Session: Class initialized using 'CodeIgniter\Session\Handlers\FileHandler' driver.
DEBUG - 2025-12-03 05:08:17 --> Session: Class initialized using 'CodeIgniter\Session\Handlers\FileHandler' driver.
CRITICAL - 2025-12-03 05:08:17 --> ErrorException: Undefined array key 0
[Method: POST, Route: Enquiry/ajax_get_itineraries]
in APPPATH\Controllers\Enquiry.php on line 10421.
 1 APPPATH\Controllers\Enquiry.php(10421): CodeIgniter\Debug\Exceptions->errorHandler(2, 'Undefined array key 0', 'C:\\wamp64\\www\\khm\\app\\Controllers\\Enquiry.php', 10421)
 2 SYSTEMPATH\CodeIgniter.php(933): App\Controllers\Enquiry->ajax_get_itineraries()
 3 SYSTEMPATH\CodeIgniter.php(509): CodeIgniter\CodeIgniter->runController(Object(App\Controllers\Enquiry))
 4 SYSTEMPATH\CodeIgniter.php(355): CodeIgniter\CodeIgniter->handleRequest(null, Object(Config\Cache), false)
 5 SYSTEMPATH\Boot.php(334): CodeIgniter\CodeIgniter->run()
 6 SYSTEMPATH\Boot.php(67): CodeIgniter\Boot::runCodeIgniter(Object(CodeIgniter\CodeIgniter))
 7 FCPATH\index.php(56): CodeIgniter\Boot::bootWeb(Object(Config\Paths))
DEBUG - 2025-12-03 05:08:19 --> Session: Class initialized using 'CodeIgniter\Session\Handlers\FileHandler' driver.
DEBUG - 2025-12-03 05:08:19 --> Session: Class initialized using 'CodeIgniter\Session\Handlers\FileHandler' driver.
DEBUG - 2025-12-03 05:08:19 --> Session: Class initialized using 'CodeIgniter\Session\Handlers\FileHandler' driver.
DEBUG - 2025-12-03 05:08:20 --> Session: Class initialized using 'CodeIgniter\Session\Handlers\FileHandler' driver.
DEBUG - 2025-12-03 05:08:20 --> Session: Class initialized using 'CodeIgniter\Session\Handlers\FileHandler' driver.
DEBUG - 2025-12-03 05:08:27 --> Session: Class initialized using 'CodeIgniter\Session\Handlers\FileHandler' driver.
DEBUG - 2025-12-03 05:08:27 --> Session: Class initialized using 'CodeIgniter\Session\Handlers\FileHandler' driver.
DEBUG - 2025-12-03 05:08:27 --> Session: Class initialized using 'CodeIgniter\Session\Handlers\FileHandler' driver.
DEBUG - 2025-12-03 05:08:30 --> Session: Class initialized using 'CodeIgniter\Session\Handlers\FileHandler' driver.
DEBUG - 2025-12-03 05:08:31 --> Session: Class initialized using 'CodeIgniter\Session\Handlers\FileHandler' driver.
DEBUG - 2025-12-03 05:08:32 --> Session: Class initialized using 'CodeIgniter\Session\Handlers\FileHandler' driver.
DEBUG - 2025-12-03 05:08:45 --> Session: Class initialized using 'CodeIgniter\Session\Handlers\FileHandler' driver.
DEBUG - 2025-12-03 05:08:45 --> Session: Class initialized using 'CodeIgniter\Session\Handlers\FileHandler' driver.
DEBUG - 2025-12-03 05:08:45 --> Session: Class initialized using 'CodeIgniter\Session\Handlers\FileHandler' driver.
DEBUG - 2025-12-03 05:08:45 --> Session: Class initialized using 'CodeIgniter\Session\Handlers\FileHandler' driver.
DEBUG - 2025-12-03 05:08:45 --> Session: Class initialized using 'CodeIgniter\Session\Handlers\FileHandler' driver.
DEBUG - 2025-12-03 05:08:45 --> Session: Class initialized using 'CodeIgniter\Session\Handlers\FileHandler' driver.
DEBUG - 2025-12-03 05:08:45 --> Session: Class initialized using 'CodeIgniter\Session\Handlers\FileHandler' driver.
DEBUG - 2025-12-03 05:08:46 --> Session: Class initialized using 'CodeIgniter\Session\Handlers\FileHandler' driver.
DEBUG - 2025-12-03 05:08:46 --> Session: Class initialized using 'CodeIgniter\Session\Handlers\FileHandler' driver.
DEBUG - 2025-12-03 05:08:46 --> Session: Class initialized using 'CodeIgniter\Session\Handlers\FileHandler' driver.
DEBUG - 2025-12-03 05:08:46 --> Session: Class initialized using 'CodeIgniter\Session\Handlers\FileHandler' driver.
DEBUG - 2025-12-03 05:08:46 --> Session: Class initialized using 'CodeIgniter\Session\Handlers\FileHandler' driver.
DEBUG - 2025-12-03 05:08:46 --> Session: Class initialized using 'CodeIgniter\Session\Handlers\FileHandler' driver.
DEBUG - 2025-12-03 05:08:46 --> Session: Class initialized using 'CodeIgniter\Session\Handlers\FileHandler' driver.
DEBUG - 2025-12-03 05:08:51 --> Session: Class initialized using 'CodeIgniter\Session\Handlers\FileHandler' driver.
DEBUG - 2025-12-03 05:08:51 --> Session: Class initialized using 'CodeIgniter\Session\Handlers\FileHandler' driver.
DEBUG - 2025-12-03 05:08:51 --> Session: Class initialized using 'CodeIgniter\Session\Handlers\FileHandler' driver.
DEBUG - 2025-12-03 05:08:51 --> Session: Class initialized using 'CodeIgniter\Session\Handlers\FileHandler' driver.
DEBUG - 2025-12-03 05:08:51 --> Session: Class initialized using 'CodeIgniter\Session\Handlers\FileHandler' driver.
DEBUG - 2025-12-03 05:08:51 --> Session: Class initialized using 'CodeIgniter\Session\Handlers\FileHandler' driver.
DEBUG - 2025-12-03 05:08:51 --> Session: Class initialized using 'CodeIgniter\Session\Handlers\FileHandler' driver.
DEBUG - 2025-12-03 05:08:51 --> Session: Class initialized using 'CodeIgniter\Session\Handlers\FileHandler' driver.
DEBUG - 2025-12-03 05:08:51 --> Session: Class initialized using 'CodeIgniter\Session\Handlers\FileHandler' driver.
DEBUG - 2025-12-03 05:08:52 --> Session: Class initialized using 'CodeIgniter\Session\Handlers\FileHandler' driver.
DEBUG - 2025-12-03 05:08:52 --> Session: Class initialized using 'CodeIgniter\Session\Handlers\FileHandler' driver.
DEBUG - 2025-12-03 05:08:52 --> Session: Class initialized using 'CodeIgniter\Session\Handlers\FileHandler' driver.
DEBUG - 2025-12-03 05:08:58 --> Session: Class initialized using 'CodeIgniter\Session\Handlers\FileHandler' driver.
DEBUG - 2025-12-03 05:08:58 --> Session: Class initialized using 'CodeIgniter\Session\Handlers\FileHandler' driver.
DEBUG - 2025-12-03 05:09:04 --> Session: Class initialized using 'CodeIgniter\Session\Handlers\FileHandler' driver.
INFO - 2025-12-03 05:09:04 --> Day 1 (date 2026-02-07): No defaults loaded
INFO - 2025-12-03 05:09:04 --> Loaded default SS for Day 2 (date 2026-02-08): 1 items
INFO - 2025-12-03 05:09:04 --> Expansion date 2026-02-07: DB Total=36km, Saved SS=0km, Derived Base=36km (display base; JS adds current SS)
INFO - 2025-12-03 05:09:04 --> Expansion date 2026-02-07: DB Total=36km, Saved SS=0km, Derived Base=36km (display base; JS adds current SS)
INFO - 2025-12-03 05:09:04 --> Expansion date 2026-02-07: DB Total=36km, Saved SS=0km, Derived Base=36km (display base; JS adds current SS)
INFO - 2025-12-03 05:09:04 --> Expansion date 2026-02-08: DB Total=36km, Saved SS=0km, Derived Base=36km (display base; JS adds current SS)
INFO - 2025-12-03 05:09:04 --> Expansion date 2026-02-08: DB Total=36km, Saved SS=0km, Derived Base=36km (display base; JS adds current SS)
INFO - 2025-12-03 05:09:04 --> Expansion date 2026-02-08: DB Total=36km, Saved SS=0km, Derived Base=36km (display base; JS adds current SS)
DEBUG - 2025-12-03 05:13:33 --> Session: Class initialized using 'CodeIgniter\Session\Handlers\FileHandler' driver.
DEBUG - 2025-12-03 05:13:34 --> Session: Class initialized using 'CodeIgniter\Session\Handlers\FileHandler' driver.
DEBUG - 2025-12-03 05:13:36 --> Session: Class initialized using 'CodeIgniter\Session\Handlers\FileHandler' driver.
DEBUG - 2025-12-03 05:13:36 --> Session: Class initialized using 'CodeIgniter\Session\Handlers\FileHandler' driver.
DEBUG - 2025-12-03 05:13:37 --> Session: Class initialized using 'CodeIgniter\Session\Handlers\FileHandler' driver.
DEBUG - 2025-12-03 05:13:37 --> Session: Class initialized using 'CodeIgniter\Session\Handlers\FileHandler' driver.
DEBUG - 2025-12-03 05:13:38 --> Session: Class initialized using 'CodeIgniter\Session\Handlers\FileHandler' driver.
DEBUG - 2025-12-03 05:13:38 --> Session: Class initialized using 'CodeIgniter\Session\Handlers\FileHandler' driver.
DEBUG - 2025-12-03 05:13:39 --> Session: Class initialized using 'CodeIgniter\Session\Handlers\FileHandler' driver.
DEBUG - 2025-12-03 05:13:39 --> Session: Class initialized using 'CodeIgniter\Session\Handlers\FileHandler' driver.
DEBUG - 2025-12-03 05:13:40 --> Session: Class initialized using 'CodeIgniter\Session\Handlers\FileHandler' driver.
DEBUG - 2025-12-03 05:13:44 --> Session: Class initialized using 'CodeIgniter\Session\Handlers\FileHandler' driver.
DEBUG - 2025-12-03 05:13:44 --> Session: Class initialized using 'CodeIgniter\Session\Handlers\FileHandler' driver.
DEBUG - 2025-12-03 05:13:44 --> Session: Class initialized using 'CodeIgniter\Session\Handlers\FileHandler' driver.
DEBUG - 2025-12-03 05:13:48 --> Session: Class initialized using 'CodeIgniter\Session\Handlers\FileHandler' driver.
DEBUG - 2025-12-03 05:13:49 --> Session: Class initialized using 'CodeIgniter\Session\Handlers\FileHandler' driver.
DEBUG - 2025-12-03 05:13:50 --> Session: Class initialized using 'CodeIgniter\Session\Handlers\FileHandler' driver.
DEBUG - 2025-12-03 05:14:00 --> Session: Class initialized using 'CodeIgniter\Session\Handlers\FileHandler' driver.
DEBUG - 2025-12-03 05:14:00 --> Session: Class initialized using 'CodeIgniter\Session\Handlers\FileHandler' driver.
DEBUG - 2025-12-03 05:14:00 --> Session: Class initialized using 'CodeIgniter\Session\Handlers\FileHandler' driver.
DEBUG - 2025-12-03 05:14:01 --> Session: Class initialized using 'CodeIgniter\Session\Handlers\FileHandler' driver.
DEBUG - 2025-12-03 05:14:02 --> Session: Class initialized using 'CodeIgniter\Session\Handlers\FileHandler' driver.
DEBUG - 2025-12-03 05:14:02 --> Session: Class initialized using 'CodeIgniter\Session\Handlers\FileHandler' driver.
DEBUG - 2025-12-03 05:14:18 --> Session: Class initialized using 'CodeIgniter\Session\Handlers\FileHandler' driver.
DEBUG - 2025-12-03 05:14:18 --> Session: Class initialized using 'CodeIgniter\Session\Handlers\FileHandler' driver.
DEBUG - 2025-12-03 05:14:18 --> Session: Class initialized using 'CodeIgniter\Session\Handlers\FileHandler' driver.
DEBUG - 2025-12-03 05:14:18 --> Session: Class initialized using 'CodeIgniter\Session\Handlers\FileHandler' driver.
DEBUG - 2025-12-03 05:14:18 --> Session: Class initialized using 'CodeIgniter\Session\Handlers\FileHandler' driver.
DEBUG - 2025-12-03 05:14:18 --> Session: Class initialized using 'CodeIgniter\Session\Handlers\FileHandler' driver.
DEBUG - 2025-12-03 05:14:18 --> Session: Class initialized using 'CodeIgniter\Session\Handlers\FileHandler' driver.
DEBUG - 2025-12-03 05:14:18 --> Session: Class initialized using 'CodeIgniter\Session\Handlers\FileHandler' driver.
DEBUG - 2025-12-03 05:14:18 --> Session: Class initialized using 'CodeIgniter\Session\Handlers\FileHandler' driver.
DEBUG - 2025-12-03 05:14:18 --> Session: Class initialized using 'CodeIgniter\Session\Handlers\FileHandler' driver.
DEBUG - 2025-12-03 05:14:18 --> Session: Class initialized using 'CodeIgniter\Session\Handlers\FileHandler' driver.
DEBUG - 2025-12-03 05:14:18 --> Session: Class initialized using 'CodeIgniter\Session\Handlers\FileHandler' driver.
DEBUG - 2025-12-03 05:14:21 --> Session: Class initialized using 'CodeIgniter\Session\Handlers\FileHandler' driver.
DEBUG - 2025-12-03 05:14:21 --> Session: Class initialized using 'CodeIgniter\Session\Handlers\FileHandler' driver.
DEBUG - 2025-12-03 05:14:23 --> Session: Class initialized using 'CodeIgniter\Session\Handlers\FileHandler' driver.
INFO - 2025-12-03 05:14:23 --> Day 1 (date 2026-02-07): No defaults loaded
INFO - 2025-12-03 05:14:23 --> Loaded default SS for Day 2 (date 2026-02-08): 1 items
INFO - 2025-12-03 05:14:23 --> Expansion date 2026-02-07: DB Total=36km, Saved SS=0km, Derived Base=36km (display base; JS adds current SS)
INFO - 2025-12-03 05:14:23 --> Expansion date 2026-02-08: DB Total=36km, Saved SS=0km, Derived Base=36km (display base; JS adds current SS)
DEBUG - 2025-12-03 05:14:32 --> Session: Class initialized using 'CodeIgniter\Session\Handlers\FileHandler' driver.
DEBUG - 2025-12-03 05:14:32 --> Session: Class initialized using 'CodeIgniter\Session\Handlers\FileHandler' driver.
INFO - 2025-12-03 05:14:32 --> Expansion date 2026-02-07: DB Total=36km, Saved SS=0km, Derived Base=36km (display base; JS adds current SS)
INFO - 2025-12-03 05:14:32 --> Expansion date 2026-02-08: DB Total=36km, Saved SS=200km, Derived Base=0km (display base; JS adds current SS)
INFO - 2025-12-03 05:14:32 --> Itinerary expansion date 2026-02-07: Derived Base=36km (no SS added)
INFO - 2025-12-03 05:14:32 --> Itinerary expansion date 2026-02-08: Derived Base=0km (no SS added)
CRITICAL - 2025-12-03 05:14:32 --> DivisionByZeroError: Division by zero
[Method: GET, Route: Enquiry/itinerary/2821/1]
in APPPATH\Views\enquiry\itinerary_view.php on line 4566.
 1 SYSTEMPATH\View\View.php(234): include()
 2 SYSTEMPATH\View\View.php(237): CodeIgniter\View\View->CodeIgniter\View\{closure}()
 3 SYSTEMPATH\Common.php(1171): CodeIgniter\View\View->render('enquiry/itinerary_view', [], true)
 4 APPPATH\Controllers\Enquiry.php(6707): view('enquiry/itinerary_view', [...])
 5 SYSTEMPATH\CodeIgniter.php(933): App\Controllers\Enquiry->itinerary('2821', '1')
 6 SYSTEMPATH\CodeIgniter.php(509): CodeIgniter\CodeIgniter->runController(Object(App\Controllers\Enquiry))
 7 SYSTEMPATH\CodeIgniter.php(355): CodeIgniter\CodeIgniter->handleRequest(null, Object(Config\Cache), false)
 8 SYSTEMPATH\Boot.php(334): CodeIgniter\CodeIgniter->run()
 9 SYSTEMPATH\Boot.php(67): CodeIgniter\Boot::runCodeIgniter(Object(CodeIgniter\CodeIgniter))
10 FCPATH\index.php(56): CodeIgniter\Boot::bootWeb(Object(Config\Paths))
DEBUG - 2025-12-03 05:20:39 --> Session: Class initialized using 'CodeIgniter\Session\Handlers\FileHandler' driver.
INFO - 2025-12-03 05:20:40 --> Expansion date 2026-02-07: DB Total=36km, Saved SS=0km, Derived Base=36km (display base; JS adds current SS)
INFO - 2025-12-03 05:20:40 --> Expansion date 2026-02-08: DB Total=36km, Saved SS=200km, Derived Base=0km (display base; JS adds current SS)
INFO - 2025-12-03 05:20:40 --> Itinerary expansion date 2026-02-07: Derived Base=36km (no SS added)
INFO - 2025-12-03 05:20:40 --> Itinerary expansion date 2026-02-08: Derived Base=0km (no SS added)
DEBUG - 2025-12-03 05:20:55 --> Session: Class initialized using 'CodeIgniter\Session\Handlers\FileHandler' driver.
DEBUG - 2025-12-03 05:20:56 --> Session: Class initialized using 'CodeIgniter\Session\Handlers\FileHandler' driver.
INFO - 2025-12-03 05:20:56 --> Expansion date 2026-02-07: DB Total=36km, Saved SS=0km, Derived Base=36km (display base; JS adds current SS)
INFO - 2025-12-03 05:20:56 --> Expansion date 2026-02-08: DB Total=36km, Saved SS=200km, Derived Base=0km (display base; JS adds current SS)
INFO - 2025-12-03 05:20:56 --> Itinerary expansion date 2026-02-07: Derived Base=36km (no SS added)
INFO - 2025-12-03 05:20:56 --> Itinerary expansion date 2026-02-08: Derived Base=0km (no SS added)
DEBUG - 2025-12-03 06:41:08 --> Session: Class initialized using 'CodeIgniter\Session\Handlers\FileHandler' driver.
INFO - 2025-12-03 06:41:08 --> Expansion date 2026-02-07: DB Total=36km, Saved SS=0km, Derived Base=36km (display base; JS adds current SS)
INFO - 2025-12-03 06:41:08 --> Expansion date 2026-02-08: DB Total=36km, Saved SS=200km, Derived Base=0km (display base; JS adds current SS)
INFO - 2025-12-03 06:41:08 --> Itinerary expansion date 2026-02-07: Derived Base=36km (no SS added)
INFO - 2025-12-03 06:41:08 --> Itinerary expansion date 2026-02-08: Derived Base=0km (no SS added)
DEBUG - 2025-12-03 06:41:11 --> Session: Class initialized using 'CodeIgniter\Session\Handlers\FileHandler' driver.
DEBUG - 2025-12-03 06:41:11 --> Session: Class initialized using 'CodeIgniter\Session\Handlers\FileHandler' driver.
DEBUG - 2025-12-03 06:41:14 --> Session: Class initialized using 'CodeIgniter\Session\Handlers\FileHandler' driver.
DEBUG - 2025-12-03 06:41:14 --> Session: Class initialized using 'CodeIgniter\Session\Handlers\FileHandler' driver.
DEBUG - 2025-12-03 06:41:14 --> Session: Class initialized using 'CodeIgniter\Session\Handlers\FileHandler' driver.
DEBUG - 2025-12-03 06:41:14 --> Session: Class initialized using 'CodeIgniter\Session\Handlers\FileHandler' driver.
CRITICAL - 2025-12-03 06:41:14 --> ErrorException: Undefined array key 0
[Method: POST, Route: Enquiry/ajax_get_itineraries]
in APPPATH\Controllers\Enquiry.php on line 10421.
 1 APPPATH\Controllers\Enquiry.php(10421): CodeIgniter\Debug\Exceptions->errorHandler(2, 'Undefined array key 0', 'C:\\wamp64\\www\\khm\\app\\Controllers\\Enquiry.php', 10421)
 2 SYSTEMPATH\CodeIgniter.php(933): App\Controllers\Enquiry->ajax_get_itineraries()
 3 SYSTEMPATH\CodeIgniter.php(509): CodeIgniter\CodeIgniter->runController(Object(App\Controllers\Enquiry))
 4 SYSTEMPATH\CodeIgniter.php(355): CodeIgniter\CodeIgniter->handleRequest(null, Object(Config\Cache), false)
 5 SYSTEMPATH\Boot.php(334): CodeIgniter\CodeIgniter->run()
 6 SYSTEMPATH\Boot.php(67): CodeIgniter\Boot::runCodeIgniter(Object(CodeIgniter\CodeIgniter))
 7 FCPATH\index.php(56): CodeIgniter\Boot::bootWeb(Object(Config\Paths))
DEBUG - 2025-12-03 06:41:15 --> Session: Class initialized using 'CodeIgniter\Session\Handlers\FileHandler' driver.
DEBUG - 2025-12-03 06:41:16 --> Session: Class initialized using 'CodeIgniter\Session\Handlers\FileHandler' driver.
DEBUG - 2025-12-03 06:41:16 --> Session: Class initialized using 'CodeIgniter\Session\Handlers\FileHandler' driver.
DEBUG - 2025-12-03 06:41:16 --> Session: Class initialized using 'CodeIgniter\Session\Handlers\FileHandler' driver.
DEBUG - 2025-12-03 06:41:17 --> Session: Class initialized using 'CodeIgniter\Session\Handlers\FileHandler' driver.
DEBUG - 2025-12-03 06:41:21 --> Session: Class initialized using 'CodeIgniter\Session\Handlers\FileHandler' driver.
DEBUG - 2025-12-03 06:41:21 --> Session: Class initialized using 'CodeIgniter\Session\Handlers\FileHandler' driver.
DEBUG - 2025-12-03 06:41:22 --> Session: Class initialized using 'CodeIgniter\Session\Handlers\FileHandler' driver.
DEBUG - 2025-12-03 06:41:26 --> Session: Class initialized using 'CodeIgniter\Session\Handlers\FileHandler' driver.
DEBUG - 2025-12-03 06:41:26 --> Session: Class initialized using 'CodeIgniter\Session\Handlers\FileHandler' driver.
DEBUG - 2025-12-03 06:41:26 --> Session: Class initialized using 'CodeIgniter\Session\Handlers\FileHandler' driver.
DEBUG - 2025-12-03 06:41:27 --> Session: Class initialized using 'CodeIgniter\Session\Handlers\FileHandler' driver.
DEBUG - 2025-12-03 06:41:28 --> Session: Class initialized using 'CodeIgniter\Session\Handlers\FileHandler' driver.
DEBUG - 2025-12-03 06:41:28 --> Session: Class initialized using 'CodeIgniter\Session\Handlers\FileHandler' driver.
DEBUG - 2025-12-03 06:41:29 --> Session: Class initialized using 'CodeIgniter\Session\Handlers\FileHandler' driver.
DEBUG - 2025-12-03 06:41:29 --> Session: Class initialized using 'CodeIgniter\Session\Handlers\FileHandler' driver.
DEBUG - 2025-12-03 06:41:30 --> Session: Class initialized using 'CodeIgniter\Session\Handlers\FileHandler' driver.
DEBUG - 2025-12-03 06:41:31 --> Session: Class initialized using 'CodeIgniter\Session\Handlers\FileHandler' driver.
DEBUG - 2025-12-03 06:41:32 --> Session: Class initialized using 'CodeIgniter\Session\Handlers\FileHandler' driver.
DEBUG - 2025-12-03 06:41:33 --> Session: Class initialized using 'CodeIgniter\Session\Handlers\FileHandler' driver.
DEBUG - 2025-12-03 06:41:34 --> Session: Class initialized using 'CodeIgniter\Session\Handlers\FileHandler' driver.
DEBUG - 2025-12-03 09:46:15 --> Session: Class initialized using 'CodeIgniter\Session\Handlers\FileHandler' driver.
DEBUG - 2025-12-03 09:46:25 --> Session: Class initialized using 'CodeIgniter\Session\Handlers\FileHandler' driver.
DEBUG - 2025-12-03 09:46:25 --> Session: Class initialized using 'CodeIgniter\Session\Handlers\FileHandler' driver.
WARNING - 2025-12-03 09:46:25 --> [DEPRECATED] round(): Passing null to parameter #1 ($num) of type int|float is deprecated in APPPATH\Controllers\Dashboard.php on line 241.
 1 APPPATH\Controllers\Dashboard.php(241): round(null, 2)
 2 SYSTEMPATH\CodeIgniter.php(933): App\Controllers\Dashboard->index()
 3 SYSTEMPATH\CodeIgniter.php(509): CodeIgniter\CodeIgniter->runController(Object(App\Controllers\Dashboard))
 4 SYSTEMPATH\CodeIgniter.php(355): CodeIgniter\CodeIgniter->handleRequest(null, Object(Config\Cache), false)
 5 SYSTEMPATH\Boot.php(334): CodeIgniter\CodeIgniter->run()
 6 SYSTEMPATH\Boot.php(67): CodeIgniter\Boot::runCodeIgniter(Object(CodeIgniter\CodeIgniter))
 7 FCPATH\index.php(56): CodeIgniter\Boot::bootWeb(Object(Config\Paths))
WARNING - 2025-12-03 09:46:25 --> [DEPRECATED] round(): Passing null to parameter #1 ($num) of type int|float is deprecated in APPPATH\Controllers\Dashboard.php on line 247.
 1 APPPATH\Controllers\Dashboard.php(247): round(null, 2)
 2 SYSTEMPATH\CodeIgniter.php(933): App\Controllers\Dashboard->index()
 3 SYSTEMPATH\CodeIgniter.php(509): CodeIgniter\CodeIgniter->runController(Object(App\Controllers\Dashboard))
 4 SYSTEMPATH\CodeIgniter.php(355): CodeIgniter\CodeIgniter->handleRequest(null, Object(Config\Cache), false)
 5 SYSTEMPATH\Boot.php(334): CodeIgniter\CodeIgniter->run()
 6 SYSTEMPATH\Boot.php(67): CodeIgniter\Boot::runCodeIgniter(Object(CodeIgniter\CodeIgniter))
 7 FCPATH\index.php(56): CodeIgniter\Boot::bootWeb(Object(Config\Paths))
DEBUG - 2025-12-03 09:46:28 --> Session: Class initialized using 'CodeIgniter\Session\Handlers\FileHandler' driver.
DEBUG - 2025-12-03 09:46:28 --> Session: Class initialized using 'CodeIgniter\Session\Handlers\FileHandler' driver.
DEBUG - 2025-12-03 09:46:32 --> Session: Class initialized using 'CodeIgniter\Session\Handlers\FileHandler' driver.
DEBUG - 2025-12-03 09:46:32 --> Session: Class initialized using 'CodeIgniter\Session\Handlers\FileHandler' driver.
DEBUG - 2025-12-03 09:46:32 --> Session: Class initialized using 'CodeIgniter\Session\Handlers\FileHandler' driver.
DEBUG - 2025-12-03 09:46:34 --> Session: Class initialized using 'CodeIgniter\Session\Handlers\FileHandler' driver.
DEBUG - 2025-12-03 09:46:35 --> Session: Class initialized using 'CodeIgniter\Session\Handlers\FileHandler' driver.
DEBUG - 2025-12-03 09:46:35 --> Session: Class initialized using 'CodeIgniter\Session\Handlers\FileHandler' driver.
DEBUG - 2025-12-03 09:46:35 --> Session: Class initialized using 'CodeIgniter\Session\Handlers\FileHandler' driver.
DEBUG - 2025-12-03 09:46:36 --> Session: Class initialized using 'CodeIgniter\Session\Handlers\FileHandler' driver.
DEBUG - 2025-12-03 09:46:47 --> Session: Class initialized using 'CodeIgniter\Session\Handlers\FileHandler' driver.
DEBUG - 2025-12-03 09:46:47 --> Session: Class initialized using 'CodeIgniter\Session\Handlers\FileHandler' driver.
DEBUG - 2025-12-03 09:46:47 --> Session: Class initialized using 'CodeIgniter\Session\Handlers\FileHandler' driver.
DEBUG - 2025-12-03 09:46:49 --> Session: Class initialized using 'CodeIgniter\Session\Handlers\FileHandler' driver.
DEBUG - 2025-12-03 09:46:51 --> Session: Class initialized using 'CodeIgniter\Session\Handlers\FileHandler' driver.
DEBUG - 2025-12-03 09:46:52 --> Session: Class initialized using 'CodeIgniter\Session\Handlers\FileHandler' driver.
DEBUG - 2025-12-03 11:05:53 --> Session: Class initialized using 'CodeIgniter\Session\Handlers\FileHandler' driver.
DEBUG - 2025-12-03 11:05:54 --> Session: Class initialized using 'CodeIgniter\Session\Handlers\FileHandler' driver.
DEBUG - 2025-12-03 11:05:59 --> Session: Class initialized using 'CodeIgniter\Session\Handlers\FileHandler' driver.
DEBUG - 2025-12-03 11:05:59 --> Session: Class initialized using 'CodeIgniter\Session\Handlers\FileHandler' driver.
DEBUG - 2025-12-03 11:06:01 --> Session: Class initialized using 'CodeIgniter\Session\Handlers\FileHandler' driver.
CRITICAL - 2025-12-03 11:06:01 --> ParseError: syntax error, unexpected token "<"
[Method: POST, Route: Enquiry/viewCostingSheet]
in APPPATH\Views\enquiry\costing_sheet_view.php on line 721.
 1 SYSTEMPATH\View\View.php(237): CodeIgniter\View\View->CodeIgniter\View\{closure}()
 2 SYSTEMPATH\Common.php(1171): CodeIgniter\View\View->render('enquiry/costing_sheet_view', [], true)
 3 APPPATH\Controllers\Enquiry.php(9826): view('enquiry/costing_sheet_view', [...])
 4 SYSTEMPATH\CodeIgniter.php(933): App\Controllers\Enquiry->viewCostingSheet()
 5 SYSTEMPATH\CodeIgniter.php(509): CodeIgniter\CodeIgniter->runController(Object(App\Controllers\Enquiry))
 6 SYSTEMPATH\CodeIgniter.php(355): CodeIgniter\CodeIgniter->handleRequest(null, Object(Config\Cache), false)
 7 SYSTEMPATH\Boot.php(334): CodeIgniter\CodeIgniter->run()
 8 SYSTEMPATH\Boot.php(67): CodeIgniter\Boot::runCodeIgniter(Object(CodeIgniter\CodeIgniter))
 9 FCPATH\index.php(56): CodeIgniter\Boot::bootWeb(Object(Config\Paths))
DEBUG - 2025-12-03 11:06:02 --> Session: Class initialized using 'CodeIgniter\Session\Handlers\FileHandler' driver.
CRITICAL - 2025-12-03 11:06:02 --> ParseError: syntax error, unexpected token "<"
[Method: POST, Route: Enquiry/viewCostingSheet]
in APPPATH\Views\enquiry\costing_sheet_view.php on line 721.
 1 SYSTEMPATH\View\View.php(237): CodeIgniter\View\View->CodeIgniter\View\{closure}()
 2 SYSTEMPATH\Common.php(1171): CodeIgniter\View\View->render('enquiry/costing_sheet_view', [], true)
 3 APPPATH\Controllers\Enquiry.php(9826): view('enquiry/costing_sheet_view', [...])
 4 SYSTEMPATH\CodeIgniter.php(933): App\Controllers\Enquiry->viewCostingSheet()
 5 SYSTEMPATH\CodeIgniter.php(509): CodeIgniter\CodeIgniter->runController(Object(App\Controllers\Enquiry))
 6 SYSTEMPATH\CodeIgniter.php(355): CodeIgniter\CodeIgniter->handleRequest(null, Object(Config\Cache), false)
 7 SYSTEMPATH\Boot.php(334): CodeIgniter\CodeIgniter->run()
 8 SYSTEMPATH\Boot.php(67): CodeIgniter\Boot::runCodeIgniter(Object(CodeIgniter\CodeIgniter))
 9 FCPATH\index.php(56): CodeIgniter\Boot::bootWeb(Object(Config\Paths))
DEBUG - 2025-12-03 11:06:03 --> Session: Class initialized using 'CodeIgniter\Session\Handlers\FileHandler' driver.
CRITICAL - 2025-12-03 11:06:03 --> ParseError: syntax error, unexpected token "<"
[Method: POST, Route: Enquiry/viewCostingSheet]
in APPPATH\Views\enquiry\costing_sheet_view.php on line 721.
 1 SYSTEMPATH\View\View.php(237): CodeIgniter\View\View->CodeIgniter\View\{closure}()
 2 SYSTEMPATH\Common.php(1171): CodeIgniter\View\View->render('enquiry/costing_sheet_view', [], true)
 3 APPPATH\Controllers\Enquiry.php(9826): view('enquiry/costing_sheet_view', [...])
 4 SYSTEMPATH\CodeIgniter.php(933): App\Controllers\Enquiry->viewCostingSheet()
 5 SYSTEMPATH\CodeIgniter.php(509): CodeIgniter\CodeIgniter->runController(Object(App\Controllers\Enquiry))
 6 SYSTEMPATH\CodeIgniter.php(355): CodeIgniter\CodeIgniter->handleRequest(null, Object(Config\Cache), false)
 7 SYSTEMPATH\Boot.php(334): CodeIgniter\CodeIgniter->run()
 8 SYSTEMPATH\Boot.php(67): CodeIgniter\Boot::runCodeIgniter(Object(CodeIgniter\CodeIgniter))
 9 FCPATH\index.php(56): CodeIgniter\Boot::bootWeb(Object(Config\Paths))
DEBUG - 2025-12-03 11:06:03 --> Session: Class initialized using 'CodeIgniter\Session\Handlers\FileHandler' driver.
CRITICAL - 2025-12-03 11:06:04 --> ParseError: syntax error, unexpected token "<"
[Method: POST, Route: Enquiry/viewCostingSheet]
in APPPATH\Views\enquiry\costing_sheet_view.php on line 721.
 1 SYSTEMPATH\View\View.php(237): CodeIgniter\View\View->CodeIgniter\View\{closure}()
 2 SYSTEMPATH\Common.php(1171): CodeIgniter\View\View->render('enquiry/costing_sheet_view', [], true)
 3 APPPATH\Controllers\Enquiry.php(9826): view('enquiry/costing_sheet_view', [...])
 4 SYSTEMPATH\CodeIgniter.php(933): App\Controllers\Enquiry->viewCostingSheet()
 5 SYSTEMPATH\CodeIgniter.php(509): CodeIgniter\CodeIgniter->runController(Object(App\Controllers\Enquiry))
 6 SYSTEMPATH\CodeIgniter.php(355): CodeIgniter\CodeIgniter->handleRequest(null, Object(Config\Cache), false)
 7 SYSTEMPATH\Boot.php(334): CodeIgniter\CodeIgniter->run()
 8 SYSTEMPATH\Boot.php(67): CodeIgniter\Boot::runCodeIgniter(Object(CodeIgniter\CodeIgniter))
 9 FCPATH\index.php(56): CodeIgniter\Boot::bootWeb(Object(Config\Paths))
DEBUG - 2025-12-03 11:06:04 --> Session: Class initialized using 'CodeIgniter\Session\Handlers\FileHandler' driver.
CRITICAL - 2025-12-03 11:06:04 --> ParseError: syntax error, unexpected token "<"
[Method: POST, Route: Enquiry/viewCostingSheet]
in APPPATH\Views\enquiry\costing_sheet_view.php on line 721.
 1 SYSTEMPATH\View\View.php(237): CodeIgniter\View\View->CodeIgniter\View\{closure}()
 2 SYSTEMPATH\Common.php(1171): CodeIgniter\View\View->render('enquiry/costing_sheet_view', [], true)
 3 APPPATH\Controllers\Enquiry.php(9826): view('enquiry/costing_sheet_view', [...])
 4 SYSTEMPATH\CodeIgniter.php(933): App\Controllers\Enquiry->viewCostingSheet()
 5 SYSTEMPATH\CodeIgniter.php(509): CodeIgniter\CodeIgniter->runController(Object(App\Controllers\Enquiry))
 6 SYSTEMPATH\CodeIgniter.php(355): CodeIgniter\CodeIgniter->handleRequest(null, Object(Config\Cache), false)
 7 SYSTEMPATH\Boot.php(334): CodeIgniter\CodeIgniter->run()
 8 SYSTEMPATH\Boot.php(67): CodeIgniter\Boot::runCodeIgniter(Object(CodeIgniter\CodeIgniter))
 9 FCPATH\index.php(56): CodeIgniter\Boot::bootWeb(Object(Config\Paths))
DEBUG - 2025-12-03 11:06:04 --> Session: Class initialized using 'CodeIgniter\Session\Handlers\FileHandler' driver.
CRITICAL - 2025-12-03 11:06:04 --> ParseError: syntax error, unexpected token "<"
[Method: POST, Route: Enquiry/viewCostingSheet]
in APPPATH\Views\enquiry\costing_sheet_view.php on line 721.
 1 SYSTEMPATH\View\View.php(237): CodeIgniter\View\View->CodeIgniter\View\{closure}()
 2 SYSTEMPATH\Common.php(1171): CodeIgniter\View\View->render('enquiry/costing_sheet_view', [], true)
 3 APPPATH\Controllers\Enquiry.php(9826): view('enquiry/costing_sheet_view', [...])
 4 SYSTEMPATH\CodeIgniter.php(933): App\Controllers\Enquiry->viewCostingSheet()
 5 SYSTEMPATH\CodeIgniter.php(509): CodeIgniter\CodeIgniter->runController(Object(App\Controllers\Enquiry))
 6 SYSTEMPATH\CodeIgniter.php(355): CodeIgniter\CodeIgniter->handleRequest(null, Object(Config\Cache), false)
 7 SYSTEMPATH\Boot.php(334): CodeIgniter\CodeIgniter->run()
 8 SYSTEMPATH\Boot.php(67): CodeIgniter\Boot::runCodeIgniter(Object(CodeIgniter\CodeIgniter))
 9 FCPATH\index.php(56): CodeIgniter\Boot::bootWeb(Object(Config\Paths))
DEBUG - 2025-12-03 11:06:04 --> Session: Class initialized using 'CodeIgniter\Session\Handlers\FileHandler' driver.
CRITICAL - 2025-12-03 11:06:04 --> ParseError: syntax error, unexpected token "<"
[Method: POST, Route: Enquiry/viewCostingSheet]
in APPPATH\Views\enquiry\costing_sheet_view.php on line 721.
 1 SYSTEMPATH\View\View.php(237): CodeIgniter\View\View->CodeIgniter\View\{closure}()
 2 SYSTEMPATH\Common.php(1171): CodeIgniter\View\View->render('enquiry/costing_sheet_view', [], true)
 3 APPPATH\Controllers\Enquiry.php(9826): view('enquiry/costing_sheet_view', [...])
 4 SYSTEMPATH\CodeIgniter.php(933): App\Controllers\Enquiry->viewCostingSheet()
 5 SYSTEMPATH\CodeIgniter.php(509): CodeIgniter\CodeIgniter->runController(Object(App\Controllers\Enquiry))
 6 SYSTEMPATH\CodeIgniter.php(355): CodeIgniter\CodeIgniter->handleRequest(null, Object(Config\Cache), false)
 7 SYSTEMPATH\Boot.php(334): CodeIgniter\CodeIgniter->run()
 8 SYSTEMPATH\Boot.php(67): CodeIgniter\Boot::runCodeIgniter(Object(CodeIgniter\CodeIgniter))
 9 FCPATH\index.php(56): CodeIgniter\Boot::bootWeb(Object(Config\Paths))
DEBUG - 2025-12-03 11:06:04 --> Session: Class initialized using 'CodeIgniter\Session\Handlers\FileHandler' driver.
CRITICAL - 2025-12-03 11:06:04 --> ParseError: syntax error, unexpected token "<"
[Method: POST, Route: Enquiry/viewCostingSheet]
in APPPATH\Views\enquiry\costing_sheet_view.php on line 721.
 1 SYSTEMPATH\View\View.php(237): CodeIgniter\View\View->CodeIgniter\View\{closure}()
 2 SYSTEMPATH\Common.php(1171): CodeIgniter\View\View->render('enquiry/costing_sheet_view', [], true)
 3 APPPATH\Controllers\Enquiry.php(9826): view('enquiry/costing_sheet_view', [...])
 4 SYSTEMPATH\CodeIgniter.php(933): App\Controllers\Enquiry->viewCostingSheet()
 5 SYSTEMPATH\CodeIgniter.php(509): CodeIgniter\CodeIgniter->runController(Object(App\Controllers\Enquiry))
 6 SYSTEMPATH\CodeIgniter.php(355): CodeIgniter\CodeIgniter->handleRequest(null, Object(Config\Cache), false)
 7 SYSTEMPATH\Boot.php(334): CodeIgniter\CodeIgniter->run()
 8 SYSTEMPATH\Boot.php(67): CodeIgniter\Boot::runCodeIgniter(Object(CodeIgniter\CodeIgniter))
 9 FCPATH\index.php(56): CodeIgniter\Boot::bootWeb(Object(Config\Paths))
DEBUG - 2025-12-03 11:06:04 --> Session: Class initialized using 'CodeIgniter\Session\Handlers\FileHandler' driver.
CRITICAL - 2025-12-03 11:06:04 --> ParseError: syntax error, unexpected token "<"
[Method: POST, Route: Enquiry/viewCostingSheet]
in APPPATH\Views\enquiry\costing_sheet_view.php on line 721.
 1 SYSTEMPATH\View\View.php(237): CodeIgniter\View\View->CodeIgniter\View\{closure}()
 2 SYSTEMPATH\Common.php(1171): CodeIgniter\View\View->render('enquiry/costing_sheet_view', [], true)
 3 APPPATH\Controllers\Enquiry.php(9826): view('enquiry/costing_sheet_view', [...])
 4 SYSTEMPATH\CodeIgniter.php(933): App\Controllers\Enquiry->viewCostingSheet()
 5 SYSTEMPATH\CodeIgniter.php(509): CodeIgniter\CodeIgniter->runController(Object(App\Controllers\Enquiry))
 6 SYSTEMPATH\CodeIgniter.php(355): CodeIgniter\CodeIgniter->handleRequest(null, Object(Config\Cache), false)
 7 SYSTEMPATH\Boot.php(334): CodeIgniter\CodeIgniter->run()
 8 SYSTEMPATH\Boot.php(67): CodeIgniter\Boot::runCodeIgniter(Object(CodeIgniter\CodeIgniter))
 9 FCPATH\index.php(56): CodeIgniter\Boot::bootWeb(Object(Config\Paths))
DEBUG - 2025-12-03 11:06:04 --> Session: Class initialized using 'CodeIgniter\Session\Handlers\FileHandler' driver.
CRITICAL - 2025-12-03 11:06:04 --> ParseError: syntax error, unexpected token "<"
[Method: POST, Route: Enquiry/viewCostingSheet]
in APPPATH\Views\enquiry\costing_sheet_view.php on line 721.
 1 SYSTEMPATH\View\View.php(237): CodeIgniter\View\View->CodeIgniter\View\{closure}()
 2 SYSTEMPATH\Common.php(1171): CodeIgniter\View\View->render('enquiry/costing_sheet_view', [], true)
 3 APPPATH\Controllers\Enquiry.php(9826): view('enquiry/costing_sheet_view', [...])
 4 SYSTEMPATH\CodeIgniter.php(933): App\Controllers\Enquiry->viewCostingSheet()
 5 SYSTEMPATH\CodeIgniter.php(509): CodeIgniter\CodeIgniter->runController(Object(App\Controllers\Enquiry))
 6 SYSTEMPATH\CodeIgniter.php(355): CodeIgniter\CodeIgniter->handleRequest(null, Object(Config\Cache), false)
 7 SYSTEMPATH\Boot.php(334): CodeIgniter\CodeIgniter->run()
 8 SYSTEMPATH\Boot.php(67): CodeIgniter\Boot::runCodeIgniter(Object(CodeIgniter\CodeIgniter))
 9 FCPATH\index.php(56): CodeIgniter\Boot::bootWeb(Object(Config\Paths))
DEBUG - 2025-12-03 11:06:04 --> Session: Class initialized using 'CodeIgniter\Session\Handlers\FileHandler' driver.
CRITICAL - 2025-12-03 11:06:04 --> ParseError: syntax error, unexpected token "<"
[Method: POST, Route: Enquiry/viewCostingSheet]
in APPPATH\Views\enquiry\costing_sheet_view.php on line 721.
 1 SYSTEMPATH\View\View.php(237): CodeIgniter\View\View->CodeIgniter\View\{closure}()
 2 SYSTEMPATH\Common.php(1171): CodeIgniter\View\View->render('enquiry/costing_sheet_view', [], true)
 3 APPPATH\Controllers\Enquiry.php(9826): view('enquiry/costing_sheet_view', [...])
 4 SYSTEMPATH\CodeIgniter.php(933): App\Controllers\Enquiry->viewCostingSheet()
 5 SYSTEMPATH\CodeIgniter.php(509): CodeIgniter\CodeIgniter->runController(Object(App\Controllers\Enquiry))
 6 SYSTEMPATH\CodeIgniter.php(355): CodeIgniter\CodeIgniter->handleRequest(null, Object(Config\Cache), false)
 7 SYSTEMPATH\Boot.php(334): CodeIgniter\CodeIgniter->run()
 8 SYSTEMPATH\Boot.php(67): CodeIgniter\Boot::runCodeIgniter(Object(CodeIgniter\CodeIgniter))
 9 FCPATH\index.php(56): CodeIgniter\Boot::bootWeb(Object(Config\Paths))
DEBUG - 2025-12-03 11:06:05 --> Session: Class initialized using 'CodeIgniter\Session\Handlers\FileHandler' driver.
CRITICAL - 2025-12-03 11:06:05 --> ParseError: syntax error, unexpected token "<"
[Method: POST, Route: Enquiry/viewCostingSheet]
in APPPATH\Views\enquiry\costing_sheet_view.php on line 721.
 1 SYSTEMPATH\View\View.php(237): CodeIgniter\View\View->CodeIgniter\View\{closure}()
 2 SYSTEMPATH\Common.php(1171): CodeIgniter\View\View->render('enquiry/costing_sheet_view', [], true)
 3 APPPATH\Controllers\Enquiry.php(9826): view('enquiry/costing_sheet_view', [...])
 4 SYSTEMPATH\CodeIgniter.php(933): App\Controllers\Enquiry->viewCostingSheet()
 5 SYSTEMPATH\CodeIgniter.php(509): CodeIgniter\CodeIgniter->runController(Object(App\Controllers\Enquiry))
 6 SYSTEMPATH\CodeIgniter.php(355): CodeIgniter\CodeIgniter->handleRequest(null, Object(Config\Cache), false)
 7 SYSTEMPATH\Boot.php(334): CodeIgniter\CodeIgniter->run()
 8 SYSTEMPATH\Boot.php(67): CodeIgniter\Boot::runCodeIgniter(Object(CodeIgniter\CodeIgniter))
 9 FCPATH\index.php(56): CodeIgniter\Boot::bootWeb(Object(Config\Paths))
DEBUG - 2025-12-03 11:06:05 --> Session: Class initialized using 'CodeIgniter\Session\Handlers\FileHandler' driver.
CRITICAL - 2025-12-03 11:06:05 --> ParseError: syntax error, unexpected token "<"
[Method: POST, Route: Enquiry/viewCostingSheet]
in APPPATH\Views\enquiry\costing_sheet_view.php on line 721.
 1 SYSTEMPATH\View\View.php(237): CodeIgniter\View\View->CodeIgniter\View\{closure}()
 2 SYSTEMPATH\Common.php(1171): CodeIgniter\View\View->render('enquiry/costing_sheet_view', [], true)
 3 APPPATH\Controllers\Enquiry.php(9826): view('enquiry/costing_sheet_view', [...])
 4 SYSTEMPATH\CodeIgniter.php(933): App\Controllers\Enquiry->viewCostingSheet()
 5 SYSTEMPATH\CodeIgniter.php(509): CodeIgniter\CodeIgniter->runController(Object(App\Controllers\Enquiry))
 6 SYSTEMPATH\CodeIgniter.php(355): CodeIgniter\CodeIgniter->handleRequest(null, Object(Config\Cache), false)
 7 SYSTEMPATH\Boot.php(334): CodeIgniter\CodeIgniter->run()
 8 SYSTEMPATH\Boot.php(67): CodeIgniter\Boot::runCodeIgniter(Object(CodeIgniter\CodeIgniter))
 9 FCPATH\index.php(56): CodeIgniter\Boot::bootWeb(Object(Config\Paths))
DEBUG - 2025-12-03 11:07:26 --> Session: Class initialized using 'CodeIgniter\Session\Handlers\FileHandler' driver.
INFO - 2025-12-03 11:07:26 --> getSightName(0) returned: 0 rows
INFO - 2025-12-03 11:07:26 --> getSightName(0) returned: 0 rows
INFO - 2025-12-03 11:07:26 --> getSightName(0) returned: 0 rows
INFO - 2025-12-03 11:07:26 --> getDefaultSightName() returned: 0 rows
INFO - 2025-12-03 11:07:26 --> getSightName(0) returned: 0 rows
INFO - 2025-12-03 11:07:26 --> getDefaultSightName() returned: 0 rows
INFO - 2025-12-03 11:07:26 --> getSightName(0) returned: 0 rows
INFO - 2025-12-03 11:07:26 --> getDefaultSightName() returned: 0 rows
DEBUG - 2025-12-03 11:07:30 --> Session: Class initialized using 'CodeIgniter\Session\Handlers\FileHandler' driver.
DEBUG - 2025-12-03 11:07:30 --> Session: Class initialized using 'CodeIgniter\Session\Handlers\FileHandler' driver.
DEBUG - 2025-12-03 11:07:32 --> Session: Class initialized using 'CodeIgniter\Session\Handlers\FileHandler' driver.
INFO - 2025-12-03 11:07:32 --> getSightName(0) returned: 0 rows
INFO - 2025-12-03 11:07:32 --> getSightName(0) returned: 0 rows
INFO - 2025-12-03 11:07:32 --> getSightName(0) returned: 0 rows
INFO - 2025-12-03 11:07:32 --> getDefaultSightName() returned: 0 rows
INFO - 2025-12-03 11:07:32 --> getSightName(0) returned: 0 rows
INFO - 2025-12-03 11:07:32 --> getDefaultSightName() returned: 0 rows
INFO - 2025-12-03 11:07:32 --> getSightName(0) returned: 0 rows
INFO - 2025-12-03 11:07:32 --> getDefaultSightName() returned: 0 rows
DEBUG - 2025-12-03 11:07:45 --> Session: Class initialized using 'CodeIgniter\Session\Handlers\FileHandler' driver.
DEBUG - 2025-12-03 11:07:45 --> Session: Class initialized using 'CodeIgniter\Session\Handlers\FileHandler' driver.
DEBUG - 2025-12-03 11:07:46 --> Session: Class initialized using 'CodeIgniter\Session\Handlers\FileHandler' driver.
INFO - 2025-12-03 11:07:47 --> getSightName(0) returned: 0 rows
INFO - 2025-12-03 11:07:47 --> getSightName(0) returned: 0 rows
INFO - 2025-12-03 11:07:47 --> getSightName(0) returned: 0 rows
INFO - 2025-12-03 11:07:47 --> getDefaultSightName() returned: 0 rows
INFO - 2025-12-03 11:07:47 --> getSightName(0) returned: 0 rows
INFO - 2025-12-03 11:07:47 --> getDefaultSightName() returned: 0 rows
INFO - 2025-12-03 11:07:47 --> getSightName(0) returned: 0 rows
INFO - 2025-12-03 11:07:47 --> getDefaultSightName() returned: 0 rows
DEBUG - 2025-12-03 11:07:51 --> Session: Class initialized using 'CodeIgniter\Session\Handlers\FileHandler' driver.
INFO - 2025-12-03 11:07:52 --> getSightName(0) returned: 0 rows
INFO - 2025-12-03 11:07:52 --> getSightName(0) returned: 0 rows
INFO - 2025-12-03 11:07:52 --> getSightName(0) returned: 0 rows
INFO - 2025-12-03 11:07:52 --> getDefaultSightName() returned: 0 rows
INFO - 2025-12-03 11:07:52 --> getSightName(0) returned: 0 rows
INFO - 2025-12-03 11:07:52 --> getDefaultSightName() returned: 0 rows
INFO - 2025-12-03 11:07:52 --> getSightName(0) returned: 0 rows
INFO - 2025-12-03 11:07:52 --> getDefaultSightName() returned: 0 rows
DEBUG - 2025-12-03 11:07:59 --> Session: Class initialized using 'CodeIgniter\Session\Handlers\FileHandler' driver.
INFO - 2025-12-03 11:07:59 --> getSightName(0) returned: 0 rows
INFO - 2025-12-03 11:07:59 --> getSightName(0) returned: 0 rows
INFO - 2025-12-03 11:07:59 --> getSightName(0) returned: 0 rows
INFO - 2025-12-03 11:07:59 --> getDefaultSightName() returned: 0 rows
INFO - 2025-12-03 11:07:59 --> getSightName(0) returned: 0 rows
INFO - 2025-12-03 11:07:59 --> getDefaultSightName() returned: 0 rows
INFO - 2025-12-03 11:07:59 --> getSightName(0) returned: 0 rows
INFO - 2025-12-03 11:07:59 --> getDefaultSightName() returned: 0 rows
DEBUG - 2025-12-03 11:14:04 --> Session: Class initialized using 'CodeIgniter\Session\Handlers\FileHandler' driver.
DEBUG - 2025-12-03 11:14:04 --> Session: Class initialized using 'CodeIgniter\Session\Handlers\FileHandler' driver.
DEBUG - 2025-12-03 11:14:05 --> Session: Class initialized using 'CodeIgniter\Session\Handlers\FileHandler' driver.
CRITICAL - 2025-12-03 11:14:05 --> ErrorException: 'continue' not in the 'loop' or 'switch' context
[Method: POST, Route: Enquiry/viewCostingSheet]
in APPPATH\Views\enquiry\costing_sheet_view.php on line 633.
 1 [internal function]: CodeIgniter\Debug\Exceptions->shutdownHandler()
DEBUG - 2025-12-03 11:14:06 --> Session: Class initialized using 'CodeIgniter\Session\Handlers\FileHandler' driver.
CRITICAL - 2025-12-03 11:14:06 --> ErrorException: 'continue' not in the 'loop' or 'switch' context
[Method: POST, Route: Enquiry/viewCostingSheet]
in APPPATH\Views\enquiry\costing_sheet_view.php on line 633.
 1 [internal function]: CodeIgniter\Debug\Exceptions->shutdownHandler()
DEBUG - 2025-12-03 11:14:07 --> Session: Class initialized using 'CodeIgniter\Session\Handlers\FileHandler' driver.
CRITICAL - 2025-12-03 11:14:08 --> ErrorException: 'continue' not in the 'loop' or 'switch' context
[Method: POST, Route: Enquiry/viewCostingSheet]
in APPPATH\Views\enquiry\costing_sheet_view.php on line 633.
 1 [internal function]: CodeIgniter\Debug\Exceptions->shutdownHandler()
DEBUG - 2025-12-03 11:14:08 --> Session: Class initialized using 'CodeIgniter\Session\Handlers\FileHandler' driver.
CRITICAL - 2025-12-03 11:14:08 --> ErrorException: 'continue' not in the 'loop' or 'switch' context
[Method: POST, Route: Enquiry/viewCostingSheet]
in APPPATH\Views\enquiry\costing_sheet_view.php on line 633.
 1 [internal function]: CodeIgniter\Debug\Exceptions->shutdownHandler()
DEBUG - 2025-12-03 11:14:11 --> Session: Class initialized using 'CodeIgniter\Session\Handlers\FileHandler' driver.
INFO - 2025-12-03 11:14:12 --> getSightName(0) returned: 0 rows
INFO - 2025-12-03 11:14:12 --> getSightName(0) returned: 0 rows
INFO - 2025-12-03 11:14:12 --> getSightName(0) returned: 0 rows
INFO - 2025-12-03 11:14:12 --> getDefaultSightName() returned: 0 rows
INFO - 2025-12-03 11:14:12 --> getSightName(0) returned: 0 rows
INFO - 2025-12-03 11:14:12 --> getDefaultSightName() returned: 0 rows
INFO - 2025-12-03 11:14:12 --> getSightName(0) returned: 0 rows
INFO - 2025-12-03 11:14:12 --> getDefaultSightName() returned: 0 rows
DEBUG - 2025-12-03 11:17:57 --> Session: Class initialized using 'CodeIgniter\Session\Handlers\FileHandler' driver.
DEBUG - 2025-12-03 11:17:57 --> Session: Class initialized using 'CodeIgniter\Session\Handlers\FileHandler' driver.
DEBUG - 2025-12-03 11:17:58 --> Session: Class initialized using 'CodeIgniter\Session\Handlers\FileHandler' driver.
INFO - 2025-12-03 11:17:58 --> getSightName(0) returned: 0 rows
INFO - 2025-12-03 11:17:58 --> getSightName(0) returned: 0 rows
DEBUG - 2025-12-03 11:18:21 --> Session: Class initialized using 'CodeIgniter\Session\Handlers\FileHandler' driver.
INFO - 2025-12-03 11:18:21 --> getSightName(0) returned: 0 rows
INFO - 2025-12-03 11:18:21 --> getSightName(0) returned: 0 rows
DEBUG - 2025-12-03 11:24:44 --> Session: Class initialized using 'CodeIgniter\Session\Handlers\FileHandler' driver.
INFO - 2025-12-03 11:24:44 --> getSightName(0) returned: 0 rows
INFO - 2025-12-03 11:24:44 --> getSightName(0) returned: 0 rows
DEBUG - 2025-12-03 12:33:11 --> Session: Class initialized using 'CodeIgniter\Session\Handlers\FileHandler' driver.
INFO - 2025-12-03 18:03:11 --> Expansion date 2026-02-07: DB Total=36km, Saved SS=0km, Derived Base=36km (display base; JS adds current SS)
INFO - 2025-12-03 18:03:11 --> Expansion date 2026-02-07: DB Total=36km, Saved SS=0km, Derived Base=36km (display base; JS adds current SS)
INFO - 2025-12-03 18:03:11 --> Expansion date 2026-02-08: DB Total=36km, Saved SS=400km, Derived Base=0km (display base; JS adds current SS)
INFO - 2025-12-03 18:03:11 --> Expansion date 2026-02-08: DB Total=36km, Saved SS=400km, Derived Base=0km (display base; JS adds current SS)
INFO - 2025-12-03 18:03:11 --> Itinerary expansion date 2026-02-07: Derived Base=36km (no SS added)
INFO - 2025-12-03 18:03:11 --> Itinerary expansion date 2026-02-07: Derived Base=36km (no SS added)
INFO - 2025-12-03 18:03:11 --> Itinerary expansion date 2026-02-08: Derived Base=0km (no SS added)
INFO - 2025-12-03 18:03:11 --> Itinerary expansion date 2026-02-08: Derived Base=0km (no SS added)
DEBUG - 2025-12-03 12:33:13 --> Session: Class initialized using 'CodeIgniter\Session\Handlers\FileHandler' driver.
DEBUG - 2025-12-03 12:33:13 --> Session: Class initialized using 'CodeIgniter\Session\Handlers\FileHandler' driver.
DEBUG - 2025-12-03 12:36:03 --> Session: Class initialized using 'CodeIgniter\Session\Handlers\FileHandler' driver.
INFO - 2025-12-03 18:06:03 --> Expansion date 2026-02-07: DB Total=36km, Saved SS=0km, Derived Base=36km (display base; JS adds current SS)
INFO - 2025-12-03 18:06:03 --> Expansion date 2026-02-07: DB Total=36km, Saved SS=0km, Derived Base=36km (display base; JS adds current SS)
INFO - 2025-12-03 18:06:03 --> Expansion date 2026-02-08: DB Total=36km, Saved SS=400km, Derived Base=0km (display base; JS adds current SS)
INFO - 2025-12-03 18:06:03 --> Expansion date 2026-02-08: DB Total=36km, Saved SS=400km, Derived Base=0km (display base; JS adds current SS)
INFO - 2025-12-03 18:06:03 --> Itinerary expansion date 2026-02-07: Derived Base=36km (no SS added)
INFO - 2025-12-03 18:06:03 --> Itinerary expansion date 2026-02-07: Derived Base=36km (no SS added)
INFO - 2025-12-03 18:06:03 --> Itinerary expansion date 2026-02-08: Derived Base=0km (no SS added)
INFO - 2025-12-03 18:06:03 --> Itinerary expansion date 2026-02-08: Derived Base=0km (no SS added)
DEBUG - 2025-12-03 12:36:03 --> Session: Class initialized using 'CodeIgniter\Session\Handlers\FileHandler' driver.
DEBUG - 2025-12-03 12:36:03 --> Session: Class initialized using 'CodeIgniter\Session\Handlers\FileHandler' driver.
DEBUG - 2025-12-03 12:36:24 --> Session: Class initialized using 'CodeIgniter\Session\Handlers\FileHandler' driver.
DEBUG - 2025-12-03 12:36:24 --> Session: Class initialized using 'CodeIgniter\Session\Handlers\FileHandler' driver.
INFO - 2025-12-03 12:36:24 --> Expansion date 2026-02-07: DB Total=36km, Saved SS=200km, Derived Base=0km (display base; JS adds current SS)
INFO - 2025-12-03 12:36:24 --> Expansion date 2026-02-07: DB Total=36km, Saved SS=200km, Derived Base=0km (display base; JS adds current SS)
INFO - 2025-12-03 12:36:24 --> Expansion date 2026-02-08: DB Total=36km, Saved SS=400km, Derived Base=0km (display base; JS adds current SS)
INFO - 2025-12-03 12:36:24 --> Expansion date 2026-02-08: DB Total=36km, Saved SS=400km, Derived Base=0km (display base; JS adds current SS)
INFO - 2025-12-03 12:36:24 --> Itinerary expansion date 2026-02-07: Derived Base=36km (no SS added)
INFO - 2025-12-03 12:36:24 --> Itinerary expansion date 2026-02-07: Derived Base=36km (no SS added)
INFO - 2025-12-03 12:36:24 --> Itinerary expansion date 2026-02-08: Derived Base=0km (no SS added)
INFO - 2025-12-03 12:36:24 --> Itinerary expansion date 2026-02-08: Derived Base=0km (no SS added)
DEBUG - 2025-12-03 12:36:25 --> Session: Class initialized using 'CodeIgniter\Session\Handlers\FileHandler' driver.
DEBUG - 2025-12-03 12:36:25 --> Session: Class initialized using 'CodeIgniter\Session\Handlers\FileHandler' driver.
DEBUG - 2025-12-03 12:36:41 --> Session: Class initialized using 'CodeIgniter\Session\Handlers\FileHandler' driver.
DEBUG - 2025-12-03 12:36:42 --> Session: Class initialized using 'CodeIgniter\Session\Handlers\FileHandler' driver.
INFO - 2025-12-03 12:36:42 --> Expansion date 2026-02-07: DB Total=36km, Saved SS=200km, Derived Base=0km (display base; JS adds current SS)
INFO - 2025-12-03 12:36:42 --> Expansion date 2026-02-07: DB Total=36km, Saved SS=200km, Derived Base=0km (display base; JS adds current SS)
INFO - 2025-12-03 12:36:42 --> Expansion date 2026-02-08: DB Total=36km, Saved SS=400km, Derived Base=0km (display base; JS adds current SS)
INFO - 2025-12-03 12:36:42 --> Expansion date 2026-02-08: DB Total=36km, Saved SS=400km, Derived Base=0km (display base; JS adds current SS)
INFO - 2025-12-03 12:36:42 --> Itinerary expansion date 2026-02-07: Derived Base=36km (no SS added)
INFO - 2025-12-03 12:36:42 --> Itinerary expansion date 2026-02-07: Derived Base=36km (no SS added)
INFO - 2025-12-03 12:36:42 --> Itinerary expansion date 2026-02-08: Derived Base=0km (no SS added)
INFO - 2025-12-03 12:36:42 --> Itinerary expansion date 2026-02-08: Derived Base=0km (no SS added)
DEBUG - 2025-12-03 12:36:43 --> Session: Class initialized using 'CodeIgniter\Session\Handlers\FileHandler' driver.
DEBUG - 2025-12-03 12:36:43 --> Session: Class initialized using 'CodeIgniter\Session\Handlers\FileHandler' driver.
DEBUG - 2025-12-03 12:36:52 --> Session: Class initialized using 'CodeIgniter\Session\Handlers\FileHandler' driver.
DEBUG - 2025-12-03 12:36:53 --> Session: Class initialized using 'CodeIgniter\Session\Handlers\FileHandler' driver.
INFO - 2025-12-03 12:36:54 --> Expansion date 2026-02-07: DB Total=36km, Saved SS=200km, Derived Base=0km (display base; JS adds current SS)
INFO - 2025-12-03 12:36:54 --> Expansion date 2026-02-07: DB Total=36km, Saved SS=200km, Derived Base=0km (display base; JS adds current SS)
INFO - 2025-12-03 12:36:54 --> Expansion date 2026-02-08: DB Total=36km, Saved SS=200km, Derived Base=0km (display base; JS adds current SS)
INFO - 2025-12-03 12:36:54 --> Expansion date 2026-02-08: DB Total=36km, Saved SS=200km, Derived Base=0km (display base; JS adds current SS)
INFO - 2025-12-03 12:36:54 --> Itinerary expansion date 2026-02-07: Derived Base=36km (no SS added)
INFO - 2025-12-03 12:36:54 --> Itinerary expansion date 2026-02-07: Derived Base=36km (no SS added)
INFO - 2025-12-03 12:36:54 --> Itinerary expansion date 2026-02-08: Derived Base=0km (no SS added)
INFO - 2025-12-03 12:36:54 --> Itinerary expansion date 2026-02-08: Derived Base=0km (no SS added)
DEBUG - 2025-12-03 12:36:54 --> Session: Class initialized using 'CodeIgniter\Session\Handlers\FileHandler' driver.
DEBUG - 2025-12-03 12:36:54 --> Session: Class initialized using 'CodeIgniter\Session\Handlers\FileHandler' driver.
DEBUG - 2025-12-03 12:40:28 --> Session: Class initialized using 'CodeIgniter\Session\Handlers\FileHandler' driver.
INFO - 2025-12-03 12:40:28 --> Expansion date 2026-02-07: DB Total=36km, Saved SS=200km, Derived Base=0km (display base; JS adds current SS)
INFO - 2025-12-03 12:40:28 --> Expansion date 2026-02-07: DB Total=36km, Saved SS=200km, Derived Base=0km (display base; JS adds current SS)
INFO - 2025-12-03 12:40:28 --> Expansion date 2026-02-08: DB Total=36km, Saved SS=200km, Derived Base=0km (display base; JS adds current SS)
INFO - 2025-12-03 12:40:28 --> Expansion date 2026-02-08: DB Total=36km, Saved SS=200km, Derived Base=0km (display base; JS adds current SS)
INFO - 2025-12-03 12:40:28 --> Itinerary expansion date 2026-02-07: Derived Base=36km (no SS added)
INFO - 2025-12-03 12:40:28 --> Itinerary expansion date 2026-02-07: Derived Base=36km (no SS added)
INFO - 2025-12-03 12:40:28 --> Itinerary expansion date 2026-02-08: Derived Base=0km (no SS added)
INFO - 2025-12-03 12:40:28 --> Itinerary expansion date 2026-02-08: Derived Base=0km (no SS added)
DEBUG - 2025-12-03 12:40:33 --> Session: Class initialized using 'CodeIgniter\Session\Handlers\FileHandler' driver.
DEBUG - 2025-12-03 12:40:33 --> Session: Class initialized using 'CodeIgniter\Session\Handlers\FileHandler' driver.
DEBUG - 2025-12-03 12:40:44 --> Session: Class initialized using 'CodeIgniter\Session\Handlers\FileHandler' driver.
DEBUG - 2025-12-03 12:40:45 --> Session: Class initialized using 'CodeIgniter\Session\Handlers\FileHandler' driver.
INFO - 2025-12-03 12:40:45 --> Expansion date 2026-02-07: DB Total=36km, Saved SS=200km, Derived Base=0km (display base; JS adds current SS)
INFO - 2025-12-03 12:40:45 --> Expansion date 2026-02-07: DB Total=36km, Saved SS=200km, Derived Base=0km (display base; JS adds current SS)
INFO - 2025-12-03 12:40:45 --> Expansion date 2026-02-08: DB Total=36km, Saved SS=200km, Derived Base=0km (display base; JS adds current SS)
INFO - 2025-12-03 12:40:45 --> Expansion date 2026-02-08: DB Total=36km, Saved SS=200km, Derived Base=0km (display base; JS adds current SS)
INFO - 2025-12-03 12:40:45 --> Itinerary expansion date 2026-02-07: Derived Base=36km (no SS added)
INFO - 2025-12-03 12:40:45 --> Itinerary expansion date 2026-02-07: Derived Base=36km (no SS added)
INFO - 2025-12-03 12:40:45 --> Itinerary expansion date 2026-02-08: Derived Base=0km (no SS added)
INFO - 2025-12-03 12:40:45 --> Itinerary expansion date 2026-02-08: Derived Base=0km (no SS added)
DEBUG - 2025-12-03 12:40:46 --> Session: Class initialized using 'CodeIgniter\Session\Handlers\FileHandler' driver.
DEBUG - 2025-12-03 12:40:46 --> Session: Class initialized using 'CodeIgniter\Session\Handlers\FileHandler' driver.
DEBUG - 2025-12-03 12:41:06 --> Session: Class initialized using 'CodeIgniter\Session\Handlers\FileHandler' driver.
DEBUG - 2025-12-03 12:41:07 --> Session: Class initialized using 'CodeIgniter\Session\Handlers\FileHandler' driver.
INFO - 2025-12-03 12:41:07 --> Expansion date 2026-02-07: DB Total=36km, Saved SS=200km, Derived Base=0km (display base; JS adds current SS)
INFO - 2025-12-03 12:41:07 --> Expansion date 2026-02-07: DB Total=36km, Saved SS=200km, Derived Base=0km (display base; JS adds current SS)
INFO - 2025-12-03 12:41:07 --> Expansion date 2026-02-08: DB Total=36km, Saved SS=200km, Derived Base=0km (display base; JS adds current SS)
INFO - 2025-12-03 12:41:07 --> Expansion date 2026-02-08: DB Total=36km, Saved SS=200km, Derived Base=0km (display base; JS adds current SS)
INFO - 2025-12-03 12:41:07 --> Itinerary expansion date 2026-02-07: Derived Base=0km (no SS added)
INFO - 2025-12-03 12:41:07 --> Itinerary expansion date 2026-02-07: Derived Base=0km (no SS added)
INFO - 2025-12-03 12:41:07 --> Itinerary expansion date 2026-02-08: Derived Base=0km (no SS added)
INFO - 2025-12-03 12:41:07 --> Itinerary expansion date 2026-02-08: Derived Base=0km (no SS added)
DEBUG - 2025-12-03 12:41:07 --> Session: Class initialized using 'CodeIgniter\Session\Handlers\FileHandler' driver.
DEBUG - 2025-12-03 12:41:07 --> Session: Class initialized using 'CodeIgniter\Session\Handlers\FileHandler' driver.
DEBUG - 2025-12-03 12:41:42 --> Session: Class initialized using 'CodeIgniter\Session\Handlers\FileHandler' driver.
INFO - 2025-12-03 12:41:42 --> Expansion date 2026-02-07: DB Total=36km, Saved SS=200km, Derived Base=0km (display base; JS adds current SS)
INFO - 2025-12-03 12:41:42 --> Expansion date 2026-02-07: DB Total=36km, Saved SS=200km, Derived Base=0km (display base; JS adds current SS)
INFO - 2025-12-03 12:41:42 --> Expansion date 2026-02-08: DB Total=36km, Saved SS=200km, Derived Base=0km (display base; JS adds current SS)
INFO - 2025-12-03 12:41:42 --> Expansion date 2026-02-08: DB Total=36km, Saved SS=200km, Derived Base=0km (display base; JS adds current SS)
INFO - 2025-12-03 12:41:42 --> Itinerary expansion date 2026-02-07: Derived Base=0km (no SS added)
INFO - 2025-12-03 12:41:42 --> Itinerary expansion date 2026-02-07: Derived Base=0km (no SS added)
INFO - 2025-12-03 12:41:42 --> Itinerary expansion date 2026-02-08: Derived Base=0km (no SS added)
INFO - 2025-12-03 12:41:42 --> Itinerary expansion date 2026-02-08: Derived Base=0km (no SS added)
DEBUG - 2025-12-03 12:41:44 --> Session: Class initialized using 'CodeIgniter\Session\Handlers\FileHandler' driver.
DEBUG - 2025-12-03 12:41:44 --> Session: Class initialized using 'CodeIgniter\Session\Handlers\FileHandler' driver.
DEBUG - 2025-12-03 12:42:17 --> Session: Class initialized using 'CodeIgniter\Session\Handlers\FileHandler' driver.
INFO - 2025-12-03 12:42:18 --> Expansion date 2026-02-07: DB Total=36km, Saved SS=200km, Derived Base=0km (display base; JS adds current SS)
INFO - 2025-12-03 12:42:18 --> Expansion date 2026-02-07: DB Total=36km, Saved SS=200km, Derived Base=0km (display base; JS adds current SS)
INFO - 2025-12-03 12:42:18 --> Expansion date 2026-02-08: DB Total=36km, Saved SS=200km, Derived Base=0km (display base; JS adds current SS)
INFO - 2025-12-03 12:42:18 --> Expansion date 2026-02-08: DB Total=36km, Saved SS=200km, Derived Base=0km (display base; JS adds current SS)
INFO - 2025-12-03 12:42:18 --> Itinerary expansion date 2026-02-07: Derived Base=0km (no SS added)
INFO - 2025-12-03 12:42:18 --> Itinerary expansion date 2026-02-07: Derived Base=0km (no SS added)
INFO - 2025-12-03 12:42:18 --> Itinerary expansion date 2026-02-08: Derived Base=0km (no SS added)
INFO - 2025-12-03 12:42:18 --> Itinerary expansion date 2026-02-08: Derived Base=0km (no SS added)
DEBUG - 2025-12-03 12:42:18 --> Session: Class initialized using 'CodeIgniter\Session\Handlers\FileHandler' driver.
DEBUG - 2025-12-03 12:42:18 --> Session: Class initialized using 'CodeIgniter\Session\Handlers\FileHandler' driver.
