ERROR - 2025-11-28 04:45:37 --> mysqli_sql_exception: Unknown column 'a.is_active' in 'where clause' in C:\wamp64\www\khm\system\Database\MySQLi\Connection.php:312
Stack trace:
#0 C:\wamp64\www\khm\system\Database\MySQLi\Connection.php(312): mysqli->query('SELECT `a`.`ent...', 0)
#1 C:\wamp64\www\khm\system\Database\BaseConnection.php(734): CodeIgniter\Database\MySQLi\Connection->execute('SELECT `a`.`ent...')
#2 C:\wamp64\www\khm\system\Database\BaseConnection.php(648): CodeIgniter\Database\BaseConnection->simpleQuery('SELECT `a`.`ent...')
#3 C:\wamp64\www\khm\system\Database\BaseBuilder.php(1644): CodeIgniter\Database\BaseConnection->query('SELECT `a`.`ent...', Array, false)
#4 C:\wamp64\www\khm\app\Models\Dashboard_m.php(1123): CodeIgniter\Database\BaseBuilder->get()
#5 C:\wamp64\www\khm\app\Views\enquiry\get_more_enquiry_details_view.php(120): App\Models\Dashboard_m->get_employees_by_role(5, '8851')
#6 C:\wamp64\www\khm\system\View\View.php(234): include('C:\\wamp64\\www\\k...')
#7 C:\wamp64\www\khm\system\View\View.php(237): CodeIgniter\View\View->CodeIgniter\View\{closure}()
#8 C:\wamp64\www\khm\system\Common.php(1171): CodeIgniter\View\View->render('enquiry/get_mor...', Array, true)
#9 C:\wamp64\www\khm\app\Controllers\Enquiry.php(2044): view('enquiry/get_mor...', Array)
#10 C:\wamp64\www\khm\system\CodeIgniter.php(933): App\Controllers\Enquiry->getMoreEnquiryDetails()
#11 C:\wamp64\www\khm\system\CodeIgniter.php(509): CodeIgniter\CodeIgniter->runController(Object(App\Controllers\Enquiry))
#12 C:\wamp64\www\khm\system\CodeIgniter.php(355): CodeIgniter\CodeIgniter->handleRequest(NULL, Object(Config\Cache), false)
#13 C:\wamp64\www\khm\system\Boot.php(334): CodeIgniter\CodeIgniter->run()
#14 C:\wamp64\www\khm\system\Boot.php(67): CodeIgniter\Boot::runCodeIgniter(Object(CodeIgniter\CodeIgniter))
#15 C:\wamp64\www\khm\public\index.php(56): CodeIgniter\Boot::bootWeb(Object(Config\Paths))
#16 {main}
CRITICAL - 2025-11-28 04:45:37 --> CodeIgniter\Database\Exceptions\DatabaseException: Unknown column 'a.is_active' in 'where clause'
[Method: POST, Route: Enquiry/getMoreEnquiryDetails]
in SYSTEMPATH\Database\BaseConnection.php on line 688.
 1 SYSTEMPATH\Database\BaseBuilder.php(1644): CodeIgniter\Database\BaseConnection->query('SELECT `a`.`entity_id`, `a`.`entity_name`, `m`.`role_id`, `m`.`team_lead_id`
FROM `khm_entity_mst` `a`
INNER JOIN `khm_sys_usg_mst_entity_role` `m` ON `m`.`entity_id` = `a`.`entity_id`
WHERE `a`.`entity_class_id` = :a.entity_class_id:
AND `a`.`is_active` = :a.is_active:
AND `m`.`role_id` = :m.role_id:
AND `m`.`team_lead_id` = :m.team_lead_id:', [...], false)
 2 APPPATH\Models\Dashboard_m.php(1123): CodeIgniter\Database\BaseBuilder->get()
 3 APPPATH\Views\enquiry\get_more_enquiry_details_view.php(120): App\Models\Dashboard_m->get_employees_by_role(5, '8851')
 4 SYSTEMPATH\View\View.php(234): include('C:\\wamp64\\www\\khm\\app\\Views\\enquiry\\get_more_enquiry_details_view.php')
 5 SYSTEMPATH\View\View.php(237): CodeIgniter\View\View->CodeIgniter\View\{closure}()
 6 SYSTEMPATH\Common.php(1171): CodeIgniter\View\View->render('enquiry/get_more_enquiry_details_view', [], true)
 7 APPPATH\Controllers\Enquiry.php(2044): view('enquiry/get_more_enquiry_details_view', [...])
 8 SYSTEMPATH\CodeIgniter.php(933): App\Controllers\Enquiry->getMoreEnquiryDetails()
 9 SYSTEMPATH\CodeIgniter.php(509): CodeIgniter\CodeIgniter->runController(Object(App\Controllers\Enquiry))
10 SYSTEMPATH\CodeIgniter.php(355): CodeIgniter\CodeIgniter->handleRequest(null, Object(Config\Cache), false)
11 SYSTEMPATH\Boot.php(334): CodeIgniter\CodeIgniter->run()
12 SYSTEMPATH\Boot.php(67): CodeIgniter\Boot::runCodeIgniter(Object(CodeIgniter\CodeIgniter))
13 FCPATH\index.php(56): CodeIgniter\Boot::bootWeb(Object(Config\Paths))
CRITICAL - 2025-11-28 04:45:37 --> [Caused by] CodeIgniter\Database\Exceptions\DatabaseException: Unknown column 'a.is_active' in 'where clause'
in SYSTEMPATH\Database\MySQLi\Connection.php on line 317.
 1 SYSTEMPATH\Database\BaseConnection.php(734): CodeIgniter\Database\MySQLi\Connection->execute('SELECT `a`.`entity_id`, `a`.`entity_name`, `m`.`role_id`, `m`.`team_lead_id`
FROM `khm_entity_mst` `a`
INNER JOIN `khm_sys_usg_mst_entity_role` `m` ON `m`.`entity_id` = `a`.`entity_id`
WHERE `a`.`entity_class_id` = 3
AND `a`.`is_active` = 1
AND `m`.`role_id` = 5
AND `m`.`team_lead_id` = \'8851\'')
 2 SYSTEMPATH\Database\BaseConnection.php(648): CodeIgniter\Database\BaseConnection->simpleQuery('SELECT `a`.`entity_id`, `a`.`entity_name`, `m`.`role_id`, `m`.`team_lead_id`
FROM `khm_entity_mst` `a`
INNER JOIN `khm_sys_usg_mst_entity_role` `m` ON `m`.`entity_id` = `a`.`entity_id`
WHERE `a`.`entity_class_id` = 3
AND `a`.`is_active` = 1
AND `m`.`role_id` = 5
AND `m`.`team_lead_id` = \'8851\'')
 3 SYSTEMPATH\Database\BaseBuilder.php(1644): CodeIgniter\Database\BaseConnection->query('SELECT `a`.`entity_id`, `a`.`entity_name`, `m`.`role_id`, `m`.`team_lead_id`
FROM `khm_entity_mst` `a`
INNER JOIN `khm_sys_usg_mst_entity_role` `m` ON `m`.`entity_id` = `a`.`entity_id`
WHERE `a`.`entity_class_id` = :a.entity_class_id:
AND `a`.`is_active` = :a.is_active:
AND `m`.`role_id` = :m.role_id:
AND `m`.`team_lead_id` = :m.team_lead_id:', [...], false)
 4 APPPATH\Models\Dashboard_m.php(1123): CodeIgniter\Database\BaseBuilder->get()
 5 APPPATH\Views\enquiry\get_more_enquiry_details_view.php(120): App\Models\Dashboard_m->get_employees_by_role(5, '8851')
 6 SYSTEMPATH\View\View.php(234): include('C:\\wamp64\\www\\khm\\app\\Views\\enquiry\\get_more_enquiry_details_view.php')
 7 SYSTEMPATH\View\View.php(237): CodeIgniter\View\View->CodeIgniter\View\{closure}()
 8 SYSTEMPATH\Common.php(1171): CodeIgniter\View\View->render('enquiry/get_more_enquiry_details_view', [], true)
 9 APPPATH\Controllers\Enquiry.php(2044): view('enquiry/get_more_enquiry_details_view', [...])
10 SYSTEMPATH\CodeIgniter.php(933): App\Controllers\Enquiry->getMoreEnquiryDetails()
11 SYSTEMPATH\CodeIgniter.php(509): CodeIgniter\CodeIgniter->runController(Object(App\Controllers\Enquiry))
12 SYSTEMPATH\CodeIgniter.php(355): CodeIgniter\CodeIgniter->handleRequest(null, Object(Config\Cache), false)
13 SYSTEMPATH\Boot.php(334): CodeIgniter\CodeIgniter->run()
14 SYSTEMPATH\Boot.php(67): CodeIgniter\Boot::runCodeIgniter(Object(CodeIgniter\CodeIgniter))
15 FCPATH\index.php(56): CodeIgniter\Boot::bootWeb(Object(Config\Paths))
CRITICAL - 2025-11-28 04:45:37 --> [Caused by] mysqli_sql_exception: Unknown column 'a.is_active' in 'where clause'
in SYSTEMPATH\Database\MySQLi\Connection.php on line 312.
 1 SYSTEMPATH\Database\MySQLi\Connection.php(312): mysqli->query('SELECT `a`.`entity_id`, `a`.`entity_name`, `m`.`role_id`, `m`.`team_lead_id`
FROM `khm_entity_mst` `a`
INNER JOIN `khm_sys_usg_mst_entity_role` `m` ON `m`.`entity_id` = `a`.`entity_id`
WHERE `a`.`entity_class_id` = 3
AND `a`.`is_active` = 1
AND `m`.`role_id` = 5
AND `m`.`team_lead_id` = \'8851\'', 0)
 2 SYSTEMPATH\Database\BaseConnection.php(734): CodeIgniter\Database\MySQLi\Connection->execute('SELECT `a`.`entity_id`, `a`.`entity_name`, `m`.`role_id`, `m`.`team_lead_id`
FROM `khm_entity_mst` `a`
INNER JOIN `khm_sys_usg_mst_entity_role` `m` ON `m`.`entity_id` = `a`.`entity_id`
WHERE `a`.`entity_class_id` = 3
AND `a`.`is_active` = 1
AND `m`.`role_id` = 5
AND `m`.`team_lead_id` = \'8851\'')
 3 SYSTEMPATH\Database\BaseConnection.php(648): CodeIgniter\Database\BaseConnection->simpleQuery('SELECT `a`.`entity_id`, `a`.`entity_name`, `m`.`role_id`, `m`.`team_lead_id`
FROM `khm_entity_mst` `a`
INNER JOIN `khm_sys_usg_mst_entity_role` `m` ON `m`.`entity_id` = `a`.`entity_id`
WHERE `a`.`entity_class_id` = 3
AND `a`.`is_active` = 1
AND `m`.`role_id` = 5
AND `m`.`team_lead_id` = \'8851\'')
 4 SYSTEMPATH\Database\BaseBuilder.php(1644): CodeIgniter\Database\BaseConnection->query('SELECT `a`.`entity_id`, `a`.`entity_name`, `m`.`role_id`, `m`.`team_lead_id`
FROM `khm_entity_mst` `a`
INNER JOIN `khm_sys_usg_mst_entity_role` `m` ON `m`.`entity_id` = `a`.`entity_id`
WHERE `a`.`entity_class_id` = :a.entity_class_id:
AND `a`.`is_active` = :a.is_active:
AND `m`.`role_id` = :m.role_id:
AND `m`.`team_lead_id` = :m.team_lead_id:', [...], false)
 5 APPPATH\Models\Dashboard_m.php(1123): CodeIgniter\Database\BaseBuilder->get()
 6 APPPATH\Views\enquiry\get_more_enquiry_details_view.php(120): App\Models\Dashboard_m->get_employees_by_role(5, '8851')
 7 SYSTEMPATH\View\View.php(234): include('C:\\wamp64\\www\\khm\\app\\Views\\enquiry\\get_more_enquiry_details_view.php')
 8 SYSTEMPATH\View\View.php(237): CodeIgniter\View\View->CodeIgniter\View\{closure}()
 9 SYSTEMPATH\Common.php(1171): CodeIgniter\View\View->render('enquiry/get_more_enquiry_details_view', [], true)
10 APPPATH\Controllers\Enquiry.php(2044): view('enquiry/get_more_enquiry_details_view', [...])
11 SYSTEMPATH\CodeIgniter.php(933): App\Controllers\Enquiry->getMoreEnquiryDetails()
12 SYSTEMPATH\CodeIgniter.php(509): CodeIgniter\CodeIgniter->runController(Object(App\Controllers\Enquiry))
13 SYSTEMPATH\CodeIgniter.php(355): CodeIgniter\CodeIgniter->handleRequest(null, Object(Config\Cache), false)
14 SYSTEMPATH\Boot.php(334): CodeIgniter\CodeIgniter->run()
15 SYSTEMPATH\Boot.php(67): CodeIgniter\Boot::runCodeIgniter(Object(CodeIgniter\CodeIgniter))
16 FCPATH\index.php(56): CodeIgniter\Boot::bootWeb(Object(Config\Paths))
ERROR - 2025-11-28 04:45:39 --> mysqli_sql_exception: Unknown column 'a.is_active' in 'where clause' in C:\wamp64\www\khm\system\Database\MySQLi\Connection.php:312
Stack trace:
#0 C:\wamp64\www\khm\system\Database\MySQLi\Connection.php(312): mysqli->query('SELECT `a`.`ent...', 0)
#1 C:\wamp64\www\khm\system\Database\BaseConnection.php(734): CodeIgniter\Database\MySQLi\Connection->execute('SELECT `a`.`ent...')
#2 C:\wamp64\www\khm\system\Database\BaseConnection.php(648): CodeIgniter\Database\BaseConnection->simpleQuery('SELECT `a`.`ent...')
#3 C:\wamp64\www\khm\system\Database\BaseBuilder.php(1644): CodeIgniter\Database\BaseConnection->query('SELECT `a`.`ent...', Array, false)
#4 C:\wamp64\www\khm\app\Models\Dashboard_m.php(1123): CodeIgniter\Database\BaseBuilder->get()
#5 C:\wamp64\www\khm\app\Views\enquiry\get_more_enquiry_details_view.php(120): App\Models\Dashboard_m->get_employees_by_role(5, '8851')
#6 C:\wamp64\www\khm\system\View\View.php(234): include('C:\\wamp64\\www\\k...')
#7 C:\wamp64\www\khm\system\View\View.php(237): CodeIgniter\View\View->CodeIgniter\View\{closure}()
#8 C:\wamp64\www\khm\system\Common.php(1171): CodeIgniter\View\View->render('enquiry/get_mor...', Array, true)
#9 C:\wamp64\www\khm\app\Controllers\Enquiry.php(2044): view('enquiry/get_mor...', Array)
#10 C:\wamp64\www\khm\system\CodeIgniter.php(933): App\Controllers\Enquiry->getMoreEnquiryDetails()
#11 C:\wamp64\www\khm\system\CodeIgniter.php(509): CodeIgniter\CodeIgniter->runController(Object(App\Controllers\Enquiry))
#12 C:\wamp64\www\khm\system\CodeIgniter.php(355): CodeIgniter\CodeIgniter->handleRequest(NULL, Object(Config\Cache), false)
#13 C:\wamp64\www\khm\system\Boot.php(334): CodeIgniter\CodeIgniter->run()
#14 C:\wamp64\www\khm\system\Boot.php(67): CodeIgniter\Boot::runCodeIgniter(Object(CodeIgniter\CodeIgniter))
#15 C:\wamp64\www\khm\public\index.php(56): CodeIgniter\Boot::bootWeb(Object(Config\Paths))
#16 {main}
CRITICAL - 2025-11-28 04:45:39 --> CodeIgniter\Database\Exceptions\DatabaseException: Unknown column 'a.is_active' in 'where clause'
[Method: POST, Route: Enquiry/getMoreEnquiryDetails]
in SYSTEMPATH\Database\BaseConnection.php on line 688.
 1 SYSTEMPATH\Database\BaseBuilder.php(1644): CodeIgniter\Database\BaseConnection->query('SELECT `a`.`entity_id`, `a`.`entity_name`, `m`.`role_id`, `m`.`team_lead_id`
FROM `khm_entity_mst` `a`
INNER JOIN `khm_sys_usg_mst_entity_role` `m` ON `m`.`entity_id` = `a`.`entity_id`
WHERE `a`.`entity_class_id` = :a.entity_class_id:
AND `a`.`is_active` = :a.is_active:
AND `m`.`role_id` = :m.role_id:
AND `m`.`team_lead_id` = :m.team_lead_id:', [...], false)
 2 APPPATH\Models\Dashboard_m.php(1123): CodeIgniter\Database\BaseBuilder->get()
 3 APPPATH\Views\enquiry\get_more_enquiry_details_view.php(120): App\Models\Dashboard_m->get_employees_by_role(5, '8851')
 4 SYSTEMPATH\View\View.php(234): include('C:\\wamp64\\www\\khm\\app\\Views\\enquiry\\get_more_enquiry_details_view.php')
 5 SYSTEMPATH\View\View.php(237): CodeIgniter\View\View->CodeIgniter\View\{closure}()
 6 SYSTEMPATH\Common.php(1171): CodeIgniter\View\View->render('enquiry/get_more_enquiry_details_view', [], true)
 7 APPPATH\Controllers\Enquiry.php(2044): view('enquiry/get_more_enquiry_details_view', [...])
 8 SYSTEMPATH\CodeIgniter.php(933): App\Controllers\Enquiry->getMoreEnquiryDetails()
 9 SYSTEMPATH\CodeIgniter.php(509): CodeIgniter\CodeIgniter->runController(Object(App\Controllers\Enquiry))
10 SYSTEMPATH\CodeIgniter.php(355): CodeIgniter\CodeIgniter->handleRequest(null, Object(Config\Cache), false)
11 SYSTEMPATH\Boot.php(334): CodeIgniter\CodeIgniter->run()
12 SYSTEMPATH\Boot.php(67): CodeIgniter\Boot::runCodeIgniter(Object(CodeIgniter\CodeIgniter))
13 FCPATH\index.php(56): CodeIgniter\Boot::bootWeb(Object(Config\Paths))
CRITICAL - 2025-11-28 04:45:39 --> [Caused by] CodeIgniter\Database\Exceptions\DatabaseException: Unknown column 'a.is_active' in 'where clause'
in SYSTEMPATH\Database\MySQLi\Connection.php on line 317.
 1 SYSTEMPATH\Database\BaseConnection.php(734): CodeIgniter\Database\MySQLi\Connection->execute('SELECT `a`.`entity_id`, `a`.`entity_name`, `m`.`role_id`, `m`.`team_lead_id`
FROM `khm_entity_mst` `a`
INNER JOIN `khm_sys_usg_mst_entity_role` `m` ON `m`.`entity_id` = `a`.`entity_id`
WHERE `a`.`entity_class_id` = 3
AND `a`.`is_active` = 1
AND `m`.`role_id` = 5
AND `m`.`team_lead_id` = \'8851\'')
 2 SYSTEMPATH\Database\BaseConnection.php(648): CodeIgniter\Database\BaseConnection->simpleQuery('SELECT `a`.`entity_id`, `a`.`entity_name`, `m`.`role_id`, `m`.`team_lead_id`
FROM `khm_entity_mst` `a`
INNER JOIN `khm_sys_usg_mst_entity_role` `m` ON `m`.`entity_id` = `a`.`entity_id`
WHERE `a`.`entity_class_id` = 3
AND `a`.`is_active` = 1
AND `m`.`role_id` = 5
AND `m`.`team_lead_id` = \'8851\'')
 3 SYSTEMPATH\Database\BaseBuilder.php(1644): CodeIgniter\Database\BaseConnection->query('SELECT `a`.`entity_id`, `a`.`entity_name`, `m`.`role_id`, `m`.`team_lead_id`
FROM `khm_entity_mst` `a`
INNER JOIN `khm_sys_usg_mst_entity_role` `m` ON `m`.`entity_id` = `a`.`entity_id`
WHERE `a`.`entity_class_id` = :a.entity_class_id:
AND `a`.`is_active` = :a.is_active:
AND `m`.`role_id` = :m.role_id:
AND `m`.`team_lead_id` = :m.team_lead_id:', [...], false)
 4 APPPATH\Models\Dashboard_m.php(1123): CodeIgniter\Database\BaseBuilder->get()
 5 APPPATH\Views\enquiry\get_more_enquiry_details_view.php(120): App\Models\Dashboard_m->get_employees_by_role(5, '8851')
 6 SYSTEMPATH\View\View.php(234): include('C:\\wamp64\\www\\khm\\app\\Views\\enquiry\\get_more_enquiry_details_view.php')
 7 SYSTEMPATH\View\View.php(237): CodeIgniter\View\View->CodeIgniter\View\{closure}()
 8 SYSTEMPATH\Common.php(1171): CodeIgniter\View\View->render('enquiry/get_more_enquiry_details_view', [], true)
 9 APPPATH\Controllers\Enquiry.php(2044): view('enquiry/get_more_enquiry_details_view', [...])
10 SYSTEMPATH\CodeIgniter.php(933): App\Controllers\Enquiry->getMoreEnquiryDetails()
11 SYSTEMPATH\CodeIgniter.php(509): CodeIgniter\CodeIgniter->runController(Object(App\Controllers\Enquiry))
12 SYSTEMPATH\CodeIgniter.php(355): CodeIgniter\CodeIgniter->handleRequest(null, Object(Config\Cache), false)
13 SYSTEMPATH\Boot.php(334): CodeIgniter\CodeIgniter->run()
14 SYSTEMPATH\Boot.php(67): CodeIgniter\Boot::runCodeIgniter(Object(CodeIgniter\CodeIgniter))
15 FCPATH\index.php(56): CodeIgniter\Boot::bootWeb(Object(Config\Paths))
CRITICAL - 2025-11-28 04:45:39 --> [Caused by] mysqli_sql_exception: Unknown column 'a.is_active' in 'where clause'
in SYSTEMPATH\Database\MySQLi\Connection.php on line 312.
 1 SYSTEMPATH\Database\MySQLi\Connection.php(312): mysqli->query('SELECT `a`.`entity_id`, `a`.`entity_name`, `m`.`role_id`, `m`.`team_lead_id`
FROM `khm_entity_mst` `a`
INNER JOIN `khm_sys_usg_mst_entity_role` `m` ON `m`.`entity_id` = `a`.`entity_id`
WHERE `a`.`entity_class_id` = 3
AND `a`.`is_active` = 1
AND `m`.`role_id` = 5
AND `m`.`team_lead_id` = \'8851\'', 0)
 2 SYSTEMPATH\Database\BaseConnection.php(734): CodeIgniter\Database\MySQLi\Connection->execute('SELECT `a`.`entity_id`, `a`.`entity_name`, `m`.`role_id`, `m`.`team_lead_id`
FROM `khm_entity_mst` `a`
INNER JOIN `khm_sys_usg_mst_entity_role` `m` ON `m`.`entity_id` = `a`.`entity_id`
WHERE `a`.`entity_class_id` = 3
AND `a`.`is_active` = 1
AND `m`.`role_id` = 5
AND `m`.`team_lead_id` = \'8851\'')
 3 SYSTEMPATH\Database\BaseConnection.php(648): CodeIgniter\Database\BaseConnection->simpleQuery('SELECT `a`.`entity_id`, `a`.`entity_name`, `m`.`role_id`, `m`.`team_lead_id`
FROM `khm_entity_mst` `a`
INNER JOIN `khm_sys_usg_mst_entity_role` `m` ON `m`.`entity_id` = `a`.`entity_id`
WHERE `a`.`entity_class_id` = 3
AND `a`.`is_active` = 1
AND `m`.`role_id` = 5
AND `m`.`team_lead_id` = \'8851\'')
 4 SYSTEMPATH\Database\BaseBuilder.php(1644): CodeIgniter\Database\BaseConnection->query('SELECT `a`.`entity_id`, `a`.`entity_name`, `m`.`role_id`, `m`.`team_lead_id`
FROM `khm_entity_mst` `a`
INNER JOIN `khm_sys_usg_mst_entity_role` `m` ON `m`.`entity_id` = `a`.`entity_id`
WHERE `a`.`entity_class_id` = :a.entity_class_id:
AND `a`.`is_active` = :a.is_active:
AND `m`.`role_id` = :m.role_id:
AND `m`.`team_lead_id` = :m.team_lead_id:', [...], false)
 5 APPPATH\Models\Dashboard_m.php(1123): CodeIgniter\Database\BaseBuilder->get()
 6 APPPATH\Views\enquiry\get_more_enquiry_details_view.php(120): App\Models\Dashboard_m->get_employees_by_role(5, '8851')
 7 SYSTEMPATH\View\View.php(234): include('C:\\wamp64\\www\\khm\\app\\Views\\enquiry\\get_more_enquiry_details_view.php')
 8 SYSTEMPATH\View\View.php(237): CodeIgniter\View\View->CodeIgniter\View\{closure}()
 9 SYSTEMPATH\Common.php(1171): CodeIgniter\View\View->render('enquiry/get_more_enquiry_details_view', [], true)
10 APPPATH\Controllers\Enquiry.php(2044): view('enquiry/get_more_enquiry_details_view', [...])
11 SYSTEMPATH\CodeIgniter.php(933): App\Controllers\Enquiry->getMoreEnquiryDetails()
12 SYSTEMPATH\CodeIgniter.php(509): CodeIgniter\CodeIgniter->runController(Object(App\Controllers\Enquiry))
13 SYSTEMPATH\CodeIgniter.php(355): CodeIgniter\CodeIgniter->handleRequest(null, Object(Config\Cache), false)
14 SYSTEMPATH\Boot.php(334): CodeIgniter\CodeIgniter->run()
15 SYSTEMPATH\Boot.php(67): CodeIgniter\Boot::runCodeIgniter(Object(CodeIgniter\CodeIgniter))
16 FCPATH\index.php(56): CodeIgniter\Boot::bootWeb(Object(Config\Paths))
ERROR - 2025-11-28 04:45:39 --> mysqli_sql_exception: Unknown column 'a.is_active' in 'where clause' in C:\wamp64\www\khm\system\Database\MySQLi\Connection.php:312
Stack trace:
#0 C:\wamp64\www\khm\system\Database\MySQLi\Connection.php(312): mysqli->query('SELECT `a`.`ent...', 0)
#1 C:\wamp64\www\khm\system\Database\BaseConnection.php(734): CodeIgniter\Database\MySQLi\Connection->execute('SELECT `a`.`ent...')
#2 C:\wamp64\www\khm\system\Database\BaseConnection.php(648): CodeIgniter\Database\BaseConnection->simpleQuery('SELECT `a`.`ent...')
#3 C:\wamp64\www\khm\system\Database\BaseBuilder.php(1644): CodeIgniter\Database\BaseConnection->query('SELECT `a`.`ent...', Array, false)
#4 C:\wamp64\www\khm\app\Models\Dashboard_m.php(1123): CodeIgniter\Database\BaseBuilder->get()
#5 C:\wamp64\www\khm\app\Views\enquiry\get_more_enquiry_details_view.php(120): App\Models\Dashboard_m->get_employees_by_role(5, '8851')
#6 C:\wamp64\www\khm\system\View\View.php(234): include('C:\\wamp64\\www\\k...')
#7 C:\wamp64\www\khm\system\View\View.php(237): CodeIgniter\View\View->CodeIgniter\View\{closure}()
#8 C:\wamp64\www\khm\system\Common.php(1171): CodeIgniter\View\View->render('enquiry/get_mor...', Array, true)
#9 C:\wamp64\www\khm\app\Controllers\Enquiry.php(2044): view('enquiry/get_mor...', Array)
#10 C:\wamp64\www\khm\system\CodeIgniter.php(933): App\Controllers\Enquiry->getMoreEnquiryDetails()
#11 C:\wamp64\www\khm\system\CodeIgniter.php(509): CodeIgniter\CodeIgniter->runController(Object(App\Controllers\Enquiry))
#12 C:\wamp64\www\khm\system\CodeIgniter.php(355): CodeIgniter\CodeIgniter->handleRequest(NULL, Object(Config\Cache), false)
#13 C:\wamp64\www\khm\system\Boot.php(334): CodeIgniter\CodeIgniter->run()
#14 C:\wamp64\www\khm\system\Boot.php(67): CodeIgniter\Boot::runCodeIgniter(Object(CodeIgniter\CodeIgniter))
#15 C:\wamp64\www\khm\public\index.php(56): CodeIgniter\Boot::bootWeb(Object(Config\Paths))
#16 {main}
CRITICAL - 2025-11-28 04:45:39 --> CodeIgniter\Database\Exceptions\DatabaseException: Unknown column 'a.is_active' in 'where clause'
[Method: POST, Route: Enquiry/getMoreEnquiryDetails]
in SYSTEMPATH\Database\BaseConnection.php on line 688.
 1 SYSTEMPATH\Database\BaseBuilder.php(1644): CodeIgniter\Database\BaseConnection->query('SELECT `a`.`entity_id`, `a`.`entity_name`, `m`.`role_id`, `m`.`team_lead_id`
FROM `khm_entity_mst` `a`
INNER JOIN `khm_sys_usg_mst_entity_role` `m` ON `m`.`entity_id` = `a`.`entity_id`
WHERE `a`.`entity_class_id` = :a.entity_class_id:
AND `a`.`is_active` = :a.is_active:
AND `m`.`role_id` = :m.role_id:
AND `m`.`team_lead_id` = :m.team_lead_id:', [...], false)
 2 APPPATH\Models\Dashboard_m.php(1123): CodeIgniter\Database\BaseBuilder->get()
 3 APPPATH\Views\enquiry\get_more_enquiry_details_view.php(120): App\Models\Dashboard_m->get_employees_by_role(5, '8851')
 4 SYSTEMPATH\View\View.php(234): include('C:\\wamp64\\www\\khm\\app\\Views\\enquiry\\get_more_enquiry_details_view.php')
 5 SYSTEMPATH\View\View.php(237): CodeIgniter\View\View->CodeIgniter\View\{closure}()
 6 SYSTEMPATH\Common.php(1171): CodeIgniter\View\View->render('enquiry/get_more_enquiry_details_view', [], true)
 7 APPPATH\Controllers\Enquiry.php(2044): view('enquiry/get_more_enquiry_details_view', [...])
 8 SYSTEMPATH\CodeIgniter.php(933): App\Controllers\Enquiry->getMoreEnquiryDetails()
 9 SYSTEMPATH\CodeIgniter.php(509): CodeIgniter\CodeIgniter->runController(Object(App\Controllers\Enquiry))
10 SYSTEMPATH\CodeIgniter.php(355): CodeIgniter\CodeIgniter->handleRequest(null, Object(Config\Cache), false)
11 SYSTEMPATH\Boot.php(334): CodeIgniter\CodeIgniter->run()
12 SYSTEMPATH\Boot.php(67): CodeIgniter\Boot::runCodeIgniter(Object(CodeIgniter\CodeIgniter))
13 FCPATH\index.php(56): CodeIgniter\Boot::bootWeb(Object(Config\Paths))
CRITICAL - 2025-11-28 04:45:39 --> [Caused by] CodeIgniter\Database\Exceptions\DatabaseException: Unknown column 'a.is_active' in 'where clause'
in SYSTEMPATH\Database\MySQLi\Connection.php on line 317.
 1 SYSTEMPATH\Database\BaseConnection.php(734): CodeIgniter\Database\MySQLi\Connection->execute('SELECT `a`.`entity_id`, `a`.`entity_name`, `m`.`role_id`, `m`.`team_lead_id`
FROM `khm_entity_mst` `a`
INNER JOIN `khm_sys_usg_mst_entity_role` `m` ON `m`.`entity_id` = `a`.`entity_id`
WHERE `a`.`entity_class_id` = 3
AND `a`.`is_active` = 1
AND `m`.`role_id` = 5
AND `m`.`team_lead_id` = \'8851\'')
 2 SYSTEMPATH\Database\BaseConnection.php(648): CodeIgniter\Database\BaseConnection->simpleQuery('SELECT `a`.`entity_id`, `a`.`entity_name`, `m`.`role_id`, `m`.`team_lead_id`
FROM `khm_entity_mst` `a`
INNER JOIN `khm_sys_usg_mst_entity_role` `m` ON `m`.`entity_id` = `a`.`entity_id`
WHERE `a`.`entity_class_id` = 3
AND `a`.`is_active` = 1
AND `m`.`role_id` = 5
AND `m`.`team_lead_id` = \'8851\'')
 3 SYSTEMPATH\Database\BaseBuilder.php(1644): CodeIgniter\Database\BaseConnection->query('SELECT `a`.`entity_id`, `a`.`entity_name`, `m`.`role_id`, `m`.`team_lead_id`
FROM `khm_entity_mst` `a`
INNER JOIN `khm_sys_usg_mst_entity_role` `m` ON `m`.`entity_id` = `a`.`entity_id`
WHERE `a`.`entity_class_id` = :a.entity_class_id:
AND `a`.`is_active` = :a.is_active:
AND `m`.`role_id` = :m.role_id:
AND `m`.`team_lead_id` = :m.team_lead_id:', [...], false)
 4 APPPATH\Models\Dashboard_m.php(1123): CodeIgniter\Database\BaseBuilder->get()
 5 APPPATH\Views\enquiry\get_more_enquiry_details_view.php(120): App\Models\Dashboard_m->get_employees_by_role(5, '8851')
 6 SYSTEMPATH\View\View.php(234): include('C:\\wamp64\\www\\khm\\app\\Views\\enquiry\\get_more_enquiry_details_view.php')
 7 SYSTEMPATH\View\View.php(237): CodeIgniter\View\View->CodeIgniter\View\{closure}()
 8 SYSTEMPATH\Common.php(1171): CodeIgniter\View\View->render('enquiry/get_more_enquiry_details_view', [], true)
 9 APPPATH\Controllers\Enquiry.php(2044): view('enquiry/get_more_enquiry_details_view', [...])
10 SYSTEMPATH\CodeIgniter.php(933): App\Controllers\Enquiry->getMoreEnquiryDetails()
11 SYSTEMPATH\CodeIgniter.php(509): CodeIgniter\CodeIgniter->runController(Object(App\Controllers\Enquiry))
12 SYSTEMPATH\CodeIgniter.php(355): CodeIgniter\CodeIgniter->handleRequest(null, Object(Config\Cache), false)
13 SYSTEMPATH\Boot.php(334): CodeIgniter\CodeIgniter->run()
14 SYSTEMPATH\Boot.php(67): CodeIgniter\Boot::runCodeIgniter(Object(CodeIgniter\CodeIgniter))
15 FCPATH\index.php(56): CodeIgniter\Boot::bootWeb(Object(Config\Paths))
CRITICAL - 2025-11-28 04:45:39 --> [Caused by] mysqli_sql_exception: Unknown column 'a.is_active' in 'where clause'
in SYSTEMPATH\Database\MySQLi\Connection.php on line 312.
 1 SYSTEMPATH\Database\MySQLi\Connection.php(312): mysqli->query('SELECT `a`.`entity_id`, `a`.`entity_name`, `m`.`role_id`, `m`.`team_lead_id`
FROM `khm_entity_mst` `a`
INNER JOIN `khm_sys_usg_mst_entity_role` `m` ON `m`.`entity_id` = `a`.`entity_id`
WHERE `a`.`entity_class_id` = 3
AND `a`.`is_active` = 1
AND `m`.`role_id` = 5
AND `m`.`team_lead_id` = \'8851\'', 0)
 2 SYSTEMPATH\Database\BaseConnection.php(734): CodeIgniter\Database\MySQLi\Connection->execute('SELECT `a`.`entity_id`, `a`.`entity_name`, `m`.`role_id`, `m`.`team_lead_id`
FROM `khm_entity_mst` `a`
INNER JOIN `khm_sys_usg_mst_entity_role` `m` ON `m`.`entity_id` = `a`.`entity_id`
WHERE `a`.`entity_class_id` = 3
AND `a`.`is_active` = 1
AND `m`.`role_id` = 5
AND `m`.`team_lead_id` = \'8851\'')
 3 SYSTEMPATH\Database\BaseConnection.php(648): CodeIgniter\Database\BaseConnection->simpleQuery('SELECT `a`.`entity_id`, `a`.`entity_name`, `m`.`role_id`, `m`.`team_lead_id`
FROM `khm_entity_mst` `a`
INNER JOIN `khm_sys_usg_mst_entity_role` `m` ON `m`.`entity_id` = `a`.`entity_id`
WHERE `a`.`entity_class_id` = 3
AND `a`.`is_active` = 1
AND `m`.`role_id` = 5
AND `m`.`team_lead_id` = \'8851\'')
 4 SYSTEMPATH\Database\BaseBuilder.php(1644): CodeIgniter\Database\BaseConnection->query('SELECT `a`.`entity_id`, `a`.`entity_name`, `m`.`role_id`, `m`.`team_lead_id`
FROM `khm_entity_mst` `a`
INNER JOIN `khm_sys_usg_mst_entity_role` `m` ON `m`.`entity_id` = `a`.`entity_id`
WHERE `a`.`entity_class_id` = :a.entity_class_id:
AND `a`.`is_active` = :a.is_active:
AND `m`.`role_id` = :m.role_id:
AND `m`.`team_lead_id` = :m.team_lead_id:', [...], false)
 5 APPPATH\Models\Dashboard_m.php(1123): CodeIgniter\Database\BaseBuilder->get()
 6 APPPATH\Views\enquiry\get_more_enquiry_details_view.php(120): App\Models\Dashboard_m->get_employees_by_role(5, '8851')
 7 SYSTEMPATH\View\View.php(234): include('C:\\wamp64\\www\\khm\\app\\Views\\enquiry\\get_more_enquiry_details_view.php')
 8 SYSTEMPATH\View\View.php(237): CodeIgniter\View\View->CodeIgniter\View\{closure}()
 9 SYSTEMPATH\Common.php(1171): CodeIgniter\View\View->render('enquiry/get_more_enquiry_details_view', [], true)
10 APPPATH\Controllers\Enquiry.php(2044): view('enquiry/get_more_enquiry_details_view', [...])
11 SYSTEMPATH\CodeIgniter.php(933): App\Controllers\Enquiry->getMoreEnquiryDetails()
12 SYSTEMPATH\CodeIgniter.php(509): CodeIgniter\CodeIgniter->runController(Object(App\Controllers\Enquiry))
13 SYSTEMPATH\CodeIgniter.php(355): CodeIgniter\CodeIgniter->handleRequest(null, Object(Config\Cache), false)
14 SYSTEMPATH\Boot.php(334): CodeIgniter\CodeIgniter->run()
15 SYSTEMPATH\Boot.php(67): CodeIgniter\Boot::runCodeIgniter(Object(CodeIgniter\CodeIgniter))
16 FCPATH\index.php(56): CodeIgniter\Boot::bootWeb(Object(Config\Paths))
ERROR - 2025-11-28 04:46:36 --> mysqli_sql_exception: Unknown column 'a.is_active' in 'where clause' in C:\wamp64\www\khm\system\Database\MySQLi\Connection.php:312
Stack trace:
#0 C:\wamp64\www\khm\system\Database\MySQLi\Connection.php(312): mysqli->query('SELECT `a`.`ent...', 0)
#1 C:\wamp64\www\khm\system\Database\BaseConnection.php(734): CodeIgniter\Database\MySQLi\Connection->execute('SELECT `a`.`ent...')
#2 C:\wamp64\www\khm\system\Database\BaseConnection.php(648): CodeIgniter\Database\BaseConnection->simpleQuery('SELECT `a`.`ent...')
#3 C:\wamp64\www\khm\system\Database\BaseBuilder.php(1644): CodeIgniter\Database\BaseConnection->query('SELECT `a`.`ent...', Array, false)
#4 C:\wamp64\www\khm\app\Models\Dashboard_m.php(1123): CodeIgniter\Database\BaseBuilder->get()
#5 C:\wamp64\www\khm\app\Views\enquiry\get_more_enquiry_details_view.php(120): App\Models\Dashboard_m->get_employees_by_role(5, '8851')
#6 C:\wamp64\www\khm\system\View\View.php(234): include('C:\\wamp64\\www\\k...')
#7 C:\wamp64\www\khm\system\View\View.php(237): CodeIgniter\View\View->CodeIgniter\View\{closure}()
#8 C:\wamp64\www\khm\system\Common.php(1171): CodeIgniter\View\View->render('enquiry/get_mor...', Array, true)
#9 C:\wamp64\www\khm\app\Controllers\Enquiry.php(2044): view('enquiry/get_mor...', Array)
#10 C:\wamp64\www\khm\system\CodeIgniter.php(933): App\Controllers\Enquiry->getMoreEnquiryDetails()
#11 C:\wamp64\www\khm\system\CodeIgniter.php(509): CodeIgniter\CodeIgniter->runController(Object(App\Controllers\Enquiry))
#12 C:\wamp64\www\khm\system\CodeIgniter.php(355): CodeIgniter\CodeIgniter->handleRequest(NULL, Object(Config\Cache), false)
#13 C:\wamp64\www\khm\system\Boot.php(334): CodeIgniter\CodeIgniter->run()
#14 C:\wamp64\www\khm\system\Boot.php(67): CodeIgniter\Boot::runCodeIgniter(Object(CodeIgniter\CodeIgniter))
#15 C:\wamp64\www\khm\public\index.php(56): CodeIgniter\Boot::bootWeb(Object(Config\Paths))
#16 {main}
CRITICAL - 2025-11-28 04:46:36 --> CodeIgniter\Database\Exceptions\DatabaseException: Unknown column 'a.is_active' in 'where clause'
[Method: POST, Route: Enquiry/getMoreEnquiryDetails]
in SYSTEMPATH\Database\BaseConnection.php on line 688.
 1 SYSTEMPATH\Database\BaseBuilder.php(1644): CodeIgniter\Database\BaseConnection->query('SELECT `a`.`entity_id`, `a`.`entity_name`, `m`.`role_id`, `m`.`team_lead_id`
FROM `khm_entity_mst` `a`
INNER JOIN `khm_sys_usg_mst_entity_role` `m` ON `m`.`entity_id` = `a`.`entity_id`
WHERE `a`.`entity_class_id` = :a.entity_class_id:
AND `a`.`is_active` = :a.is_active:
AND `m`.`role_id` = :m.role_id:
AND `m`.`team_lead_id` = :m.team_lead_id:', [...], false)
 2 APPPATH\Models\Dashboard_m.php(1123): CodeIgniter\Database\BaseBuilder->get()
 3 APPPATH\Views\enquiry\get_more_enquiry_details_view.php(120): App\Models\Dashboard_m->get_employees_by_role(5, '8851')
 4 SYSTEMPATH\View\View.php(234): include('C:\\wamp64\\www\\khm\\app\\Views\\enquiry\\get_more_enquiry_details_view.php')
 5 SYSTEMPATH\View\View.php(237): CodeIgniter\View\View->CodeIgniter\View\{closure}()
 6 SYSTEMPATH\Common.php(1171): CodeIgniter\View\View->render('enquiry/get_more_enquiry_details_view', [], true)
 7 APPPATH\Controllers\Enquiry.php(2044): view('enquiry/get_more_enquiry_details_view', [...])
 8 SYSTEMPATH\CodeIgniter.php(933): App\Controllers\Enquiry->getMoreEnquiryDetails()
 9 SYSTEMPATH\CodeIgniter.php(509): CodeIgniter\CodeIgniter->runController(Object(App\Controllers\Enquiry))
10 SYSTEMPATH\CodeIgniter.php(355): CodeIgniter\CodeIgniter->handleRequest(null, Object(Config\Cache), false)
11 SYSTEMPATH\Boot.php(334): CodeIgniter\CodeIgniter->run()
12 SYSTEMPATH\Boot.php(67): CodeIgniter\Boot::runCodeIgniter(Object(CodeIgniter\CodeIgniter))
13 FCPATH\index.php(56): CodeIgniter\Boot::bootWeb(Object(Config\Paths))
CRITICAL - 2025-11-28 04:46:36 --> [Caused by] CodeIgniter\Database\Exceptions\DatabaseException: Unknown column 'a.is_active' in 'where clause'
in SYSTEMPATH\Database\MySQLi\Connection.php on line 317.
 1 SYSTEMPATH\Database\BaseConnection.php(734): CodeIgniter\Database\MySQLi\Connection->execute('SELECT `a`.`entity_id`, `a`.`entity_name`, `m`.`role_id`, `m`.`team_lead_id`
FROM `khm_entity_mst` `a`
INNER JOIN `khm_sys_usg_mst_entity_role` `m` ON `m`.`entity_id` = `a`.`entity_id`
WHERE `a`.`entity_class_id` = 3
AND `a`.`is_active` = 1
AND `m`.`role_id` = 5
AND `m`.`team_lead_id` = \'8851\'')
 2 SYSTEMPATH\Database\BaseConnection.php(648): CodeIgniter\Database\BaseConnection->simpleQuery('SELECT `a`.`entity_id`, `a`.`entity_name`, `m`.`role_id`, `m`.`team_lead_id`
FROM `khm_entity_mst` `a`
INNER JOIN `khm_sys_usg_mst_entity_role` `m` ON `m`.`entity_id` = `a`.`entity_id`
WHERE `a`.`entity_class_id` = 3
AND `a`.`is_active` = 1
AND `m`.`role_id` = 5
AND `m`.`team_lead_id` = \'8851\'')
 3 SYSTEMPATH\Database\BaseBuilder.php(1644): CodeIgniter\Database\BaseConnection->query('SELECT `a`.`entity_id`, `a`.`entity_name`, `m`.`role_id`, `m`.`team_lead_id`
FROM `khm_entity_mst` `a`
INNER JOIN `khm_sys_usg_mst_entity_role` `m` ON `m`.`entity_id` = `a`.`entity_id`
WHERE `a`.`entity_class_id` = :a.entity_class_id:
AND `a`.`is_active` = :a.is_active:
AND `m`.`role_id` = :m.role_id:
AND `m`.`team_lead_id` = :m.team_lead_id:', [...], false)
 4 APPPATH\Models\Dashboard_m.php(1123): CodeIgniter\Database\BaseBuilder->get()
 5 APPPATH\Views\enquiry\get_more_enquiry_details_view.php(120): App\Models\Dashboard_m->get_employees_by_role(5, '8851')
 6 SYSTEMPATH\View\View.php(234): include('C:\\wamp64\\www\\khm\\app\\Views\\enquiry\\get_more_enquiry_details_view.php')
 7 SYSTEMPATH\View\View.php(237): CodeIgniter\View\View->CodeIgniter\View\{closure}()
 8 SYSTEMPATH\Common.php(1171): CodeIgniter\View\View->render('enquiry/get_more_enquiry_details_view', [], true)
 9 APPPATH\Controllers\Enquiry.php(2044): view('enquiry/get_more_enquiry_details_view', [...])
10 SYSTEMPATH\CodeIgniter.php(933): App\Controllers\Enquiry->getMoreEnquiryDetails()
11 SYSTEMPATH\CodeIgniter.php(509): CodeIgniter\CodeIgniter->runController(Object(App\Controllers\Enquiry))
12 SYSTEMPATH\CodeIgniter.php(355): CodeIgniter\CodeIgniter->handleRequest(null, Object(Config\Cache), false)
13 SYSTEMPATH\Boot.php(334): CodeIgniter\CodeIgniter->run()
14 SYSTEMPATH\Boot.php(67): CodeIgniter\Boot::runCodeIgniter(Object(CodeIgniter\CodeIgniter))
15 FCPATH\index.php(56): CodeIgniter\Boot::bootWeb(Object(Config\Paths))
CRITICAL - 2025-11-28 04:46:36 --> [Caused by] mysqli_sql_exception: Unknown column 'a.is_active' in 'where clause'
in SYSTEMPATH\Database\MySQLi\Connection.php on line 312.
 1 SYSTEMPATH\Database\MySQLi\Connection.php(312): mysqli->query('SELECT `a`.`entity_id`, `a`.`entity_name`, `m`.`role_id`, `m`.`team_lead_id`
FROM `khm_entity_mst` `a`
INNER JOIN `khm_sys_usg_mst_entity_role` `m` ON `m`.`entity_id` = `a`.`entity_id`
WHERE `a`.`entity_class_id` = 3
AND `a`.`is_active` = 1
AND `m`.`role_id` = 5
AND `m`.`team_lead_id` = \'8851\'', 0)
 2 SYSTEMPATH\Database\BaseConnection.php(734): CodeIgniter\Database\MySQLi\Connection->execute('SELECT `a`.`entity_id`, `a`.`entity_name`, `m`.`role_id`, `m`.`team_lead_id`
FROM `khm_entity_mst` `a`
INNER JOIN `khm_sys_usg_mst_entity_role` `m` ON `m`.`entity_id` = `a`.`entity_id`
WHERE `a`.`entity_class_id` = 3
AND `a`.`is_active` = 1
AND `m`.`role_id` = 5
AND `m`.`team_lead_id` = \'8851\'')
 3 SYSTEMPATH\Database\BaseConnection.php(648): CodeIgniter\Database\BaseConnection->simpleQuery('SELECT `a`.`entity_id`, `a`.`entity_name`, `m`.`role_id`, `m`.`team_lead_id`
FROM `khm_entity_mst` `a`
INNER JOIN `khm_sys_usg_mst_entity_role` `m` ON `m`.`entity_id` = `a`.`entity_id`
WHERE `a`.`entity_class_id` = 3
AND `a`.`is_active` = 1
AND `m`.`role_id` = 5
AND `m`.`team_lead_id` = \'8851\'')
 4 SYSTEMPATH\Database\BaseBuilder.php(1644): CodeIgniter\Database\BaseConnection->query('SELECT `a`.`entity_id`, `a`.`entity_name`, `m`.`role_id`, `m`.`team_lead_id`
FROM `khm_entity_mst` `a`
INNER JOIN `khm_sys_usg_mst_entity_role` `m` ON `m`.`entity_id` = `a`.`entity_id`
WHERE `a`.`entity_class_id` = :a.entity_class_id:
AND `a`.`is_active` = :a.is_active:
AND `m`.`role_id` = :m.role_id:
AND `m`.`team_lead_id` = :m.team_lead_id:', [...], false)
 5 APPPATH\Models\Dashboard_m.php(1123): CodeIgniter\Database\BaseBuilder->get()
 6 APPPATH\Views\enquiry\get_more_enquiry_details_view.php(120): App\Models\Dashboard_m->get_employees_by_role(5, '8851')
 7 SYSTEMPATH\View\View.php(234): include('C:\\wamp64\\www\\khm\\app\\Views\\enquiry\\get_more_enquiry_details_view.php')
 8 SYSTEMPATH\View\View.php(237): CodeIgniter\View\View->CodeIgniter\View\{closure}()
 9 SYSTEMPATH\Common.php(1171): CodeIgniter\View\View->render('enquiry/get_more_enquiry_details_view', [], true)
10 APPPATH\Controllers\Enquiry.php(2044): view('enquiry/get_more_enquiry_details_view', [...])
11 SYSTEMPATH\CodeIgniter.php(933): App\Controllers\Enquiry->getMoreEnquiryDetails()
12 SYSTEMPATH\CodeIgniter.php(509): CodeIgniter\CodeIgniter->runController(Object(App\Controllers\Enquiry))
13 SYSTEMPATH\CodeIgniter.php(355): CodeIgniter\CodeIgniter->handleRequest(null, Object(Config\Cache), false)
14 SYSTEMPATH\Boot.php(334): CodeIgniter\CodeIgniter->run()
15 SYSTEMPATH\Boot.php(67): CodeIgniter\Boot::runCodeIgniter(Object(CodeIgniter\CodeIgniter))
16 FCPATH\index.php(56): CodeIgniter\Boot::bootWeb(Object(Config\Paths))
ERROR - 2025-11-28 04:47:22 --> mysqli_sql_exception: Unknown column 'is_active' in 'where clause' in C:\wamp64\www\khm\system\Database\MySQLi\Connection.php:312
Stack trace:
#0 C:\wamp64\www\khm\system\Database\MySQLi\Connection.php(312): mysqli->query('SELECT `entity_...', 0)
#1 C:\wamp64\www\khm\system\Database\BaseConnection.php(734): CodeIgniter\Database\MySQLi\Connection->execute('SELECT `entity_...')
#2 C:\wamp64\www\khm\system\Database\BaseConnection.php(648): CodeIgniter\Database\BaseConnection->simpleQuery('SELECT `entity_...')
#3 C:\wamp64\www\khm\system\Database\BaseBuilder.php(1644): CodeIgniter\Database\BaseConnection->query('SELECT `entity_...', Array, false)
#4 C:\wamp64\www\khm\app\Models\Dashboard_m.php(1142): CodeIgniter\Database\BaseBuilder->get()
#5 C:\wamp64\www\khm\app\Views\enquiry\get_more_enquiry_details_view.php(120): App\Models\Dashboard_m->get_employees_by_role(5, '8851')
#6 C:\wamp64\www\khm\system\View\View.php(234): include('C:\\wamp64\\www\\k...')
#7 C:\wamp64\www\khm\system\View\View.php(237): CodeIgniter\View\View->CodeIgniter\View\{closure}()
#8 C:\wamp64\www\khm\system\Common.php(1171): CodeIgniter\View\View->render('enquiry/get_mor...', Array, true)
#9 C:\wamp64\www\khm\app\Controllers\Enquiry.php(2044): view('enquiry/get_mor...', Array)
#10 C:\wamp64\www\khm\system\CodeIgniter.php(933): App\Controllers\Enquiry->getMoreEnquiryDetails()
#11 C:\wamp64\www\khm\system\CodeIgniter.php(509): CodeIgniter\CodeIgniter->runController(Object(App\Controllers\Enquiry))
#12 C:\wamp64\www\khm\system\CodeIgniter.php(355): CodeIgniter\CodeIgniter->handleRequest(NULL, Object(Config\Cache), false)
#13 C:\wamp64\www\khm\system\Boot.php(334): CodeIgniter\CodeIgniter->run()
#14 C:\wamp64\www\khm\system\Boot.php(67): CodeIgniter\Boot::runCodeIgniter(Object(CodeIgniter\CodeIgniter))
#15 C:\wamp64\www\khm\public\index.php(56): CodeIgniter\Boot::bootWeb(Object(Config\Paths))
#16 {main}
CRITICAL - 2025-11-28 04:47:22 --> CodeIgniter\Database\Exceptions\DatabaseException: Unknown column 'is_active' in 'where clause'
[Method: POST, Route: Enquiry/getMoreEnquiryDetails]
in SYSTEMPATH\Database\BaseConnection.php on line 688.
 1 SYSTEMPATH\Database\BaseBuilder.php(1644): CodeIgniter\Database\BaseConnection->query('SELECT `entity_id`, `entity_name`
FROM `khm_entity_mst`
WHERE `entity_id` = :entity_id:
AND `is_active` = :is_active:', [...], false)
 2 APPPATH\Models\Dashboard_m.php(1142): CodeIgniter\Database\BaseBuilder->get()
 3 APPPATH\Views\enquiry\get_more_enquiry_details_view.php(120): App\Models\Dashboard_m->get_employees_by_role(5, '8851')
 4 SYSTEMPATH\View\View.php(234): include('C:\\wamp64\\www\\khm\\app\\Views\\enquiry\\get_more_enquiry_details_view.php')
 5 SYSTEMPATH\View\View.php(237): CodeIgniter\View\View->CodeIgniter\View\{closure}()
 6 SYSTEMPATH\Common.php(1171): CodeIgniter\View\View->render('enquiry/get_more_enquiry_details_view', [], true)
 7 APPPATH\Controllers\Enquiry.php(2044): view('enquiry/get_more_enquiry_details_view', [...])
 8 SYSTEMPATH\CodeIgniter.php(933): App\Controllers\Enquiry->getMoreEnquiryDetails()
 9 SYSTEMPATH\CodeIgniter.php(509): CodeIgniter\CodeIgniter->runController(Object(App\Controllers\Enquiry))
10 SYSTEMPATH\CodeIgniter.php(355): CodeIgniter\CodeIgniter->handleRequest(null, Object(Config\Cache), false)
11 SYSTEMPATH\Boot.php(334): CodeIgniter\CodeIgniter->run()
12 SYSTEMPATH\Boot.php(67): CodeIgniter\Boot::runCodeIgniter(Object(CodeIgniter\CodeIgniter))
13 FCPATH\index.php(56): CodeIgniter\Boot::bootWeb(Object(Config\Paths))
CRITICAL - 2025-11-28 04:47:22 --> [Caused by] CodeIgniter\Database\Exceptions\DatabaseException: Unknown column 'is_active' in 'where clause'
in SYSTEMPATH\Database\MySQLi\Connection.php on line 317.
 1 SYSTEMPATH\Database\BaseConnection.php(734): CodeIgniter\Database\MySQLi\Connection->execute('SELECT `entity_id`, `entity_name`
FROM `khm_entity_mst`
WHERE `entity_id` = \'8851\'
AND `is_active` = 1')
 2 SYSTEMPATH\Database\BaseConnection.php(648): CodeIgniter\Database\BaseConnection->simpleQuery('SELECT `entity_id`, `entity_name`
FROM `khm_entity_mst`
WHERE `entity_id` = \'8851\'
AND `is_active` = 1')
 3 SYSTEMPATH\Database\BaseBuilder.php(1644): CodeIgniter\Database\BaseConnection->query('SELECT `entity_id`, `entity_name`
FROM `khm_entity_mst`
WHERE `entity_id` = :entity_id:
AND `is_active` = :is_active:', [...], false)
 4 APPPATH\Models\Dashboard_m.php(1142): CodeIgniter\Database\BaseBuilder->get()
 5 APPPATH\Views\enquiry\get_more_enquiry_details_view.php(120): App\Models\Dashboard_m->get_employees_by_role(5, '8851')
 6 SYSTEMPATH\View\View.php(234): include('C:\\wamp64\\www\\khm\\app\\Views\\enquiry\\get_more_enquiry_details_view.php')
 7 SYSTEMPATH\View\View.php(237): CodeIgniter\View\View->CodeIgniter\View\{closure}()
 8 SYSTEMPATH\Common.php(1171): CodeIgniter\View\View->render('enquiry/get_more_enquiry_details_view', [], true)
 9 APPPATH\Controllers\Enquiry.php(2044): view('enquiry/get_more_enquiry_details_view', [...])
10 SYSTEMPATH\CodeIgniter.php(933): App\Controllers\Enquiry->getMoreEnquiryDetails()
11 SYSTEMPATH\CodeIgniter.php(509): CodeIgniter\CodeIgniter->runController(Object(App\Controllers\Enquiry))
12 SYSTEMPATH\CodeIgniter.php(355): CodeIgniter\CodeIgniter->handleRequest(null, Object(Config\Cache), false)
13 SYSTEMPATH\Boot.php(334): CodeIgniter\CodeIgniter->run()
14 SYSTEMPATH\Boot.php(67): CodeIgniter\Boot::runCodeIgniter(Object(CodeIgniter\CodeIgniter))
15 FCPATH\index.php(56): CodeIgniter\Boot::bootWeb(Object(Config\Paths))
CRITICAL - 2025-11-28 04:47:22 --> [Caused by] mysqli_sql_exception: Unknown column 'is_active' in 'where clause'
in SYSTEMPATH\Database\MySQLi\Connection.php on line 312.
 1 SYSTEMPATH\Database\MySQLi\Connection.php(312): mysqli->query('SELECT `entity_id`, `entity_name`
FROM `khm_entity_mst`
WHERE `entity_id` = \'8851\'
AND `is_active` = 1', 0)
 2 SYSTEMPATH\Database\BaseConnection.php(734): CodeIgniter\Database\MySQLi\Connection->execute('SELECT `entity_id`, `entity_name`
FROM `khm_entity_mst`
WHERE `entity_id` = \'8851\'
AND `is_active` = 1')
 3 SYSTEMPATH\Database\BaseConnection.php(648): CodeIgniter\Database\BaseConnection->simpleQuery('SELECT `entity_id`, `entity_name`
FROM `khm_entity_mst`
WHERE `entity_id` = \'8851\'
AND `is_active` = 1')
 4 SYSTEMPATH\Database\BaseBuilder.php(1644): CodeIgniter\Database\BaseConnection->query('SELECT `entity_id`, `entity_name`
FROM `khm_entity_mst`
WHERE `entity_id` = :entity_id:
AND `is_active` = :is_active:', [...], false)
 5 APPPATH\Models\Dashboard_m.php(1142): CodeIgniter\Database\BaseBuilder->get()
 6 APPPATH\Views\enquiry\get_more_enquiry_details_view.php(120): App\Models\Dashboard_m->get_employees_by_role(5, '8851')
 7 SYSTEMPATH\View\View.php(234): include('C:\\wamp64\\www\\khm\\app\\Views\\enquiry\\get_more_enquiry_details_view.php')
 8 SYSTEMPATH\View\View.php(237): CodeIgniter\View\View->CodeIgniter\View\{closure}()
 9 SYSTEMPATH\Common.php(1171): CodeIgniter\View\View->render('enquiry/get_more_enquiry_details_view', [], true)
10 APPPATH\Controllers\Enquiry.php(2044): view('enquiry/get_more_enquiry_details_view', [...])
11 SYSTEMPATH\CodeIgniter.php(933): App\Controllers\Enquiry->getMoreEnquiryDetails()
12 SYSTEMPATH\CodeIgniter.php(509): CodeIgniter\CodeIgniter->runController(Object(App\Controllers\Enquiry))
13 SYSTEMPATH\CodeIgniter.php(355): CodeIgniter\CodeIgniter->handleRequest(null, Object(Config\Cache), false)
14 SYSTEMPATH\Boot.php(334): CodeIgniter\CodeIgniter->run()
15 SYSTEMPATH\Boot.php(67): CodeIgniter\Boot::runCodeIgniter(Object(CodeIgniter\CodeIgniter))
16 FCPATH\index.php(56): CodeIgniter\Boot::bootWeb(Object(Config\Paths))
CRITICAL - 2025-11-28 05:35:43 --> ParseError: syntax error, unexpected token "public"
[Method: GET, Route: Enquiry/enquiry_list_view/10]
in APPPATH\Models\Enquiry_m.php on line 959.
 1 SYSTEMPATH\Autoloader\Autoloader.php(295): CodeIgniter\Autoloader\Autoloader->includeFile('C:\\wamp64\\www\\khm\\app\\Models\\Enquiry_m.php')
 2 SYSTEMPATH\Autoloader\Autoloader.php(271): CodeIgniter\Autoloader\Autoloader->loadInNamespace('App\\Models\\Enquiry_m')
 3 APPPATH\Controllers\Enquiry.php(18): CodeIgniter\Autoloader\Autoloader->loadClass('App\\Models\\Enquiry_m')
 4 SYSTEMPATH\CodeIgniter.php(933): App\Controllers\Enquiry->enquiry_list_view('10')
 5 SYSTEMPATH\CodeIgniter.php(509): CodeIgniter\CodeIgniter->runController(Object(App\Controllers\Enquiry))
 6 SYSTEMPATH\CodeIgniter.php(355): CodeIgniter\CodeIgniter->handleRequest(null, Object(Config\Cache), false)
 7 SYSTEMPATH\Boot.php(334): CodeIgniter\CodeIgniter->run()
 8 SYSTEMPATH\Boot.php(67): CodeIgniter\Boot::runCodeIgniter(Object(CodeIgniter\CodeIgniter))
 9 FCPATH\index.php(56): CodeIgniter\Boot::bootWeb(Object(Config\Paths))
CRITICAL - 2025-11-28 05:35:47 --> ParseError: syntax error, unexpected token "public"
[Method: GET, Route: Enquiry/enquiry_list_view/10]
in APPPATH\Models\Enquiry_m.php on line 959.
 1 SYSTEMPATH\Autoloader\Autoloader.php(295): CodeIgniter\Autoloader\Autoloader->includeFile('C:\\wamp64\\www\\khm\\app\\Models\\Enquiry_m.php')
 2 SYSTEMPATH\Autoloader\Autoloader.php(271): CodeIgniter\Autoloader\Autoloader->loadInNamespace('App\\Models\\Enquiry_m')
 3 APPPATH\Controllers\Enquiry.php(18): CodeIgniter\Autoloader\Autoloader->loadClass('App\\Models\\Enquiry_m')
 4 SYSTEMPATH\CodeIgniter.php(933): App\Controllers\Enquiry->enquiry_list_view('10')
 5 SYSTEMPATH\CodeIgniter.php(509): CodeIgniter\CodeIgniter->runController(Object(App\Controllers\Enquiry))
 6 SYSTEMPATH\CodeIgniter.php(355): CodeIgniter\CodeIgniter->handleRequest(null, Object(Config\Cache), false)
 7 SYSTEMPATH\Boot.php(334): CodeIgniter\CodeIgniter->run()
 8 SYSTEMPATH\Boot.php(67): CodeIgniter\Boot::runCodeIgniter(Object(CodeIgniter\CodeIgniter))
 9 FCPATH\index.php(56): CodeIgniter\Boot::bootWeb(Object(Config\Paths))
CRITICAL - 2025-11-28 05:35:48 --> ParseError: syntax error, unexpected token "public"
[Method: GET, Route: Enquiry/itinerary/2815/0]
in APPPATH\Models\Enquiry_m.php on line 959.
 1 SYSTEMPATH\Autoloader\Autoloader.php(295): CodeIgniter\Autoloader\Autoloader->includeFile('C:\\wamp64\\www\\khm\\app\\Models\\Enquiry_m.php')
 2 SYSTEMPATH\Autoloader\Autoloader.php(271): CodeIgniter\Autoloader\Autoloader->loadInNamespace('App\\Models\\Enquiry_m')
 3 APPPATH\Controllers\Enquiry.php(6036): CodeIgniter\Autoloader\Autoloader->loadClass('App\\Models\\Enquiry_m')
 4 SYSTEMPATH\CodeIgniter.php(933): App\Controllers\Enquiry->itinerary('2815', '0')
 5 SYSTEMPATH\CodeIgniter.php(509): CodeIgniter\CodeIgniter->runController(Object(App\Controllers\Enquiry))
 6 SYSTEMPATH\CodeIgniter.php(355): CodeIgniter\CodeIgniter->handleRequest(null, Object(Config\Cache), false)
 7 SYSTEMPATH\Boot.php(334): CodeIgniter\CodeIgniter->run()
 8 SYSTEMPATH\Boot.php(67): CodeIgniter\Boot::runCodeIgniter(Object(CodeIgniter\CodeIgniter))
 9 FCPATH\index.php(56): CodeIgniter\Boot::bootWeb(Object(Config\Paths))
CRITICAL - 2025-11-28 05:35:49 --> ParseError: syntax error, unexpected token "public"
[Method: GET, Route: Enquiry/tour_plan/2815]
in APPPATH\Models\Enquiry_m.php on line 959.
 1 SYSTEMPATH\Autoloader\Autoloader.php(295): CodeIgniter\Autoloader\Autoloader->includeFile('C:\\wamp64\\www\\khm\\app\\Models\\Enquiry_m.php')
 2 SYSTEMPATH\Autoloader\Autoloader.php(271): CodeIgniter\Autoloader\Autoloader->loadInNamespace('App\\Models\\Enquiry_m')
 3 APPPATH\Controllers\Enquiry.php(2433): CodeIgniter\Autoloader\Autoloader->loadClass('App\\Models\\Enquiry_m')
 4 SYSTEMPATH\CodeIgniter.php(933): App\Controllers\Enquiry->tour_plan('2815')
 5 SYSTEMPATH\CodeIgniter.php(509): CodeIgniter\CodeIgniter->runController(Object(App\Controllers\Enquiry))
 6 SYSTEMPATH\CodeIgniter.php(355): CodeIgniter\CodeIgniter->handleRequest(null, Object(Config\Cache), false)
 7 SYSTEMPATH\Boot.php(334): CodeIgniter\CodeIgniter->run()
 8 SYSTEMPATH\Boot.php(67): CodeIgniter\Boot::runCodeIgniter(Object(CodeIgniter\CodeIgniter))
 9 FCPATH\index.php(56): CodeIgniter\Boot::bootWeb(Object(Config\Paths))
CRITICAL - 2025-11-28 05:35:50 --> ParseError: syntax error, unexpected token "public"
[Method: GET, Route: Enquiry/tour_plan/2815/439]
in APPPATH\Models\Enquiry_m.php on line 959.
 1 SYSTEMPATH\Autoloader\Autoloader.php(295): CodeIgniter\Autoloader\Autoloader->includeFile('C:\\wamp64\\www\\khm\\app\\Models\\Enquiry_m.php')
 2 SYSTEMPATH\Autoloader\Autoloader.php(271): CodeIgniter\Autoloader\Autoloader->loadInNamespace('App\\Models\\Enquiry_m')
 3 APPPATH\Controllers\Enquiry.php(2433): CodeIgniter\Autoloader\Autoloader->loadClass('App\\Models\\Enquiry_m')
 4 SYSTEMPATH\CodeIgniter.php(933): App\Controllers\Enquiry->tour_plan('2815', '439')
 5 SYSTEMPATH\CodeIgniter.php(509): CodeIgniter\CodeIgniter->runController(Object(App\Controllers\Enquiry))
 6 SYSTEMPATH\CodeIgniter.php(355): CodeIgniter\CodeIgniter->handleRequest(null, Object(Config\Cache), false)
 7 SYSTEMPATH\Boot.php(334): CodeIgniter\CodeIgniter->run()
 8 SYSTEMPATH\Boot.php(67): CodeIgniter\Boot::runCodeIgniter(Object(CodeIgniter\CodeIgniter))
 9 FCPATH\index.php(56): CodeIgniter\Boot::bootWeb(Object(Config\Paths))
CRITICAL - 2025-11-28 05:35:51 --> ParseError: syntax error, unexpected token "public"
[Method: GET, Route: Enquiry/enquiry_list_view/10]
in APPPATH\Models\Enquiry_m.php on line 959.
 1 SYSTEMPATH\Autoloader\Autoloader.php(295): CodeIgniter\Autoloader\Autoloader->includeFile('C:\\wamp64\\www\\khm\\app\\Models\\Enquiry_m.php')
 2 SYSTEMPATH\Autoloader\Autoloader.php(271): CodeIgniter\Autoloader\Autoloader->loadInNamespace('App\\Models\\Enquiry_m')
 3 APPPATH\Controllers\Enquiry.php(18): CodeIgniter\Autoloader\Autoloader->loadClass('App\\Models\\Enquiry_m')
 4 SYSTEMPATH\CodeIgniter.php(933): App\Controllers\Enquiry->enquiry_list_view('10')
 5 SYSTEMPATH\CodeIgniter.php(509): CodeIgniter\CodeIgniter->runController(Object(App\Controllers\Enquiry))
 6 SYSTEMPATH\CodeIgniter.php(355): CodeIgniter\CodeIgniter->handleRequest(null, Object(Config\Cache), false)
 7 SYSTEMPATH\Boot.php(334): CodeIgniter\CodeIgniter->run()
 8 SYSTEMPATH\Boot.php(67): CodeIgniter\Boot::runCodeIgniter(Object(CodeIgniter\CodeIgniter))
 9 FCPATH\index.php(56): CodeIgniter\Boot::bootWeb(Object(Config\Paths))
CRITICAL - 2025-11-28 05:35:54 --> ParseError: syntax error, unexpected token "public"
[Method: GET, Route: Enquiry/enquiry_list_view/10]
in APPPATH\Models\Enquiry_m.php on line 959.
 1 SYSTEMPATH\Autoloader\Autoloader.php(295): CodeIgniter\Autoloader\Autoloader->includeFile('C:\\wamp64\\www\\khm\\app\\Models\\Enquiry_m.php')
 2 SYSTEMPATH\Autoloader\Autoloader.php(271): CodeIgniter\Autoloader\Autoloader->loadInNamespace('App\\Models\\Enquiry_m')
 3 APPPATH\Controllers\Enquiry.php(18): CodeIgniter\Autoloader\Autoloader->loadClass('App\\Models\\Enquiry_m')
 4 SYSTEMPATH\CodeIgniter.php(933): App\Controllers\Enquiry->enquiry_list_view('10')
 5 SYSTEMPATH\CodeIgniter.php(509): CodeIgniter\CodeIgniter->runController(Object(App\Controllers\Enquiry))
 6 SYSTEMPATH\CodeIgniter.php(355): CodeIgniter\CodeIgniter->handleRequest(null, Object(Config\Cache), false)
 7 SYSTEMPATH\Boot.php(334): CodeIgniter\CodeIgniter->run()
 8 SYSTEMPATH\Boot.php(67): CodeIgniter\Boot::runCodeIgniter(Object(CodeIgniter\CodeIgniter))
 9 FCPATH\index.php(56): CodeIgniter\Boot::bootWeb(Object(Config\Paths))
CRITICAL - 2025-11-28 05:36:07 --> ParseError: syntax error, unexpected token "public"
[Method: GET, Route: Enquiry/enquiry_list_view/10]
in APPPATH\Models\Enquiry_m.php on line 959.
 1 SYSTEMPATH\Autoloader\Autoloader.php(295): CodeIgniter\Autoloader\Autoloader->includeFile('C:\\wamp64\\www\\khm\\app\\Models\\Enquiry_m.php')
 2 SYSTEMPATH\Autoloader\Autoloader.php(271): CodeIgniter\Autoloader\Autoloader->loadInNamespace('App\\Models\\Enquiry_m')
 3 APPPATH\Controllers\Enquiry.php(18): CodeIgniter\Autoloader\Autoloader->loadClass('App\\Models\\Enquiry_m')
 4 SYSTEMPATH\CodeIgniter.php(933): App\Controllers\Enquiry->enquiry_list_view('10')
 5 SYSTEMPATH\CodeIgniter.php(509): CodeIgniter\CodeIgniter->runController(Object(App\Controllers\Enquiry))
 6 SYSTEMPATH\CodeIgniter.php(355): CodeIgniter\CodeIgniter->handleRequest(null, Object(Config\Cache), false)
 7 SYSTEMPATH\Boot.php(334): CodeIgniter\CodeIgniter->run()
 8 SYSTEMPATH\Boot.php(67): CodeIgniter\Boot::runCodeIgniter(Object(CodeIgniter\CodeIgniter))
 9 FCPATH\index.php(56): CodeIgniter\Boot::bootWeb(Object(Config\Paths))
CRITICAL - 2025-11-28 05:40:32 --> ParseError: syntax error, unexpected token "public"
[Method: GET, Route: Enquiry/itinerary/2815/0]
in APPPATH\Models\Enquiry_m.php on line 959.
 1 SYSTEMPATH\Autoloader\Autoloader.php(295): CodeIgniter\Autoloader\Autoloader->includeFile('C:\\wamp64\\www\\khm\\app\\Models\\Enquiry_m.php')
 2 SYSTEMPATH\Autoloader\Autoloader.php(271): CodeIgniter\Autoloader\Autoloader->loadInNamespace('App\\Models\\Enquiry_m')
 3 APPPATH\Controllers\Enquiry.php(6036): CodeIgniter\Autoloader\Autoloader->loadClass('App\\Models\\Enquiry_m')
 4 SYSTEMPATH\CodeIgniter.php(933): App\Controllers\Enquiry->itinerary('2815', '0')
 5 SYSTEMPATH\CodeIgniter.php(509): CodeIgniter\CodeIgniter->runController(Object(App\Controllers\Enquiry))
 6 SYSTEMPATH\CodeIgniter.php(355): CodeIgniter\CodeIgniter->handleRequest(null, Object(Config\Cache), false)
 7 SYSTEMPATH\Boot.php(334): CodeIgniter\CodeIgniter->run()
 8 SYSTEMPATH\Boot.php(67): CodeIgniter\Boot::runCodeIgniter(Object(CodeIgniter\CodeIgniter))
 9 FCPATH\index.php(56): CodeIgniter\Boot::bootWeb(Object(Config\Paths))
CRITICAL - 2025-11-28 07:12:03 --> ErrorException: Undefined variable $sightseeing_ids
[Method: POST, Route: Enquiry/viewItinerarySheet]
in APPPATH\Views\enquiry\itinerary_sheet_view.php on line 172.
 1 APPPATH\Views\enquiry\itinerary_sheet_view.php(172): CodeIgniter\Debug\Exceptions->errorHandler(2, 'Undefined variable $sightseeing_ids', 'C:\\wamp64\\www\\khm\\app\\Views\\enquiry\\itinerary_sheet_view.php', 172)
 2 SYSTEMPATH\View\View.php(234): include('C:\\wamp64\\www\\khm\\app\\Views\\enquiry\\itinerary_sheet_view.php')
 3 SYSTEMPATH\View\View.php(237): CodeIgniter\View\View->CodeIgniter\View\{closure}()
 4 SYSTEMPATH\Common.php(1171): CodeIgniter\View\View->render('enquiry/itinerary_sheet_view', [], true)
 5 APPPATH\Controllers\Enquiry.php(9888): view('enquiry/itinerary_sheet_view', [...])
 6 SYSTEMPATH\CodeIgniter.php(933): App\Controllers\Enquiry->viewItinerarySheet()
 7 SYSTEMPATH\CodeIgniter.php(509): CodeIgniter\CodeIgniter->runController(Object(App\Controllers\Enquiry))
 8 SYSTEMPATH\CodeIgniter.php(355): CodeIgniter\CodeIgniter->handleRequest(null, Object(Config\Cache), false)
 9 SYSTEMPATH\Boot.php(334): CodeIgniter\CodeIgniter->run()
10 SYSTEMPATH\Boot.php(67): CodeIgniter\Boot::runCodeIgniter(Object(CodeIgniter\CodeIgniter))
11 FCPATH\index.php(56): CodeIgniter\Boot::bootWeb(Object(Config\Paths))
CRITICAL - 2025-11-28 07:12:04 --> ErrorException: Undefined variable $sightseeing_ids
[Method: POST, Route: Enquiry/viewItinerarySheet]
in APPPATH\Views\enquiry\itinerary_sheet_view.php on line 172.
 1 APPPATH\Views\enquiry\itinerary_sheet_view.php(172): CodeIgniter\Debug\Exceptions->errorHandler(2, 'Undefined variable $sightseeing_ids', 'C:\\wamp64\\www\\khm\\app\\Views\\enquiry\\itinerary_sheet_view.php', 172)
 2 SYSTEMPATH\View\View.php(234): include('C:\\wamp64\\www\\khm\\app\\Views\\enquiry\\itinerary_sheet_view.php')
 3 SYSTEMPATH\View\View.php(237): CodeIgniter\View\View->CodeIgniter\View\{closure}()
 4 SYSTEMPATH\Common.php(1171): CodeIgniter\View\View->render('enquiry/itinerary_sheet_view', [], true)
 5 APPPATH\Controllers\Enquiry.php(9888): view('enquiry/itinerary_sheet_view', [...])
 6 SYSTEMPATH\CodeIgniter.php(933): App\Controllers\Enquiry->viewItinerarySheet()
 7 SYSTEMPATH\CodeIgniter.php(509): CodeIgniter\CodeIgniter->runController(Object(App\Controllers\Enquiry))
 8 SYSTEMPATH\CodeIgniter.php(355): CodeIgniter\CodeIgniter->handleRequest(null, Object(Config\Cache), false)
 9 SYSTEMPATH\Boot.php(334): CodeIgniter\CodeIgniter->run()
10 SYSTEMPATH\Boot.php(67): CodeIgniter\Boot::runCodeIgniter(Object(CodeIgniter\CodeIgniter))
11 FCPATH\index.php(56): CodeIgniter\Boot::bootWeb(Object(Config\Paths))
CRITICAL - 2025-11-28 07:12:05 --> ErrorException: Undefined variable $sightseeing_ids
[Method: POST, Route: Enquiry/viewItinerarySheet]
in APPPATH\Views\enquiry\itinerary_sheet_view.php on line 172.
 1 APPPATH\Views\enquiry\itinerary_sheet_view.php(172): CodeIgniter\Debug\Exceptions->errorHandler(2, 'Undefined variable $sightseeing_ids', 'C:\\wamp64\\www\\khm\\app\\Views\\enquiry\\itinerary_sheet_view.php', 172)
 2 SYSTEMPATH\View\View.php(234): include('C:\\wamp64\\www\\khm\\app\\Views\\enquiry\\itinerary_sheet_view.php')
 3 SYSTEMPATH\View\View.php(237): CodeIgniter\View\View->CodeIgniter\View\{closure}()
 4 SYSTEMPATH\Common.php(1171): CodeIgniter\View\View->render('enquiry/itinerary_sheet_view', [], true)
 5 APPPATH\Controllers\Enquiry.php(9888): view('enquiry/itinerary_sheet_view', [...])
 6 SYSTEMPATH\CodeIgniter.php(933): App\Controllers\Enquiry->viewItinerarySheet()
 7 SYSTEMPATH\CodeIgniter.php(509): CodeIgniter\CodeIgniter->runController(Object(App\Controllers\Enquiry))
 8 SYSTEMPATH\CodeIgniter.php(355): CodeIgniter\CodeIgniter->handleRequest(null, Object(Config\Cache), false)
 9 SYSTEMPATH\Boot.php(334): CodeIgniter\CodeIgniter->run()
10 SYSTEMPATH\Boot.php(67): CodeIgniter\Boot::runCodeIgniter(Object(CodeIgniter\CodeIgniter))
11 FCPATH\index.php(56): CodeIgniter\Boot::bootWeb(Object(Config\Paths))
CRITICAL - 2025-11-28 07:12:05 --> ErrorException: Undefined variable $sightseeing_ids
[Method: POST, Route: Enquiry/viewItinerarySheet]
in APPPATH\Views\enquiry\itinerary_sheet_view.php on line 172.
 1 APPPATH\Views\enquiry\itinerary_sheet_view.php(172): CodeIgniter\Debug\Exceptions->errorHandler(2, 'Undefined variable $sightseeing_ids', 'C:\\wamp64\\www\\khm\\app\\Views\\enquiry\\itinerary_sheet_view.php', 172)
 2 SYSTEMPATH\View\View.php(234): include('C:\\wamp64\\www\\khm\\app\\Views\\enquiry\\itinerary_sheet_view.php')
 3 SYSTEMPATH\View\View.php(237): CodeIgniter\View\View->CodeIgniter\View\{closure}()
 4 SYSTEMPATH\Common.php(1171): CodeIgniter\View\View->render('enquiry/itinerary_sheet_view', [], true)
 5 APPPATH\Controllers\Enquiry.php(9888): view('enquiry/itinerary_sheet_view', [...])
 6 SYSTEMPATH\CodeIgniter.php(933): App\Controllers\Enquiry->viewItinerarySheet()
 7 SYSTEMPATH\CodeIgniter.php(509): CodeIgniter\CodeIgniter->runController(Object(App\Controllers\Enquiry))
 8 SYSTEMPATH\CodeIgniter.php(355): CodeIgniter\CodeIgniter->handleRequest(null, Object(Config\Cache), false)
 9 SYSTEMPATH\Boot.php(334): CodeIgniter\CodeIgniter->run()
10 SYSTEMPATH\Boot.php(67): CodeIgniter\Boot::runCodeIgniter(Object(CodeIgniter\CodeIgniter))
11 FCPATH\index.php(56): CodeIgniter\Boot::bootWeb(Object(Config\Paths))
CRITICAL - 2025-11-28 07:12:05 --> ErrorException: Undefined variable $sightseeing_ids
[Method: POST, Route: Enquiry/viewItinerarySheet]
in APPPATH\Views\enquiry\itinerary_sheet_view.php on line 172.
 1 APPPATH\Views\enquiry\itinerary_sheet_view.php(172): CodeIgniter\Debug\Exceptions->errorHandler(2, 'Undefined variable $sightseeing_ids', 'C:\\wamp64\\www\\khm\\app\\Views\\enquiry\\itinerary_sheet_view.php', 172)
 2 SYSTEMPATH\View\View.php(234): include('C:\\wamp64\\www\\khm\\app\\Views\\enquiry\\itinerary_sheet_view.php')
 3 SYSTEMPATH\View\View.php(237): CodeIgniter\View\View->CodeIgniter\View\{closure}()
 4 SYSTEMPATH\Common.php(1171): CodeIgniter\View\View->render('enquiry/itinerary_sheet_view', [], true)
 5 APPPATH\Controllers\Enquiry.php(9888): view('enquiry/itinerary_sheet_view', [...])
 6 SYSTEMPATH\CodeIgniter.php(933): App\Controllers\Enquiry->viewItinerarySheet()
 7 SYSTEMPATH\CodeIgniter.php(509): CodeIgniter\CodeIgniter->runController(Object(App\Controllers\Enquiry))
 8 SYSTEMPATH\CodeIgniter.php(355): CodeIgniter\CodeIgniter->handleRequest(null, Object(Config\Cache), false)
 9 SYSTEMPATH\Boot.php(334): CodeIgniter\CodeIgniter->run()
10 SYSTEMPATH\Boot.php(67): CodeIgniter\Boot::runCodeIgniter(Object(CodeIgniter\CodeIgniter))
11 FCPATH\index.php(56): CodeIgniter\Boot::bootWeb(Object(Config\Paths))
CRITICAL - 2025-11-28 07:12:06 --> ErrorException: Undefined variable $sightseeing_ids
[Method: POST, Route: Enquiry/viewItinerarySheet]
in APPPATH\Views\enquiry\itinerary_sheet_view.php on line 172.
 1 APPPATH\Views\enquiry\itinerary_sheet_view.php(172): CodeIgniter\Debug\Exceptions->errorHandler(2, 'Undefined variable $sightseeing_ids', 'C:\\wamp64\\www\\khm\\app\\Views\\enquiry\\itinerary_sheet_view.php', 172)
 2 SYSTEMPATH\View\View.php(234): include('C:\\wamp64\\www\\khm\\app\\Views\\enquiry\\itinerary_sheet_view.php')
 3 SYSTEMPATH\View\View.php(237): CodeIgniter\View\View->CodeIgniter\View\{closure}()
 4 SYSTEMPATH\Common.php(1171): CodeIgniter\View\View->render('enquiry/itinerary_sheet_view', [], true)
 5 APPPATH\Controllers\Enquiry.php(9888): view('enquiry/itinerary_sheet_view', [...])
 6 SYSTEMPATH\CodeIgniter.php(933): App\Controllers\Enquiry->viewItinerarySheet()
 7 SYSTEMPATH\CodeIgniter.php(509): CodeIgniter\CodeIgniter->runController(Object(App\Controllers\Enquiry))
 8 SYSTEMPATH\CodeIgniter.php(355): CodeIgniter\CodeIgniter->handleRequest(null, Object(Config\Cache), false)
 9 SYSTEMPATH\Boot.php(334): CodeIgniter\CodeIgniter->run()
10 SYSTEMPATH\Boot.php(67): CodeIgniter\Boot::runCodeIgniter(Object(CodeIgniter\CodeIgniter))
11 FCPATH\index.php(56): CodeIgniter\Boot::bootWeb(Object(Config\Paths))
CRITICAL - 2025-11-28 07:12:06 --> ErrorException: Undefined variable $sightseeing_ids
[Method: POST, Route: Enquiry/viewItinerarySheet]
in APPPATH\Views\enquiry\itinerary_sheet_view.php on line 172.
 1 APPPATH\Views\enquiry\itinerary_sheet_view.php(172): CodeIgniter\Debug\Exceptions->errorHandler(2, 'Undefined variable $sightseeing_ids', 'C:\\wamp64\\www\\khm\\app\\Views\\enquiry\\itinerary_sheet_view.php', 172)
 2 SYSTEMPATH\View\View.php(234): include('C:\\wamp64\\www\\khm\\app\\Views\\enquiry\\itinerary_sheet_view.php')
 3 SYSTEMPATH\View\View.php(237): CodeIgniter\View\View->CodeIgniter\View\{closure}()
 4 SYSTEMPATH\Common.php(1171): CodeIgniter\View\View->render('enquiry/itinerary_sheet_view', [], true)
 5 APPPATH\Controllers\Enquiry.php(9888): view('enquiry/itinerary_sheet_view', [...])
 6 SYSTEMPATH\CodeIgniter.php(933): App\Controllers\Enquiry->viewItinerarySheet()
 7 SYSTEMPATH\CodeIgniter.php(509): CodeIgniter\CodeIgniter->runController(Object(App\Controllers\Enquiry))
 8 SYSTEMPATH\CodeIgniter.php(355): CodeIgniter\CodeIgniter->handleRequest(null, Object(Config\Cache), false)
 9 SYSTEMPATH\Boot.php(334): CodeIgniter\CodeIgniter->run()
10 SYSTEMPATH\Boot.php(67): CodeIgniter\Boot::runCodeIgniter(Object(CodeIgniter\CodeIgniter))
11 FCPATH\index.php(56): CodeIgniter\Boot::bootWeb(Object(Config\Paths))
CRITICAL - 2025-11-28 07:12:08 --> ErrorException: Undefined variable $sightseeing_ids
[Method: POST, Route: Enquiry/viewItinerarySheet]
in APPPATH\Views\enquiry\itinerary_sheet_view.php on line 172.
 1 APPPATH\Views\enquiry\itinerary_sheet_view.php(172): CodeIgniter\Debug\Exceptions->errorHandler(2, 'Undefined variable $sightseeing_ids', 'C:\\wamp64\\www\\khm\\app\\Views\\enquiry\\itinerary_sheet_view.php', 172)
 2 SYSTEMPATH\View\View.php(234): include('C:\\wamp64\\www\\khm\\app\\Views\\enquiry\\itinerary_sheet_view.php')
 3 SYSTEMPATH\View\View.php(237): CodeIgniter\View\View->CodeIgniter\View\{closure}()
 4 SYSTEMPATH\Common.php(1171): CodeIgniter\View\View->render('enquiry/itinerary_sheet_view', [], true)
 5 APPPATH\Controllers\Enquiry.php(9888): view('enquiry/itinerary_sheet_view', [...])
 6 SYSTEMPATH\CodeIgniter.php(933): App\Controllers\Enquiry->viewItinerarySheet()
 7 SYSTEMPATH\CodeIgniter.php(509): CodeIgniter\CodeIgniter->runController(Object(App\Controllers\Enquiry))
 8 SYSTEMPATH\CodeIgniter.php(355): CodeIgniter\CodeIgniter->handleRequest(null, Object(Config\Cache), false)
 9 SYSTEMPATH\Boot.php(334): CodeIgniter\CodeIgniter->run()
10 SYSTEMPATH\Boot.php(67): CodeIgniter\Boot::runCodeIgniter(Object(CodeIgniter\CodeIgniter))
11 FCPATH\index.php(56): CodeIgniter\Boot::bootWeb(Object(Config\Paths))
CRITICAL - 2025-11-28 07:12:08 --> ErrorException: Undefined variable $sightseeing_ids
[Method: POST, Route: Enquiry/viewItinerarySheet]
in APPPATH\Views\enquiry\itinerary_sheet_view.php on line 172.
 1 APPPATH\Views\enquiry\itinerary_sheet_view.php(172): CodeIgniter\Debug\Exceptions->errorHandler(2, 'Undefined variable $sightseeing_ids', 'C:\\wamp64\\www\\khm\\app\\Views\\enquiry\\itinerary_sheet_view.php', 172)
 2 SYSTEMPATH\View\View.php(234): include('C:\\wamp64\\www\\khm\\app\\Views\\enquiry\\itinerary_sheet_view.php')
 3 SYSTEMPATH\View\View.php(237): CodeIgniter\View\View->CodeIgniter\View\{closure}()
 4 SYSTEMPATH\Common.php(1171): CodeIgniter\View\View->render('enquiry/itinerary_sheet_view', [], true)
 5 APPPATH\Controllers\Enquiry.php(9888): view('enquiry/itinerary_sheet_view', [...])
 6 SYSTEMPATH\CodeIgniter.php(933): App\Controllers\Enquiry->viewItinerarySheet()
 7 SYSTEMPATH\CodeIgniter.php(509): CodeIgniter\CodeIgniter->runController(Object(App\Controllers\Enquiry))
 8 SYSTEMPATH\CodeIgniter.php(355): CodeIgniter\CodeIgniter->handleRequest(null, Object(Config\Cache), false)
 9 SYSTEMPATH\Boot.php(334): CodeIgniter\CodeIgniter->run()
10 SYSTEMPATH\Boot.php(67): CodeIgniter\Boot::runCodeIgniter(Object(CodeIgniter\CodeIgniter))
11 FCPATH\index.php(56): CodeIgniter\Boot::bootWeb(Object(Config\Paths))
