DEBUG - 2025-12-17 10:55:15 --> Session: Class initialized using 'CodeIgniter\Session\Handlers\FileHandler' driver.
DEBUG - 2025-12-17 10:55:20 --> Session: Class initialized using 'CodeIgniter\Session\Handlers\FileHandler' driver.
DEBUG - 2025-12-17 10:55:20 --> Session: Class initialized using 'CodeIgniter\Session\Handlers\FileHandler' driver.
WARNING - 2025-12-17 10:55:20 --> [DEPRECATED] round(): Passing null to parameter #1 ($num) of type int|float is deprecated in APPPATH\Controllers\Dashboard.php on line 241.
 1 APPPATH\Controllers\Dashboard.php(241): round(null, 2)
 2 SYSTEMPATH\CodeIgniter.php(933): App\Controllers\Dashboard->index()
 3 SYSTEMPATH\CodeIgniter.php(509): CodeIgniter\CodeIgniter->runController(Object(App\Controllers\Dashboard))
 4 SYSTEMPATH\CodeIgniter.php(355): CodeIgniter\CodeIgniter->handleRequest(null, Object(Config\Cache), false)
 5 SYSTEMPATH\Boot.php(334): CodeIgniter\CodeIgniter->run()
 6 SYSTEMPATH\Boot.php(67): CodeIgniter\Boot::runCodeIgniter(Object(CodeIgniter\CodeIgniter))
 7 FCPATH\index.php(56): CodeIgniter\Boot::bootWeb(Object(Config\Paths))
WARNING - 2025-12-17 10:55:20 --> [DEPRECATED] round(): Passing null to parameter #1 ($num) of type int|float is deprecated in APPPATH\Controllers\Dashboard.php on line 247.
 1 APPPATH\Controllers\Dashboard.php(247): round(null, 2)
 2 SYSTEMPATH\CodeIgniter.php(933): App\Controllers\Dashboard->index()
 3 SYSTEMPATH\CodeIgniter.php(509): CodeIgniter\CodeIgniter->runController(Object(App\Controllers\Dashboard))
 4 SYSTEMPATH\CodeIgniter.php(355): CodeIgniter\CodeIgniter->handleRequest(null, Object(Config\Cache), false)
 5 SYSTEMPATH\Boot.php(334): CodeIgniter\CodeIgniter->run()
 6 SYSTEMPATH\Boot.php(67): CodeIgniter\Boot::runCodeIgniter(Object(CodeIgniter\CodeIgniter))
 7 FCPATH\index.php(56): CodeIgniter\Boot::bootWeb(Object(Config\Paths))
DEBUG - 2025-12-17 10:56:44 --> Session: Class initialized using 'CodeIgniter\Session\Handlers\FileHandler' driver.
DEBUG - 2025-12-17 10:56:45 --> Session: Class initialized using 'CodeIgniter\Session\Handlers\FileHandler' driver.
DEBUG - 2025-12-17 10:56:46 --> Session: Class initialized using 'CodeIgniter\Session\Handlers\FileHandler' driver.
DEBUG - 2025-12-17 10:56:50 --> Session: Class initialized using 'CodeIgniter\Session\Handlers\FileHandler' driver.
DEBUG - 2025-12-17 10:56:54 --> Session: Class initialized using 'CodeIgniter\Session\Handlers\FileHandler' driver.
DEBUG - 2025-12-17 11:03:39 --> Session: Class initialized using 'CodeIgniter\Session\Handlers\FileHandler' driver.
DEBUG - 2025-12-17 11:51:58 --> Session: Class initialized using 'CodeIgniter\Session\Handlers\FileHandler' driver.
ERROR - 2025-12-17 17:22:00 --> Email: Unable to send email using SMTP. Your server might not be configured to send mail using this method.
ERROR - 2025-12-17 17:22:00 --> 220 smtp.gmail.com ESMTP 41be03b00d2f7-c1361b76c59sm10384814a12.34 - gsmtp

hello: 250-smtp.gmail.com at your service, [202.88.246.70]
250-SIZE 35882577
250-8BITMIME
250-AUTH LOGIN PLAIN XOAUTH2 PLAIN-CLIENTTOKEN OAUTHBEARER XOAUTH
250-ENHANCEDSTATUSCODES
250-PIPELINING
250-CHUNKING
250 SMTPUTF8

Failed to authenticate password. Error: 535-5.7.8 Username and Password not accepted. For more information, go to
535 5.7.8  https://support.google.com/mail/?p=BadCredentials 41be03b00d2f7-c1361b76c59sm10384814a12.34 - gsmtp

DEBUG - 2025-12-17 11:52:00 --> Session: Class initialized using 'CodeIgniter\Session\Handlers\FileHandler' driver.
DEBUG - 2025-12-17 11:52:00 --> Session: Class initialized using 'CodeIgniter\Session\Handlers\FileHandler' driver.
DEBUG - 2025-12-17 11:52:12 --> Session: Class initialized using 'CodeIgniter\Session\Handlers\FileHandler' driver.
DEBUG - 2025-12-17 11:52:12 --> Session: Class initialized using 'CodeIgniter\Session\Handlers\FileHandler' driver.
DEBUG - 2025-12-17 11:52:13 --> Session: Class initialized using 'CodeIgniter\Session\Handlers\FileHandler' driver.
DEBUG - 2025-12-17 11:52:13 --> Session: Class initialized using 'CodeIgniter\Session\Handlers\FileHandler' driver.
DEBUG - 2025-12-17 11:52:15 --> Session: Class initialized using 'CodeIgniter\Session\Handlers\FileHandler' driver.
DEBUG - 2025-12-17 11:52:19 --> Session: Class initialized using 'CodeIgniter\Session\Handlers\FileHandler' driver.
DEBUG - 2025-12-17 11:52:19 --> Session: Class initialized using 'CodeIgniter\Session\Handlers\FileHandler' driver.
DEBUG - 2025-12-17 11:52:20 --> Session: Class initialized using 'CodeIgniter\Session\Handlers\FileHandler' driver.
DEBUG - 2025-12-17 11:52:23 --> Session: Class initialized using 'CodeIgniter\Session\Handlers\FileHandler' driver.
DEBUG - 2025-12-17 11:52:23 --> Session: Class initialized using 'CodeIgniter\Session\Handlers\FileHandler' driver.
DEBUG - 2025-12-17 11:52:23 --> Session: Class initialized using 'CodeIgniter\Session\Handlers\FileHandler' driver.
DEBUG - 2025-12-17 11:52:23 --> Session: Class initialized using 'CodeIgniter\Session\Handlers\FileHandler' driver.
DEBUG - 2025-12-17 11:52:23 --> Session: Class initialized using 'CodeIgniter\Session\Handlers\FileHandler' driver.
DEBUG - 2025-12-17 11:52:23 --> Session: Class initialized using 'CodeIgniter\Session\Handlers\FileHandler' driver.
DEBUG - 2025-12-17 11:52:24 --> Session: Class initialized using 'CodeIgniter\Session\Handlers\FileHandler' driver.
DEBUG - 2025-12-17 11:52:24 --> Session: Class initialized using 'CodeIgniter\Session\Handlers\FileHandler' driver.
DEBUG - 2025-12-17 11:52:24 --> Session: Class initialized using 'CodeIgniter\Session\Handlers\FileHandler' driver.
DEBUG - 2025-12-17 11:52:24 --> Session: Class initialized using 'CodeIgniter\Session\Handlers\FileHandler' driver.
DEBUG - 2025-12-17 11:52:24 --> Session: Class initialized using 'CodeIgniter\Session\Handlers\FileHandler' driver.
DEBUG - 2025-12-17 11:52:35 --> Session: Class initialized using 'CodeIgniter\Session\Handlers\FileHandler' driver.
DEBUG - 2025-12-17 11:52:35 --> Session: Class initialized using 'CodeIgniter\Session\Handlers\FileHandler' driver.
DEBUG - 2025-12-17 11:52:38 --> Session: Class initialized using 'CodeIgniter\Session\Handlers\FileHandler' driver.
DEBUG - 2025-12-17 11:52:41 --> Session: Class initialized using 'CodeIgniter\Session\Handlers\FileHandler' driver.
DEBUG - 2025-12-17 11:52:41 --> Session: Class initialized using 'CodeIgniter\Session\Handlers\FileHandler' driver.
DEBUG - 2025-12-17 11:52:41 --> Session: Class initialized using 'CodeIgniter\Session\Handlers\FileHandler' driver.
DEBUG - 2025-12-17 11:52:41 --> Session: Class initialized using 'CodeIgniter\Session\Handlers\FileHandler' driver.
DEBUG - 2025-12-17 11:52:41 --> Session: Class initialized using 'CodeIgniter\Session\Handlers\FileHandler' driver.
DEBUG - 2025-12-17 11:52:41 --> Session: Class initialized using 'CodeIgniter\Session\Handlers\FileHandler' driver.
DEBUG - 2025-12-17 11:52:41 --> Session: Class initialized using 'CodeIgniter\Session\Handlers\FileHandler' driver.
DEBUG - 2025-12-17 11:52:41 --> Session: Class initialized using 'CodeIgniter\Session\Handlers\FileHandler' driver.
DEBUG - 2025-12-17 11:52:41 --> Session: Class initialized using 'CodeIgniter\Session\Handlers\FileHandler' driver.
DEBUG - 2025-12-17 11:52:41 --> Session: Class initialized using 'CodeIgniter\Session\Handlers\FileHandler' driver.
DEBUG - 2025-12-17 11:52:41 --> Session: Class initialized using 'CodeIgniter\Session\Handlers\FileHandler' driver.
DEBUG - 2025-12-17 11:52:41 --> Session: Class initialized using 'CodeIgniter\Session\Handlers\FileHandler' driver.
DEBUG - 2025-12-17 11:52:41 --> Session: Class initialized using 'CodeIgniter\Session\Handlers\FileHandler' driver.
DEBUG - 2025-12-17 11:52:42 --> Session: Class initialized using 'CodeIgniter\Session\Handlers\FileHandler' driver.
DEBUG - 2025-12-17 11:52:42 --> Session: Class initialized using 'CodeIgniter\Session\Handlers\FileHandler' driver.
DEBUG - 2025-12-17 11:52:42 --> Session: Class initialized using 'CodeIgniter\Session\Handlers\FileHandler' driver.
DEBUG - 2025-12-17 11:52:42 --> Session: Class initialized using 'CodeIgniter\Session\Handlers\FileHandler' driver.
DEBUG - 2025-12-17 11:52:42 --> Session: Class initialized using 'CodeIgniter\Session\Handlers\FileHandler' driver.
DEBUG - 2025-12-17 11:52:42 --> Session: Class initialized using 'CodeIgniter\Session\Handlers\FileHandler' driver.
DEBUG - 2025-12-17 11:52:42 --> Session: Class initialized using 'CodeIgniter\Session\Handlers\FileHandler' driver.
DEBUG - 2025-12-17 11:52:42 --> Session: Class initialized using 'CodeIgniter\Session\Handlers\FileHandler' driver.
DEBUG - 2025-12-17 11:52:42 --> Session: Class initialized using 'CodeIgniter\Session\Handlers\FileHandler' driver.
DEBUG - 2025-12-17 11:52:42 --> Session: Class initialized using 'CodeIgniter\Session\Handlers\FileHandler' driver.
DEBUG - 2025-12-17 11:52:42 --> Session: Class initialized using 'CodeIgniter\Session\Handlers\FileHandler' driver.
DEBUG - 2025-12-17 11:52:42 --> Session: Class initialized using 'CodeIgniter\Session\Handlers\FileHandler' driver.
DEBUG - 2025-12-17 11:52:42 --> Session: Class initialized using 'CodeIgniter\Session\Handlers\FileHandler' driver.
DEBUG - 2025-12-17 11:52:42 --> Session: Class initialized using 'CodeIgniter\Session\Handlers\FileHandler' driver.
DEBUG - 2025-12-17 11:52:56 --> Session: Class initialized using 'CodeIgniter\Session\Handlers\FileHandler' driver.
DEBUG - 2025-12-17 11:52:57 --> Session: Class initialized using 'CodeIgniter\Session\Handlers\FileHandler' driver.
DEBUG - 2025-12-17 11:52:58 --> Session: Class initialized using 'CodeIgniter\Session\Handlers\FileHandler' driver.
DEBUG - 2025-12-17 11:52:59 --> Session: Class initialized using 'CodeIgniter\Session\Handlers\FileHandler' driver.
DEBUG - 2025-12-17 11:53:00 --> Session: Class initialized using 'CodeIgniter\Session\Handlers\FileHandler' driver.
DEBUG - 2025-12-17 11:53:03 --> Session: Class initialized using 'CodeIgniter\Session\Handlers\FileHandler' driver.
DEBUG - 2025-12-17 11:53:05 --> Session: Class initialized using 'CodeIgniter\Session\Handlers\FileHandler' driver.
DEBUG - 2025-12-17 11:53:09 --> Session: Class initialized using 'CodeIgniter\Session\Handlers\FileHandler' driver.
DEBUG - 2025-12-17 11:53:10 --> Session: Class initialized using 'CodeIgniter\Session\Handlers\FileHandler' driver.
DEBUG - 2025-12-17 11:53:10 --> Session: Class initialized using 'CodeIgniter\Session\Handlers\FileHandler' driver.
DEBUG - 2025-12-17 11:53:10 --> Session: Class initialized using 'CodeIgniter\Session\Handlers\FileHandler' driver.
DEBUG - 2025-12-17 11:53:10 --> Session: Class initialized using 'CodeIgniter\Session\Handlers\FileHandler' driver.
DEBUG - 2025-12-17 11:53:10 --> Session: Class initialized using 'CodeIgniter\Session\Handlers\FileHandler' driver.
DEBUG - 2025-12-17 11:53:10 --> Session: Class initialized using 'CodeIgniter\Session\Handlers\FileHandler' driver.
DEBUG - 2025-12-17 11:53:10 --> Session: Class initialized using 'CodeIgniter\Session\Handlers\FileHandler' driver.
DEBUG - 2025-12-17 11:53:10 --> Session: Class initialized using 'CodeIgniter\Session\Handlers\FileHandler' driver.
DEBUG - 2025-12-17 11:53:10 --> Session: Class initialized using 'CodeIgniter\Session\Handlers\FileHandler' driver.
DEBUG - 2025-12-17 11:53:10 --> Session: Class initialized using 'CodeIgniter\Session\Handlers\FileHandler' driver.
DEBUG - 2025-12-17 11:53:16 --> Session: Class initialized using 'CodeIgniter\Session\Handlers\FileHandler' driver.
DEBUG - 2025-12-17 11:53:16 --> Session: Class initialized using 'CodeIgniter\Session\Handlers\FileHandler' driver.
DEBUG - 2025-12-17 11:53:27 --> Session: Class initialized using 'CodeIgniter\Session\Handlers\FileHandler' driver.
INFO - 2025-12-17 11:53:27 --> Day 1 (date 2025-12-18): No defaults loaded
WARNING - 2025-12-17 11:53:27 --> No vehicle details for expansion on 2025-12-18
CRITICAL - 2025-12-17 11:53:27 --> ErrorException: Undefined variable $db_total
[Method: GET, Route: Enquiry/itinerary/2830/0]
in APPPATH\Controllers\Enquiry.php on line 6663.
 1 APPPATH\Controllers\Enquiry.php(6663): CodeIgniter\Debug\Exceptions->errorHandler(2, 'Undefined variable $db_total', 'C:\\wamp64\\www\\khm\\app\\Controllers\\Enquiry.php', 6663)
 2 SYSTEMPATH\CodeIgniter.php(933): App\Controllers\Enquiry->itinerary('2830', '0')
 3 SYSTEMPATH\CodeIgniter.php(509): CodeIgniter\CodeIgniter->runController(Object(App\Controllers\Enquiry))
 4 SYSTEMPATH\CodeIgniter.php(355): CodeIgniter\CodeIgniter->handleRequest(null, Object(Config\Cache), false)
 5 SYSTEMPATH\Boot.php(334): CodeIgniter\CodeIgniter->run()
 6 SYSTEMPATH\Boot.php(67): CodeIgniter\Boot::runCodeIgniter(Object(CodeIgniter\CodeIgniter))
 7 FCPATH\index.php(56): CodeIgniter\Boot::bootWeb(Object(Config\Paths))
DEBUG - 2025-12-17 12:03:04 --> Session: Class initialized using 'CodeIgniter\Session\Handlers\FileHandler' driver.
INFO - 2025-12-17 12:03:04 --> Day 1 (date 2025-12-18): No defaults loaded
WARNING - 2025-12-17 12:03:04 --> No vehicle details for expansion on 2025-12-18
INFO - 2025-12-17 12:03:04 --> Expansion date 2025-12-18: DB Total=0km, Saved SS=0km, Derived Base=0km (display base; JS adds current SS)
WARNING - 2025-12-17 12:03:04 --> No vehicle details for expansion on 2025-12-18
INFO - 2025-12-17 12:03:04 --> Expansion date 2025-12-18: DB Total=0km, Saved SS=0km, Derived Base=0km (display base; JS adds current SS)
WARNING - 2025-12-17 12:03:04 --> No vehicle details for expansion on 2025-12-18
INFO - 2025-12-17 12:03:04 --> Expansion date 2025-12-18: DB Total=0km, Saved SS=0km, Derived Base=0km (display base; JS adds current SS)
WARNING - 2025-12-17 12:03:04 --> No vehicle details for expansion on 2025-12-18
INFO - 2025-12-17 12:03:04 --> Expansion date 2025-12-18: DB Total=0km, Saved SS=0km, Derived Base=0km (display base; JS adds current SS)
WARNING - 2025-12-17 12:03:04 --> No vehicle details for expansion on 2025-12-18
INFO - 2025-12-17 12:03:04 --> Expansion date 2025-12-18: DB Total=0km, Saved SS=0km, Derived Base=0km (display base; JS adds current SS)
WARNING - 2025-12-17 12:03:04 --> No vehicle details for expansion on 2025-12-18
INFO - 2025-12-17 12:03:04 --> Expansion date 2025-12-18: DB Total=0km, Saved SS=0km, Derived Base=0km (display base; JS adds current SS)
INFO - 2025-12-17 12:03:04 --> Day 1 (date 2025-12-19): No defaults loaded
WARNING - 2025-12-17 12:03:04 --> No vehicle details for expansion on 2025-12-19
INFO - 2025-12-17 12:03:04 --> Expansion date 2025-12-19: DB Total=0km, Saved SS=0km, Derived Base=0km (display base; JS adds current SS)
WARNING - 2025-12-17 12:03:04 --> No vehicle details for expansion on 2025-12-19
INFO - 2025-12-17 12:03:04 --> Expansion date 2025-12-19: DB Total=0km, Saved SS=0km, Derived Base=0km (display base; JS adds current SS)
WARNING - 2025-12-17 12:03:04 --> No vehicle details for expansion on 2025-12-19
INFO - 2025-12-17 12:03:04 --> Expansion date 2025-12-19: DB Total=0km, Saved SS=0km, Derived Base=0km (display base; JS adds current SS)
WARNING - 2025-12-17 12:03:04 --> No vehicle details for expansion on 2025-12-19
INFO - 2025-12-17 12:03:04 --> Expansion date 2025-12-19: DB Total=0km, Saved SS=0km, Derived Base=0km (display base; JS adds current SS)
WARNING - 2025-12-17 12:03:04 --> No vehicle details for expansion on 2025-12-19
INFO - 2025-12-17 12:03:04 --> Expansion date 2025-12-19: DB Total=0km, Saved SS=0km, Derived Base=0km (display base; JS adds current SS)
WARNING - 2025-12-17 12:03:04 --> No vehicle details for expansion on 2025-12-19
INFO - 2025-12-17 12:03:04 --> Expansion date 2025-12-19: DB Total=0km, Saved SS=0km, Derived Base=0km (display base; JS adds current SS)
INFO - 2025-12-17 12:03:04 --> Day 1 (date 2025-12-20): No defaults loaded
WARNING - 2025-12-17 12:03:04 --> No vehicle details for expansion on 2025-12-20
INFO - 2025-12-17 12:03:04 --> Expansion date 2025-12-20: DB Total=0km, Saved SS=0km, Derived Base=0km (display base; JS adds current SS)
WARNING - 2025-12-17 12:03:04 --> No vehicle details for expansion on 2025-12-20
INFO - 2025-12-17 12:03:04 --> Expansion date 2025-12-20: DB Total=0km, Saved SS=0km, Derived Base=0km (display base; JS adds current SS)
WARNING - 2025-12-17 12:03:04 --> No vehicle details for expansion on 2025-12-20
INFO - 2025-12-17 12:03:04 --> Expansion date 2025-12-20: DB Total=0km, Saved SS=0km, Derived Base=0km (display base; JS adds current SS)
WARNING - 2025-12-17 12:03:04 --> No vehicle details for expansion on 2025-12-20
INFO - 2025-12-17 12:03:04 --> Expansion date 2025-12-20: DB Total=0km, Saved SS=0km, Derived Base=0km (display base; JS adds current SS)
WARNING - 2025-12-17 12:03:04 --> No vehicle details for expansion on 2025-12-20
INFO - 2025-12-17 12:03:04 --> Expansion date 2025-12-20: DB Total=0km, Saved SS=0km, Derived Base=0km (display base; JS adds current SS)
WARNING - 2025-12-17 12:03:04 --> No vehicle details for expansion on 2025-12-20
INFO - 2025-12-17 12:03:04 --> Expansion date 2025-12-20: DB Total=0km, Saved SS=0km, Derived Base=0km (display base; JS adds current SS)
DEBUG - 2025-12-17 12:03:14 --> Session: Class initialized using 'CodeIgniter\Session\Handlers\FileHandler' driver.
DEBUG - 2025-12-17 12:03:14 --> Session: Class initialized using 'CodeIgniter\Session\Handlers\FileHandler' driver.
WARNING - 2025-12-17 12:03:14 --> No vehicle details for expansion on 2025-12-18
INFO - 2025-12-17 12:03:14 --> Expansion date 2025-12-18: DB Total=0km, Saved SS=0km, Derived Base=0km (display base; JS adds current SS)
WARNING - 2025-12-17 12:03:14 --> No vehicle details for expansion on 2025-12-18
INFO - 2025-12-17 12:03:14 --> Expansion date 2025-12-18: DB Total=0km, Saved SS=0km, Derived Base=0km (display base; JS adds current SS)
WARNING - 2025-12-17 12:03:14 --> No vehicle details for expansion on 2025-12-18
INFO - 2025-12-17 12:03:14 --> Expansion date 2025-12-18: DB Total=0km, Saved SS=0km, Derived Base=0km (display base; JS adds current SS)
WARNING - 2025-12-17 12:03:14 --> No vehicle details for expansion on 2025-12-18
INFO - 2025-12-17 12:03:14 --> Expansion date 2025-12-18: DB Total=0km, Saved SS=0km, Derived Base=0km (display base; JS adds current SS)
WARNING - 2025-12-17 12:03:14 --> No vehicle details for expansion on 2025-12-18
INFO - 2025-12-17 12:03:14 --> Expansion date 2025-12-18: DB Total=0km, Saved SS=0km, Derived Base=0km (display base; JS adds current SS)
WARNING - 2025-12-17 12:03:14 --> No vehicle details for expansion on 2025-12-18
INFO - 2025-12-17 12:03:14 --> Expansion date 2025-12-18: DB Total=0km, Saved SS=0km, Derived Base=0km (display base; JS adds current SS)
WARNING - 2025-12-17 12:03:14 --> No vehicle details for expansion on 2025-12-19
INFO - 2025-12-17 12:03:14 --> Expansion date 2025-12-19: DB Total=0km, Saved SS=0km, Derived Base=0km (display base; JS adds current SS)
WARNING - 2025-12-17 12:03:14 --> No vehicle details for expansion on 2025-12-19
INFO - 2025-12-17 12:03:14 --> Expansion date 2025-12-19: DB Total=0km, Saved SS=0km, Derived Base=0km (display base; JS adds current SS)
WARNING - 2025-12-17 12:03:14 --> No vehicle details for expansion on 2025-12-19
INFO - 2025-12-17 12:03:14 --> Expansion date 2025-12-19: DB Total=0km, Saved SS=0km, Derived Base=0km (display base; JS adds current SS)
WARNING - 2025-12-17 12:03:14 --> No vehicle details for expansion on 2025-12-19
INFO - 2025-12-17 12:03:14 --> Expansion date 2025-12-19: DB Total=0km, Saved SS=0km, Derived Base=0km (display base; JS adds current SS)
WARNING - 2025-12-17 12:03:14 --> No vehicle details for expansion on 2025-12-19
INFO - 2025-12-17 12:03:14 --> Expansion date 2025-12-19: DB Total=0km, Saved SS=0km, Derived Base=0km (display base; JS adds current SS)
WARNING - 2025-12-17 12:03:14 --> No vehicle details for expansion on 2025-12-19
INFO - 2025-12-17 12:03:14 --> Expansion date 2025-12-19: DB Total=0km, Saved SS=0km, Derived Base=0km (display base; JS adds current SS)
WARNING - 2025-12-17 12:03:14 --> No vehicle details for expansion on 2025-12-20
INFO - 2025-12-17 12:03:14 --> Expansion date 2025-12-20: DB Total=0km, Saved SS=0km, Derived Base=0km (display base; JS adds current SS)
WARNING - 2025-12-17 12:03:14 --> No vehicle details for expansion on 2025-12-20
INFO - 2025-12-17 12:03:14 --> Expansion date 2025-12-20: DB Total=0km, Saved SS=0km, Derived Base=0km (display base; JS adds current SS)
WARNING - 2025-12-17 12:03:14 --> No vehicle details for expansion on 2025-12-20
INFO - 2025-12-17 12:03:14 --> Expansion date 2025-12-20: DB Total=0km, Saved SS=0km, Derived Base=0km (display base; JS adds current SS)
WARNING - 2025-12-17 12:03:14 --> No vehicle details for expansion on 2025-12-20
INFO - 2025-12-17 12:03:14 --> Expansion date 2025-12-20: DB Total=0km, Saved SS=0km, Derived Base=0km (display base; JS adds current SS)
WARNING - 2025-12-17 12:03:14 --> No vehicle details for expansion on 2025-12-20
INFO - 2025-12-17 12:03:14 --> Expansion date 2025-12-20: DB Total=0km, Saved SS=0km, Derived Base=0km (display base; JS adds current SS)
WARNING - 2025-12-17 12:03:14 --> No vehicle details for expansion on 2025-12-20
INFO - 2025-12-17 12:03:14 --> Expansion date 2025-12-20: DB Total=0km, Saved SS=0km, Derived Base=0km (display base; JS adds current SS)
INFO - 2025-12-17 12:03:14 --> Itinerary expansion date 2025-12-18: Derived Base=0km (no SS added)
INFO - 2025-12-17 12:03:14 --> Itinerary expansion date 2025-12-18: Derived Base=0km (no SS added)
INFO - 2025-12-17 12:03:14 --> Itinerary expansion date 2025-12-18: Derived Base=0km (no SS added)
INFO - 2025-12-17 12:03:14 --> Itinerary expansion date 2025-12-18: Derived Base=0km (no SS added)
INFO - 2025-12-17 12:03:14 --> Itinerary expansion date 2025-12-18: Derived Base=0km (no SS added)
INFO - 2025-12-17 12:03:14 --> Itinerary expansion date 2025-12-18: Derived Base=0km (no SS added)
INFO - 2025-12-17 12:03:14 --> Itinerary expansion date 2025-12-19: Derived Base=0km (no SS added)
INFO - 2025-12-17 12:03:14 --> Itinerary expansion date 2025-12-19: Derived Base=0km (no SS added)
INFO - 2025-12-17 12:03:14 --> Itinerary expansion date 2025-12-19: Derived Base=0km (no SS added)
INFO - 2025-12-17 12:03:14 --> Itinerary expansion date 2025-12-19: Derived Base=0km (no SS added)
INFO - 2025-12-17 12:03:14 --> Itinerary expansion date 2025-12-20: Derived Base=0km (no SS added)
INFO - 2025-12-17 12:03:14 --> Itinerary expansion date 2025-12-20: Derived Base=0km (no SS added)
INFO - 2025-12-17 12:03:14 --> Itinerary expansion date 2025-12-20: Derived Base=0km (no SS added)
INFO - 2025-12-17 12:03:14 --> Itinerary expansion date 2025-12-20: Derived Base=0km (no SS added)
WARNING - 2025-12-17 12:03:14 --> [DEPRECATED] json_decode(): Passing null to parameter #1 ($json) of type string is deprecated in APPPATH\Views\enquiry\itinerary_view.php on line 2761.
 1 APPPATH\Views\enquiry\itinerary_view.php(2761): json_decode(null)
 2 SYSTEMPATH\View\View.php(234): include('C:\\wamp64\\www\\khm\\app\\Views\\enquiry\\itinerary_view.php')
 3 SYSTEMPATH\View\View.php(237): CodeIgniter\View\View->CodeIgniter\View\{closure}()
 4 SYSTEMPATH\Common.php(1171): CodeIgniter\View\View->render('enquiry/itinerary_view', [], true)
 5 APPPATH\Controllers\Enquiry.php(6891): view('enquiry/itinerary_view', [...])
 6 SYSTEMPATH\CodeIgniter.php(933): App\Controllers\Enquiry->itinerary('2830', '1')
 7 SYSTEMPATH\CodeIgniter.php(509): CodeIgniter\CodeIgniter->runController(Object(App\Controllers\Enquiry))
 8 SYSTEMPATH\CodeIgniter.php(355): CodeIgniter\CodeIgniter->handleRequest(null, Object(Config\Cache), false)
 9 SYSTEMPATH\Boot.php(334): CodeIgniter\CodeIgniter->run()
10 SYSTEMPATH\Boot.php(67): CodeIgniter\Boot::runCodeIgniter(Object(CodeIgniter\CodeIgniter))
11 FCPATH\index.php(56): CodeIgniter\Boot::bootWeb(Object(Config\Paths))
WARNING - 2025-12-17 12:03:14 --> [DEPRECATED] json_decode(): Passing null to parameter #1 ($json) of type string is deprecated in APPPATH\Views\enquiry\itinerary_view.php on line 2761.
 1 APPPATH\Views\enquiry\itinerary_view.php(2761): json_decode(null)
 2 SYSTEMPATH\View\View.php(234): include('C:\\wamp64\\www\\khm\\app\\Views\\enquiry\\itinerary_view.php')
 3 SYSTEMPATH\View\View.php(237): CodeIgniter\View\View->CodeIgniter\View\{closure}()
 4 SYSTEMPATH\Common.php(1171): CodeIgniter\View\View->render('enquiry/itinerary_view', [], true)
 5 APPPATH\Controllers\Enquiry.php(6891): view('enquiry/itinerary_view', [...])
 6 SYSTEMPATH\CodeIgniter.php(933): App\Controllers\Enquiry->itinerary('2830', '1')
 7 SYSTEMPATH\CodeIgniter.php(509): CodeIgniter\CodeIgniter->runController(Object(App\Controllers\Enquiry))
 8 SYSTEMPATH\CodeIgniter.php(355): CodeIgniter\CodeIgniter->handleRequest(null, Object(Config\Cache), false)
 9 SYSTEMPATH\Boot.php(334): CodeIgniter\CodeIgniter->run()
10 SYSTEMPATH\Boot.php(67): CodeIgniter\Boot::runCodeIgniter(Object(CodeIgniter\CodeIgniter))
11 FCPATH\index.php(56): CodeIgniter\Boot::bootWeb(Object(Config\Paths))
WARNING - 2025-12-17 12:03:14 --> [DEPRECATED] json_decode(): Passing null to parameter #1 ($json) of type string is deprecated in APPPATH\Views\enquiry\itinerary_view.php on line 2761.
 1 APPPATH\Views\enquiry\itinerary_view.php(2761): json_decode(null)
 2 SYSTEMPATH\View\View.php(234): include('C:\\wamp64\\www\\khm\\app\\Views\\enquiry\\itinerary_view.php')
 3 SYSTEMPATH\View\View.php(237): CodeIgniter\View\View->CodeIgniter\View\{closure}()
 4 SYSTEMPATH\Common.php(1171): CodeIgniter\View\View->render('enquiry/itinerary_view', [], true)
 5 APPPATH\Controllers\Enquiry.php(6891): view('enquiry/itinerary_view', [...])
 6 SYSTEMPATH\CodeIgniter.php(933): App\Controllers\Enquiry->itinerary('2830', '1')
 7 SYSTEMPATH\CodeIgniter.php(509): CodeIgniter\CodeIgniter->runController(Object(App\Controllers\Enquiry))
 8 SYSTEMPATH\CodeIgniter.php(355): CodeIgniter\CodeIgniter->handleRequest(null, Object(Config\Cache), false)
 9 SYSTEMPATH\Boot.php(334): CodeIgniter\CodeIgniter->run()
10 SYSTEMPATH\Boot.php(67): CodeIgniter\Boot::runCodeIgniter(Object(CodeIgniter\CodeIgniter))
11 FCPATH\index.php(56): CodeIgniter\Boot::bootWeb(Object(Config\Paths))
WARNING - 2025-12-17 12:03:14 --> [DEPRECATED] json_decode(): Passing null to parameter #1 ($json) of type string is deprecated in APPPATH\Views\enquiry\itinerary_view.php on line 2761.
 1 APPPATH\Views\enquiry\itinerary_view.php(2761): json_decode(null)
 2 SYSTEMPATH\View\View.php(234): include('C:\\wamp64\\www\\khm\\app\\Views\\enquiry\\itinerary_view.php')
 3 SYSTEMPATH\View\View.php(237): CodeIgniter\View\View->CodeIgniter\View\{closure}()
 4 SYSTEMPATH\Common.php(1171): CodeIgniter\View\View->render('enquiry/itinerary_view', [], true)
 5 APPPATH\Controllers\Enquiry.php(6891): view('enquiry/itinerary_view', [...])
 6 SYSTEMPATH\CodeIgniter.php(933): App\Controllers\Enquiry->itinerary('2830', '1')
 7 SYSTEMPATH\CodeIgniter.php(509): CodeIgniter\CodeIgniter->runController(Object(App\Controllers\Enquiry))
 8 SYSTEMPATH\CodeIgniter.php(355): CodeIgniter\CodeIgniter->handleRequest(null, Object(Config\Cache), false)
 9 SYSTEMPATH\Boot.php(334): CodeIgniter\CodeIgniter->run()
10 SYSTEMPATH\Boot.php(67): CodeIgniter\Boot::runCodeIgniter(Object(CodeIgniter\CodeIgniter))
11 FCPATH\index.php(56): CodeIgniter\Boot::bootWeb(Object(Config\Paths))
