ERROR - 2025-11-14 13:48:48 --> Email: Unable to send email using SMTP. Your server might not be configured to send mail using this method.
ERROR - 2025-11-14 13:48:48 --> 220 smtp.gmail.com ESMTP d9443c01a7336-2985c2cca00sm47161445ad.101 - gsmtp

hello: 250-smtp.gmail.com at your service, [103.38.15.23]
250-SIZE 35882577
250-8BITMIME
250-AUTH LOGIN PLAIN XOAUTH2 PLAIN-CLIENTTOKEN OAUTHBEARER XOAUTH
250-ENHANCEDSTATUSCODES
250-PIPELINING
250-CHUNKING
250 SMTPUTF8

Failed to authenticate password. Error: 535-5.7.8 Username and Password not accepted. For more information, go to
535 5.7.8  https://support.google.com/mail/?p=BadCredentials d9443c01a7336-2985c2cca00sm47161445ad.101 - gsmtp

ERROR - 2025-11-14 14:21:36 --> Email: Unable to send email using SMTP. Your server might not be configured to send mail using this method.
ERROR - 2025-11-14 14:21:36 --> 220 smtp.gmail.com ESMTP d9443c01a7336-2985c234f1asm47970165ad.17 - gsmtp

hello: 250-smtp.gmail.com at your service, [103.38.15.23]
250-SIZE 35882577
250-8BITMIME
250-AUTH LOGIN PLAIN XOAUTH2 PLAIN-CLIENTTOKEN OAUTHBEARER XOAUTH
250-ENHANCEDSTATUSCODES
250-PIPELINING
250-CHUNKING
250 SMTPUTF8

Failed to authenticate password. Error: 535-5.7.8 Username and Password not accepted. For more information, go to
535 5.7.8  https://support.google.com/mail/?p=BadCredentials d9443c01a7336-2985c234f1asm47970165ad.17 - gsmtp

ERROR - 2025-11-14 14:23:44 --> Email: Unable to send email using SMTP. Your server might not be configured to send mail using this method.
ERROR - 2025-11-14 14:23:44 --> 220 smtp.gmail.com ESMTP 98e67ed59e1d1-343eaca761fsm2921480a91.2 - gsmtp

hello: 250-smtp.gmail.com at your service, [103.38.15.23]
250-SIZE 35882577
250-8BITMIME
250-AUTH LOGIN PLAIN XOAUTH2 PLAIN-CLIENTTOKEN OAUTHBEARER XOAUTH
250-ENHANCEDSTATUSCODES
250-PIPELINING
250-CHUNKING
250 SMTPUTF8

Failed to authenticate password. Error: 535-5.7.8 Username and Password not accepted. For more information, go to
535 5.7.8  https://support.google.com/mail/?p=BadCredentials 98e67ed59e1d1-343eaca761fsm2921480a91.2 - gsmtp

CRITICAL - 2025-11-14 08:54:27 --> ErrorException: Undefined array key 0
[Method: POST, Route: Enquiry/getTourTariffDetails]
in APPPATH\Controllers\Enquiry.php on line 2995.
 1 APPPATH\Controllers\Enquiry.php(2995): CodeIgniter\Debug\Exceptions->errorHandler(2, 'Undefined array key 0', 'C:\\wamp64\\www\\khm\\app\\Controllers\\Enquiry.php', 2995)
 2 SYSTEMPATH\CodeIgniter.php(933): App\Controllers\Enquiry->getTourTariffDetails()
 3 SYSTEMPATH\CodeIgniter.php(509): CodeIgniter\CodeIgniter->runController(Object(App\Controllers\Enquiry))
 4 SYSTEMPATH\CodeIgniter.php(355): CodeIgniter\CodeIgniter->handleRequest(null, Object(Config\Cache), false)
 5 SYSTEMPATH\Boot.php(334): CodeIgniter\CodeIgniter->run()
 6 SYSTEMPATH\Boot.php(67): CodeIgniter\Boot::runCodeIgniter(Object(CodeIgniter\CodeIgniter))
 7 FCPATH\index.php(56): CodeIgniter\Boot::bootWeb(Object(Config\Paths))
CRITICAL - 2025-11-14 08:54:30 --> ErrorException: Undefined array key 0
[Method: POST, Route: Enquiry/getTourTariffDetails]
in APPPATH\Controllers\Enquiry.php on line 2995.
 1 APPPATH\Controllers\Enquiry.php(2995): CodeIgniter\Debug\Exceptions->errorHandler(2, 'Undefined array key 0', 'C:\\wamp64\\www\\khm\\app\\Controllers\\Enquiry.php', 2995)
 2 SYSTEMPATH\CodeIgniter.php(933): App\Controllers\Enquiry->getTourTariffDetails()
 3 SYSTEMPATH\CodeIgniter.php(509): CodeIgniter\CodeIgniter->runController(Object(App\Controllers\Enquiry))
 4 SYSTEMPATH\CodeIgniter.php(355): CodeIgniter\CodeIgniter->handleRequest(null, Object(Config\Cache), false)
 5 SYSTEMPATH\Boot.php(334): CodeIgniter\CodeIgniter->run()
 6 SYSTEMPATH\Boot.php(67): CodeIgniter\Boot::runCodeIgniter(Object(CodeIgniter\CodeIgniter))
 7 FCPATH\index.php(56): CodeIgniter\Boot::bootWeb(Object(Config\Paths))
CRITICAL - 2025-11-14 08:54:32 --> ErrorException: Undefined array key 0
[Method: POST, Route: Enquiry/getTourTariffDetails]
in APPPATH\Controllers\Enquiry.php on line 2995.
 1 APPPATH\Controllers\Enquiry.php(2995): CodeIgniter\Debug\Exceptions->errorHandler(2, 'Undefined array key 0', 'C:\\wamp64\\www\\khm\\app\\Controllers\\Enquiry.php', 2995)
 2 SYSTEMPATH\CodeIgniter.php(933): App\Controllers\Enquiry->getTourTariffDetails()
 3 SYSTEMPATH\CodeIgniter.php(509): CodeIgniter\CodeIgniter->runController(Object(App\Controllers\Enquiry))
 4 SYSTEMPATH\CodeIgniter.php(355): CodeIgniter\CodeIgniter->handleRequest(null, Object(Config\Cache), false)
 5 SYSTEMPATH\Boot.php(334): CodeIgniter\CodeIgniter->run()
 6 SYSTEMPATH\Boot.php(67): CodeIgniter\Boot::runCodeIgniter(Object(CodeIgniter\CodeIgniter))
 7 FCPATH\index.php(56): CodeIgniter\Boot::bootWeb(Object(Config\Paths))
CRITICAL - 2025-11-14 08:54:33 --> ErrorException: Undefined array key 0
[Method: POST, Route: Enquiry/getTourTariffDetails]
in APPPATH\Controllers\Enquiry.php on line 2995.
 1 APPPATH\Controllers\Enquiry.php(2995): CodeIgniter\Debug\Exceptions->errorHandler(2, 'Undefined array key 0', 'C:\\wamp64\\www\\khm\\app\\Controllers\\Enquiry.php', 2995)
 2 SYSTEMPATH\CodeIgniter.php(933): App\Controllers\Enquiry->getTourTariffDetails()
 3 SYSTEMPATH\CodeIgniter.php(509): CodeIgniter\CodeIgniter->runController(Object(App\Controllers\Enquiry))
 4 SYSTEMPATH\CodeIgniter.php(355): CodeIgniter\CodeIgniter->handleRequest(null, Object(Config\Cache), false)
 5 SYSTEMPATH\Boot.php(334): CodeIgniter\CodeIgniter->run()
 6 SYSTEMPATH\Boot.php(67): CodeIgniter\Boot::runCodeIgniter(Object(CodeIgniter\CodeIgniter))
 7 FCPATH\index.php(56): CodeIgniter\Boot::bootWeb(Object(Config\Paths))
CRITICAL - 2025-11-14 08:54:35 --> ErrorException: Undefined array key 0
[Method: POST, Route: Enquiry/getTourTariffDetails]
in APPPATH\Controllers\Enquiry.php on line 2995.
 1 APPPATH\Controllers\Enquiry.php(2995): CodeIgniter\Debug\Exceptions->errorHandler(2, 'Undefined array key 0', 'C:\\wamp64\\www\\khm\\app\\Controllers\\Enquiry.php', 2995)
 2 SYSTEMPATH\CodeIgniter.php(933): App\Controllers\Enquiry->getTourTariffDetails()
 3 SYSTEMPATH\CodeIgniter.php(509): CodeIgniter\CodeIgniter->runController(Object(App\Controllers\Enquiry))
 4 SYSTEMPATH\CodeIgniter.php(355): CodeIgniter\CodeIgniter->handleRequest(null, Object(Config\Cache), false)
 5 SYSTEMPATH\Boot.php(334): CodeIgniter\CodeIgniter->run()
 6 SYSTEMPATH\Boot.php(67): CodeIgniter\Boot::runCodeIgniter(Object(CodeIgniter\CodeIgniter))
 7 FCPATH\index.php(56): CodeIgniter\Boot::bootWeb(Object(Config\Paths))
CRITICAL - 2025-11-14 08:54:35 --> ErrorException: Undefined array key 0
[Method: POST, Route: Enquiry/getTourTariffDetails]
in APPPATH\Controllers\Enquiry.php on line 2995.
 1 APPPATH\Controllers\Enquiry.php(2995): CodeIgniter\Debug\Exceptions->errorHandler(2, 'Undefined array key 0', 'C:\\wamp64\\www\\khm\\app\\Controllers\\Enquiry.php', 2995)
 2 SYSTEMPATH\CodeIgniter.php(933): App\Controllers\Enquiry->getTourTariffDetails()
 3 SYSTEMPATH\CodeIgniter.php(509): CodeIgniter\CodeIgniter->runController(Object(App\Controllers\Enquiry))
 4 SYSTEMPATH\CodeIgniter.php(355): CodeIgniter\CodeIgniter->handleRequest(null, Object(Config\Cache), false)
 5 SYSTEMPATH\Boot.php(334): CodeIgniter\CodeIgniter->run()
 6 SYSTEMPATH\Boot.php(67): CodeIgniter\Boot::runCodeIgniter(Object(CodeIgniter\CodeIgniter))
 7 FCPATH\index.php(56): CodeIgniter\Boot::bootWeb(Object(Config\Paths))
CRITICAL - 2025-11-14 08:56:27 --> ErrorException: Undefined array key 0
[Method: POST, Route: Enquiry/getTourTariffDetails]
in APPPATH\Controllers\Enquiry.php on line 2995.
 1 APPPATH\Controllers\Enquiry.php(2995): CodeIgniter\Debug\Exceptions->errorHandler(2, 'Undefined array key 0', 'C:\\wamp64\\www\\khm\\app\\Controllers\\Enquiry.php', 2995)
 2 SYSTEMPATH\CodeIgniter.php(933): App\Controllers\Enquiry->getTourTariffDetails()
 3 SYSTEMPATH\CodeIgniter.php(509): CodeIgniter\CodeIgniter->runController(Object(App\Controllers\Enquiry))
 4 SYSTEMPATH\CodeIgniter.php(355): CodeIgniter\CodeIgniter->handleRequest(null, Object(Config\Cache), false)
 5 SYSTEMPATH\Boot.php(334): CodeIgniter\CodeIgniter->run()
 6 SYSTEMPATH\Boot.php(67): CodeIgniter\Boot::runCodeIgniter(Object(CodeIgniter\CodeIgniter))
 7 FCPATH\index.php(56): CodeIgniter\Boot::bootWeb(Object(Config\Paths))
CRITICAL - 2025-11-14 08:56:27 --> ErrorException: Undefined array key 0
[Method: POST, Route: Enquiry/getTourTariffDetails]
in APPPATH\Controllers\Enquiry.php on line 2995.
 1 APPPATH\Controllers\Enquiry.php(2995): CodeIgniter\Debug\Exceptions->errorHandler(2, 'Undefined array key 0', 'C:\\wamp64\\www\\khm\\app\\Controllers\\Enquiry.php', 2995)
 2 SYSTEMPATH\CodeIgniter.php(933): App\Controllers\Enquiry->getTourTariffDetails()
 3 SYSTEMPATH\CodeIgniter.php(509): CodeIgniter\CodeIgniter->runController(Object(App\Controllers\Enquiry))
 4 SYSTEMPATH\CodeIgniter.php(355): CodeIgniter\CodeIgniter->handleRequest(null, Object(Config\Cache), false)
 5 SYSTEMPATH\Boot.php(334): CodeIgniter\CodeIgniter->run()
 6 SYSTEMPATH\Boot.php(67): CodeIgniter\Boot::runCodeIgniter(Object(CodeIgniter\CodeIgniter))
 7 FCPATH\index.php(56): CodeIgniter\Boot::bootWeb(Object(Config\Paths))
CRITICAL - 2025-11-14 08:56:27 --> ErrorException: Undefined array key 0
[Method: POST, Route: Enquiry/getTourTariffDetails]
in APPPATH\Controllers\Enquiry.php on line 2995.
 1 APPPATH\Controllers\Enquiry.php(2995): CodeIgniter\Debug\Exceptions->errorHandler(2, 'Undefined array key 0', 'C:\\wamp64\\www\\khm\\app\\Controllers\\Enquiry.php', 2995)
 2 SYSTEMPATH\CodeIgniter.php(933): App\Controllers\Enquiry->getTourTariffDetails()
 3 SYSTEMPATH\CodeIgniter.php(509): CodeIgniter\CodeIgniter->runController(Object(App\Controllers\Enquiry))
 4 SYSTEMPATH\CodeIgniter.php(355): CodeIgniter\CodeIgniter->handleRequest(null, Object(Config\Cache), false)
 5 SYSTEMPATH\Boot.php(334): CodeIgniter\CodeIgniter->run()
 6 SYSTEMPATH\Boot.php(67): CodeIgniter\Boot::runCodeIgniter(Object(CodeIgniter\CodeIgniter))
 7 FCPATH\index.php(56): CodeIgniter\Boot::bootWeb(Object(Config\Paths))
CRITICAL - 2025-11-14 08:56:28 --> ErrorException: Undefined array key 0
[Method: POST, Route: Enquiry/getTourTariffDetails]
in APPPATH\Controllers\Enquiry.php on line 2995.
 1 APPPATH\Controllers\Enquiry.php(2995): CodeIgniter\Debug\Exceptions->errorHandler(2, 'Undefined array key 0', 'C:\\wamp64\\www\\khm\\app\\Controllers\\Enquiry.php', 2995)
 2 SYSTEMPATH\CodeIgniter.php(933): App\Controllers\Enquiry->getTourTariffDetails()
 3 SYSTEMPATH\CodeIgniter.php(509): CodeIgniter\CodeIgniter->runController(Object(App\Controllers\Enquiry))
 4 SYSTEMPATH\CodeIgniter.php(355): CodeIgniter\CodeIgniter->handleRequest(null, Object(Config\Cache), false)
 5 SYSTEMPATH\Boot.php(334): CodeIgniter\CodeIgniter->run()
 6 SYSTEMPATH\Boot.php(67): CodeIgniter\Boot::runCodeIgniter(Object(CodeIgniter\CodeIgniter))
 7 FCPATH\index.php(56): CodeIgniter\Boot::bootWeb(Object(Config\Paths))
CRITICAL - 2025-11-14 08:56:28 --> ErrorException: Undefined array key 0
[Method: POST, Route: Enquiry/getTourTariffDetails]
in APPPATH\Controllers\Enquiry.php on line 2995.
 1 APPPATH\Controllers\Enquiry.php(2995): CodeIgniter\Debug\Exceptions->errorHandler(2, 'Undefined array key 0', 'C:\\wamp64\\www\\khm\\app\\Controllers\\Enquiry.php', 2995)
 2 SYSTEMPATH\CodeIgniter.php(933): App\Controllers\Enquiry->getTourTariffDetails()
 3 SYSTEMPATH\CodeIgniter.php(509): CodeIgniter\CodeIgniter->runController(Object(App\Controllers\Enquiry))
 4 SYSTEMPATH\CodeIgniter.php(355): CodeIgniter\CodeIgniter->handleRequest(null, Object(Config\Cache), false)
 5 SYSTEMPATH\Boot.php(334): CodeIgniter\CodeIgniter->run()
 6 SYSTEMPATH\Boot.php(67): CodeIgniter\Boot::runCodeIgniter(Object(CodeIgniter\CodeIgniter))
 7 FCPATH\index.php(56): CodeIgniter\Boot::bootWeb(Object(Config\Paths))
CRITICAL - 2025-11-14 08:56:28 --> ErrorException: Undefined array key 0
[Method: POST, Route: Enquiry/getTourTariffDetails]
in APPPATH\Controllers\Enquiry.php on line 2995.
 1 APPPATH\Controllers\Enquiry.php(2995): CodeIgniter\Debug\Exceptions->errorHandler(2, 'Undefined array key 0', 'C:\\wamp64\\www\\khm\\app\\Controllers\\Enquiry.php', 2995)
 2 SYSTEMPATH\CodeIgniter.php(933): App\Controllers\Enquiry->getTourTariffDetails()
 3 SYSTEMPATH\CodeIgniter.php(509): CodeIgniter\CodeIgniter->runController(Object(App\Controllers\Enquiry))
 4 SYSTEMPATH\CodeIgniter.php(355): CodeIgniter\CodeIgniter->handleRequest(null, Object(Config\Cache), false)
 5 SYSTEMPATH\Boot.php(334): CodeIgniter\CodeIgniter->run()
 6 SYSTEMPATH\Boot.php(67): CodeIgniter\Boot::runCodeIgniter(Object(CodeIgniter\CodeIgniter))
 7 FCPATH\index.php(56): CodeIgniter\Boot::bootWeb(Object(Config\Paths))
CRITICAL - 2025-11-14 08:59:04 --> ErrorException: Undefined array key 0
[Method: POST, Route: Enquiry/getTourTariffDetails]
in APPPATH\Controllers\Enquiry.php on line 2995.
 1 APPPATH\Controllers\Enquiry.php(2995): CodeIgniter\Debug\Exceptions->errorHandler(2, 'Undefined array key 0', 'C:\\wamp64\\www\\khm\\app\\Controllers\\Enquiry.php', 2995)
 2 SYSTEMPATH\CodeIgniter.php(933): App\Controllers\Enquiry->getTourTariffDetails()
 3 SYSTEMPATH\CodeIgniter.php(509): CodeIgniter\CodeIgniter->runController(Object(App\Controllers\Enquiry))
 4 SYSTEMPATH\CodeIgniter.php(355): CodeIgniter\CodeIgniter->handleRequest(null, Object(Config\Cache), false)
 5 SYSTEMPATH\Boot.php(334): CodeIgniter\CodeIgniter->run()
 6 SYSTEMPATH\Boot.php(67): CodeIgniter\Boot::runCodeIgniter(Object(CodeIgniter\CodeIgniter))
 7 FCPATH\index.php(56): CodeIgniter\Boot::bootWeb(Object(Config\Paths))
CRITICAL - 2025-11-14 08:59:05 --> ErrorException: Undefined array key 0
[Method: POST, Route: Enquiry/getTourTariffDetails]
in APPPATH\Controllers\Enquiry.php on line 2995.
 1 APPPATH\Controllers\Enquiry.php(2995): CodeIgniter\Debug\Exceptions->errorHandler(2, 'Undefined array key 0', 'C:\\wamp64\\www\\khm\\app\\Controllers\\Enquiry.php', 2995)
 2 SYSTEMPATH\CodeIgniter.php(933): App\Controllers\Enquiry->getTourTariffDetails()
 3 SYSTEMPATH\CodeIgniter.php(509): CodeIgniter\CodeIgniter->runController(Object(App\Controllers\Enquiry))
 4 SYSTEMPATH\CodeIgniter.php(355): CodeIgniter\CodeIgniter->handleRequest(null, Object(Config\Cache), false)
 5 SYSTEMPATH\Boot.php(334): CodeIgniter\CodeIgniter->run()
 6 SYSTEMPATH\Boot.php(67): CodeIgniter\Boot::runCodeIgniter(Object(CodeIgniter\CodeIgniter))
 7 FCPATH\index.php(56): CodeIgniter\Boot::bootWeb(Object(Config\Paths))
CRITICAL - 2025-11-14 08:59:05 --> ErrorException: Undefined array key 0
[Method: POST, Route: Enquiry/getTourTariffDetails]
in APPPATH\Controllers\Enquiry.php on line 2995.
 1 APPPATH\Controllers\Enquiry.php(2995): CodeIgniter\Debug\Exceptions->errorHandler(2, 'Undefined array key 0', 'C:\\wamp64\\www\\khm\\app\\Controllers\\Enquiry.php', 2995)
 2 SYSTEMPATH\CodeIgniter.php(933): App\Controllers\Enquiry->getTourTariffDetails()
 3 SYSTEMPATH\CodeIgniter.php(509): CodeIgniter\CodeIgniter->runController(Object(App\Controllers\Enquiry))
 4 SYSTEMPATH\CodeIgniter.php(355): CodeIgniter\CodeIgniter->handleRequest(null, Object(Config\Cache), false)
 5 SYSTEMPATH\Boot.php(334): CodeIgniter\CodeIgniter->run()
 6 SYSTEMPATH\Boot.php(67): CodeIgniter\Boot::runCodeIgniter(Object(CodeIgniter\CodeIgniter))
 7 FCPATH\index.php(56): CodeIgniter\Boot::bootWeb(Object(Config\Paths))
CRITICAL - 2025-11-14 08:59:05 --> ErrorException: Undefined array key 0
[Method: POST, Route: Enquiry/getTourTariffDetails]
in APPPATH\Controllers\Enquiry.php on line 2995.
 1 APPPATH\Controllers\Enquiry.php(2995): CodeIgniter\Debug\Exceptions->errorHandler(2, 'Undefined array key 0', 'C:\\wamp64\\www\\khm\\app\\Controllers\\Enquiry.php', 2995)
 2 SYSTEMPATH\CodeIgniter.php(933): App\Controllers\Enquiry->getTourTariffDetails()
 3 SYSTEMPATH\CodeIgniter.php(509): CodeIgniter\CodeIgniter->runController(Object(App\Controllers\Enquiry))
 4 SYSTEMPATH\CodeIgniter.php(355): CodeIgniter\CodeIgniter->handleRequest(null, Object(Config\Cache), false)
 5 SYSTEMPATH\Boot.php(334): CodeIgniter\CodeIgniter->run()
 6 SYSTEMPATH\Boot.php(67): CodeIgniter\Boot::runCodeIgniter(Object(CodeIgniter\CodeIgniter))
 7 FCPATH\index.php(56): CodeIgniter\Boot::bootWeb(Object(Config\Paths))
CRITICAL - 2025-11-14 08:59:05 --> ErrorException: Undefined array key 0
[Method: POST, Route: Enquiry/getTourTariffDetails]
in APPPATH\Controllers\Enquiry.php on line 2995.
 1 APPPATH\Controllers\Enquiry.php(2995): CodeIgniter\Debug\Exceptions->errorHandler(2, 'Undefined array key 0', 'C:\\wamp64\\www\\khm\\app\\Controllers\\Enquiry.php', 2995)
 2 SYSTEMPATH\CodeIgniter.php(933): App\Controllers\Enquiry->getTourTariffDetails()
 3 SYSTEMPATH\CodeIgniter.php(509): CodeIgniter\CodeIgniter->runController(Object(App\Controllers\Enquiry))
 4 SYSTEMPATH\CodeIgniter.php(355): CodeIgniter\CodeIgniter->handleRequest(null, Object(Config\Cache), false)
 5 SYSTEMPATH\Boot.php(334): CodeIgniter\CodeIgniter->run()
 6 SYSTEMPATH\Boot.php(67): CodeIgniter\Boot::runCodeIgniter(Object(CodeIgniter\CodeIgniter))
 7 FCPATH\index.php(56): CodeIgniter\Boot::bootWeb(Object(Config\Paths))
CRITICAL - 2025-11-14 08:59:05 --> ErrorException: Undefined array key 0
[Method: POST, Route: Enquiry/getTourTariffDetails]
in APPPATH\Controllers\Enquiry.php on line 2995.
 1 APPPATH\Controllers\Enquiry.php(2995): CodeIgniter\Debug\Exceptions->errorHandler(2, 'Undefined array key 0', 'C:\\wamp64\\www\\khm\\app\\Controllers\\Enquiry.php', 2995)
 2 SYSTEMPATH\CodeIgniter.php(933): App\Controllers\Enquiry->getTourTariffDetails()
 3 SYSTEMPATH\CodeIgniter.php(509): CodeIgniter\CodeIgniter->runController(Object(App\Controllers\Enquiry))
 4 SYSTEMPATH\CodeIgniter.php(355): CodeIgniter\CodeIgniter->handleRequest(null, Object(Config\Cache), false)
 5 SYSTEMPATH\Boot.php(334): CodeIgniter\CodeIgniter->run()
 6 SYSTEMPATH\Boot.php(67): CodeIgniter\Boot::runCodeIgniter(Object(CodeIgniter\CodeIgniter))
 7 FCPATH\index.php(56): CodeIgniter\Boot::bootWeb(Object(Config\Paths))
CRITICAL - 2025-11-14 08:59:52 --> ErrorException: Undefined array key 0
[Method: POST, Route: Enquiry/getTourTariffDetails]
in APPPATH\Controllers\Enquiry.php on line 2995.
 1 APPPATH\Controllers\Enquiry.php(2995): CodeIgniter\Debug\Exceptions->errorHandler(2, 'Undefined array key 0', 'C:\\wamp64\\www\\khm\\app\\Controllers\\Enquiry.php', 2995)
 2 SYSTEMPATH\CodeIgniter.php(933): App\Controllers\Enquiry->getTourTariffDetails()
 3 SYSTEMPATH\CodeIgniter.php(509): CodeIgniter\CodeIgniter->runController(Object(App\Controllers\Enquiry))
 4 SYSTEMPATH\CodeIgniter.php(355): CodeIgniter\CodeIgniter->handleRequest(null, Object(Config\Cache), false)
 5 SYSTEMPATH\Boot.php(334): CodeIgniter\CodeIgniter->run()
 6 SYSTEMPATH\Boot.php(67): CodeIgniter\Boot::runCodeIgniter(Object(CodeIgniter\CodeIgniter))
 7 FCPATH\index.php(56): CodeIgniter\Boot::bootWeb(Object(Config\Paths))
CRITICAL - 2025-11-14 08:59:52 --> ErrorException: Undefined array key 0
[Method: POST, Route: Enquiry/getTourTariffDetails]
in APPPATH\Controllers\Enquiry.php on line 2995.
 1 APPPATH\Controllers\Enquiry.php(2995): CodeIgniter\Debug\Exceptions->errorHandler(2, 'Undefined array key 0', 'C:\\wamp64\\www\\khm\\app\\Controllers\\Enquiry.php', 2995)
 2 SYSTEMPATH\CodeIgniter.php(933): App\Controllers\Enquiry->getTourTariffDetails()
 3 SYSTEMPATH\CodeIgniter.php(509): CodeIgniter\CodeIgniter->runController(Object(App\Controllers\Enquiry))
 4 SYSTEMPATH\CodeIgniter.php(355): CodeIgniter\CodeIgniter->handleRequest(null, Object(Config\Cache), false)
 5 SYSTEMPATH\Boot.php(334): CodeIgniter\CodeIgniter->run()
 6 SYSTEMPATH\Boot.php(67): CodeIgniter\Boot::runCodeIgniter(Object(CodeIgniter\CodeIgniter))
 7 FCPATH\index.php(56): CodeIgniter\Boot::bootWeb(Object(Config\Paths))
CRITICAL - 2025-11-14 08:59:52 --> ErrorException: Undefined array key 0
[Method: POST, Route: Enquiry/getTourTariffDetails]
in APPPATH\Controllers\Enquiry.php on line 2995.
 1 APPPATH\Controllers\Enquiry.php(2995): CodeIgniter\Debug\Exceptions->errorHandler(2, 'Undefined array key 0', 'C:\\wamp64\\www\\khm\\app\\Controllers\\Enquiry.php', 2995)
 2 SYSTEMPATH\CodeIgniter.php(933): App\Controllers\Enquiry->getTourTariffDetails()
 3 SYSTEMPATH\CodeIgniter.php(509): CodeIgniter\CodeIgniter->runController(Object(App\Controllers\Enquiry))
 4 SYSTEMPATH\CodeIgniter.php(355): CodeIgniter\CodeIgniter->handleRequest(null, Object(Config\Cache), false)
 5 SYSTEMPATH\Boot.php(334): CodeIgniter\CodeIgniter->run()
 6 SYSTEMPATH\Boot.php(67): CodeIgniter\Boot::runCodeIgniter(Object(CodeIgniter\CodeIgniter))
 7 FCPATH\index.php(56): CodeIgniter\Boot::bootWeb(Object(Config\Paths))
CRITICAL - 2025-11-14 08:59:52 --> ErrorException: Undefined array key 0
[Method: POST, Route: Enquiry/getTourTariffDetails]
in APPPATH\Controllers\Enquiry.php on line 2995.
 1 APPPATH\Controllers\Enquiry.php(2995): CodeIgniter\Debug\Exceptions->errorHandler(2, 'Undefined array key 0', 'C:\\wamp64\\www\\khm\\app\\Controllers\\Enquiry.php', 2995)
 2 SYSTEMPATH\CodeIgniter.php(933): App\Controllers\Enquiry->getTourTariffDetails()
 3 SYSTEMPATH\CodeIgniter.php(509): CodeIgniter\CodeIgniter->runController(Object(App\Controllers\Enquiry))
 4 SYSTEMPATH\CodeIgniter.php(355): CodeIgniter\CodeIgniter->handleRequest(null, Object(Config\Cache), false)
 5 SYSTEMPATH\Boot.php(334): CodeIgniter\CodeIgniter->run()
 6 SYSTEMPATH\Boot.php(67): CodeIgniter\Boot::runCodeIgniter(Object(CodeIgniter\CodeIgniter))
 7 FCPATH\index.php(56): CodeIgniter\Boot::bootWeb(Object(Config\Paths))
CRITICAL - 2025-11-14 08:59:53 --> ErrorException: Undefined array key 0
[Method: POST, Route: Enquiry/getTourTariffDetails]
in APPPATH\Controllers\Enquiry.php on line 2995.
 1 APPPATH\Controllers\Enquiry.php(2995): CodeIgniter\Debug\Exceptions->errorHandler(2, 'Undefined array key 0', 'C:\\wamp64\\www\\khm\\app\\Controllers\\Enquiry.php', 2995)
 2 SYSTEMPATH\CodeIgniter.php(933): App\Controllers\Enquiry->getTourTariffDetails()
 3 SYSTEMPATH\CodeIgniter.php(509): CodeIgniter\CodeIgniter->runController(Object(App\Controllers\Enquiry))
 4 SYSTEMPATH\CodeIgniter.php(355): CodeIgniter\CodeIgniter->handleRequest(null, Object(Config\Cache), false)
 5 SYSTEMPATH\Boot.php(334): CodeIgniter\CodeIgniter->run()
 6 SYSTEMPATH\Boot.php(67): CodeIgniter\Boot::runCodeIgniter(Object(CodeIgniter\CodeIgniter))
 7 FCPATH\index.php(56): CodeIgniter\Boot::bootWeb(Object(Config\Paths))
CRITICAL - 2025-11-14 08:59:53 --> ErrorException: Undefined array key 0
[Method: POST, Route: Enquiry/getTourTariffDetails]
in APPPATH\Controllers\Enquiry.php on line 2995.
 1 APPPATH\Controllers\Enquiry.php(2995): CodeIgniter\Debug\Exceptions->errorHandler(2, 'Undefined array key 0', 'C:\\wamp64\\www\\khm\\app\\Controllers\\Enquiry.php', 2995)
 2 SYSTEMPATH\CodeIgniter.php(933): App\Controllers\Enquiry->getTourTariffDetails()
 3 SYSTEMPATH\CodeIgniter.php(509): CodeIgniter\CodeIgniter->runController(Object(App\Controllers\Enquiry))
 4 SYSTEMPATH\CodeIgniter.php(355): CodeIgniter\CodeIgniter->handleRequest(null, Object(Config\Cache), false)
 5 SYSTEMPATH\Boot.php(334): CodeIgniter\CodeIgniter->run()
 6 SYSTEMPATH\Boot.php(67): CodeIgniter\Boot::runCodeIgniter(Object(CodeIgniter\CodeIgniter))
 7 FCPATH\index.php(56): CodeIgniter\Boot::bootWeb(Object(Config\Paths))
CRITICAL - 2025-11-14 09:02:10 --> ErrorException: Undefined array key 0
[Method: POST, Route: Enquiry/getTourTariffDetails]
in APPPATH\Controllers\Enquiry.php on line 2995.
 1 APPPATH\Controllers\Enquiry.php(2995): CodeIgniter\Debug\Exceptions->errorHandler(2, 'Undefined array key 0', 'C:\\wamp64\\www\\khm\\app\\Controllers\\Enquiry.php', 2995)
 2 SYSTEMPATH\CodeIgniter.php(933): App\Controllers\Enquiry->getTourTariffDetails()
 3 SYSTEMPATH\CodeIgniter.php(509): CodeIgniter\CodeIgniter->runController(Object(App\Controllers\Enquiry))
 4 SYSTEMPATH\CodeIgniter.php(355): CodeIgniter\CodeIgniter->handleRequest(null, Object(Config\Cache), false)
 5 SYSTEMPATH\Boot.php(334): CodeIgniter\CodeIgniter->run()
 6 SYSTEMPATH\Boot.php(67): CodeIgniter\Boot::runCodeIgniter(Object(CodeIgniter\CodeIgniter))
 7 FCPATH\index.php(56): CodeIgniter\Boot::bootWeb(Object(Config\Paths))
CRITICAL - 2025-11-14 09:02:10 --> ErrorException: Undefined array key 0
[Method: POST, Route: Enquiry/getTourTariffDetails]
in APPPATH\Controllers\Enquiry.php on line 2995.
 1 APPPATH\Controllers\Enquiry.php(2995): CodeIgniter\Debug\Exceptions->errorHandler(2, 'Undefined array key 0', 'C:\\wamp64\\www\\khm\\app\\Controllers\\Enquiry.php', 2995)
 2 SYSTEMPATH\CodeIgniter.php(933): App\Controllers\Enquiry->getTourTariffDetails()
 3 SYSTEMPATH\CodeIgniter.php(509): CodeIgniter\CodeIgniter->runController(Object(App\Controllers\Enquiry))
 4 SYSTEMPATH\CodeIgniter.php(355): CodeIgniter\CodeIgniter->handleRequest(null, Object(Config\Cache), false)
 5 SYSTEMPATH\Boot.php(334): CodeIgniter\CodeIgniter->run()
 6 SYSTEMPATH\Boot.php(67): CodeIgniter\Boot::runCodeIgniter(Object(CodeIgniter\CodeIgniter))
 7 FCPATH\index.php(56): CodeIgniter\Boot::bootWeb(Object(Config\Paths))
CRITICAL - 2025-11-14 09:02:10 --> ErrorException: Undefined array key 0
[Method: POST, Route: Enquiry/getTourTariffDetails]
in APPPATH\Controllers\Enquiry.php on line 2995.
 1 APPPATH\Controllers\Enquiry.php(2995): CodeIgniter\Debug\Exceptions->errorHandler(2, 'Undefined array key 0', 'C:\\wamp64\\www\\khm\\app\\Controllers\\Enquiry.php', 2995)
 2 SYSTEMPATH\CodeIgniter.php(933): App\Controllers\Enquiry->getTourTariffDetails()
 3 SYSTEMPATH\CodeIgniter.php(509): CodeIgniter\CodeIgniter->runController(Object(App\Controllers\Enquiry))
 4 SYSTEMPATH\CodeIgniter.php(355): CodeIgniter\CodeIgniter->handleRequest(null, Object(Config\Cache), false)
 5 SYSTEMPATH\Boot.php(334): CodeIgniter\CodeIgniter->run()
 6 SYSTEMPATH\Boot.php(67): CodeIgniter\Boot::runCodeIgniter(Object(CodeIgniter\CodeIgniter))
 7 FCPATH\index.php(56): CodeIgniter\Boot::bootWeb(Object(Config\Paths))
CRITICAL - 2025-11-14 09:02:10 --> ErrorException: Undefined array key 0
[Method: POST, Route: Enquiry/getTourTariffDetails]
in APPPATH\Controllers\Enquiry.php on line 2995.
 1 APPPATH\Controllers\Enquiry.php(2995): CodeIgniter\Debug\Exceptions->errorHandler(2, 'Undefined array key 0', 'C:\\wamp64\\www\\khm\\app\\Controllers\\Enquiry.php', 2995)
 2 SYSTEMPATH\CodeIgniter.php(933): App\Controllers\Enquiry->getTourTariffDetails()
 3 SYSTEMPATH\CodeIgniter.php(509): CodeIgniter\CodeIgniter->runController(Object(App\Controllers\Enquiry))
 4 SYSTEMPATH\CodeIgniter.php(355): CodeIgniter\CodeIgniter->handleRequest(null, Object(Config\Cache), false)
 5 SYSTEMPATH\Boot.php(334): CodeIgniter\CodeIgniter->run()
 6 SYSTEMPATH\Boot.php(67): CodeIgniter\Boot::runCodeIgniter(Object(CodeIgniter\CodeIgniter))
 7 FCPATH\index.php(56): CodeIgniter\Boot::bootWeb(Object(Config\Paths))
CRITICAL - 2025-11-14 09:02:11 --> ErrorException: Undefined array key 0
[Method: POST, Route: Enquiry/getTourTariffDetails]
in APPPATH\Controllers\Enquiry.php on line 2995.
 1 APPPATH\Controllers\Enquiry.php(2995): CodeIgniter\Debug\Exceptions->errorHandler(2, 'Undefined array key 0', 'C:\\wamp64\\www\\khm\\app\\Controllers\\Enquiry.php', 2995)
 2 SYSTEMPATH\CodeIgniter.php(933): App\Controllers\Enquiry->getTourTariffDetails()
 3 SYSTEMPATH\CodeIgniter.php(509): CodeIgniter\CodeIgniter->runController(Object(App\Controllers\Enquiry))
 4 SYSTEMPATH\CodeIgniter.php(355): CodeIgniter\CodeIgniter->handleRequest(null, Object(Config\Cache), false)
 5 SYSTEMPATH\Boot.php(334): CodeIgniter\CodeIgniter->run()
 6 SYSTEMPATH\Boot.php(67): CodeIgniter\Boot::runCodeIgniter(Object(CodeIgniter\CodeIgniter))
 7 FCPATH\index.php(56): CodeIgniter\Boot::bootWeb(Object(Config\Paths))
CRITICAL - 2025-11-14 09:02:11 --> ErrorException: Undefined array key 0
[Method: POST, Route: Enquiry/getTourTariffDetails]
in APPPATH\Controllers\Enquiry.php on line 2995.
 1 APPPATH\Controllers\Enquiry.php(2995): CodeIgniter\Debug\Exceptions->errorHandler(2, 'Undefined array key 0', 'C:\\wamp64\\www\\khm\\app\\Controllers\\Enquiry.php', 2995)
 2 SYSTEMPATH\CodeIgniter.php(933): App\Controllers\Enquiry->getTourTariffDetails()
 3 SYSTEMPATH\CodeIgniter.php(509): CodeIgniter\CodeIgniter->runController(Object(App\Controllers\Enquiry))
 4 SYSTEMPATH\CodeIgniter.php(355): CodeIgniter\CodeIgniter->handleRequest(null, Object(Config\Cache), false)
 5 SYSTEMPATH\Boot.php(334): CodeIgniter\CodeIgniter->run()
 6 SYSTEMPATH\Boot.php(67): CodeIgniter\Boot::runCodeIgniter(Object(CodeIgniter\CodeIgniter))
 7 FCPATH\index.php(56): CodeIgniter\Boot::bootWeb(Object(Config\Paths))
ERROR - 2025-11-14 14:33:03 --> Email: Unable to send email using SMTP. Your server might not be configured to send mail using this method.
ERROR - 2025-11-14 14:33:03 --> 220 smtp.gmail.com ESMTP 98e67ed59e1d1-343ed4adbc0sm4929806a91.3 - gsmtp

hello: 250-smtp.gmail.com at your service, [103.38.15.23]
250-SIZE 35882577
250-8BITMIME
250-AUTH LOGIN PLAIN XOAUTH2 PLAIN-CLIENTTOKEN OAUTHBEARER XOAUTH
250-ENHANCEDSTATUSCODES
250-PIPELINING
250-CHUNKING
250 SMTPUTF8

Failed to authenticate password. Error: 535-5.7.8 Username and Password not accepted. For more information, go to
535 5.7.8  https://support.google.com/mail/?p=BadCredentials 98e67ed59e1d1-343ed4adbc0sm4929806a91.3 - gsmtp

ERROR - 2025-11-14 14:34:36 --> Email: Unable to send email using SMTP. Your server might not be configured to send mail using this method.
ERROR - 2025-11-14 14:34:36 --> 220 smtp.gmail.com ESMTP d9443c01a7336-2986a60b116sm16946425ad.79 - gsmtp

hello: 250-smtp.gmail.com at your service, [103.38.15.23]
250-SIZE 35882577
250-8BITMIME
250-AUTH LOGIN PLAIN XOAUTH2 PLAIN-CLIENTTOKEN OAUTHBEARER XOAUTH
250-ENHANCEDSTATUSCODES
250-PIPELINING
250-CHUNKING
250 SMTPUTF8

Failed to authenticate password. Error: 535-5.7.8 Username and Password not accepted. For more information, go to
535 5.7.8  https://support.google.com/mail/?p=BadCredentials d9443c01a7336-2986a60b116sm16946425ad.79 - gsmtp

ERROR - 2025-11-14 15:12:24 --> Email: Unable to send email using SMTP. Your server might not be configured to send mail using this method.
ERROR - 2025-11-14 15:12:24 --> 220 smtp.gmail.com ESMTP d9443c01a7336-2985c245fa1sm49681345ad.36 - gsmtp

hello: 250-smtp.gmail.com at your service, [103.38.15.23]
250-SIZE 35882577
250-8BITMIME
250-AUTH LOGIN PLAIN XOAUTH2 PLAIN-CLIENTTOKEN OAUTHBEARER XOAUTH
250-ENHANCEDSTATUSCODES
250-PIPELINING
250-CHUNKING
250 SMTPUTF8

Failed to authenticate password. Error: 535-5.7.8 Username and Password not accepted. For more information, go to
535 5.7.8  https://support.google.com/mail/?p=BadCredentials d9443c01a7336-2985c245fa1sm49681345ad.36 - gsmtp

ERROR - 2025-11-14 15:13:45 --> Email: Unable to send email using SMTP. Your server might not be configured to send mail using this method.
ERROR - 2025-11-14 15:13:45 --> 220 smtp.gmail.com ESMTP d2e1a72fcca58-7b92782621fsm4638352b3a.51 - gsmtp

hello: 250-smtp.gmail.com at your service, [103.38.15.23]
250-SIZE 35882577
250-8BITMIME
250-AUTH LOGIN PLAIN XOAUTH2 PLAIN-CLIENTTOKEN OAUTHBEARER XOAUTH
250-ENHANCEDSTATUSCODES
250-PIPELINING
250-CHUNKING
250 SMTPUTF8

Failed to authenticate password. Error: 535-5.7.8 Username and Password not accepted. For more information, go to
535 5.7.8  https://support.google.com/mail/?p=BadCredentials d2e1a72fcca58-7b92782621fsm4638352b3a.51 - gsmtp

ERROR - 2025-11-14 15:32:53 --> Email: Unable to send email using SMTP. Your server might not be configured to send mail using this method.
ERROR - 2025-11-14 15:32:53 --> 220 smtp.gmail.com ESMTP d9443c01a7336-2985c234870sm50248685ad.12 - gsmtp

hello: 250-smtp.gmail.com at your service, [103.38.15.23]
250-SIZE 35882577
250-8BITMIME
250-AUTH LOGIN PLAIN XOAUTH2 PLAIN-CLIENTTOKEN OAUTHBEARER XOAUTH
250-ENHANCEDSTATUSCODES
250-PIPELINING
250-CHUNKING
250 SMTPUTF8

Failed to authenticate password. Error: 535-5.7.8 Username and Password not accepted. For more information, go to
535 5.7.8  https://support.google.com/mail/?p=BadCredentials d9443c01a7336-2985c234870sm50248685ad.12 - gsmtp

ERROR - 2025-11-14 15:34:08 --> Email: Unable to send email using SMTP. Your server might not be configured to send mail using this method.
ERROR - 2025-11-14 15:34:08 --> 220 smtp.gmail.com ESMTP 98e67ed59e1d1-343e06fcefasm8673040a91.4 - gsmtp

hello: 250-smtp.gmail.com at your service, [103.38.15.23]
250-SIZE 35882577
250-8BITMIME
250-AUTH LOGIN PLAIN XOAUTH2 PLAIN-CLIENTTOKEN OAUTHBEARER XOAUTH
250-ENHANCEDSTATUSCODES
250-PIPELINING
250-CHUNKING
250 SMTPUTF8

Failed to authenticate password. Error: 535-5.7.8 Username and Password not accepted. For more information, go to
535 5.7.8  https://support.google.com/mail/?p=BadCredentials 98e67ed59e1d1-343e06fcefasm8673040a91.4 - gsmtp

ERROR - 2025-11-14 15:42:17 --> Email: Unable to send email using SMTP. Your server might not be configured to send mail using this method.
ERROR - 2025-11-14 15:42:17 --> 220 smtp.gmail.com ESMTP d9443c01a7336-2985c2c0fe8sm51252815ad.80 - gsmtp

hello: 250-smtp.gmail.com at your service, [103.38.15.23]
250-SIZE 35882577
250-8BITMIME
250-AUTH LOGIN PLAIN XOAUTH2 PLAIN-CLIENTTOKEN OAUTHBEARER XOAUTH
250-ENHANCEDSTATUSCODES
250-PIPELINING
250-CHUNKING
250 SMTPUTF8

Failed to authenticate password. Error: 535-5.7.8 Username and Password not accepted. For more information, go to
535 5.7.8  https://support.google.com/mail/?p=BadCredentials d9443c01a7336-2985c2c0fe8sm51252815ad.80 - gsmtp

ERROR - 2025-11-14 15:43:33 --> Email: Unable to send email using SMTP. Your server might not be configured to send mail using this method.
ERROR - 2025-11-14 15:43:33 --> 220 smtp.gmail.com ESMTP 41be03b00d2f7-bc37517864asm4352450a12.17 - gsmtp

hello: 250-smtp.gmail.com at your service, [103.38.15.23]
250-SIZE 35882577
250-8BITMIME
250-AUTH LOGIN PLAIN XOAUTH2 PLAIN-CLIENTTOKEN OAUTHBEARER XOAUTH
250-ENHANCEDSTATUSCODES
250-PIPELINING
250-CHUNKING
250 SMTPUTF8

Failed to authenticate password. Error: 535-5.7.8 Username and Password not accepted. For more information, go to
535 5.7.8  https://support.google.com/mail/?p=BadCredentials 41be03b00d2f7-bc37517864asm4352450a12.17 - gsmtp

ERROR - 2025-11-14 15:59:32 --> Email: Unable to send email using SMTP. Your server might not be configured to send mail using this method.
ERROR - 2025-11-14 15:59:32 --> 220 smtp.gmail.com ESMTP 41be03b00d2f7-bc3761d0109sm4439840a12.27 - gsmtp

hello: 250-smtp.gmail.com at your service, [103.38.15.23]
250-SIZE 35882577
250-8BITMIME
250-AUTH LOGIN PLAIN XOAUTH2 PLAIN-CLIENTTOKEN OAUTHBEARER XOAUTH
250-ENHANCEDSTATUSCODES
250-PIPELINING
250-CHUNKING
250 SMTPUTF8

Failed to authenticate password. Error: 535-5.7.8 Username and Password not accepted. For more information, go to
535 5.7.8  https://support.google.com/mail/?p=BadCredentials 41be03b00d2f7-bc3761d0109sm4439840a12.27 - gsmtp

ERROR - 2025-11-14 16:45:32 --> Email: Unable to send email using SMTP. Your server might not be configured to send mail using this method.
ERROR - 2025-11-14 16:45:32 --> 220 smtp.gmail.com ESMTP 41be03b00d2f7-bc375081bf8sm4575190a12.24 - gsmtp

hello: 250-smtp.gmail.com at your service, [103.38.15.23]
250-SIZE 35882577
250-8BITMIME
250-AUTH LOGIN PLAIN XOAUTH2 PLAIN-CLIENTTOKEN OAUTHBEARER XOAUTH
250-ENHANCEDSTATUSCODES
250-PIPELINING
250-CHUNKING
250 SMTPUTF8

Failed to authenticate password. Error: 535-5.7.8 Username and Password not accepted. For more information, go to
535 5.7.8  https://support.google.com/mail/?p=BadCredentials 41be03b00d2f7-bc375081bf8sm4575190a12.24 - gsmtp

ERROR - 2025-11-14 17:11:49 --> Email: Unable to send email using SMTP. Your server might not be configured to send mail using this method.
ERROR - 2025-11-14 17:11:49 --> 220 smtp.gmail.com ESMTP d9443c01a7336-2985c234870sm52969475ad.12 - gsmtp

hello: 250-smtp.gmail.com at your service, [103.38.15.23]
250-SIZE 35882577
250-8BITMIME
250-AUTH LOGIN PLAIN XOAUTH2 PLAIN-CLIENTTOKEN OAUTHBEARER XOAUTH
250-ENHANCEDSTATUSCODES
250-PIPELINING
250-CHUNKING
250 SMTPUTF8

Failed to authenticate password. Error: 535-5.7.8 Username and Password not accepted. For more information, go to
535 5.7.8  https://support.google.com/mail/?p=BadCredentials d9443c01a7336-2985c234870sm52969475ad.12 - gsmtp

