CRITICAL - 2025-11-02 04:02:39 --> ErrorException: Undefined array key 0
[Method: GET, Route: Dashboard/add_object/assets/plugins/bootstrap-colorpicker/bootstrap-colorpicker.min.css]
in APPPATH\Controllers\Dashboard.php on line 1288.
 1 APPPATH\Controllers\Dashboard.php(1288): CodeIgniter\Debug\Exceptions->errorHandler(2, 'Undefined array key 0', 'C:\\wamp64\\www\\khm\\app\\Controllers\\Dashboard.php', 1288)
 2 SYSTEMPATH\CodeIgniter.php(933): App\Controllers\Dashboard->add_object('assets', 'plugins', 'bootstrap-colorpicker', 'bootstrap-colorpicker.min.css')
 3 SYSTEMPATH\CodeIgniter.php(509): CodeIgniter\CodeIgniter->runController(Object(App\Controllers\Dashboard))
 4 SYSTEMPATH\CodeIgniter.php(355): CodeIgniter\CodeIgniter->handleRequest(null, Object(Config\Cache), false)
 5 SYSTEMPATH\Boot.php(334): CodeIgniter\CodeIgniter->run()
 6 SYSTEMPATH\Boot.php(67): CodeIgniter\Boot::runCodeIgniter(Object(CodeIgniter\CodeIgniter))
 7 FCPATH\index.php(56): CodeIgniter\Boot::bootWeb(Object(Config\Paths))
CRITICAL - 2025-11-02 04:02:39 --> ErrorException: Undefined array key 0
[Method: GET, Route: Dashboard/add_object/assets/plugins/time-picker/jquery.timepicker.css]
in APPPATH\Controllers\Dashboard.php on line 1288.
 1 APPPATH\Controllers\Dashboard.php(1288): CodeIgniter\Debug\Exceptions->errorHandler(2, 'Undefined array key 0', 'C:\\wamp64\\www\\khm\\app\\Controllers\\Dashboard.php', 1288)
 2 SYSTEMPATH\CodeIgniter.php(933): App\Controllers\Dashboard->add_object('assets', 'plugins', 'time-picker', 'jquery.timepicker.css')
 3 SYSTEMPATH\CodeIgniter.php(509): CodeIgniter\CodeIgniter->runController(Object(App\Controllers\Dashboard))
 4 SYSTEMPATH\CodeIgniter.php(355): CodeIgniter\CodeIgniter->handleRequest(null, Object(Config\Cache), false)
 5 SYSTEMPATH\Boot.php(334): CodeIgniter\CodeIgniter->run()
 6 SYSTEMPATH\Boot.php(67): CodeIgniter\Boot::runCodeIgniter(Object(CodeIgniter\CodeIgniter))
 7 FCPATH\index.php(56): CodeIgniter\Boot::bootWeb(Object(Config\Paths))
CRITICAL - 2025-11-02 04:02:39 --> ErrorException: Undefined array key 0
[Method: GET, Route: Dashboard/add_object/assets/plugins/select2/select2.min.css]
in APPPATH\Controllers\Dashboard.php on line 1288.
 1 APPPATH\Controllers\Dashboard.php(1288): CodeIgniter\Debug\Exceptions->errorHandler(2, 'Undefined array key 0', 'C:\\wamp64\\www\\khm\\app\\Controllers\\Dashboard.php', 1288)
 2 SYSTEMPATH\CodeIgniter.php(933): App\Controllers\Dashboard->add_object('assets', 'plugins', 'select2', 'select2.min.css')
 3 SYSTEMPATH\CodeIgniter.php(509): CodeIgniter\CodeIgniter->runController(Object(App\Controllers\Dashboard))
 4 SYSTEMPATH\CodeIgniter.php(355): CodeIgniter\CodeIgniter->handleRequest(null, Object(Config\Cache), false)
 5 SYSTEMPATH\Boot.php(334): CodeIgniter\CodeIgniter->run()
 6 SYSTEMPATH\Boot.php(67): CodeIgniter\Boot::runCodeIgniter(Object(CodeIgniter\CodeIgniter))
 7 FCPATH\index.php(56): CodeIgniter\Boot::bootWeb(Object(Config\Paths))
CRITICAL - 2025-11-02 04:02:39 --> ErrorException: Undefined array key 0
[Method: GET, Route: Dashboard/add_object/assets/plugins/datatable/dataTables.bootstrap4.min.css]
in APPPATH\Controllers\Dashboard.php on line 1288.
 1 APPPATH\Controllers\Dashboard.php(1288): CodeIgniter\Debug\Exceptions->errorHandler(2, 'Undefined array key 0', 'C:\\wamp64\\www\\khm\\app\\Controllers\\Dashboard.php', 1288)
 2 SYSTEMPATH\CodeIgniter.php(933): App\Controllers\Dashboard->add_object('assets', 'plugins', 'datatable', 'dataTables.bootstrap4.min.css')
 3 SYSTEMPATH\CodeIgniter.php(509): CodeIgniter\CodeIgniter->runController(Object(App\Controllers\Dashboard))
 4 SYSTEMPATH\CodeIgniter.php(355): CodeIgniter\CodeIgniter->handleRequest(null, Object(Config\Cache), false)
 5 SYSTEMPATH\Boot.php(334): CodeIgniter\CodeIgniter->run()
 6 SYSTEMPATH\Boot.php(67): CodeIgniter\Boot::runCodeIgniter(Object(CodeIgniter\CodeIgniter))
 7 FCPATH\index.php(56): CodeIgniter\Boot::bootWeb(Object(Config\Paths))
CRITICAL - 2025-11-02 04:02:39 --> ErrorException: Undefined array key 0
[Method: GET, Route: Dashboard/add_object/assets/plugins/date-picker/date-picker.css]
in APPPATH\Controllers\Dashboard.php on line 1288.
 1 APPPATH\Controllers\Dashboard.php(1288): CodeIgniter\Debug\Exceptions->errorHandler(2, 'Undefined array key 0', 'C:\\wamp64\\www\\khm\\app\\Controllers\\Dashboard.php', 1288)
 2 SYSTEMPATH\CodeIgniter.php(933): App\Controllers\Dashboard->add_object('assets', 'plugins', 'date-picker', 'date-picker.css')
 3 SYSTEMPATH\CodeIgniter.php(509): CodeIgniter\CodeIgniter->runController(Object(App\Controllers\Dashboard))
 4 SYSTEMPATH\CodeIgniter.php(355): CodeIgniter\CodeIgniter->handleRequest(null, Object(Config\Cache), false)
 5 SYSTEMPATH\Boot.php(334): CodeIgniter\CodeIgniter->run()
 6 SYSTEMPATH\Boot.php(67): CodeIgniter\Boot::runCodeIgniter(Object(CodeIgniter\CodeIgniter))
 7 FCPATH\index.php(56): CodeIgniter\Boot::bootWeb(Object(Config\Paths))
CRITICAL - 2025-11-02 04:02:39 --> ErrorException: Undefined array key 0
[Method: GET, Route: Dashboard/add_object/assets/plugins/sidemenu-responsive-tabs/css/sidemenu-responsive-tabs.css]
in APPPATH\Controllers\Dashboard.php on line 1288.
 1 APPPATH\Controllers\Dashboard.php(1288): CodeIgniter\Debug\Exceptions->errorHandler(2, 'Undefined array key 0', 'C:\\wamp64\\www\\khm\\app\\Controllers\\Dashboard.php', 1288)
 2 SYSTEMPATH\CodeIgniter.php(933): App\Controllers\Dashboard->add_object('assets', 'plugins', 'sidemenu-responsive-tabs', 'css', 'sidemenu-responsive-tabs.css')
 3 SYSTEMPATH\CodeIgniter.php(509): CodeIgniter\CodeIgniter->runController(Object(App\Controllers\Dashboard))
 4 SYSTEMPATH\CodeIgniter.php(355): CodeIgniter\CodeIgniter->handleRequest(null, Object(Config\Cache), false)
 5 SYSTEMPATH\Boot.php(334): CodeIgniter\CodeIgniter->run()
 6 SYSTEMPATH\Boot.php(67): CodeIgniter\Boot::runCodeIgniter(Object(CodeIgniter\CodeIgniter))
 7 FCPATH\index.php(56): CodeIgniter\Boot::bootWeb(Object(Config\Paths))
CRITICAL - 2025-11-02 04:02:39 --> ErrorException: Undefined array key 0
[Method: GET, Route: Dashboard/add_object/assets/plugins/multipleselect/multiple-select.css]
in APPPATH\Controllers\Dashboard.php on line 1288.
 1 APPPATH\Controllers\Dashboard.php(1288): CodeIgniter\Debug\Exceptions->errorHandler(2, 'Undefined array key 0', 'C:\\wamp64\\www\\khm\\app\\Controllers\\Dashboard.php', 1288)
 2 SYSTEMPATH\CodeIgniter.php(933): App\Controllers\Dashboard->add_object('assets', 'plugins', 'multipleselect', 'multiple-select.css')
 3 SYSTEMPATH\CodeIgniter.php(509): CodeIgniter\CodeIgniter->runController(Object(App\Controllers\Dashboard))
 4 SYSTEMPATH\CodeIgniter.php(355): CodeIgniter\CodeIgniter->handleRequest(null, Object(Config\Cache), false)
 5 SYSTEMPATH\Boot.php(334): CodeIgniter\CodeIgniter->run()
 6 SYSTEMPATH\Boot.php(67): CodeIgniter\Boot::runCodeIgniter(Object(CodeIgniter\CodeIgniter))
 7 FCPATH\index.php(56): CodeIgniter\Boot::bootWeb(Object(Config\Paths))
CRITICAL - 2025-11-02 04:02:39 --> ErrorException: Undefined array key 0
[Method: GET, Route: Dashboard/add_object/assets/plugins/fileuploads/css/dropify.css]
in APPPATH\Controllers\Dashboard.php on line 1288.
 1 APPPATH\Controllers\Dashboard.php(1288): CodeIgniter\Debug\Exceptions->errorHandler(2, 'Undefined array key 0', 'C:\\wamp64\\www\\khm\\app\\Controllers\\Dashboard.php', 1288)
 2 SYSTEMPATH\CodeIgniter.php(933): App\Controllers\Dashboard->add_object('assets', 'plugins', 'fileuploads', 'css', 'dropify.css')
 3 SYSTEMPATH\CodeIgniter.php(509): CodeIgniter\CodeIgniter->runController(Object(App\Controllers\Dashboard))
 4 SYSTEMPATH\CodeIgniter.php(355): CodeIgniter\CodeIgniter->handleRequest(null, Object(Config\Cache), false)
 5 SYSTEMPATH\Boot.php(334): CodeIgniter\CodeIgniter->run()
 6 SYSTEMPATH\Boot.php(67): CodeIgniter\Boot::runCodeIgniter(Object(CodeIgniter\CodeIgniter))
 7 FCPATH\index.php(56): CodeIgniter\Boot::bootWeb(Object(Config\Paths))
CRITICAL - 2025-11-02 04:02:39 --> ErrorException: Undefined array key 0
[Method: GET, Route: Dashboard/add_object/assets/plugins/jquery-nice-select/css/nice-select.css]
in APPPATH\Controllers\Dashboard.php on line 1288.
 1 APPPATH\Controllers\Dashboard.php(1288): CodeIgniter\Debug\Exceptions->errorHandler(2, 'Undefined array key 0', 'C:\\wamp64\\www\\khm\\app\\Controllers\\Dashboard.php', 1288)
 2 SYSTEMPATH\CodeIgniter.php(933): App\Controllers\Dashboard->add_object('assets', 'plugins', 'jquery-nice-select', 'css', 'nice-select.css')
 3 SYSTEMPATH\CodeIgniter.php(509): CodeIgniter\CodeIgniter->runController(Object(App\Controllers\Dashboard))
 4 SYSTEMPATH\CodeIgniter.php(355): CodeIgniter\CodeIgniter->handleRequest(null, Object(Config\Cache), false)
 5 SYSTEMPATH\Boot.php(334): CodeIgniter\CodeIgniter->run()
 6 SYSTEMPATH\Boot.php(67): CodeIgniter\Boot::runCodeIgniter(Object(CodeIgniter\CodeIgniter))
 7 FCPATH\index.php(56): CodeIgniter\Boot::bootWeb(Object(Config\Paths))
CRITICAL - 2025-11-02 04:02:39 --> ErrorException: Undefined array key 0
[Method: GET, Route: Dashboard/add_object/assets/plugins/datatable/jquery.dataTables.min.js]
in APPPATH\Controllers\Dashboard.php on line 1288.
 1 APPPATH\Controllers\Dashboard.php(1288): CodeIgniter\Debug\Exceptions->errorHandler(2, 'Undefined array key 0', 'C:\\wamp64\\www\\khm\\app\\Controllers\\Dashboard.php', 1288)
 2 SYSTEMPATH\CodeIgniter.php(933): App\Controllers\Dashboard->add_object('assets', 'plugins', 'datatable', 'jquery.dataTables.min.js')
 3 SYSTEMPATH\CodeIgniter.php(509): CodeIgniter\CodeIgniter->runController(Object(App\Controllers\Dashboard))
 4 SYSTEMPATH\CodeIgniter.php(355): CodeIgniter\CodeIgniter->handleRequest(null, Object(Config\Cache), false)
 5 SYSTEMPATH\Boot.php(334): CodeIgniter\CodeIgniter->run()
 6 SYSTEMPATH\Boot.php(67): CodeIgniter\Boot::runCodeIgniter(Object(CodeIgniter\CodeIgniter))
 7 FCPATH\index.php(56): CodeIgniter\Boot::bootWeb(Object(Config\Paths))
CRITICAL - 2025-11-02 04:02:39 --> ErrorException: Undefined array key 0
[Method: GET, Route: Dashboard/add_object/assets/plugins/datatable/dataTables.bootstrap4.min.js]
in APPPATH\Controllers\Dashboard.php on line 1288.
 1 APPPATH\Controllers\Dashboard.php(1288): CodeIgniter\Debug\Exceptions->errorHandler(2, 'Undefined array key 0', 'C:\\wamp64\\www\\khm\\app\\Controllers\\Dashboard.php', 1288)
 2 SYSTEMPATH\CodeIgniter.php(933): App\Controllers\Dashboard->add_object('assets', 'plugins', 'datatable', 'dataTables.bootstrap4.min.js')
 3 SYSTEMPATH\CodeIgniter.php(509): CodeIgniter\CodeIgniter->runController(Object(App\Controllers\Dashboard))
 4 SYSTEMPATH\CodeIgniter.php(355): CodeIgniter\CodeIgniter->handleRequest(null, Object(Config\Cache), false)
 5 SYSTEMPATH\Boot.php(334): CodeIgniter\CodeIgniter->run()
 6 SYSTEMPATH\Boot.php(67): CodeIgniter\Boot::runCodeIgniter(Object(CodeIgniter\CodeIgniter))
 7 FCPATH\index.php(56): CodeIgniter\Boot::bootWeb(Object(Config\Paths))
CRITICAL - 2025-11-02 04:02:39 --> ErrorException: Undefined array key 0
[Method: GET, Route: Dashboard/add_object/assets/plugins/datatable/datatable.js]
in APPPATH\Controllers\Dashboard.php on line 1288.
 1 APPPATH\Controllers\Dashboard.php(1288): CodeIgniter\Debug\Exceptions->errorHandler(2, 'Undefined array key 0', 'C:\\wamp64\\www\\khm\\app\\Controllers\\Dashboard.php', 1288)
 2 SYSTEMPATH\CodeIgniter.php(933): App\Controllers\Dashboard->add_object('assets', 'plugins', 'datatable', 'datatable.js')
 3 SYSTEMPATH\CodeIgniter.php(509): CodeIgniter\CodeIgniter->runController(Object(App\Controllers\Dashboard))
 4 SYSTEMPATH\CodeIgniter.php(355): CodeIgniter\CodeIgniter->handleRequest(null, Object(Config\Cache), false)
 5 SYSTEMPATH\Boot.php(334): CodeIgniter\CodeIgniter->run()
 6 SYSTEMPATH\Boot.php(67): CodeIgniter\Boot::runCodeIgniter(Object(CodeIgniter\CodeIgniter))
 7 FCPATH\index.php(56): CodeIgniter\Boot::bootWeb(Object(Config\Paths))
ERROR - 2025-11-02 18:40:40 --> Email: Unable to send email using SMTP. Your server might not be configured to send mail using this method.
ERROR - 2025-11-02 18:40:40 --> 220 smtp.gmail.com ESMTP 98e67ed59e1d1-340924a0d17sm7902638a91.2 - gsmtp

hello: 250-smtp.gmail.com at your service, [2409:40f3:15:fcb8:bc7a:6fde:54f0:59c9]
250-SIZE 35882577
250-8BITMIME
250-AUTH LOGIN PLAIN XOAUTH2 PLAIN-CLIENTTOKEN OAUTHBEARER XOAUTH
250-ENHANCEDSTATUSCODES
250-PIPELINING
250-CHUNKING
250 SMTPUTF8

Failed to authenticate password. Error: 535-5.7.8 Username and Password not accepted. For more information, go to
535 5.7.8  https://support.google.com/mail/?p=BadCredentials 98e67ed59e1d1-340924a0d17sm7902638a91.2 - gsmtp

ERROR - 2025-11-02 23:59:40 --> Email: Unable to send email using SMTP. Your server might not be configured to send mail using this method.
ERROR - 2025-11-02 23:59:40 --> 220 smtp.gmail.com ESMTP 41be03b00d2f7-b93bda59f56sm8242281a12.21 - gsmtp

hello: 250-smtp.gmail.com at your service, [2402:3a80:4479:22f1:a1c8:ccca:10dc:b3fa]
250-SIZE 35882577
250-8BITMIME
250-AUTH LOGIN PLAIN XOAUTH2 PLAIN-CLIENTTOKEN OAUTHBEARER XOAUTH
250-ENHANCEDSTATUSCODES
250-PIPELINING
250-CHUNKING
250 SMTPUTF8

Failed to authenticate password. Error: 535-5.7.8 Username and Password not accepted. For more information, go to
535 5.7.8  https://support.google.com/mail/?p=BadCredentials 41be03b00d2f7-b93bda59f56sm8242281a12.21 - gsmtp

